--------- beginning of main
12-06 17:53:58.760 W/ADebug  ( 4220): Failed to get property persist.sys.media.traces
12-06 17:53:58.786 D/AndroidRuntime( 4220): >>>>>> START com.android.internal.os.RuntimeInit uid 2000 <<<<<<
12-06 17:53:58.917 I/app_process( 4220): The ClassLoaderContext is a special shared library.
12-06 17:53:58.962 D/AndroidRuntime( 4220): Calling main entry com.android.commands.am.Am
--------- beginning of system
12-06 17:53:58.968 I/ActivityManager( 1392): Force stopping com.evancharlton.mileage appid=10258 user=0: start instr
12-06 17:53:58.968 I/ActivityManager( 1392): Killing 4182:com.evancharlton.mileage/u0a258 (adj 0): stop com.evancharlton.mileage
12-06 17:53:58.969 W/zygote64( 1392): kill(-4182, 9) failed: No such process
12-06 17:53:58.969 W/ActivityManager( 1392): Crash of app com.evancharlton.mileage running instrumentation ComponentInfo{com.evancharlton.mileage.test/sh.calaba.instrumentationbackend.ClearAppData2}
12-06 17:53:58.969 I/ActivityManager( 1392): Force stopping com.evancharlton.mileage appid=10258 user=0: finished inst
12-06 17:53:58.993 I/ActivityManager( 1392): Start proc 4233:com.evancharlton.mileage/u0a258 for added application com.evancharlton.mileage
12-06 17:53:58.994 D/AndroidRuntime( 4220): Shutting down VM
12-06 17:53:58.995 I/zygote64( 4233): Late-enabling -Xcheck:jni
12-06 17:53:59.015 W/zygote64( 1392): kill(-4182, 9) failed: No such process
12-06 17:53:59.015 I/zygote64( 1392): Successfully killed process cgroup uid 10258 pid 4182 in 45ms
12-06 17:53:59.033 E/adbd    ( 3362): failed to connect to socket 'tcp:7102': Connection refused
12-06 17:53:59.037 E/adbd    ( 3362): failed to connect to socket 'tcp:7102': Connection refused
12-06 17:53:59.052 D/CompatibilityInfo( 1392): mCompatibilityFlags - 10
12-06 17:53:59.052 D/CompatibilityInfo( 1392): applicationDensity - 480
12-06 17:53:59.052 D/CompatibilityInfo( 1392): applicationScale - 1.0
12-06 17:53:59.077 I/zygote64( 4233): The ClassLoaderContext is a special shared library.
12-06 17:53:59.079 I/chatty  ( 4233): uid=10258(com.evancharlton.mileage) identical 1 line
12-06 17:53:59.080 I/zygote64( 4233): The ClassLoaderContext is a special shared library.
12-06 17:53:59.082 W/zygote64( 4233): ClassLoaderContext classpath element mismatch for position 0. expected=/system/framework/android.test.mock.jar, found=/system/framework/com.google.android.maps.jar (PCL[/system/framework/android.test.mock.jar*1065265343:/system/framework/android.test.runner.jar*1742119008:/system/framework/com.google.android.maps.jar*1362947682] | PCL[/system/framework/com.google.android.maps.jar*1362947682:/system/framework/android.test.runner.jar*1742119008:/system/framework/android.test.mock.jar*1065265343])
12-06 17:53:59.082 W/zygote64( 4233): Found duplicate classes, falling back to extracting from APK : /data/app/com.evancharlton.mileage.test-1ZvZzOU0oHusOPtC93SDqQ==/base.apk
12-06 17:53:59.082 W/zygote64( 4233): NOTE: This wastes RAM and hurts startup performance.
12-06 17:53:59.082 W/zygote64( 4233): Found duplicated class when checking oat files: 'Ljunit/runner/BaseTestRunner;' in /data/app/com.evancharlton.mileage.test-1ZvZzOU0oHusOPtC93SDqQ==/base.apk and /system/framework/android.test.runner.jar
12-06 17:53:59.082 W/zygote64( 4233): 
12-06 17:53:59.088 D/KeyguardUpdateMonitor( 2600): received broadcast android.intent.action.BATTERY_CHANGED
12-06 17:53:59.089 D/HxBatteryStatusReceiver(11834): onReceiveandroid.intent.action.BATTERY_CHANGED
12-06 17:53:59.092 D/KeyguardUpdateMonitor( 2600): handleBatteryUpdate
12-06 17:53:59.146 E/adbd    ( 3362): failed to connect to socket 'tcp:7102': Connection refused
12-06 17:53:59.147 E/adbd    ( 3362): failed to connect to socket 'tcp:7102': Connection refused
12-06 17:53:59.155 W/zygote64( 4233): ClassLoaderContext classpath size mismatch for position 0. expected=0, found=4 (PCL[] | PCL[/system/framework/com.google.android.maps.jar*1362947682:/system/framework/android.test.runner.jar*1742119008:/system/framework/android.test.mock.jar*1065265343:/data/app/com.evancharlton.mileage.test-1ZvZzOU0oHusOPtC93SDqQ==/base.apk*3617058041])
12-06 17:53:59.169 W/System  ( 4233): ClassLoader referenced unknown path: 
12-06 17:53:59.197 I/System.out( 4233): Main activity name automatically set to: com.evancharlton.mileage.Mileage
12-06 17:53:59.199 I/System.out( 4233): Calabash did not load Mono. This is only a problem if you are trying to test a Mono application
12-06 17:53:59.199 I/calabash( 4233): Test server port: 7102
12-06 17:53:59.202 I/InstrumentationBackend( 4233): Added:'GetPreferences', with key:'get_preferences'
12-06 17:53:59.258 E/adbd    ( 3362): failed to connect to socket 'tcp:7102': Connection refused
12-06 17:53:59.263 E/adbd    ( 3362): failed to connect to socket 'tcp:7102': Connection refused
12-06 17:53:59.284 I/InstrumentationBackend( 4233): Added:'SetPreferences', with key:'set_preferences'
12-06 17:53:59.285 I/InstrumentationBackend( 4233): Added:'ClearPreferences', with key:'clear_preferences'
12-06 17:53:59.286 I/InstrumentationBackend( 4233): Added:'PressElement', with key:'press_l10n_element'
12-06 17:53:59.286 I/InstrumentationBackend( 4233): Added:'WaitForElement', with key:'wait_for_l10n_element'
12-06 17:53:59.287 I/InstrumentationBackend( 4233): Added:'NullAction', with key:'nullAction'
12-06 17:53:59.288 I/InstrumentationBackend( 4233): Added:'PressKey', with key:'press_key'
12-06 17:53:59.289 I/InstrumentationBackend( 4233): Added:'SetActivityOrientation', with key:'set_activity_orientation'
12-06 17:53:59.289 I/InstrumentationBackend( 4233): Added:'GetActivityOrientation', with key:'get_activity_orientation'
12-06 17:53:59.290 I/InstrumentationBackend( 4233): Added:'FakeGPSLocation', with key:'set_gps_coordinates'
12-06 17:53:59.291 I/InstrumentationBackend( 4233): Added:'SetPropertyByCssSelector', with key:'set_property_by_css_selector'
12-06 17:53:59.294 I/InstrumentationBackend( 4233): Added:'GetUrl', with key:'get_url'
12-06 17:53:59.298 I/InstrumentationBackend( 4233): Added:'ScrollTo', with key:'scroll_to'
12-06 17:53:59.299 I/InstrumentationBackend( 4233): Added:'GetLoadProgress', with key:'get_load_progress'
12-06 17:53:59.300 I/InstrumentationBackend( 4233): Added:'DumpHtml', with key:'dump_html'
12-06 17:53:59.300 I/InstrumentationBackend( 4233): Added:'DumpBodyHtml', with key:'dump_body_html'
12-06 17:53:59.301 I/InstrumentationBackend( 4233): Added:'EnterTextByCssSelector', with key:'enter_text_by_selector'
12-06 17:53:59.314 I/InstrumentationBackend( 4233): Added:'AndroidSDKVersion', with key:'android_sdk_version'
12-06 17:53:59.315 I/InstrumentationBackend( 4233): Added:'Version', with key:'version'
12-06 17:53:59.315 I/InstrumentationBackend( 4233): Added:'Drag', with key:'drag'
12-06 17:53:59.316 I/InstrumentationBackend( 4233): Added:'TouchCoordinates', with key:'touch_coordinate'
12-06 17:53:59.316 I/InstrumentationBackend( 4233): Added:'LongPressCoordinate', with key:'long_press_coordinate'
12-06 17:53:59.316 I/InstrumentationBackend( 4233): Added:'DragCoordinates', with key:'drag_coordinates'
12-06 17:53:59.318 I/InstrumentationBackend( 4233): Added:'ResumeApplication', with key:'resume_application'
12-06 17:53:59.318 I/InstrumentationBackend( 4233): Added:'Swipe', with key:'swipe'
12-06 17:53:59.319 I/InstrumentationBackend( 4233): Added:'DoubleTapCoordinate', with key:'double_tap_coordinate'
12-06 17:53:59.319 I/InstrumentationBackend( 4233): Added:'ClickOnScreen', with key:'click_on_screen'
12-06 17:53:59.322 I/InstrumentationBackend( 4233): Added:'GetActivityName', with key:'get_activity_name'
12-06 17:53:59.322 I/InstrumentationBackend( 4233): Added:'ScrollToView', with key:'scroll_to_view'
12-06 17:53:59.324 I/InstrumentationBackend( 4233): Added:'ViewConfiguration', with key:'view_configuration'
12-06 17:53:59.324 I/InstrumentationBackend( 4233): Added:'IsCurrentActivityFocused', with key:'is_current_activity_focused'
12-06 17:53:59.325 I/InstrumentationBackend( 4233): Added:'SendTcp', with key:'send_tcp'
12-06 17:53:59.325 I/InstrumentationBackend( 4233): Added:'DpToDevicePixel', with key:'dp_to_device_pixel'
12-06 17:53:59.327 I/InstrumentationBackend( 4233): Added:'KeyboardEnterText', with key:'keyboard_enter_text'
12-06 17:53:59.327 I/InstrumentationBackend( 4233): Added:'DeleteSurroundingText', with key:'delete_surrounding_text'
12-06 17:53:59.328 I/InstrumentationBackend( 4233): Added:'SetComposingRegion', with key:'set_composing_region'
12-06 17:53:59.328 I/InstrumentationBackend( 4233): Added:'SetSelection', with key:'set_selection'
12-06 17:53:59.329 I/InstrumentationBackend( 4233): Added:'KeyboardKeyEvent', with key:'keyboard_key_event'
12-06 17:53:59.330 I/InstrumentationBackend( 4233): Added:'PressUserActionButton', with key:'press_user_action_button'
12-06 17:53:59.331 I/InstrumentationBackend( 4233): Added:'HideSoftKeyboard', with key:'hide_soft_keyboard'
12-06 17:53:59.334 I/InstrumentationBackend( 4233): Added:'ListActions', with key:'list_actions'
12-06 17:53:59.335 I/calabash( 4233): Instantiating http server at 7102
12-06 17:53:59.337 I/System.out( 4233): HTTP Daemon listening on: 7102
12-06 17:53:59.372 I/System.out( 4233): URI: //ping
12-06 17:53:59.372 I/System.out( 4233): params: {json={}
12-06 17:53:59.372 I/System.out( 4233): }
12-06 17:53:59.388 I/System.out( 4233): URI: //ping
12-06 17:53:59.388 I/System.out( 4233): params: {json={}
12-06 17:53:59.388 I/System.out( 4233): }
12-06 17:53:59.401 I/System.out( 4233): URI: //ready
12-06 17:53:59.401 I/System.out( 4233): params: {json={}
12-06 17:53:59.401 I/System.out( 4233): }
12-06 17:53:59.414 I/System.out( 4233): URI: //
12-06 17:53:59.415 I/System.out( 4233): params: {json={"command":"version","arguments":[]}
12-06 17:53:59.415 I/System.out( 4233): }
12-06 17:53:59.415 I/System.out( 4233): header: {content-type=application/json;charset=utf-8, date=Thu, 06 Dec 2018 22:54:00 GMT, accept=*/*, host=127.0.0.1:34777, content-length=36, user-agent=HTTPClient/1.0 (2.8.3, ruby 2.5.1 (2018-03-29))}
12-06 17:53:59.415 I/System.out( 4233): params: {json={"command":"version","arguments":[]}
12-06 17:53:59.416 I/System.out( 4233): }
12-06 17:53:59.416 I/System.out( 4233): ProP json = {"command":"version","arguments":[]}
12-06 17:53:59.416 I/System.out( 4233): files: {}
12-06 17:53:59.416 I/System.out( 4233): command: {"command":"version","arguments":[]}
12-06 17:53:59.467 I/InstrumentationBackend( 4233): Got command:'Command:'Line:null,version', arguments:'[]'
12-06 17:53:59.553 I/System.out( 4233): result:{"bonusInformation":[],"message":"0.9.8","success":true}
12-06 17:53:59.563 I/System.out( 4233): URI: //start-application
12-06 17:53:59.563 I/System.out( 4233): params: {json={"intent":null}
12-06 17:53:59.563 I/System.out( 4233): }
12-06 17:53:59.680 I/ActivityManager( 1392): START u0 {act=android.intent.action.MAIN cat=[android.intent.category.LAUNCHER] flg=0x10200000 cmp=com.evancharlton.mileage/.Mileage} from uid 10258
12-06 17:53:59.681 E/ANDR-PERF-MPCTL(  588): Invalid profile no. 0, total profiles 0 only
12-06 17:53:59.681 E/ANDR-PERF-JNI( 1392): com_qualcomm_qtiperformance_native_perf_io_prefetch_start
12-06 17:53:59.685 D/ActivityTrigger( 1392): activityStartTrigger: Activity is Triggerred in full screen ApplicationInfo{4db0870 com.evancharlton.mileage}
12-06 17:53:59.685 E/ActivityTrigger( 1392): activityStartTrigger: not whiteListedcom.evancharlton.mileage/com.evancharlton.mileage.Mileage/3110
12-06 17:53:59.685 D/CompatibilityInfo( 1392): mCompatibilityFlags - 10
12-06 17:53:59.685 D/CompatibilityInfo( 1392): applicationDensity - 480
12-06 17:53:59.685 D/CompatibilityInfo( 1392): applicationScale - 1.0
12-06 17:53:59.685 D/ActivityTrigger( 1392): activityResumeTrigger: The activity in ApplicationInfo{4db0870 com.evancharlton.mileage} is now in focus and seems to be in full-screen mode
12-06 17:53:59.685 E/ActivityTrigger( 1392): activityResumeTrigger: not whiteListedcom.evancharlton.mileage/com.evancharlton.mileage.Mileage/3110
12-06 17:53:59.686 D/ActivityTrigger( 1392): ActivityTrigger activityPauseTrigger 
12-06 17:53:59.690 D/ActivityTrigger( 1392): activityResumeTrigger: The activity in ApplicationInfo{4db0870 com.evancharlton.mileage} is now in focus and seems to be in full-screen mode
12-06 17:53:59.690 E/ActivityTrigger( 1392): activityResumeTrigger: not whiteListedcom.evancharlton.mileage/com.evancharlton.mileage.Mileage/3110
12-06 17:53:59.695 D/CompatibilityInfo( 1392): mCompatibilityFlags - 10
12-06 17:53:59.695 D/CompatibilityInfo( 1392): applicationDensity - 480
12-06 17:53:59.695 D/CompatibilityInfo( 1392): applicationScale - 1.0
12-06 17:53:59.706 I/calabash( 4233): newActivity1
12-06 17:53:59.761 V/StatusBar( 2600): setLightsOn(true)
12-06 17:53:59.781 W/ActivityManager( 1392): Bad activity token: android.os.BinderProxy@40d8a7b
12-06 17:53:59.781 W/ActivityManager( 1392): java.lang.ClassCastException: android.os.BinderProxy cannot be cast to com.android.server.am.ActivityRecord$Token
12-06 17:53:59.781 W/ActivityManager( 1392): 	at com.android.server.am.ActivityRecord.forTokenLocked(ActivityRecord.java:816)
12-06 17:53:59.781 W/ActivityManager( 1392): 	at com.android.server.am.ActivityRecord.isInStackLocked(ActivityRecord.java:2154)
12-06 17:53:59.781 W/ActivityManager( 1392): 	at com.android.server.am.ActivityRecord.getStackLocked(ActivityRecord.java:2159)
12-06 17:53:59.781 W/ActivityManager( 1392): 	at com.android.server.am.ActivityManagerService.getActivityDisplayId(ActivityManagerService.java:10744)
12-06 17:53:59.781 W/ActivityManager( 1392): 	at android.app.IActivityManager$Stub.onTransact(IActivityManager.java:2734)
12-06 17:53:59.781 W/ActivityManager( 1392): 	at com.android.server.am.ActivityManagerService.onTransact(ActivityManagerService.java:2971)
12-06 17:53:59.781 W/ActivityManager( 1392): 	at android.os.Binder.execTransact(Binder.java:697)
12-06 17:53:59.783 I/calabash( 4233): newActivity1
12-06 17:53:59.795 W/ActivityManager( 1392): Bad activity token: android.os.BinderProxy@40d8a7b
12-06 17:53:59.795 W/ActivityManager( 1392): java.lang.ClassCastException: android.os.BinderProxy cannot be cast to com.android.server.am.ActivityRecord$Token
12-06 17:53:59.795 W/ActivityManager( 1392): 	at com.android.server.am.ActivityRecord.forTokenLocked(ActivityRecord.java:816)
12-06 17:53:59.795 W/ActivityManager( 1392): 	at com.android.server.am.ActivityRecord.isInStackLocked(ActivityRecord.java:2154)
12-06 17:53:59.795 W/ActivityManager( 1392): 	at com.android.server.am.ActivityManagerService.setTaskDescription(ActivityManagerService.java:10345)
12-06 17:53:59.795 W/ActivityManager( 1392): 	at android.app.IActivityManager$Stub.onTransact(IActivityManager.java:2820)
12-06 17:53:59.795 W/ActivityManager( 1392): 	at com.android.server.am.ActivityManagerService.onTransact(ActivityManagerService.java:2971)
12-06 17:53:59.795 W/ActivityManager( 1392): 	at android.os.Binder.execTransact(Binder.java:697)
12-06 17:53:59.797 W/ActivityManager( 1392): Bad activity token: android.os.BinderProxy@40d8a7b
12-06 17:53:59.797 W/ActivityManager( 1392): java.lang.ClassCastException: android.os.BinderProxy cannot be cast to com.android.server.am.ActivityRecord$Token
12-06 17:53:59.797 W/ActivityManager( 1392): 	at com.android.server.am.ActivityRecord.forTokenLocked(ActivityRecord.java:816)
12-06 17:53:59.797 W/ActivityManager( 1392): 	at com.android.server.am.ActivityRecord.isInStackLocked(ActivityRecord.java:2154)
12-06 17:53:59.797 W/ActivityManager( 1392): 	at com.android.server.am.ActivityRecord.getStackLocked(ActivityRecord.java:2159)
12-06 17:53:59.797 W/ActivityManager( 1392): 	at com.android.server.am.ActivityManagerService.getActivityStackId(ActivityManagerService.java:10755)
12-06 17:53:59.797 W/ActivityManager( 1392): 	at android.app.IActivityManager$Stub.onTransact(IActivityManager.java:3513)
12-06 17:53:59.797 W/ActivityManager( 1392): 	at com.android.server.am.ActivityManagerService.onTransact(ActivityManagerService.java:2971)
12-06 17:53:59.797 W/ActivityManager( 1392): 	at android.os.Binder.execTransact(Binder.java:697)
12-06 17:53:59.867 D/FillupsProvider( 4233): Creating database
12-06 17:53:59.990 I/zygote64( 4233): Do partial code cache collection, code=29KB, data=20KB
12-06 17:53:59.990 I/zygote64( 4233): After code cache collection, code=29KB, data=20KB
12-06 17:53:59.990 I/zygote64( 4233): Increasing code cache capacity to 128KB
12-06 17:54:00.002 D/KeyguardUpdateMonitor( 2600): received broadcast android.intent.action.TIME_TICK
12-06 17:54:00.002 D/KeyguardUpdateMonitor( 2600): handleTimeUpdate
12-06 17:54:00.013 D/CompatibilityInfo( 1392): mCompatibilityFlags - 0
12-06 17:54:00.013 D/CompatibilityInfo( 1392): applicationDensity - 480
12-06 17:54:00.013 D/CompatibilityInfo( 1392): applicationScale - 1.0
12-06 17:54:00.013 D/EventNotificationJob(11834): Running EventNotificationJob, isDetail=true
12-06 17:54:00.016 W/ActivityManager( 1392): Bad activity token: android.os.BinderProxy@40d8a7b
12-06 17:54:00.016 W/ActivityManager( 1392): java.lang.ClassCastException: android.os.BinderProxy cannot be cast to com.android.server.am.ActivityRecord$Token
12-06 17:54:00.016 W/ActivityManager( 1392): 	at com.android.server.am.ActivityRecord.forTokenLocked(ActivityRecord.java:816)
12-06 17:54:00.016 W/ActivityManager( 1392): 	at com.android.server.am.ActivityRecord.isInStackLocked(ActivityRecord.java:2154)
12-06 17:54:00.016 W/ActivityManager( 1392): 	at com.android.server.am.ActivityManagerService.getActivityOptions(ActivityManagerService.java:13590)
12-06 17:54:00.016 W/ActivityManager( 1392): 	at android.app.IActivityManager$Stub.onTransact(IActivityManager.java:2906)
12-06 17:54:00.016 W/ActivityManager( 1392): 	at com.android.server.am.ActivityManagerService.onTransact(ActivityManagerService.java:2971)
12-06 17:54:00.016 W/ActivityManager( 1392): 	at android.os.Binder.execTransact(Binder.java:697)
12-06 17:54:00.016 D/EventNotificationJob(11834):   finished processing events.
12-06 17:54:00.017 W/ActivityManager( 1392): Bad activity token: android.os.BinderProxy@40d8a7b
12-06 17:54:00.017 W/ActivityManager( 1392): java.lang.ClassCastException: android.os.BinderProxy cannot be cast to com.android.server.am.ActivityRecord$Token
12-06 17:54:00.017 W/ActivityManager( 1392): 	at com.android.server.am.ActivityRecord.forTokenLocked(ActivityRecord.java:816)
12-06 17:54:00.017 W/ActivityManager( 1392): 	at com.android.server.am.ActivityRecord.isInStackLocked(ActivityRecord.java:2154)
12-06 17:54:00.017 W/ActivityManager( 1392): 	at com.android.server.am.ActivityManagerService.getActivityOptions(ActivityManagerService.java:13590)
12-06 17:54:00.017 W/ActivityManager( 1392): 	at android.app.IActivityManager$Stub.onTransact(IActivityManager.java:2906)
12-06 17:54:00.017 W/ActivityManager( 1392): 	at com.android.server.am.ActivityManagerService.onTransact(ActivityManagerService.java:2971)
12-06 17:54:00.017 W/ActivityManager( 1392): 	at android.os.Binder.execTransact(Binder.java:697)
12-06 17:54:00.087 D/KeyguardUpdateMonitor( 2600): received broadcast android.intent.action.BATTERY_CHANGED
12-06 17:54:00.087 D/HxBatteryStatusReceiver(11834): onReceiveandroid.intent.action.BATTERY_CHANGED
12-06 17:54:00.090 D/KeyguardUpdateMonitor( 2600): handleBatteryUpdate
12-06 17:54:00.115 V/StatusBar( 2600): setLightsOn(true)
12-06 17:54:00.180 I/chatty  ( 2600): uid=10030(com.android.systemui) identical 1 line
12-06 17:54:00.195 V/StatusBar( 2600): setLightsOn(true)
12-06 17:54:00.248 D/vndksupport( 4233): Loading /vendor/lib64/hw/android.hardware.graphics.mapper@2.0-impl.so from current namespace instead of sphal namespace.
12-06 17:54:00.249 D/vndksupport( 4233): Loading /vendor/lib64/hw/gralloc.msm8953.so from current namespace instead of sphal namespace.
12-06 17:54:00.258 D/OpenGLRenderer( 4233): HWUI GL Pipeline
12-06 17:54:00.285 V/StatusBar( 2600): setLightsOn(true)
12-06 17:54:00.287 I/chatty  ( 2600): uid=10030(com.android.systemui) identical 1 line
12-06 17:54:00.289 V/StatusBar( 2600): setLightsOn(true)
12-06 17:54:00.291 I/ActivityManager( 1392): Displayed com.evancharlton.mileage/.Mileage: +596ms (total +3s809ms)
12-06 17:54:00.291 E/ANDR-PERF-JNI( 1392): com_qualcomm_qtiperformance_native_perf_io_prefetch_start
12-06 17:54:00.296 V/StatusBar( 2600): setLightsOn(true)
12-06 17:54:00.443 I/System.out( 4233): URI: //
12-06 17:54:00.443 I/System.out( 4233): params: {json={"command":"set_activity_orientation","arguments":["landscape"]}
12-06 17:54:00.444 I/System.out( 4233): }
12-06 17:54:00.444 I/System.out( 4233): header: {content-type=application/json;charset=utf-8, date=Thu, 06 Dec 2018 22:54:01 GMT, accept=*/*, host=127.0.0.1:34777, content-length=64, user-agent=HTTPClient/1.0 (2.8.3, ruby 2.5.1 (2018-03-29))}
12-06 17:54:00.444 I/System.out( 4233): params: {json={"command":"set_activity_orientation","arguments":["landscape"]}
12-06 17:54:00.444 I/System.out( 4233): }
12-06 17:54:00.444 I/System.out( 4233): ProP json = {"command":"set_activity_orientation","arguments":["landscape"]}
12-06 17:54:00.444 I/System.out( 4233): files: {}
12-06 17:54:00.444 I/System.out( 4233): command: {"command":"set_activity_orientation","arguments":["landscape"]}
12-06 17:54:00.454 I/InstrumentationBackend( 4233): Got command:'Command:'Line:null,set_activity_orientation', arguments:'[landscape]'
12-06 17:54:00.479 I/ActivityManager( 1392): Config changes=480 {1.0 732mcc123mnc [en_US] ldltr sw360dp w640dp h336dp 480dpi nrml long land finger -keyb/v/h -nav/h appBounds=Rect(0, 0 - 1920, 1080) s.91}
12-06 17:54:00.488 I/InputReader( 1392): Reconfiguring input devices.  changes=0x00000004
12-06 17:54:00.488 I/InputReader( 1392): Device reconfigured: id=5, name='ft5435_ts', size 1080x1920, orientation 1, mode 1, display id 0
12-06 17:54:00.488 I/InputReader( 1392): Device reconfigured: id=9, name='fts_ts', size 1080x1920, orientation 1, mode 1, display id 0
12-06 17:54:00.503 I/ActivityManager( 1392): Override config changes=480 {1.0 732mcc123mnc [en_US] ldltr sw360dp w640dp h336dp 480dpi nrml long land finger -keyb/v/h -nav/h appBounds=Rect(0, 0 - 1920, 1080) s.91} for displayId=0
12-06 17:54:00.526 I/EmojiSearchExtension( 4317): com.google.android.apps.inputmethod.libs.search.emoji.EmojiSearchExtension: onDeactivate()
12-06 17:54:00.526 E/EmojiSearchExtension( 4317): com.google.android.apps.inputmethod.libs.search.emoji.EmojiSearchExtension: Cannot deactivate emoji search JNI; null locale
12-06 17:54:00.586 I/calabash( 4233): newActivity1
12-06 17:54:00.634 V/StatusBar( 2600): setLightsOn(true)
12-06 17:54:00.635 W/ActivityManager( 1392): Bad activity token: android.os.BinderProxy@fc15fe0
12-06 17:54:00.635 W/ActivityManager( 1392): java.lang.ClassCastException: android.os.BinderProxy cannot be cast to com.android.server.am.ActivityRecord$Token
12-06 17:54:00.635 W/ActivityManager( 1392): 	at com.android.server.am.ActivityRecord.forTokenLocked(ActivityRecord.java:816)
12-06 17:54:00.635 W/ActivityManager( 1392): 	at com.android.server.am.ActivityRecord.isInStackLocked(ActivityRecord.java:2154)
12-06 17:54:00.635 W/ActivityManager( 1392): 	at com.android.server.am.ActivityRecord.getStackLocked(ActivityRecord.java:2159)
12-06 17:54:00.635 W/ActivityManager( 1392): 	at com.android.server.am.ActivityManagerService.getActivityDisplayId(ActivityManagerService.java:10744)
12-06 17:54:00.635 W/ActivityManager( 1392): 	at android.app.IActivityManager$Stub.onTransact(IActivityManager.java:2734)
12-06 17:54:00.635 W/ActivityManager( 1392): 	at com.android.server.am.ActivityManagerService.onTransact(ActivityManagerService.java:2971)
12-06 17:54:00.635 W/ActivityManager( 1392): 	at android.os.Binder.execTransact(Binder.java:697)
12-06 17:54:00.637 I/calabash( 4233): newActivity1
12-06 17:54:00.646 W/ActivityManager( 1392): Bad activity token: android.os.BinderProxy@fc15fe0
12-06 17:54:00.646 W/ActivityManager( 1392): java.lang.ClassCastException: android.os.BinderProxy cannot be cast to com.android.server.am.ActivityRecord$Token
12-06 17:54:00.646 W/ActivityManager( 1392): 	at com.android.server.am.ActivityRecord.forTokenLocked(ActivityRecord.java:816)
12-06 17:54:00.646 W/ActivityManager( 1392): 	at com.android.server.am.ActivityRecord.isInStackLocked(ActivityRecord.java:2154)
12-06 17:54:00.646 W/ActivityManager( 1392): 	at com.android.server.am.ActivityManagerService.setTaskDescription(ActivityManagerService.java:10345)
12-06 17:54:00.646 W/ActivityManager( 1392): 	at android.app.IActivityManager$Stub.onTransact(IActivityManager.java:2820)
12-06 17:54:00.646 W/ActivityManager( 1392): 	at com.android.server.am.ActivityManagerService.onTransact(ActivityManagerService.java:2971)
12-06 17:54:00.646 W/ActivityManager( 1392): 	at android.os.Binder.execTransact(Binder.java:697)
12-06 17:54:00.648 W/ActivityManager( 1392): Bad activity token: android.os.BinderProxy@fc15fe0
12-06 17:54:00.648 W/ActivityManager( 1392): java.lang.ClassCastException: android.os.BinderProxy cannot be cast to com.android.server.am.ActivityRecord$Token
12-06 17:54:00.648 W/ActivityManager( 1392): 	at com.android.server.am.ActivityRecord.forTokenLocked(ActivityRecord.java:816)
12-06 17:54:00.648 W/ActivityManager( 1392): 	at com.android.server.am.ActivityRecord.isInStackLocked(ActivityRecord.java:2154)
12-06 17:54:00.648 W/ActivityManager( 1392): 	at com.android.server.am.ActivityRecord.getStackLocked(ActivityRecord.java:2159)
12-06 17:54:00.648 W/ActivityManager( 1392): 	at com.android.server.am.ActivityManagerService.getActivityStackId(ActivityManagerService.java:10755)
12-06 17:54:00.648 W/ActivityManager( 1392): 	at android.app.IActivityManager$Stub.onTransact(IActivityManager.java:3513)
12-06 17:54:00.648 W/ActivityManager( 1392): 	at com.android.server.am.ActivityManagerService.onTransact(ActivityManagerService.java:2971)
12-06 17:54:00.648 W/ActivityManager( 1392): 	at android.os.Binder.execTransact(Binder.java:697)
12-06 17:54:00.662 I/zygote64( 4233): Do partial code cache collection, code=61KB, data=42KB
12-06 17:54:00.662 I/zygote64( 4233): After code cache collection, code=61KB, data=42KB
12-06 17:54:00.662 I/zygote64( 4233): Increasing code cache capacity to 256KB
12-06 17:54:00.679 I/System.out( 4233): result:{"bonusInformation":[],"message":"","success":true}
12-06 17:54:00.686 W/StaticLayout( 2600): maxLineHeight should not be -1.  maxLines:1 lineCount:1
12-06 17:54:00.720 I/chatty  ( 2600): uid=10030(com.android.systemui) identical 11 lines
12-06 17:54:00.721 W/StaticLayout( 2600): maxLineHeight should not be -1.  maxLines:1 lineCount:1
12-06 17:54:00.745 D/StatusBar( 2600): disable<e i a s b h r c s q >
12-06 17:54:00.756 W/ActivityManager( 1392): Bad activity token: android.os.BinderProxy@fc15fe0
12-06 17:54:00.756 W/ActivityManager( 1392): java.lang.ClassCastException: android.os.BinderProxy cannot be cast to com.android.server.am.ActivityRecord$Token
12-06 17:54:00.756 W/ActivityManager( 1392): 	at com.android.server.am.ActivityRecord.forTokenLocked(ActivityRecord.java:816)
12-06 17:54:00.756 W/ActivityManager( 1392): 	at com.android.server.am.ActivityRecord.isInStackLocked(ActivityRecord.java:2154)
12-06 17:54:00.756 W/ActivityManager( 1392): 	at com.android.server.am.ActivityManagerService.getActivityOptions(ActivityManagerService.java:13590)
12-06 17:54:00.756 W/ActivityManager( 1392): 	at android.app.IActivityManager$Stub.onTransact(IActivityManager.java:2906)
12-06 17:54:00.756 W/ActivityManager( 1392): 	at com.android.server.am.ActivityManagerService.onTransact(ActivityManagerService.java:2971)
12-06 17:54:00.756 W/ActivityManager( 1392): 	at android.os.Binder.execTransact(Binder.java:697)
12-06 17:54:00.757 W/ActivityManager( 1392): Bad activity token: android.os.BinderProxy@fc15fe0
12-06 17:54:00.757 W/ActivityManager( 1392): java.lang.ClassCastException: android.os.BinderProxy cannot be cast to com.android.server.am.ActivityRecord$Token
12-06 17:54:00.757 W/ActivityManager( 1392): 	at com.android.server.am.ActivityRecord.forTokenLocked(ActivityRecord.java:816)
12-06 17:54:00.757 W/ActivityManager( 1392): 	at com.android.server.am.ActivityRecord.isInStackLocked(ActivityRecord.java:2154)
12-06 17:54:00.757 W/ActivityManager( 1392): 	at com.android.server.am.ActivityManagerService.getActivityOptions(ActivityManagerService.java:13590)
12-06 17:54:00.757 W/ActivityManager( 1392): 	at android.app.IActivityManager$Stub.onTransact(IActivityManager.java:2906)
12-06 17:54:00.757 W/ActivityManager( 1392): 	at com.android.server.am.ActivityManagerService.onTransact(ActivityManagerService.java:2971)
12-06 17:54:00.757 W/ActivityManager( 1392): 	at android.os.Binder.execTransact(Binder.java:697)
12-06 17:54:00.765 I/WindowManager( 1392): Screen frozen for +309ms due to Window{ceab740 u0 StatusBar}
12-06 17:54:00.791 D/CompatibilityInfo( 1392): mCompatibilityFlags - 0
12-06 17:54:00.791 D/CompatibilityInfo( 1392): applicationDensity - 480
12-06 17:54:00.791 D/CompatibilityInfo( 1392): applicationScale - 1.0
12-06 17:54:00.920 V/StatusBar( 2600): setLightsOn(true)
12-06 17:54:00.921 V/StatusBar( 2600): setLightsOn(true)
12-06 17:54:00.954 I/zygote64( 4233): Compiler allocated 7MB to compile void android.widget.TextView.<init>(android.content.Context, android.util.AttributeSet, int, int)
12-06 17:54:00.975 I/zygote64( 4233): Do full code cache collection, code=124KB, data=86KB
12-06 17:54:00.976 I/zygote64( 4233): After code cache collection, code=116KB, data=61KB
12-06 17:54:01.032 V/StatusBar( 2600): setLightsOn(true)
12-06 17:54:01.034 V/StatusBar( 2600): setLightsOn(true)
12-06 17:54:01.038 D/ActivityTrigger( 1392): ActivityTrigger activityStopTrigger 
12-06 17:54:01.065 V/StatusBar( 2600): setLightsOn(true)
12-06 17:54:01.125 W/ADebug  ( 4351): Failed to get property persist.sys.media.traces
12-06 17:54:01.146 I/PBSessionCacheImpl( 3727): Deleted sessionId[61244495139656] from persistence.
12-06 17:54:01.149 I/WifiService( 1392): getConnectionInfo uid=10035
12-06 17:54:01.151 I/WifiService( 1392): getWifiEnabledState uid=10035
12-06 17:54:01.152 W/SearchServiceCore( 3727): Abort, client detached.
12-06 17:54:01.153 I/StreamController( 3727): cleanUpControllerScope(nowcards-15-655fb13-4ae2)
12-06 17:54:01.192 D/vndksupport( 4351): Loading /vendor/lib64/hw/android.hardware.graphics.mapper@2.0-impl.so from current namespace instead of sphal namespace.
12-06 17:54:01.193 D/vndksupport( 4351): Loading /vendor/lib64/hw/gralloc.msm8953.so from current namespace instead of sphal namespace.
12-06 17:54:01.215 V/StatusBar( 2600): setLightsOn(true)
12-06 17:54:01.871 I/System.out( 4233): URI: //
12-06 17:54:01.872 I/System.out( 4233): params: {json={"command":"set_activity_orientation","arguments":["portrait"]}
12-06 17:54:01.872 I/System.out( 4233): }
12-06 17:54:01.873 I/System.out( 4233): header: {content-type=application/json;charset=utf-8, date=Thu, 06 Dec 2018 22:54:03 GMT, accept=*/*, host=127.0.0.1:34777, content-length=63, user-agent=HTTPClient/1.0 (2.8.3, ruby 2.5.1 (2018-03-29))}
12-06 17:54:01.874 I/System.out( 4233): params: {json={"command":"set_activity_orientation","arguments":["portrait"]}
12-06 17:54:01.874 I/System.out( 4233): }
12-06 17:54:01.874 I/System.out( 4233): ProP json = {"command":"set_activity_orientation","arguments":["portrait"]}
12-06 17:54:01.874 I/System.out( 4233): files: {}
12-06 17:54:01.874 I/System.out( 4233): command: {"command":"set_activity_orientation","arguments":["portrait"]}
12-06 17:54:01.900 I/InstrumentationBackend( 4233): Got command:'Command:'Line:null,set_activity_orientation', arguments:'[portrait]'
12-06 17:54:01.919 I/ActivityManager( 1392): Config changes=480 {1.0 732mcc123mnc [en_US] ldltr sw360dp w360dp h616dp 480dpi nrml long port finger -keyb/v/h -nav/h appBounds=Rect(0, 0 - 1080, 1920) s.92}
12-06 17:54:01.919 I/InputReader( 1392): Reconfiguring input devices.  changes=0x00000004
12-06 17:54:01.919 I/InputReader( 1392): Device reconfigured: id=5, name='ft5435_ts', size 1080x1920, orientation 0, mode 1, display id 0
12-06 17:54:01.919 I/InputReader( 1392): Device reconfigured: id=9, name='fts_ts', size 1080x1920, orientation 0, mode 1, display id 0
12-06 17:54:01.967 I/ActivityManager( 1392): Override config changes=480 {1.0 732mcc123mnc [en_US] ldltr sw360dp w360dp h616dp 480dpi nrml long port finger -keyb/v/h -nav/h appBounds=Rect(0, 0 - 1080, 1920) s.92} for displayId=0
12-06 17:54:02.014 I/calabash( 4233): newActivity1
12-06 17:54:02.061 W/ActivityManager( 1392): Bad activity token: android.os.BinderProxy@6b5151a
12-06 17:54:02.061 W/ActivityManager( 1392): java.lang.ClassCastException: android.os.BinderProxy cannot be cast to com.android.server.am.ActivityRecord$Token
12-06 17:54:02.061 W/ActivityManager( 1392): 	at com.android.server.am.ActivityRecord.forTokenLocked(ActivityRecord.java:816)
12-06 17:54:02.061 W/ActivityManager( 1392): 	at com.android.server.am.ActivityRecord.isInStackLocked(ActivityRecord.java:2154)
12-06 17:54:02.061 W/ActivityManager( 1392): 	at com.android.server.am.ActivityRecord.getStackLocked(ActivityRecord.java:2159)
12-06 17:54:02.061 W/ActivityManager( 1392): 	at com.android.server.am.ActivityManagerService.getActivityDisplayId(ActivityManagerService.java:10744)
12-06 17:54:02.061 W/ActivityManager( 1392): 	at android.app.IActivityManager$Stub.onTransact(IActivityManager.java:2734)
12-06 17:54:02.061 W/ActivityManager( 1392): 	at com.android.server.am.ActivityManagerService.onTransact(ActivityManagerService.java:2971)
12-06 17:54:02.061 W/ActivityManager( 1392): 	at android.os.Binder.execTransact(Binder.java:697)
12-06 17:54:02.063 I/calabash( 4233): newActivity1
12-06 17:54:02.066 V/StatusBar( 2600): setLightsOn(true)
12-06 17:54:02.071 W/ActivityManager( 1392): Bad activity token: android.os.BinderProxy@6b5151a
12-06 17:54:02.071 W/ActivityManager( 1392): java.lang.ClassCastException: android.os.BinderProxy cannot be cast to com.android.server.am.ActivityRecord$Token
12-06 17:54:02.071 W/ActivityManager( 1392): 	at com.android.server.am.ActivityRecord.forTokenLocked(ActivityRecord.java:816)
12-06 17:54:02.071 W/ActivityManager( 1392): 	at com.android.server.am.ActivityRecord.isInStackLocked(ActivityRecord.java:2154)
12-06 17:54:02.071 W/ActivityManager( 1392): 	at com.android.server.am.ActivityManagerService.setTaskDescription(ActivityManagerService.java:10345)
12-06 17:54:02.071 W/ActivityManager( 1392): 	at android.app.IActivityManager$Stub.onTransact(IActivityManager.java:2820)
12-06 17:54:02.071 W/ActivityManager( 1392): 	at com.android.server.am.ActivityManagerService.onTransact(ActivityManagerService.java:2971)
12-06 17:54:02.071 W/ActivityManager( 1392): 	at android.os.Binder.execTransact(Binder.java:697)
12-06 17:54:02.072 W/ActivityManager( 1392): Bad activity token: android.os.BinderProxy@6b5151a
12-06 17:54:02.072 W/ActivityManager( 1392): java.lang.ClassCastException: android.os.BinderProxy cannot be cast to com.android.server.am.ActivityRecord$Token
12-06 17:54:02.072 W/ActivityManager( 1392): 	at com.android.server.am.ActivityRecord.forTokenLocked(ActivityRecord.java:816)
12-06 17:54:02.072 W/ActivityManager( 1392): 	at com.android.server.am.ActivityRecord.isInStackLocked(ActivityRecord.java:2154)
12-06 17:54:02.072 W/ActivityManager( 1392): 	at com.android.server.am.ActivityRecord.getStackLocked(ActivityRecord.java:2159)
12-06 17:54:02.072 W/ActivityManager( 1392): 	at com.android.server.am.ActivityManagerService.getActivityStackId(ActivityManagerService.java:10755)
12-06 17:54:02.072 W/ActivityManager( 1392): 	at android.app.IActivityManager$Stub.onTransact(IActivityManager.java:3513)
12-06 17:54:02.072 W/ActivityManager( 1392): 	at com.android.server.am.ActivityManagerService.onTransact(ActivityManagerService.java:2971)
12-06 17:54:02.072 W/ActivityManager( 1392): 	at android.os.Binder.execTransact(Binder.java:697)
12-06 17:54:02.088 D/HxBatteryStatusReceiver(11834): onReceiveandroid.intent.action.BATTERY_CHANGED
12-06 17:54:02.093 W/StaticLayout( 2600): maxLineHeight should not be -1.  maxLines:1 lineCount:1
12-06 17:54:02.125 I/chatty  ( 2600): uid=10030(com.android.systemui) identical 4 lines
12-06 17:54:02.126 W/StaticLayout( 2600): maxLineHeight should not be -1.  maxLines:1 lineCount:1
12-06 17:54:02.128 I/System.out( 4233): result:{"bonusInformation":[],"message":"","success":true}
12-06 17:54:02.130 W/ActivityManager( 1392): Bad activity token: android.os.BinderProxy@6b5151a
12-06 17:54:02.130 W/ActivityManager( 1392): java.lang.ClassCastException: android.os.BinderProxy cannot be cast to com.android.server.am.ActivityRecord$Token
12-06 17:54:02.130 W/ActivityManager( 1392): 	at com.android.server.am.ActivityRecord.forTokenLocked(ActivityRecord.java:816)
12-06 17:54:02.130 W/ActivityManager( 1392): 	at com.android.server.am.ActivityRecord.isInStackLocked(ActivityRecord.java:2154)
12-06 17:54:02.130 W/ActivityManager( 1392): 	at com.android.server.am.ActivityManagerService.getActivityOptions(ActivityManagerService.java:13590)
12-06 17:54:02.130 W/ActivityManager( 1392): 	at android.app.IActivityManager$Stub.onTransact(IActivityManager.java:2906)
12-06 17:54:02.130 W/ActivityManager( 1392): 	at com.android.server.am.ActivityManagerService.onTransact(ActivityManagerService.java:2971)
12-06 17:54:02.130 W/ActivityManager( 1392): 	at android.os.Binder.execTransact(Binder.java:697)
12-06 17:54:02.131 W/ActivityManager( 1392): Bad activity token: android.os.BinderProxy@6b5151a
12-06 17:54:02.131 W/ActivityManager( 1392): java.lang.ClassCastException: android.os.BinderProxy cannot be cast to com.android.server.am.ActivityRecord$Token
12-06 17:54:02.131 W/ActivityManager( 1392): 	at com.android.server.am.ActivityRecord.forTokenLocked(ActivityRecord.java:816)
12-06 17:54:02.131 W/ActivityManager( 1392): 	at com.android.server.am.ActivityRecord.isInStackLocked(ActivityRecord.java:2154)
12-06 17:54:02.131 W/ActivityManager( 1392): 	at com.android.server.am.ActivityManagerService.getActivityOptions(ActivityManagerService.java:13590)
12-06 17:54:02.131 W/ActivityManager( 1392): 	at android.app.IActivityManager$Stub.onTransact(IActivityManager.java:2906)
12-06 17:54:02.131 W/ActivityManager( 1392): 	at com.android.server.am.ActivityManagerService.onTransact(ActivityManagerService.java:2971)
12-06 17:54:02.131 W/ActivityManager( 1392): 	at android.os.Binder.execTransact(Binder.java:697)
12-06 17:54:02.134 W/StaticLayout( 2600): maxLineHeight should not be -1.  maxLines:1 lineCount:1
12-06 17:54:02.151 I/chatty  ( 2600): uid=10030(com.android.systemui) identical 8 lines
12-06 17:54:02.151 W/StaticLayout( 2600): maxLineHeight should not be -1.  maxLines:1 lineCount:1
12-06 17:54:02.152 W/StaticLayout( 2600): maxLineHeight should not be -1.  maxLines:7 lineCount:7
12-06 17:54:02.155 I/chatty  ( 2600): uid=10030(com.android.systemui) identical 2 lines
12-06 17:54:02.155 W/StaticLayout( 2600): maxLineHeight should not be -1.  maxLines:7 lineCount:7
12-06 17:54:02.159 W/StaticLayout( 2600): maxLineHeight should not be -1.  maxLines:1 lineCount:1
12-06 17:54:02.160 W/StaticLayout( 2600): maxLineHeight should not be -1.  maxLines:1 lineCount:1
12-06 17:54:02.183 D/StatusBar( 2600): disable<e i a s b h r c s q >
12-06 17:54:02.206 I/WindowManager( 1392): Screen frozen for +304ms due to Window{ceab740 u0 StatusBar}
12-06 17:54:02.228 D/KeyguardUpdateMonitor( 2600): received broadcast android.intent.action.BATTERY_CHANGED
12-06 17:54:02.244 D/KeyguardUpdateMonitor( 2600): handleBatteryUpdate
12-06 17:54:02.293 V/StatusBar( 2600): setLightsOn(true)
12-06 17:54:02.294 V/StatusBar( 2600): setLightsOn(true)
12-06 17:54:02.328 I/zygote64( 4233): Do partial code cache collection, code=123KB, data=94KB
12-06 17:54:02.329 I/zygote64( 4233): After code cache collection, code=123KB, data=94KB
12-06 17:54:02.329 I/zygote64( 4233): Increasing code cache capacity to 512KB
12-06 17:54:02.412 V/StatusBar( 2600): setLightsOn(true)
12-06 17:54:02.425 I/chatty  ( 2600): uid=10030(com.android.systemui) identical 2 lines
12-06 17:54:02.435 V/StatusBar( 2600): setLightsOn(true)
12-06 17:54:02.601 W/ADebug  ( 4368): Failed to get property persist.sys.media.traces
12-06 17:54:02.641 V/StatusBar( 2600): setLightsOn(true)
12-06 17:54:02.670 D/vndksupport( 4368): Loading /vendor/lib64/hw/android.hardware.graphics.mapper@2.0-impl.so from current namespace instead of sphal namespace.
12-06 17:54:02.671 D/vndksupport( 4368): Loading /vendor/lib64/hw/gralloc.msm8953.so from current namespace instead of sphal namespace.
12-06 17:54:03.095 D/KeyguardUpdateMonitor( 2600): received broadcast android.intent.action.BATTERY_CHANGED
12-06 17:54:03.099 D/HxBatteryStatusReceiver(11834): onReceiveandroid.intent.action.BATTERY_CHANGED
12-06 17:54:03.100 D/KeyguardUpdateMonitor( 2600): handleBatteryUpdate
