12-06 17:53:14.870 I/InstrumentationBackend( 3486): Added:'ViewConfiguration', with key:'view_configuration'
12-06 17:53:14.870 I/InstrumentationBackend( 3486): Added:'IsCurrentActivityFocused', with key:'is_current_activity_focused'
12-06 17:53:14.871 I/InstrumentationBackend( 3486): Added:'SendTcp', with key:'send_tcp'
12-06 17:53:14.871 I/InstrumentationBackend( 3486): Added:'DpToDevicePixel', with key:'dp_to_device_pixel'
12-06 17:53:14.873 I/InstrumentationBackend( 3486): Added:'KeyboardEnterText', with key:'keyboard_enter_text'
12-06 17:53:14.874 I/InstrumentationBackend( 3486): Added:'DeleteSurroundingText', with key:'delete_surrounding_text'
12-06 17:53:14.875 I/InstrumentationBackend( 3486): Added:'SetComposingRegion', with key:'set_composing_region'
12-06 17:53:14.875 I/InstrumentationBackend( 3486): Added:'SetSelection', with key:'set_selection'
12-06 17:53:14.875 I/InstrumentationBackend( 3486): Added:'KeyboardKeyEvent', with key:'keyboard_key_event'
12-06 17:53:14.876 D/CompatibilityInfo( 1392): mCompatibilityFlags - 0
12-06 17:53:14.876 D/CompatibilityInfo( 1392): applicationDensity - 480
12-06 17:53:14.876 D/CompatibilityInfo( 1392): applicationScale - 1.0
12-06 17:53:14.877 I/InstrumentationBackend( 3486): Added:'PressUserActionButton', with key:'press_user_action_button'
12-06 17:53:14.877 I/bt_core_module( 3461): module_start_up Started module "controller_module"
12-06 17:53:14.877 W/bt_osi_thread( 3461): run_thread: thread id 3527, thread name module_wrapper exited
12-06 17:53:14.878 W/bt_btm  ( 3461): btm_decode_ext_features_page: feature page 1 ignored
12-06 17:53:14.878 W/bt_btm  ( 3461): btm_decode_ext_features_page: feature page 2 ignored
12-06 17:53:14.878 I/bt_btm_sec( 3461): BTM_SecRegister p_cb_info->p_le_callback == 0x0x78ca8bf1d0
12-06 17:53:14.878 I/bt_btm_sec( 3461): BTM_SecRegister btm_cb.api.p_le_callback = 0x0x78ca8bf1d0 
12-06 17:53:14.879 I/bt_stack( 3461): [INFO:gatt_api.cc(1006)] GATT_Register
12-06 17:53:14.879 I/bt_stack( 3461): [INFO:gatt_api.cc(1029)] allocated gatt_if=3
12-06 17:53:14.879 I/InstrumentationBackend( 3486): Added:'HideSoftKeyboard', with key:'hide_soft_keyboard'
12-06 17:53:14.883 I/InstrumentationBackend( 3486): Added:'ListActions', with key:'list_actions'
12-06 17:53:14.884 I/calabash( 3486): Instantiating http server at 7102
12-06 17:53:14.886 I/System.out( 3486): HTTP Daemon listening on: 7102
12-06 17:53:14.907 I/System.out( 3486): URI: //ping
12-06 17:53:14.907 I/System.out( 3486): params: {json={}
12-06 17:53:14.907 I/System.out( 3486): }
12-06 17:53:14.912 I/bt_stack( 3461): [INFO:ble_advertiser_hci_interface.cc(713)] VSC advertising will be in use
12-06 17:53:14.912 I/bt_stack( 3461): [INFO:ble_advertiser_hci_interface.cc(264)] QuirkAdvertiserZeroHandle in use
12-06 17:53:14.913 D/BluetoothAdapterProperties( 3461): BT_PROPERTY_LOCAL_LE_FEATURES: update from BT controller mNumOfAdvertisementInstancesSupported = 10 mRpaOffloadSupported = true mNumOfOffloadedIrkSupported = 8 mNumOfOffloadedScanFilterSupported = 16 mOffloadedScanResultStorageBytes= 10240 mIsActivityAndEnergyReporting = true mVersSupported = 96 mTotNumOfTrackableAdv = 32 mIsExtendedScanSupported = true mIsDebugLogSupported = true mIsLe2MPhySupported = false mIsLeCodedPhySupported = false mIsLeExtendedAdvertisingSupported = false mIsLePeriodicAdvertisingSupported = false mLeMaximumAdvertisingDataLength = 31
12-06 17:53:14.914 E/bt_btif_storage( 3461): btif_storage_get_adapter_property: Controller ready!
12-06 17:53:14.914 I/bt_btif_storage( 3461): btif_storage_get_adapter_property service_mask:0x20000000
12-06 17:53:14.917 D/BluetoothAdapterProperties( 3461): Address is:18:F0:E4:3B:C8:B9
12-06 17:53:14.918 D/BluetoothManagerService( 1392): Bluetooth Adapter address changed to 18:F0:E4:3B:C8:B9
12-06 17:53:14.918 D/BluetoothManagerService( 1392): Stored Bluetoothaddress: 18:F0:E4:3B:C8:B9
12-06 17:53:14.918 D/BluetoothAdapterProperties( 3461): Name is: Mi A1
12-06 17:53:14.919 D/BluetoothManagerService( 1392): Bluetooth Adapter name changed to Mi A1
12-06 17:53:14.919 D/BluetoothManagerService( 1392): Stored Bluetooth name: Mi A1
12-06 17:53:14.920 D/BluetoothAdapterProperties( 3461): Scan Mode:20
12-06 17:53:14.921 D/BluetoothAdapterProperties( 3461): Discoverable Timeout:120
12-06 17:53:14.924 D/BluetoothAdapterProperties( 3461): Adding bonded device:74:95:EC:06:B2:4E
12-06 17:53:14.925 D/BluetoothAdapterProperties( 3461): Adding bonded device:04:5D:4B:5F:67:1E
12-06 17:53:14.925 D/BluetoothAdapterProperties( 3461): Adding bonded device:2C:41:A1:00:2E:B3
12-06 17:53:14.926 D/BluetoothAdapterProperties( 3461): Adding bonded device:7A:C9:A8:29:E8:25
12-06 17:53:14.926 D/BluetoothAdapterProperties( 3461): Adding bonded device:04:52:C7:82:07:96
12-06 17:53:14.927 D/BluetoothAdapterProperties( 3461): Adding bonded device:2C:41:A1:C6:E6:E1
12-06 17:53:14.928 I/System.out( 3486): URI: //ping
12-06 17:53:14.928 I/System.out( 3486): params: {json={}
12-06 17:53:14.928 I/System.out( 3486): }
12-06 17:53:14.939 D/A2dpService( 3461): getA2dpService(): service is NULL
12-06 17:53:14.941 I/bt_btif_core( 3461): btif_enable_bluetooth_evt entered: status 0
12-06 17:53:14.941 I/bt_osi_thread( 3461): run_thread: thread id 3534, thread name btif_sock started
12-06 17:53:14.942 D/bt_bte_conf( 3461): Device ID record 1 : primary
12-06 17:53:14.942 D/bt_bte_conf( 3461):   vendorId            = 001d
12-06 17:53:14.942 D/bt_bte_conf( 3461):   vendorIdSource      = 0001
12-06 17:53:14.942 D/bt_bte_conf( 3461):   product             = 1200
12-06 17:53:14.942 D/bt_bte_conf( 3461):   version             = 1436
12-06 17:53:14.942 D/bt_bte_conf( 3461):   clientExecutableURL = 
12-06 17:53:14.942 D/bt_bte_conf( 3461):   serviceDescription  = 
12-06 17:53:14.942 D/bt_bte_conf( 3461):   documentationURL    = 
12-06 17:53:14.942 D/bt_bte_conf( 3461): bte_load_did_conf no section named DID2.
12-06 17:53:14.942 I/bt_btif_core( 3461): btif_enable_bluetooth_evt finished
12-06 17:53:14.942 I/bt_stack_manager( 3461): event_start_up_stack finished
12-06 17:53:14.942 I/System.out( 3486): URI: //ready
12-06 17:53:14.943 I/System.out( 3486): params: {json={}
12-06 17:53:14.943 I/System.out( 3486): }
12-06 17:53:14.943 V/BluetoothAdapterState( 3461): PendingCommand - transient state(s): isBleTurningOn
12-06 17:53:14.943 D/BluetoothAdapterState( 3461): Current state: PENDING_COMMAND, message: 3
12-06 17:53:14.943 D/BluetoothAdapterProperties( 3461): Setting state to 15
12-06 17:53:14.943 I/BluetoothAdapterState( 3461): Bluetooth adapter state changed: 14-> 15
12-06 17:53:14.943 D/BluetoothAdapterService( 3461): updateAdapterState() - Broadcasting state to 1 receivers.
12-06 17:53:14.943 D/BluetoothManagerService( 1392): MESSAGE_BLUETOOTH_STATE_CHANGE: BLE_TURNING_ON > BLE_ON
12-06 17:53:14.943 D/BluetoothManagerService( 1392): Bluetooth is in LE only mode
12-06 17:53:14.943 D/BluetoothManagerService( 1392): Binding Bluetooth GATT service
12-06 17:53:14.943 I/BluetoothAdapterState( 3461): Entering BleOnState
12-06 17:53:14.944 D/BluetoothManagerService( 1392): Sending BLE State Change: BLE_TURNING_ON > BLE_ON
12-06 17:53:14.945 D/BluetoothManagerService( 1392): BluetoothServiceConnection: com.android.bluetooth.gatt.GattService
12-06 17:53:14.945 D/BluetoothManagerService( 1392): MESSAGE_BLUETOOTH_SERVICE_CONNECTED: 2
12-06 17:53:14.945 D/BluetoothManagerService( 1392): BluetoothGatt Service is Up
12-06 17:53:14.945 D/BluetoothManagerService( 1392): isBleAppPresent() count: 1
12-06 17:53:14.949 I/BeaconBle( 4144): Resetting - new scanner available: true
12-06 17:53:14.951 D/A2dpService( 3461): getA2dpService(): service is NULL
12-06 17:53:14.956 I/BeaconBle( 4144): 'L' hardware scan: 1 filters, scanMode=-1, reportdelay=0, callback type=1, #clients=1, workSource=WorkSource{}
12-06 17:53:14.957 I/BeaconBle( 4144): Starting scan on OS scanner. BT state: 15
12-06 17:53:14.958 D/BluetoothAdapter( 4144): isLeEnabled(): BLE_ON
12-06 17:53:14.958 D/A2dpService( 3461): getA2dpService(): service is NULL
12-06 17:53:14.959 I/System.out( 3486): URI: //
12-06 17:53:14.960 I/System.out( 3486): params: {json={"command":"version","arguments":[]}
12-06 17:53:14.960 I/System.out( 3486): }
12-06 17:53:14.960 I/System.out( 3486): header: {content-type=application/json;charset=utf-8, date=Thu, 06 Dec 2018 22:53:16 GMT, accept=*/*, host=127.0.0.1:34777, content-length=36, user-agent=HTTPClient/1.0 (2.8.3, ruby 2.5.1 (2018-03-29))}
12-06 17:53:14.960 I/System.out( 3486): params: {json={"command":"version","arguments":[]}
12-06 17:53:14.960 I/System.out( 3486): }
12-06 17:53:14.960 I/System.out( 3486): ProP json = {"command":"version","arguments":[]}
12-06 17:53:14.961 I/System.out( 3486): files: {}
12-06 17:53:14.961 I/System.out( 3486): command: {"command":"version","arguments":[]}
12-06 17:53:14.965 I/bt_stack( 3461): [INFO:gatt_api.cc(1006)] GATT_Register
12-06 17:53:14.965 I/bt_stack( 3461): [INFO:gatt_api.cc(1029)] allocated gatt_if=4
12-06 17:53:14.965 D/BluetoothLeScanner( 4144): onScannerRegistered() - status=0 scannerId=4 mScannerId=0
12-06 17:53:14.969 D/A2dpService( 3461): getA2dpService(): service is NULL
12-06 17:53:14.973 D/BluetoothAdapterService( 3461): getAdapterService() - returning com.android.bluetooth.btservice.AdapterService@ea65cb
12-06 17:53:14.979 D/A2dpService( 3461): getA2dpService(): service is NULL
12-06 17:53:14.984 D/A2dpService( 3461): getA2dpService(): service is NULL
12-06 17:53:15.008 I/InstrumentationBackend( 3486): Got command:'Command:'Line:null,version', arguments:'[]'
12-06 17:53:15.079 D/KeyguardUpdateMonitor( 2600): received broadcast android.intent.action.BATTERY_CHANGED
12-06 17:53:15.081 D/HxBatteryStatusReceiver(11834): onReceiveandroid.intent.action.BATTERY_CHANGED
12-06 17:53:15.082 D/KeyguardUpdateMonitor( 2600): handleBatteryUpdate
12-06 17:53:15.097 I/System.out( 3486): result:{"bonusInformation":[],"message":"0.9.8","success":true}
12-06 17:53:15.109 I/System.out( 3486): URI: //start-application
12-06 17:53:15.110 I/System.out( 3486): params: {json={"intent":null}
12-06 17:53:15.110 I/System.out( 3486): }
12-06 17:53:15.227 I/ActivityManager( 1392): START u0 {act=android.intent.action.MAIN cat=[android.intent.category.LAUNCHER] flg=0x10200000 cmp=com.evancharlton.mileage/.Mileage} from uid 10258
12-06 17:53:15.229 E/ANDR-PERF-MPCTL(  588): Invalid profile no. 0, total profiles 0 only
12-06 17:53:15.230 E/ANDR-PERF-JNI( 1392): com_qualcomm_qtiperformance_native_perf_io_prefetch_start
12-06 17:53:15.234 D/ActivityTrigger( 1392): activityStartTrigger: Activity is Triggerred in full screen ApplicationInfo{4db0870 com.evancharlton.mileage}
12-06 17:53:15.234 E/ActivityTrigger( 1392): activityStartTrigger: not whiteListedcom.evancharlton.mileage/com.evancharlton.mileage.Mileage/3110
12-06 17:53:15.234 D/CompatibilityInfo( 1392): mCompatibilityFlags - 10
12-06 17:53:15.234 D/CompatibilityInfo( 1392): applicationDensity - 480
12-06 17:53:15.234 D/CompatibilityInfo( 1392): applicationScale - 1.0
12-06 17:53:15.234 D/ActivityTrigger( 1392): activityResumeTrigger: The activity in ApplicationInfo{4db0870 com.evancharlton.mileage} is now in focus and seems to be in full-screen mode
12-06 17:53:15.234 E/ActivityTrigger( 1392): activityResumeTrigger: not whiteListedcom.evancharlton.mileage/com.evancharlton.mileage.Mileage/3110
12-06 17:53:15.235 D/ActivityTrigger( 1392): ActivityTrigger activityPauseTrigger 
12-06 17:53:15.240 D/ActivityTrigger( 1392): activityResumeTrigger: The activity in ApplicationInfo{4db0870 com.evancharlton.mileage} is now in focus and seems to be in full-screen mode
12-06 17:53:15.240 E/ActivityTrigger( 1392): activityResumeTrigger: not whiteListedcom.evancharlton.mileage/com.evancharlton.mileage.Mileage/3110
12-06 17:53:15.244 D/CompatibilityInfo( 1392): mCompatibilityFlags - 10
12-06 17:53:15.244 D/CompatibilityInfo( 1392): applicationDensity - 480
12-06 17:53:15.244 D/CompatibilityInfo( 1392): applicationScale - 1.0
12-06 17:53:15.256 I/calabash( 3486): newActivity1
12-06 17:53:15.300 V/StatusBar( 2600): setLightsOn(true)
12-06 17:53:15.329 W/ActivityManager( 1392): Bad activity token: android.os.BinderProxy@ce996ec
12-06 17:53:15.329 W/ActivityManager( 1392): java.lang.ClassCastException: android.os.BinderProxy cannot be cast to com.android.server.am.ActivityRecord$Token
12-06 17:53:15.329 W/ActivityManager( 1392): 	at com.android.server.am.ActivityRecord.forTokenLocked(ActivityRecord.java:816)
12-06 17:53:15.329 W/ActivityManager( 1392): 	at com.android.server.am.ActivityRecord.isInStackLocked(ActivityRecord.java:2154)
12-06 17:53:15.329 W/ActivityManager( 1392): 	at com.android.server.am.ActivityRecord.getStackLocked(ActivityRecord.java:2159)
12-06 17:53:15.329 W/ActivityManager( 1392): 	at com.android.server.am.ActivityManagerService.getActivityDisplayId(ActivityManagerService.java:10744)
12-06 17:53:15.329 W/ActivityManager( 1392): 	at android.app.IActivityManager$Stub.onTransact(IActivityManager.java:2734)
12-06 17:53:15.329 W/ActivityManager( 1392): 	at com.android.server.am.ActivityManagerService.onTransact(ActivityManagerService.java:2971)
12-06 17:53:15.329 W/ActivityManager( 1392): 	at android.os.Binder.execTransact(Binder.java:697)
12-06 17:53:15.331 I/calabash( 3486): newActivity1
12-06 17:53:15.343 W/ActivityManager( 1392): Bad activity token: android.os.BinderProxy@ce996ec
12-06 17:53:15.343 W/ActivityManager( 1392): java.lang.ClassCastException: android.os.BinderProxy cannot be cast to com.android.server.am.ActivityRecord$Token
12-06 17:53:15.343 W/ActivityManager( 1392): 	at com.android.server.am.ActivityRecord.forTokenLocked(ActivityRecord.java:816)
12-06 17:53:15.343 W/ActivityManager( 1392): 	at com.android.server.am.ActivityRecord.isInStackLocked(ActivityRecord.java:2154)
12-06 17:53:15.343 W/ActivityManager( 1392): 	at com.android.server.am.ActivityManagerService.setTaskDescription(ActivityManagerService.java:10345)
12-06 17:53:15.343 W/ActivityManager( 1392): 	at android.app.IActivityManager$Stub.onTransact(IActivityManager.java:2820)
12-06 17:53:15.343 W/ActivityManager( 1392): 	at com.android.server.am.ActivityManagerService.onTransact(ActivityManagerService.java:2971)
12-06 17:53:15.343 W/ActivityManager( 1392): 	at android.os.Binder.execTransact(Binder.java:697)
12-06 17:53:15.344 W/ActivityManager( 1392): Bad activity token: android.os.BinderProxy@ce996ec
12-06 17:53:15.344 W/ActivityManager( 1392): java.lang.ClassCastException: android.os.BinderProxy cannot be cast to com.android.server.am.ActivityRecord$Token
12-06 17:53:15.344 W/ActivityManager( 1392): 	at com.android.server.am.ActivityRecord.forTokenLocked(ActivityRecord.java:816)
12-06 17:53:15.344 W/ActivityManager( 1392): 	at com.android.server.am.ActivityRecord.isInStackLocked(ActivityRecord.java:2154)
12-06 17:53:15.344 W/ActivityManager( 1392): 	at com.android.server.am.ActivityRecord.getStackLocked(ActivityRecord.java:2159)
12-06 17:53:15.344 W/ActivityManager( 1392): 	at com.android.server.am.ActivityManagerService.getActivityStackId(ActivityManagerService.java:10755)
12-06 17:53:15.344 W/ActivityManager( 1392): 	at android.app.IActivityManager$Stub.onTransact(IActivityManager.java:3513)
12-06 17:53:15.344 W/ActivityManager( 1392): 	at com.android.server.am.ActivityManagerService.onTransact(ActivityManagerService.java:2971)
12-06 17:53:15.344 W/ActivityManager( 1392): 	at android.os.Binder.execTransact(Binder.java:697)
12-06 17:53:15.407 W/ResourceType( 2600): ResTable_typeSpec entry count inconsistent: given 6, previously 24
12-06 17:53:15.407 W/ResourceType( 2600): ResTable_typeSpec entry count inconsistent: given 97, previously 217
12-06 17:53:15.408 W/ResourceType( 2600): ResTable_typeSpec entry count inconsistent: given 371, previously 1426
12-06 17:53:15.408 W/ResourceType( 2600): ResTable_typeSpec entry count inconsistent: given 1707, previously 1720
12-06 17:53:15.408 W/ResourceType( 2600): ResTable_typeSpec entry count inconsistent: given 61, previously 66
12-06 17:53:15.408 W/ResourceType( 2600): ResTable_typeSpec entry count inconsistent: given 193, previously 2453
12-06 17:53:15.442 W/ResourceType( 2600): ResTable_typeSpec entry count inconsistent: given 468, previously 1300
12-06 17:53:15.497 W/ResourceType( 2600): ResTable_typeSpec entry count inconsistent: given 1438, previously 1935
12-06 17:53:15.498 W/ResourceType( 2600): ResTable_typeSpec entry count inconsistent: given 2629, previously 2631
12-06 17:53:15.498 W/ResourceType( 2600): ResTable_typeSpec entry count inconsistent: given 843, previously 1759
12-06 17:53:15.504 W/ActivityManager( 1392): Bad activity token: android.os.BinderProxy@ce996ec
12-06 17:53:15.504 W/ActivityManager( 1392): java.lang.ClassCastException: android.os.BinderProxy cannot be cast to com.android.server.am.ActivityRecord$Token
12-06 17:53:15.504 W/ActivityManager( 1392): 	at com.android.server.am.ActivityRecord.forTokenLocked(ActivityRecord.java:816)
12-06 17:53:15.504 W/ActivityManager( 1392): 	at com.android.server.am.ActivityRecord.isInStackLocked(ActivityRecord.java:2154)
12-06 17:53:15.504 W/ActivityManager( 1392): 	at com.android.server.am.ActivityManagerService.getActivityOptions(ActivityManagerService.java:13590)
12-06 17:53:15.504 W/ActivityManager( 1392): 	at android.app.IActivityManager$Stub.onTransact(IActivityManager.java:2906)
12-06 17:53:15.504 W/ActivityManager( 1392): 	at com.android.server.am.ActivityManagerService.onTransact(ActivityManagerService.java:2971)
12-06 17:53:15.504 W/ActivityManager( 1392): 	at android.os.Binder.execTransact(Binder.java:697)
12-06 17:53:15.602 V/StatusBar( 2600): setLightsOn(true)
12-06 17:53:15.682 I/chatty  ( 2600): uid=10030(com.android.systemui) identical 3 lines
12-06 17:53:15.703 V/StatusBar( 2600): setLightsOn(true)
12-06 17:53:15.720 I/zygote64( 3486): Do partial code cache collection, code=29KB, data=21KB
12-06 17:53:15.720 I/zygote64( 3486): After code cache collection, code=29KB, data=21KB
12-06 17:53:15.720 I/zygote64( 3486): Increasing code cache capacity to 128KB
12-06 17:53:15.741 D/vndksupport( 3486): Loading /vendor/lib64/hw/android.hardware.graphics.mapper@2.0-impl.so from current namespace instead of sphal namespace.
12-06 17:53:15.742 D/vndksupport( 3486): Loading /vendor/lib64/hw/gralloc.msm8953.so from current namespace instead of sphal namespace.
12-06 17:53:15.750 D/OpenGLRenderer( 3486): HWUI GL Pipeline
12-06 17:53:15.776 V/StatusBar( 2600): setLightsOn(true)
12-06 17:53:15.778 I/chatty  ( 2600): uid=10030(com.android.systemui) identical 1 line
12-06 17:53:15.781 V/StatusBar( 2600): setLightsOn(true)
12-06 17:53:15.783 I/ActivityManager( 1392): Displayed com.evancharlton.mileage/.Mileage: +537ms
12-06 17:53:15.783 E/ANDR-PERF-JNI( 1392): com_qualcomm_qtiperformance_native_perf_io_prefetch_start
12-06 17:53:15.787 V/StatusBar( 2600): setLightsOn(true)
12-06 17:53:15.941 I/System.out( 3486): URI: //map
12-06 17:53:15.941 I/System.out( 3486): params: {json={"query":"android.widget.EditText id:'price'","operation":{"method_name":"query","arguments":[]}}
12-06 17:53:15.941 I/System.out( 3486): }
12-06 17:53:15.954 V/StatusBar( 2600): setLightsOn(true)
12-06 17:53:16.004 I/chatty  ( 2600): uid=10030(com.android.systemui) identical 2 lines
12-06 17:53:16.006 V/StatusBar( 2600): setLightsOn(true)
12-06 17:53:16.008 D/ActivityTrigger( 1392): ActivityTrigger activityStopTrigger 
12-06 17:53:16.069 W/ResourceType( 3486): No package identifier when getting name for resource number 0x00000001
12-06 17:53:16.077 D/KeyguardUpdateMonitor( 2600): received broadcast android.intent.action.BATTERY_CHANGED
12-06 17:53:16.078 D/HxBatteryStatusReceiver(11834): onReceiveandroid.intent.action.BATTERY_CHANGED
12-06 17:53:16.080 D/KeyguardUpdateMonitor( 2600): handleBatteryUpdate
12-06 17:53:16.116 I/PBSessionCacheImpl( 3727): Deleted sessionId[61244495139639] from persistence.
12-06 17:53:16.119 I/WifiService( 1392): getConnectionInfo uid=10035
12-06 17:53:16.121 W/SearchServiceCore( 3727): Abort, client detached.
12-06 17:53:16.121 I/WifiService( 1392): getWifiEnabledState uid=10035
12-06 17:53:16.122 I/StreamController( 3727): cleanUpControllerScope(nowcards-15-655fb13-4ae2)
12-06 17:53:16.219 I/System.out( 3486): URI: //gesture
12-06 17:53:16.219 I/System.out( 3486): params: {json={"query_timeout":5.0,"gestures":[{"query_string":"android.widget.EditText id:'price'","touches":[{"x":50,"y":50,"offset_x":0,"offset_y":0,"wait":0.0,"time":0.2,"release":true,"query_string":null}]}]}
12-06 17:53:16.219 I/System.out( 3486): }
12-06 17:53:16.266 W/ResourceType( 3486): No package identifier when getting name for resource number 0x00000001
12-06 17:53:16.340 D/CompatibilityInfo( 1392): mCompatibilityFlags - 0
12-06 17:53:16.340 D/CompatibilityInfo( 1392): applicationDensity - 480
12-06 17:53:16.340 D/CompatibilityInfo( 1392): applicationScale - 1.0
12-06 17:53:16.343 W/SearchServiceCore( 3727): Abort, client detached.
12-06 17:53:16.353 D/ClClient(11834): Not sending keepalive.  Current connection state=STOPPED
12-06 17:53:16.438 I/zygote64( 3486): Do partial code cache collection, code=61KB, data=43KB
12-06 17:53:16.438 I/zygote64( 3486): After code cache collection, code=61KB, data=43KB
12-06 17:53:16.438 I/zygote64( 3486): Increasing code cache capacity to 256KB
12-06 17:53:16.564 I/Conv2QueryExtension( 4317): com.google.android.apps.inputmethod.libs.search.sense.ConversationToQueryExtension: Current locale: en_US, config allows these locales: de,en,fr,it,es,pt
12-06 17:53:16.565 I/Conv2QueryExtension( 4317): com.google.android.apps.inputmethod.libs.search.sense.ConversationToQueryExtension: Conv2Query not enabled due to current app [com.evancharlton.mileage] not in whitelist
12-06 17:53:16.565 I/Conv2QueryExtension( 4317): com.google.android.apps.inputmethod.libs.search.sense.ConversationToQueryExtension: onActivate() : Disabled by unsupported host app
12-06 17:53:16.565 I/CurrentMicStatusHolder( 4317): ghf: Current Mic status = {MicIconHidden-PasswordOrNumberOrDateInputType,}
12-06 17:53:16.572 V/StatusBar( 2600): setLightsOn(true)
12-06 17:53:16.644 I/chatty  ( 2600): uid=10030(com.android.systemui) identical 5 lines
12-06 17:53:16.840 V/StatusBar( 2600): setLightsOn(true)
12-06 17:53:17.114 D/KeyguardUpdateMonitor( 2600): received broadcast android.intent.action.BATTERY_CHANGED
12-06 17:53:17.115 D/HxBatteryStatusReceiver(11834): onReceiveandroid.intent.action.BATTERY_CHANGED
12-06 17:53:17.117 D/KeyguardUpdateMonitor( 2600): handleBatteryUpdate
12-06 17:53:17.132 I/System.out( 3486): URI: //
12-06 17:53:17.132 I/System.out( 3486): params: {json={"command":"set_selection","arguments":[-1,-1]}
12-06 17:53:17.132 I/System.out( 3486): }
12-06 17:53:17.133 I/System.out( 3486): header: {content-type=application/json;charset=utf-8, date=Thu, 06 Dec 2018 22:53:18 GMT, accept=*/*, host=127.0.0.1:34777, content-length=47, user-agent=HTTPClient/1.0 (2.8.3, ruby 2.5.1 (2018-03-29))}
12-06 17:53:17.133 I/System.out( 3486): params: {json={"command":"set_selection","arguments":[-1,-1]}
12-06 17:53:17.133 I/System.out( 3486): }
12-06 17:53:17.133 I/System.out( 3486): ProP json = {"command":"set_selection","arguments":[-1,-1]}
12-06 17:53:17.133 I/System.out( 3486): files: {}
12-06 17:53:17.133 I/System.out( 3486): command: {"command":"set_selection","arguments":[-1,-1]}
12-06 17:53:17.145 I/InstrumentationBackend( 3486): Got command:'Command:'Line:null,set_selection', arguments:'[-1, -1]'
12-06 17:53:17.182 I/System.out( 3486): result:{"bonusInformation":[],"message":"","success":true}
12-06 17:53:17.398 I/OD-RecognizerModule( 4317): com.google.android.apps.inputmethod.libs.voiceime.ondevice.OnDeviceRecognizerModule: dump()
12-06 17:53:17.432 I/System.out( 3486): URI: //
12-06 17:53:17.433 I/System.out( 3486): params: {json={"command":"keyboard_enter_text","arguments":["000"]}
12-06 17:53:17.433 I/System.out( 3486): }
12-06 17:53:17.433 I/System.out( 3486): header: {content-type=application/json;charset=utf-8, date=Thu, 06 Dec 2018 22:53:18 GMT, accept=*/*, host=127.0.0.1:34777, content-length=53, user-agent=HTTPClient/1.0 (2.8.3, ruby 2.5.1 (2018-03-29))}
12-06 17:53:17.433 I/System.out( 3486): params: {json={"command":"keyboard_enter_text","arguments":["000"]}
12-06 17:53:17.433 I/System.out( 3486): }
12-06 17:53:17.433 I/System.out( 3486): ProP json = {"command":"keyboard_enter_text","arguments":["000"]}
12-06 17:53:17.433 I/System.out( 3486): files: {}
12-06 17:53:17.433 I/System.out( 3486): command: {"command":"keyboard_enter_text","arguments":["000"]}
12-06 17:53:17.442 I/InstrumentationBackend( 3486): Got command:'Command:'Line:null,keyboard_enter_text', arguments:'[000]'
12-06 17:53:17.444 E/SpannableStringBuilder( 3486): SPAN_EXCLUSIVE_EXCLUSIVE spans cannot have a zero length
12-06 17:53:17.445 E/SpannableStringBuilder( 3486): SPAN_EXCLUSIVE_EXCLUSIVE spans cannot have a zero length
12-06 17:53:17.450 I/zygote64( 3486): Do full code cache collection, code=124KB, data=89KB
12-06 17:53:17.451 I/zygote64( 3486): After code cache collection, code=110KB, data=65KB
12-06 17:53:17.460 E/SpannableStringBuilder( 3486): SPAN_EXCLUSIVE_EXCLUSIVE spans cannot have a zero length
12-06 17:53:17.460 E/SpannableStringBuilder( 3486): SPAN_EXCLUSIVE_EXCLUSIVE spans cannot have a zero length
12-06 17:53:17.489 I/System.out( 3486): result:{"bonusInformation":[],"message":"","success":true}
12-06 17:53:17.502 I/System.out( 3486): URI: //map
12-06 17:53:17.502 I/System.out( 3486): params: {json={"query":"android.widget.Button index:2","operation":{"method_name":"query","arguments":[]}}
12-06 17:53:17.502 I/System.out( 3486): }
12-06 17:53:17.670 I/System.out( 3486): URI: //gesture
12-06 17:53:17.670 I/System.out( 3486): params: {json={"query_timeout":5.0,"gestures":[{"query_string":"android.widget.Button index:2","touches":[{"x":50,"y":50,"offset_x":0,"offset_y":0,"wait":0.0,"time":0.2,"release":true,"query_string":null}]}]}
12-06 17:53:17.670 I/System.out( 3486): }
12-06 17:53:18.045 I/zygote64( 3486): Do partial code cache collection, code=123KB, data=81KB
12-06 17:53:18.045 I/zygote64( 3486): After code cache collection, code=123KB, data=81KB
12-06 17:53:18.045 I/zygote64( 3486): Increasing code cache capacity to 512KB
12-06 17:53:18.069 I/PhenotypeExpConfig( 4317): com.google.android.apps.inputmethod.libs.experiments.PhenotypeExperimentConfiguration: refreshConfiguration() : Force = false : UpdateAvailable = false : Age = 80 minutes : MaxAge = 720 minutes
12-06 17:53:18.099 V/StatusBar( 2600): setLightsOn(true)
12-06 17:53:18.130 I/chatty  ( 2600): uid=10030(com.android.systemui) identical 3 lines
12-06 17:53:18.132 V/StatusBar( 2600): setLightsOn(true)
12-06 17:53:18.134 I/Conv2QueryExtension( 4317): com.google.android.apps.inputmethod.libs.search.sense.ConversationToQueryExtension: Current locale: en_US, config allows these locales: de,en,fr,it,es,pt
12-06 17:53:18.135 I/Conv2QueryExtension( 4317): com.google.android.apps.inputmethod.libs.search.sense.ConversationToQueryExtension: Conv2Query not enabled due to current app [com.evancharlton.mileage] not in whitelist
12-06 17:53:18.135 I/Conv2QueryExtension( 4317): com.google.android.apps.inputmethod.libs.search.sense.ConversationToQueryExtension: onActivate() : Disabled by unsupported host app
12-06 17:53:18.135 I/CurrentMicStatusHolder( 4317): ghf: Current Mic status = {MicIconHidden-PasswordOrNumberOrDateInputType,}
12-06 17:53:18.147 V/StatusBar( 2600): setLightsOn(true)
12-06 17:53:18.394 V/StatusBar( 2600): setLightsOn(true)
12-06 17:53:18.484 W/ADebug  ( 3563): Failed to get property persist.sys.media.traces
12-06 17:53:18.547 D/vndksupport( 3563): Loading /vendor/lib64/hw/android.hardware.graphics.mapper@2.0-impl.so from current namespace instead of sphal namespace.
12-06 17:53:18.548 D/vndksupport( 3563): Loading /vendor/lib64/hw/gralloc.msm8953.so from current namespace instead of sphal namespace.
12-06 17:53:18.794 I/EventLogSendingHelper( 3727): Sending log events.
12-06 17:53:18.811 W/SearchServiceClient( 3727): Starting with NO_SESSION handoverId is deprecated. Just don't. You will break.
12-06 17:53:18.811 W/SearchServiceClient( 3727): com.google.android.apps.gsa.shared.util.common.f: SearchServiceClient: Starting with NO_SESSION handoverId is deprecated. Just don't. You will break.
12-06 17:53:18.811 W/SearchServiceClient( 3727): 	at com.google.android.apps.gsa.shared.util.common.e.a(SourceFile:43)
12-06 17:53:18.811 W/SearchServiceClient( 3727): 	at com.google.android.apps.gsa.shared.util.common.e.f(SourceFile:6)
12-06 17:53:18.811 W/SearchServiceClient( 3727): 	at com.google.android.apps.gsa.search.shared.service.SearchServiceClient.a(SourceFile:119)
12-06 17:53:18.811 W/SearchServiceClient( 3727): 	at com.google.android.apps.gsa.search.shared.service.SearchServiceClient.mw(SourceFile:103)
12-06 17:53:18.811 W/SearchServiceClient( 3727): 	at com.google.android.apps.gsa.staticplugins.bk.i.o(SourceFile:60)
12-06 17:53:18.811 W/SearchServiceClient( 3727): 	at com.google.android.apps.gsa.staticplugins.bk.p.run(Unknown Source:2)
12-06 17:53:18.811 W/SearchServiceClient( 3727): 	at com.google.android.apps.gsa.shared.util.concurrent.b.cr.bsW(SourceFile:2)
12-06 17:53:18.811 W/SearchServiceClient( 3727): 	at com.google.android.apps.gsa.shared.util.concurrent.b.cp.run(SourceFile:5)
12-06 17:53:18.811 W/SearchServiceClient( 3727): 	at android.os.Handler.handleCallback(Handler.java:790)
12-06 17:53:18.811 W/SearchServiceClient( 3727): 	at android.os.Handler.dispatchMessage(Handler.java:99)
12-06 17:53:18.811 W/SearchServiceClient( 3727): 	at android.os.Looper.loop(Looper.java:172)
12-06 17:53:18.811 W/SearchServiceClient( 3727): 	at android.app.ActivityThread.main(ActivityThread.java:6590)
12-06 17:53:18.811 W/SearchServiceClient( 3727): 	at java.lang.reflect.Method.invoke(Native Method)
12-06 17:53:18.811 W/SearchServiceClient( 3727): 	at com.android.internal.os.RuntimeInit$MethodAndArgsCaller.run(RuntimeInit.java:438)
12-06 17:53:18.811 W/SearchServiceClient( 3727): 	at com.android.internal.os.ZygoteInit.main(ZygoteInit.java:807)
12-06 17:53:19.082 D/HxBatteryStatusReceiver(11834): onReceiveandroid.intent.action.BATTERY_CHANGED
12-06 17:53:19.082 D/KeyguardUpdateMonitor( 2600): received broadcast android.intent.action.BATTERY_CHANGED
12-06 17:53:19.087 D/KeyguardUpdateMonitor( 2600): handleBatteryUpdate
12-06 17:53:19.269 I/System.out( 3486): URI: //map
12-06 17:53:19.269 I/System.out( 3486): params: {json={"query":"android.widget.EditText id:'volume'","operation":{"method_name":"query","arguments":[]}}
12-06 17:53:19.269 I/System.out( 3486): }
12-06 17:53:19.307 W/ResourceType( 3486): No package identifier when getting name for resource number 0x00000001
12-06 17:53:19.375 I/System.out( 3486): URI: //gesture
12-06 17:53:19.376 I/System.out( 3486): params: {json={"query_timeout":5.0,"gestures":[{"query_string":"android.widget.EditText id:'volume'","touches":[{"x":50,"y":50,"offset_x":0,"offset_y":0,"wait":0.0,"time":0.2,"release":true,"query_string":null}]}]}
12-06 17:53:19.376 I/System.out( 3486): }
12-06 17:53:19.405 W/ResourceType( 3486): No package identifier when getting name for resource number 0x00000001
12-06 17:53:20.084 D/KeyguardUpdateMonitor( 2600): received broadcast android.intent.action.BATTERY_CHANGED
12-06 17:53:20.086 D/HxBatteryStatusReceiver(11834): onReceiveandroid.intent.action.BATTERY_CHANGED
12-06 17:53:20.091 D/KeyguardUpdateMonitor( 2600): handleBatteryUpdate
12-06 17:53:20.252 I/System.out( 3486): URI: //
12-06 17:53:20.253 I/System.out( 3486): params: {json={"command":"set_selection","arguments":[-1,-1]}
12-06 17:53:20.253 I/System.out( 3486): }
12-06 17:53:20.254 I/System.out( 3486): header: {content-type=application/json;charset=utf-8, date=Thu, 06 Dec 2018 22:53:21 GMT, accept=*/*, host=127.0.0.1:34777, content-length=47, user-agent=HTTPClient/1.0 (2.8.3, ruby 2.5.1 (2018-03-29))}
12-06 17:53:20.254 I/System.out( 3486): params: {json={"command":"set_selection","arguments":[-1,-1]}
12-06 17:53:20.254 I/System.out( 3486): }
12-06 17:53:20.254 I/System.out( 3486): ProP json = {"command":"set_selection","arguments":[-1,-1]}
12-06 17:53:20.255 I/System.out( 3486): files: {}
12-06 17:53:20.255 I/System.out( 3486): command: {"command":"set_selection","arguments":[-1,-1]}
12-06 17:53:20.279 I/InstrumentationBackend( 3486): Got command:'Command:'Line:null,set_selection', arguments:'[-1, -1]'
12-06 17:53:20.300 I/System.out( 3486): result:{"bonusInformation":[],"message":"","success":true}
12-06 17:53:20.314 I/Finsky  (18728): [1587] com.google.android.finsky.bo.an.run(6): Stats for Executor: BlockingExecutor com.google.android.finsky.bo.ao@c40c260[Running, pool size = 1, active threads = 0, queued tasks = 0, completed tasks = 75]
12-06 17:53:20.315 I/Finsky  (18728): [1587] com.google.android.finsky.bo.an.run(6): Stats for Executor: LightweightExecutor com.google.android.finsky.bo.ao@90c3319[Running, pool size = 4, active threads = 0, queued tasks = 0, completed tasks = 53]
12-06 17:53:20.315 I/Finsky  (18728): [1587] com.google.android.finsky.bo.an.run(6): Stats for Executor: bgExecutor com.google.android.finsky.bo.ao@198fde[Running, pool size = 4, active threads = 0, queued tasks = 0, completed tasks = 171]
12-06 17:53:20.318 I/Finsky  (18728): [1587] com.google.android.finsky.bo.an.run(6): Stats for Executor: SimChangeExecutor com.google.android.finsky.bo.ao@86c15bf[Running, pool size = 0, active threads = 0, queued tasks = 0, completed tasks = 0]
12-06 17:53:20.381 I/Finsky  (18728): [1587] com.google.android.finsky.bo.an.run(6): Stats for Executor: Db-xternal_referrer_status.db com.google.android.finsky.bo.ao@55fa48c[Running, pool size = 0, active threads = 0, queued tasks = 0, completed tasks = 62]
12-06 17:53:20.383 I/Finsky  (18728): [1587] com.google.android.finsky.bo.an.run(6): Stats for Executor: Db-split_install_service com.google.android.finsky.bo.ao@e23e7d5[Running, pool size = 0, active threads = 0, queued tasks = 0, completed tasks = 61]
12-06 17:53:20.383 I/Finsky  (18728): [1587] com.google.android.finsky.bo.an.run(6): Stats for Executor: StorageAwareDownloadServiceManagerSpaceChecker com.google.android.finsky.bo.ao@9aacbea[Running, pool size = 0, active threads = 0, queued tasks = 0, completed tasks = 0]
12-06 17:53:20.498 I/OD-RecognizerModule( 4317): com.google.android.apps.inputmethod.libs.voiceime.ondevice.OnDeviceRecognizerModule: dump()
12-06 17:53:20.532 I/System.out( 3486): URI: //
12-06 17:53:20.532 I/System.out( 3486): params: {json={"command":"keyboard_enter_text","arguments":["000"]}
12-06 17:53:20.532 I/System.out( 3486): }
12-06 17:53:20.533 I/System.out( 3486): header: {content-type=application/json;charset=utf-8, date=Thu, 06 Dec 2018 22:53:21 GMT, accept=*/*, host=127.0.0.1:34777, content-length=53, user-agent=HTTPClient/1.0 (2.8.3, ruby 2.5.1 (2018-03-29))}
12-06 17:53:20.533 I/System.out( 3486): params: {json={"command":"keyboard_enter_text","arguments":["000"]}
12-06 17:53:20.533 I/System.out( 3486): }
12-06 17:53:20.533 I/System.out( 3486): ProP json = {"command":"keyboard_enter_text","arguments":["000"]}
12-06 17:53:20.533 I/System.out( 3486): files: {}
12-06 17:53:20.533 I/System.out( 3486): command: {"command":"keyboard_enter_text","arguments":["000"]}
12-06 17:53:20.541 I/InstrumentationBackend( 3486): Got command:'Command:'Line:null,keyboard_enter_text', arguments:'[000]'
12-06 17:53:20.544 E/SpannableStringBuilder( 3486): SPAN_EXCLUSIVE_EXCLUSIVE spans cannot have a zero length
12-06 17:53:20.544 E/SpannableStringBuilder( 3486): SPAN_EXCLUSIVE_EXCLUSIVE spans cannot have a zero length
12-06 17:53:20.551 V/StatusBar( 2600): setLightsOn(true)
12-06 17:53:20.559 E/SpannableStringBuilder( 3486): SPAN_EXCLUSIVE_EXCLUSIVE spans cannot have a zero length
12-06 17:53:20.559 E/SpannableStringBuilder( 3486): SPAN_EXCLUSIVE_EXCLUSIVE spans cannot have a zero length
12-06 17:53:20.581 I/System.out( 3486): result:{"bonusInformation":[],"message":"","success":true}
12-06 17:53:20.598 I/System.out( 3486): URI: //map
12-06 17:53:20.598 I/System.out( 3486): params: {json={"query":"android.widget.Button index:2","operation":{"method_name":"query","arguments":[]}}
12-06 17:53:20.598 I/System.out( 3486): }
12-06 17:53:20.654 I/Finsky  (18728): [1587] com.google.android.finsky.bo.an.run(6): Stats for Executor: Db-notification_cache com.google.android.finsky.bo.ao@703e8c6[Running, pool size = 0, active threads = 0, queued tasks = 0, completed tasks = 210]
12-06 17:53:20.699 I/System.out( 3486): URI: //gesture
12-06 17:53:20.699 I/System.out( 3486): params: {json={"query_timeout":5.0,"gestures":[{"query_string":"android.widget.Button index:2","touches":[{"x":50,"y":50,"offset_x":0,"offset_y":0,"wait":0.0,"time":0.2,"release":true,"query_string":null}]}]}
12-06 17:53:20.699 I/System.out( 3486): }
12-06 17:53:20.775 I/Finsky  (18728): [1587] com.google.android.finsky.bo.an.run(6): Stats for Executor: InstallBackgroundThread com.google.android.finsky.bo.ao@8d64edb[Running, pool size = 0, active threads = 0, queued tasks = 0, completed tasks = 0]
12-06 17:53:20.775 I/Finsky  (18728): [1587] com.google.android.finsky.bo.an.run(6): Stats for Executor: Db-install_service com.google.android.finsky.bo.ao@7a87d78[Running, pool size = 0, active threads = 0, queued tasks = 0, completed tasks = 0]
12-06 17:53:20.775 I/Finsky  (18728): [1587] com.google.android.finsky.bo.an.run(6): Stats for Executor: InstallBackgroundThread com.google.android.finsky.bo.ao@bc82c51[Running, pool size = 0, active threads = 0, queued tasks = 0, completed tasks = 0]
12-06 17:53:20.818 V/StatusBar( 2600): setLightsOn(true)
12-06 17:53:20.824 V/StatusBar( 2600): setLightsOn(true)
12-06 17:53:21.072 I/PhenotypeExpConfig( 4317): com.google.android.apps.inputmethod.libs.experiments.PhenotypeExperimentConfiguration: refreshConfiguration() : Force = false : UpdateAvailable = false : Age = 80 minutes : MaxAge = 720 minutes
12-06 17:53:21.100 V/StatusBar( 2600): setLightsOn(true)
12-06 17:53:21.107 I/chatty  ( 2600): uid=10030(com.android.systemui) identical 2 lines
12-06 17:53:21.140 V/StatusBar( 2600): setLightsOn(true)
12-06 17:53:21.142 I/Conv2QueryExtension( 4317): com.google.android.apps.inputmethod.libs.search.sense.ConversationToQueryExtension: Current locale: en_US, config allows these locales: de,en,fr,it,es,pt
12-06 17:53:21.142 I/Conv2QueryExtension( 4317): com.google.android.apps.inputmethod.libs.search.sense.ConversationToQueryExtension: Conv2Query not enabled due to current app [com.evancharlton.mileage] not in whitelist
12-06 17:53:21.142 I/Conv2QueryExtension( 4317): com.google.android.apps.inputmethod.libs.search.sense.ConversationToQueryExtension: onActivate() : Disabled by unsupported host app
12-06 17:53:21.143 V/StatusBar( 2600): setLightsOn(true)
12-06 17:53:21.143 I/CurrentMicStatusHolder( 4317): ghf: Current Mic status = {MicIconHidden-PasswordOrNumberOrDateInputType,}
12-06 17:53:21.158 V/StatusBar( 2600): setLightsOn(true)
12-06 17:53:21.168 D/CompatibilityInfo( 1392): mCompatibilityFlags - 0
12-06 17:53:21.169 D/CompatibilityInfo( 1392): applicationDensity - 480
12-06 17:53:21.169 D/CompatibilityInfo( 1392): applicationScale - 1.0
12-06 17:53:21.194 I/Places  ( 4144): ?: PlacesBleScanner stop()
12-06 17:53:21.196 D/BluetoothAdapter( 4144): disableBLE(): de-registering com.google.android.gms
12-06 17:53:15.505 W/ActivityManager( 1392): Bad activity token: android.os.BinderProxy@ce996ec
12-06 17:53:15.505 W/ActivityManager( 1392): java.lang.ClassCastException: android.os.BinderProxy cannot be cast to com.android.server.am.ActivityRecord$Token
12-06 17:53:15.505 W/ActivityManager( 1392): 	at com.android.server.am.ActivityRecord.forTokenLocked(ActivityRecord.java:816)
12-06 17:53:15.505 W/ActivityManager( 1392): 	at com.android.server.am.ActivityRecord.isInStackLocked(ActivityRecord.java:2154)
12-06 17:53:15.505 W/ActivityManager( 1392): 	at com.android.server.am.ActivityManagerService.getActivityOptions(ActivityManagerService.java:13590)
12-06 17:53:15.505 W/ActivityManager( 1392): 	at android.app.IActivityManager$Stub.onTransact(IActivityManager.java:2906)
12-06 17:53:15.505 W/ActivityManager( 1392): 	at com.android.server.am.ActivityManagerService.onTransact(ActivityManagerService.java:2971)
12-06 17:53:15.505 W/ActivityManager( 1392): 	at android.os.Binder.execTransact(Binder.java:697)
12-06 17:53:21.196 D/BluetoothManagerService( 1392): Unregistered for death of com.google.android.gms
12-06 17:53:21.196 D/BluetoothManagerService( 1392): 0 registered Ble Apps
12-06 17:53:21.197 D/BluetoothManagerService( 1392): Reseting the mEnable flag for clean disable
12-06 17:53:21.198 D/BluetoothManagerService( 1392): Move to BT state OFF
12-06 17:53:21.198 D/BluetoothManagerService( 1392): Calling sendBrEdrDownCallback callbacks
12-06 17:53:21.198 D/BluetoothManagerService( 1392): isBleAppPresent() count: 0
12-06 17:53:21.198 D/BluetoothAdapterState( 3461): Current state: BLE ON, message: 20
12-06 17:53:21.198 I/PlaceInferenceEngine( 4144): [anon] Changed inference mode: 0
12-06 17:53:21.198 D/BluetoothAdapterProperties( 3461): Setting state to 16
12-06 17:53:21.198 I/BluetoothAdapterState( 3461): Bluetooth adapter state changed: 15-> 16
12-06 17:53:21.198 D/BluetoothAdapterService( 3461): updateAdapterState() - Broadcasting state to 1 receivers.
12-06 17:53:21.199 D/BluetoothManagerService( 1392): MESSAGE_BLUETOOTH_STATE_CHANGE: BLE_ON > BLE_TURNING_OFF
12-06 17:53:21.199 D/BluetoothAdapterProperties( 3461): onBleDisable
12-06 17:53:21.199 D/BluetoothManagerService( 1392): Sending BLE State Change: BLE_ON > BLE_TURNING_OFF
12-06 17:53:21.200 I/BluetoothAdapterState( 3461): Entering PendingCommandState
12-06 17:53:21.200 I/bt_stack_manager( 3461): event_shut_down_stack is bringing down the stack
12-06 17:53:21.200 I/bt_btif_core( 3461): btif_disable_bluetooth entered
12-06 17:53:21.200 D/BluetoothAdapterProperties( 3461): Scan Mode:20
12-06 17:53:21.200 E/bt_btif ( 3461): bta_jv_disable
12-06 17:53:21.200 W/bt_osi_thread( 3461): run_thread: thread id 3534, thread name btif_sock exited
12-06 17:53:21.201 I/bt_btif_core( 3461): btif_disable_bluetooth finished
12-06 17:53:21.202 W/bt_btif ( 3461): bta_dm_disable BTA_DISABLE_DELAY set to 200 ms
12-06 17:53:21.202 I/bt_core_module( 3461): module_shut_down Shutting down module "btif_config_module"
12-06 17:53:21.206 I/BeaconBle( 4144): Stopping scan on delegate scanner. BT state: 16
12-06 17:53:21.206 D/BluetoothAdapter( 4144): isLeEnabled(): BLE_TURNING_OFF
12-06 17:53:21.207 I/BeaconBle( 4144): Exception caught calling mLeScanner.stopScan() java.lang.IllegalStateException: BT Adapter is not turned ON
12-06 17:53:21.207 I/BeaconBle( 4144): Delegate scanner is not available. stopScan ignored
12-06 17:53:21.208 I/BeaconBle( 4144): Resetting - new scanner available: false
12-06 17:53:21.208 I/BeaconBle( 4144): 'L' hardware scan: scan stopped, no clients
12-06 17:53:21.208 I/BeaconBle( 4144): Places requested to stop scan
12-06 17:53:21.208 I/BeaconBle( 4144): Scan canceled successfully.
12-06 17:53:21.209 I/bt_core_module( 3461): module_shut_down Shutdown of module "btif_config_module" completed
12-06 17:53:21.229 I/GeofencerStateMachine( 4144): removeGeofences: removeRequest=RemoveGeofencingRequest[REMOVE_BY_PENDING_INTENT pendingIntent=PendingIntent[creatorPackage=com.google.android.gms], packageName=null]
12-06 17:53:21.317 I/WifiService( 1392): getConnectionInfo uid=10180
12-06 17:53:21.328 I/zygote64( 4144): Background concurrent copying GC freed 205952(9MB) AllocSpace objects, 68(4MB) LOS objects, 49% free, 13MB/26MB, paused 112us total 118.253ms
12-06 17:53:21.400 V/StatusBar( 2600): setLightsOn(true)
12-06 17:53:21.402 I/bt_btif_core( 3461): btif_disable_bluetooth_evt entered
12-06 17:53:21.402 I/bt_core_module( 3461): module_shut_down Shutting down module "hci_module"
12-06 17:53:21.402 I/bt_hci  ( 3461): hci_module_shut_down
12-06 17:53:21.402 I/bt_hci  ( 3461): hci_close
12-06 17:53:21.402 W/vendor.qti.bluetooth@1.0-bluetooth_hci(  564): BluetoothHci::close()
12-06 17:53:21.402 I/vendor.qti.bluetooth@1.0-data_handler(  564): Sending HCI Reset 
12-06 17:53:21.472 W/ADebug  ( 3581): Failed to get property persist.sys.media.traces
12-06 17:53:21.479 W/vendor.qti.bluetooth@1.0-data_handler(  564): OnPacketReady: Received event for command sent internally: 03 0c 
12-06 17:53:21.479 W/vendor.qti.bluetooth@1.0-data_handler(  564): DataHandler::CleanUp()
12-06 17:53:21.479 D/vendor.qti.bluetooth@1.0-data_handler(  564): Close: Wait for collecting crash dump to finish
12-06 17:53:21.479 I/vendor.qti.bluetooth@1.0-data_handler(  564): DataHandler:: init_status 3
12-06 17:53:21.479 W/vendor.qti.bluetooth@1.0-async_fd_watcher(  564): StopThread: stopped the work thread
12-06 17:53:21.480 I/vendor.qti.bluetooth@1.0-mct_transport(  564): CleanUp:> soc_type: 0
12-06 17:53:21.535 D/vndksupport( 3581): Loading /vendor/lib64/hw/android.hardware.graphics.mapper@2.0-impl.so from current namespace instead of sphal namespace.
12-06 17:53:21.537 D/vndksupport( 3581): Loading /vendor/lib64/hw/gralloc.msm8953.so from current namespace instead of sphal namespace.
12-06 17:53:21.709 W/vendor.qti.bluetooth@1.0-data_handler(  564): controller Cleanup done
12-06 17:53:21.709 I/vendor.qti.bluetooth@1.0-data_handler(  564): DataHandler:: joined Init thread 
12-06 17:53:21.710 D/vendor.qti.bluetooth@1.0-wake_lock(  564): CleanUp wakelock is destroyed 
12-06 17:53:21.710 W/vendor.qti.bluetooth@1.0-bluetooth_hci(  564): BluetoothHci::close, finish cleanup
12-06 17:53:21.710 W/bt_osi_thread( 3461): run_thread: thread id 3517, thread name hci_thread exited
12-06 17:53:21.711 I/bt_core_module( 3461): module_shut_down Shutdown of module "hci_module" completed
12-06 17:53:21.712 I/bt_core_module( 3461): module_shut_down Shutting down module "btsnoop_module"
12-06 17:53:21.712 I/bt_core_module( 3461): module_shut_down Shutdown of module "btsnoop_module" completed
12-06 17:53:21.713 I/bt_core_module( 3461): module_clean_up Cleaning up module "bte_logmsg_module"
12-06 17:53:21.713 I/bt_core_module( 3461): module_clean_up Cleanup of module "bte_logmsg_module" completed
12-06 17:53:21.713 W/bt_osi_thread( 3461): run_thread: thread id 3525, thread name bt_workqueue exited
12-06 17:53:21.714 I/bt_btif_core( 3461): btif_disable_bluetooth_evt finished
12-06 17:53:21.714 I/bt_core_module( 3461): module_shut_down Shutting down module "controller_module"
12-06 17:53:21.714 I/bt_core_module( 3461): module_shut_down Shutdown of module "controller_module" completed
12-06 17:53:21.715 V/BluetoothAdapterState( 3461): PendingCommand - transient state(s): isBleTurningOff
12-06 17:53:21.715 D/BluetoothAdapterState( 3461): Current state: PENDING_COMMAND, message: 24
12-06 17:53:21.716 D/BluetoothAdapterService( 3461): stopGattProfileService()
12-06 17:53:21.716 D/BluetoothAdapterService( 3461): setProfileServiceState() - Stopping service com.android.bluetooth.gatt.GattService
12-06 17:53:21.717 I/bt_stack_manager( 3461): event_shut_down_stack finished
12-06 17:53:21.719 D/BluetoothAdapterState( 3461): Stopping Gatt profile services that were post enabled
12-06 17:53:21.719 D/BtGatt.DebugUtils( 3461): handleDebugAction() action=null
12-06 17:53:21.719 D/BluetoothAdapterService( 3461): getAdapterService() - returning com.android.bluetooth.btservice.AdapterService@ea65cb
12-06 17:53:21.721 D/BtGatt.GattService( 3461): : Received stop request...Stopping profile...
12-06 17:53:21.724 D/BtGatt.GattService( 3461):  profile stopped successfully
12-06 17:53:21.724 D/BluetoothAdapterService( 3461): getAdapterService() - returning com.android.bluetooth.btservice.AdapterService@ea65cb
12-06 17:53:21.725 D/BluetoothAdapterService( 3461): handleMessage() - Message: 1
12-06 17:53:21.725 D/BluetoothAdapterService( 3461): handleMessage() - MESSAGE_PROFILE_SERVICE_STATE_CHANGED
12-06 17:53:21.725 W/BluetoothAdapterService( 3461): onProfileServiceStateChange() serviceName=com.android.bluetooth.gatt.GattService, state=10, doUpdate=true
12-06 17:53:21.725 D/BluetoothAdapterService( 3461): processProfileServiceStateChanged() - serviceName=com.android.bluetooth.gatt.GattService isTurningOn=false isTurningOff=false isBleTurningOn=false isBleTurningOff=true
12-06 17:53:21.725 D/BluetoothAdapterService( 3461): GattService stopped
12-06 17:53:21.726 V/BluetoothAdapterState( 3461): PendingCommand - transient state(s): isBleTurningOff
12-06 17:53:21.726 D/BluetoothAdapterState( 3461): Current state: PENDING_COMMAND, message: 25
12-06 17:53:21.726 D/BluetoothAdapterProperties( 3461): Setting state to 10
12-06 17:53:21.726 I/BluetoothAdapterState( 3461): Bluetooth adapter state changed: 16-> 10
12-06 17:53:21.726 D/BluetoothAdapterService( 3461): updateAdapterState() - Broadcasting state to 1 receivers.
12-06 17:53:21.727 D/BluetoothManagerService( 1392): MESSAGE_BLUETOOTH_STATE_CHANGE: BLE_TURNING_OFF > OFF
12-06 17:53:21.727 D/BluetoothManagerService( 1392): Bluetooth is complete send Service Down
12-06 17:53:21.727 D/BluetoothManagerService( 1392): Broadcasting onBluetoothServiceDown() to 12 receivers.
12-06 17:53:21.728 D/BluetoothAdapter( 3727): onBluetoothServiceDown: android.bluetooth.IBluetooth$Stub$Proxy@221e6a8
12-06 17:53:21.728 D/BluetoothAdapter( 3727): onBluetoothServiceDown: Sending callbacks to 1 clients
12-06 17:53:21.728 D/BluetoothAdapter(26794): onBluetoothServiceDown: android.bluetooth.IBluetooth$Stub$Proxy@6608f5c
12-06 17:53:21.728 D/BluetoothAdapter( 3727): onBluetoothServiceDown: Finished sending callbacks to registered clients
12-06 17:53:21.728 D/BluetoothAdapter(26794): onBluetoothServiceDown: Sending callbacks to 0 clients
12-06 17:53:21.728 D/BluetoothAdapter( 5940): onBluetoothServiceDown: android.bluetooth.IBluetooth$Stub$Proxy@a87e1bd
12-06 17:53:21.728 D/BluetoothAdapter( 1392): onBluetoothServiceDown: android.bluetooth.IBluetooth$Stub$Proxy@8a1628d
12-06 17:53:21.728 D/BluetoothAdapter(26794): onBluetoothServiceDown: Finished sending callbacks to registered clients
