12-06 17:53:21.728 D/BluetoothAdapter( 5940): onBluetoothServiceDown: Sending callbacks to 0 clients
12-06 17:53:21.728 D/BluetoothAdapter( 4921): onBluetoothServiceDown: android.bluetooth.IBluetooth$Stub$Proxy@d8dc5fd
12-06 17:53:21.728 D/BluetoothAdapter( 1392): onBluetoothServiceDown: Sending callbacks to 1 clients
12-06 17:53:21.728 D/BluetoothAdapter( 3461): onBluetoothServiceDown: com.android.bluetooth.btservice.AdapterService$AdapterServiceBinder@c009031
12-06 17:53:21.728 D/BluetoothAdapter( 5940): onBluetoothServiceDown: Finished sending callbacks to registered clients
12-06 17:53:21.728 D/BluetoothAdapter( 1392): onBluetoothServiceDown: Finished sending callbacks to registered clients
12-06 17:53:21.728 D/BluetoothAdapter( 4921): onBluetoothServiceDown: Sending callbacks to 1 clients
12-06 17:53:21.729 D/BluetoothAdapter( 3461): onBluetoothServiceDown: Sending callbacks to 1 clients
12-06 17:53:21.729 D/BluetoothAdapter( 4921): onBluetoothServiceDown: Finished sending callbacks to registered clients
12-06 17:53:21.729 D/BluetoothAdapter( 4282): onBluetoothServiceDown: android.bluetooth.IBluetooth$Stub$Proxy@55cde7e
12-06 17:53:21.729 D/BluetoothAdapter( 3461): onBluetoothServiceDown: Finished sending callbacks to registered clients
12-06 17:53:21.729 D/BluetoothAdapter( 4282): onBluetoothServiceDown: Sending callbacks to 1 clients
12-06 17:53:21.729 D/BluetoothAdapter( 4282): onBluetoothServiceDown: Finished sending callbacks to registered clients
12-06 17:53:21.729 D/BluetoothAdapter( 2600): onBluetoothServiceDown: android.bluetooth.IBluetooth$Stub$Proxy@47fd5ef
12-06 17:53:21.729 D/BluetoothAdapter( 3704): onBluetoothServiceDown: android.bluetooth.IBluetooth$Stub$Proxy@c61f03e
12-06 17:53:21.729 D/BluetoothManagerService( 1392): unbindAndFinish(): android.bluetooth.IBluetooth$Stub$Proxy@8a1628d mBinding = false mUnbinding = false
12-06 17:53:21.729 D/BluetoothAdapter( 2600): onBluetoothServiceDown: Sending callbacks to 1 clients
12-06 17:53:21.729 D/BluetoothAdapter( 2767): onBluetoothServiceDown: android.bluetooth.IBluetooth$Stub$Proxy@fd16e14
12-06 17:53:21.729 D/BluetoothAdapter( 2600): onBluetoothServiceDown: Finished sending callbacks to registered clients
12-06 17:53:21.729 D/BluetoothAdapter( 3704): onBluetoothServiceDown: Sending callbacks to 0 clients
12-06 17:53:21.729 D/BluetoothAdapter( 3704): onBluetoothServiceDown: Finished sending callbacks to registered clients
12-06 17:53:21.729 D/BluetoothAdapter( 2767): onBluetoothServiceDown: Sending callbacks to 0 clients
12-06 17:53:21.729 D/BluetoothAdapter( 2767): onBluetoothServiceDown: Finished sending callbacks to registered clients
12-06 17:53:21.729 D/BluetoothAdapter(30442): onBluetoothServiceDown: android.bluetooth.IBluetooth$Stub$Proxy@76323c5
12-06 17:53:21.729 D/BluetoothAdapter(30442): onBluetoothServiceDown: Sending callbacks to 0 clients
12-06 17:53:21.730 D/BluetoothAdapter( 4144): onBluetoothServiceDown: android.bluetooth.IBluetooth$Stub$Proxy@697d18d
12-06 17:53:21.730 D/BluetoothAdapter(30442): onBluetoothServiceDown: Finished sending callbacks to registered clients
12-06 17:53:21.730 I/BluetoothAdapterState( 3461): Entering OffState
12-06 17:53:21.730 D/BluetoothAdapter( 4144): onBluetoothServiceDown: Sending callbacks to 0 clients
12-06 17:53:21.730 D/BluetoothAdapter( 4144): onBluetoothServiceDown: Finished sending callbacks to registered clients
12-06 17:53:21.732 W/BluetoothAdapterService( 3461): onUnbind, calling cleanup
12-06 17:53:21.732 D/BluetoothAdapterService( 3461): cleanup()
12-06 17:53:21.734 D/BluetoothManagerService( 1392): Sending BLE State Change: BLE_TURNING_OFF > OFF
12-06 17:53:21.737 W/BluetoothSdpJni( 3461): Cleaning up Bluetooth SDP Interface...
12-06 17:53:21.737 W/BluetoothSdpJni( 3461): Cleaning up Bluetooth SDP object
12-06 17:53:21.737 D/BluetoothAdapterService( 3461): cleanup() - Cleaning up adapter native
12-06 17:53:21.737 I/bt_stack_manager( 3461): event_clean_up_stack is cleaning up the stack
12-06 17:53:21.737 I/bt_btif_core( 3461): btif_cleanup_bluetooth entered
12-06 17:53:21.737 E/BluetoothServiceJni( 3461): Callback: 'callback_thread_event' is not called on the correct thread
12-06 17:53:21.738 I/bt_btif_queue( 3461): btif_queue_release
12-06 17:53:21.738 I/bt_btif_core( 3461): run_message_loop finished
12-06 17:53:21.738 W/bt_osi_thread( 3461): run_thread: thread id 3506, thread name bt_jni_workqueue exited
12-06 17:53:21.739 I/bt_core_module( 3461): module_clean_up Cleaning up module "stack_config_module"
12-06 17:53:21.739 I/bt_core_module( 3461): module_clean_up Cleanup of module "stack_config_module" completed
12-06 17:53:21.739 I/bt_core_module( 3461): module_clean_up Cleaning up module "interop_module"
12-06 17:53:21.754 I/bt_core_module( 3461): module_clean_up Cleanup of module "interop_module" completed
12-06 17:53:21.755 I/bt_core_module( 3461): module_clean_up Cleaning up module "profile_config_module"
12-06 17:53:21.755 I/bt_core_module( 3461): module_clean_up Cleanup of module "profile_config_module" completed
12-06 17:53:21.755 I/bt_btif_core( 3461): btif_cleanup_bluetooth finished
12-06 17:53:21.755 I/bt_core_module( 3461): module_clean_up Cleaning up module "btif_config_module"
12-06 17:53:21.760 I/bt_core_module( 3461): module_clean_up Cleanup of module "btif_config_module" completed
12-06 17:53:21.760 I/bt_core_module( 3461): module_clean_up Cleaning up module "bt_utils_module"
12-06 17:53:21.760 I/bt_core_module( 3461): module_clean_up Cleanup of module "bt_utils_module" completed
12-06 17:53:21.760 I/bt_core_module( 3461): module_clean_up Cleaning up module "osi_module"
12-06 17:53:21.761 D/bt_osi_alarm( 3461): callback_dispatch Callback thread exited
12-06 17:53:21.761 W/bt_osi_thread( 3461): run_thread: thread id 3505, thread name alarm_dispatcher exited
12-06 17:53:21.761 W/bt_osi_thread( 3461): run_thread: thread id 3504, thread name alarm_default_ca exited
12-06 17:53:21.762 I/bt_core_module( 3461): module_clean_up Cleanup of module "osi_module" completed
12-06 17:53:21.762 I/bt_stack_manager( 3461): event_clean_up_stack finished
12-06 17:53:21.762 I/BluetoothServiceJni( 3461): cleanupNative: return from cleanup
12-06 17:53:21.763 W/BluetoothVendorJni( 3461): Cleaning up Bluetooth Vendor Interface...
12-06 17:53:21.763 I/bt_btif_vendor( 3461): cleanup
12-06 17:53:21.763 W/BluetoothVendorJni( 3461): Cleaning up Bluetooth Vendor callback object
12-06 17:53:21.764 D/BluetoothAdapterService( 3461): onDestroy()
12-06 17:53:21.765 I/BluetoothAdapterService( 3461): Force exit to cleanup internal state in Bluetooth stack
12-06 17:53:21.767 I/zygote64( 3461): System.exit called, status: 0
12-06 17:53:21.767 I/AndroidRuntime( 3461): VM exiting with result code 0, cleanup skipped.
12-06 17:53:21.792 I/ActivityManager( 1392): Process com.android.bluetooth (pid 3461) has died: fore SVC 
12-06 17:53:21.793 W/zygote64( 1392): kill(-3461, 9) failed: No such process
12-06 17:53:21.793 I/zygote64( 1392): Successfully killed process cgroup uid 1002 pid 3461 in 0ms
12-06 17:53:21.799 V/StatusBar( 2600): setLightsOn(true)
12-06 17:53:22.083 D/HxBatteryStatusReceiver(11834): onReceiveandroid.intent.action.BATTERY_CHANGED
12-06 17:53:22.083 D/KeyguardUpdateMonitor( 2600): received broadcast android.intent.action.BATTERY_CHANGED
12-06 17:53:22.086 D/KeyguardUpdateMonitor( 2600): handleBatteryUpdate
12-06 17:53:22.270 I/System.out( 3486): URI: //map
12-06 17:53:22.271 I/System.out( 3486): params: {json={"query":"android.widget.EditText id:'odometer'","operation":{"method_name":"query","arguments":[]}}
12-06 17:53:22.271 I/System.out( 3486): }
12-06 17:53:22.298 W/ResourceType( 3486): No package identifier when getting name for resource number 0x00000001
12-06 17:53:22.364 I/System.out( 3486): URI: //gesture
12-06 17:53:22.365 I/System.out( 3486): params: {json={"query_timeout":5.0,"gestures":[{"query_string":"android.widget.EditText id:'odometer'","touches":[{"x":50,"y":50,"offset_x":0,"offset_y":0,"wait":0.0,"time":0.2,"release":true,"query_string":null}]}]}
12-06 17:53:22.365 I/System.out( 3486): }
12-06 17:53:22.388 W/ResourceType( 3486): No package identifier when getting name for resource number 0x00000001
12-06 17:53:23.084 D/KeyguardUpdateMonitor( 2600): received broadcast android.intent.action.BATTERY_CHANGED
12-06 17:53:23.085 D/HxBatteryStatusReceiver(11834): onReceiveandroid.intent.action.BATTERY_CHANGED
12-06 17:53:23.091 D/KeyguardUpdateMonitor( 2600): handleBatteryUpdate
12-06 17:53:23.225 I/System.out( 3486): URI: //
12-06 17:53:23.226 I/System.out( 3486): params: {json={"command":"set_selection","arguments":[-1,-1]}
12-06 17:53:23.226 I/System.out( 3486): }
12-06 17:53:23.226 I/System.out( 3486): header: {content-type=application/json;charset=utf-8, date=Thu, 06 Dec 2018 22:53:24 GMT, accept=*/*, host=127.0.0.1:34777, content-length=47, user-agent=HTTPClient/1.0 (2.8.3, ruby 2.5.1 (2018-03-29))}
12-06 17:53:23.227 I/System.out( 3486): params: {json={"command":"set_selection","arguments":[-1,-1]}
12-06 17:53:23.227 I/System.out( 3486): }
12-06 17:53:23.227 I/System.out( 3486): ProP json = {"command":"set_selection","arguments":[-1,-1]}
12-06 17:53:23.227 I/System.out( 3486): files: {}
12-06 17:53:23.228 I/System.out( 3486): command: {"command":"set_selection","arguments":[-1,-1]}
12-06 17:53:23.242 I/InstrumentationBackend( 3486): Got command:'Command:'Line:null,set_selection', arguments:'[-1, -1]'
12-06 17:53:23.261 I/System.out( 3486): result:{"bonusInformation":[],"message":"","success":true}
12-06 17:53:23.475 I/OD-RecognizerModule( 4317): com.google.android.apps.inputmethod.libs.voiceime.ondevice.OnDeviceRecognizerModule: dump()
12-06 17:53:23.511 I/System.out( 3486): URI: //
12-06 17:53:23.511 I/System.out( 3486): params: {json={"command":"keyboard_enter_text","arguments":["000"]}
12-06 17:53:23.511 I/System.out( 3486): }
12-06 17:53:23.512 I/System.out( 3486): header: {content-type=application/json;charset=utf-8, date=Thu, 06 Dec 2018 22:53:24 GMT, accept=*/*, host=127.0.0.1:34777, content-length=53, user-agent=HTTPClient/1.0 (2.8.3, ruby 2.5.1 (2018-03-29))}
12-06 17:53:23.512 I/System.out( 3486): params: {json={"command":"keyboard_enter_text","arguments":["000"]}
12-06 17:53:23.512 I/System.out( 3486): }
12-06 17:53:23.512 I/System.out( 3486): ProP json = {"command":"keyboard_enter_text","arguments":["000"]}
12-06 17:53:23.512 I/System.out( 3486): files: {}
12-06 17:53:23.512 I/System.out( 3486): command: {"command":"keyboard_enter_text","arguments":["000"]}
12-06 17:53:23.519 I/InstrumentationBackend( 3486): Got command:'Command:'Line:null,keyboard_enter_text', arguments:'[000]'
12-06 17:53:23.520 E/SpannableStringBuilder( 3486): SPAN_EXCLUSIVE_EXCLUSIVE spans cannot have a zero length
12-06 17:53:23.520 E/SpannableStringBuilder( 3486): SPAN_EXCLUSIVE_EXCLUSIVE spans cannot have a zero length
12-06 17:53:23.526 V/StatusBar( 2600): setLightsOn(true)
12-06 17:53:23.534 E/SpannableStringBuilder( 3486): SPAN_EXCLUSIVE_EXCLUSIVE spans cannot have a zero length
12-06 17:53:23.534 E/SpannableStringBuilder( 3486): SPAN_EXCLUSIVE_EXCLUSIVE spans cannot have a zero length
12-06 17:53:23.554 I/System.out( 3486): result:{"bonusInformation":[],"message":"","success":true}
12-06 17:53:23.570 I/System.out( 3486): URI: //map
12-06 17:53:23.571 I/System.out( 3486): params: {json={"query":"android.widget.Button index:2","operation":{"method_name":"query","arguments":[]}}
12-06 17:53:23.571 I/System.out( 3486): }
12-06 17:53:23.658 I/System.out( 3486): URI: //gesture
12-06 17:53:23.659 I/System.out( 3486): params: {json={"query_timeout":5.0,"gestures":[{"query_string":"android.widget.Button index:2","touches":[{"x":50,"y":50,"offset_x":0,"offset_y":0,"wait":0.0,"time":0.2,"release":true,"query_string":null}]}]}
12-06 17:53:23.659 I/System.out( 3486): }
12-06 17:53:23.792 I/EventLogSendingHelper( 3727): Sending log events.
12-06 17:53:23.794 V/StatusBar( 2600): setLightsOn(true)
12-06 17:53:24.029 I/chatty  ( 2600): uid=10030(com.android.systemui) identical 4 lines
12-06 17:53:24.043 V/StatusBar( 2600): setLightsOn(true)
12-06 17:53:24.460 W/ADebug  ( 3601): Failed to get property persist.sys.media.traces
12-06 17:53:24.521 D/vndksupport( 3601): Loading /vendor/lib64/hw/android.hardware.graphics.mapper@2.0-impl.so from current namespace instead of sphal namespace.
12-06 17:53:24.522 D/vndksupport( 3601): Loading /vendor/lib64/hw/gralloc.msm8953.so from current namespace instead of sphal namespace.
12-06 17:53:24.559 V/StatusBar( 2600): setLightsOn(true)
12-06 17:53:25.084 D/HxBatteryStatusReceiver(11834): onReceiveandroid.intent.action.BATTERY_CHANGED
12-06 17:53:25.085 D/KeyguardUpdateMonitor( 2600): received broadcast android.intent.action.BATTERY_CHANGED
12-06 17:53:25.090 D/KeyguardUpdateMonitor( 2600): handleBatteryUpdate
