12-06 17:52:56.601 I/InstrumentationBackend( 3124): Added:'SetActivityOrientation', with key:'set_activity_orientation'
12-06 17:52:56.602 I/InstrumentationBackend( 3124): Added:'GetActivityOrientation', with key:'get_activity_orientation'
12-06 17:52:56.602 I/InstrumentationBackend( 3124): Added:'FakeGPSLocation', with key:'set_gps_coordinates'
12-06 17:52:56.603 I/InstrumentationBackend( 3124): Added:'SetPropertyByCssSelector', with key:'set_property_by_css_selector'
12-06 17:52:56.606 I/InstrumentationBackend( 3124): Added:'GetUrl', with key:'get_url'
12-06 17:52:56.610 I/InstrumentationBackend( 3124): Added:'ScrollTo', with key:'scroll_to'
12-06 17:52:56.611 I/InstrumentationBackend( 3124): Added:'GetLoadProgress', with key:'get_load_progress'
12-06 17:52:56.611 I/InstrumentationBackend( 3124): Added:'DumpHtml', with key:'dump_html'
12-06 17:52:56.612 I/InstrumentationBackend( 3124): Added:'DumpBodyHtml', with key:'dump_body_html'
12-06 17:52:56.613 I/InstrumentationBackend( 3124): Added:'EnterTextByCssSelector', with key:'enter_text_by_selector'
12-06 17:52:56.626 I/InstrumentationBackend( 3124): Added:'AndroidSDKVersion', with key:'android_sdk_version'
12-06 17:52:56.627 I/InstrumentationBackend( 3124): Added:'Version', with key:'version'
12-06 17:52:56.628 I/InstrumentationBackend( 3124): Added:'Drag', with key:'drag'
12-06 17:52:56.628 I/InstrumentationBackend( 3124): Added:'TouchCoordinates', with key:'touch_coordinate'
12-06 17:52:56.629 I/InstrumentationBackend( 3124): Added:'LongPressCoordinate', with key:'long_press_coordinate'
12-06 17:52:56.629 I/InstrumentationBackend( 3124): Added:'DragCoordinates', with key:'drag_coordinates'
12-06 17:52:56.631 I/InstrumentationBackend( 3124): Added:'ResumeApplication', with key:'resume_application'
12-06 17:52:56.631 I/InstrumentationBackend( 3124): Added:'Swipe', with key:'swipe'
12-06 17:52:56.632 I/InstrumentationBackend( 3124): Added:'DoubleTapCoordinate', with key:'double_tap_coordinate'
12-06 17:52:56.633 I/InstrumentationBackend( 3124): Added:'ClickOnScreen', with key:'click_on_screen'
12-06 17:52:56.635 I/InstrumentationBackend( 3124): Added:'GetActivityName', with key:'get_activity_name'
12-06 17:52:56.636 I/InstrumentationBackend( 3124): Added:'ScrollToView', with key:'scroll_to_view'
12-06 17:52:56.638 I/InstrumentationBackend( 3124): Added:'ViewConfiguration', with key:'view_configuration'
12-06 17:52:56.638 I/InstrumentationBackend( 3124): Added:'IsCurrentActivityFocused', with key:'is_current_activity_focused'
12-06 17:52:56.639 I/InstrumentationBackend( 3124): Added:'SendTcp', with key:'send_tcp'
12-06 17:52:56.640 I/InstrumentationBackend( 3124): Added:'DpToDevicePixel', with key:'dp_to_device_pixel'
12-06 17:52:56.642 I/InstrumentationBackend( 3124): Added:'KeyboardEnterText', with key:'keyboard_enter_text'
12-06 17:52:56.642 I/InstrumentationBackend( 3124): Added:'DeleteSurroundingText', with key:'delete_surrounding_text'
12-06 17:52:56.643 I/InstrumentationBackend( 3124): Added:'SetComposingRegion', with key:'set_composing_region'
12-06 17:52:56.644 I/InstrumentationBackend( 3124): Added:'SetSelection', with key:'set_selection'
12-06 17:52:56.644 I/InstrumentationBackend( 3124): Added:'KeyboardKeyEvent', with key:'keyboard_key_event'
12-06 17:52:56.646 I/InstrumentationBackend( 3124): Added:'PressUserActionButton', with key:'press_user_action_button'
12-06 17:52:56.648 I/InstrumentationBackend( 3124): Added:'HideSoftKeyboard', with key:'hide_soft_keyboard'
12-06 17:52:56.651 I/InstrumentationBackend( 3124): Added:'ListActions', with key:'list_actions'
12-06 17:52:56.652 I/calabash( 3124): Instantiating http server at 7102
12-06 17:52:56.655 I/System.out( 3124): HTTP Daemon listening on: 7102
12-06 17:52:56.673 I/System.out( 3124): URI: //ping
12-06 17:52:56.674 I/System.out( 3124): params: {json={}
12-06 17:52:56.674 I/System.out( 3124): }
12-06 17:52:56.689 I/bt_core_module( 3100): module_start_up Started module "controller_module"
12-06 17:52:56.689 W/bt_osi_thread( 3100): run_thread: thread id 3163, thread name module_wrapper exited
12-06 17:52:56.690 W/bt_btm  ( 3100): btm_decode_ext_features_page: feature page 1 ignored
12-06 17:52:56.690 W/bt_btm  ( 3100): btm_decode_ext_features_page: feature page 2 ignored
12-06 17:52:56.690 I/bt_btm_sec( 3100): BTM_SecRegister p_cb_info->p_le_callback == 0x0x78ca9cd1d0
12-06 17:52:56.690 I/bt_btm_sec( 3100): BTM_SecRegister btm_cb.api.p_le_callback = 0x0x78ca9cd1d0 
12-06 17:52:56.690 I/bt_stack( 3100): [INFO:gatt_api.cc(1006)] GATT_Register
12-06 17:52:56.690 I/bt_stack( 3100): [INFO:gatt_api.cc(1029)] allocated gatt_if=3
12-06 17:52:56.692 I/System.out( 3124): URI: //ping
12-06 17:52:56.692 I/System.out( 3124): params: {json={}
12-06 17:52:56.693 I/System.out( 3124): }
12-06 17:52:56.695 I/bt_stack( 3100): [INFO:ble_advertiser_hci_interface.cc(713)] VSC advertising will be in use
12-06 17:52:56.695 I/bt_stack( 3100): [INFO:ble_advertiser_hci_interface.cc(264)] QuirkAdvertiserZeroHandle in use
12-06 17:52:56.696 D/BluetoothAdapterProperties( 3100): BT_PROPERTY_LOCAL_LE_FEATURES: update from BT controller mNumOfAdvertisementInstancesSupported = 10 mRpaOffloadSupported = true mNumOfOffloadedIrkSupported = 8 mNumOfOffloadedScanFilterSupported = 16 mOffloadedScanResultStorageBytes= 10240 mIsActivityAndEnergyReporting = true mVersSupported = 96 mTotNumOfTrackableAdv = 32 mIsExtendedScanSupported = true mIsDebugLogSupported = true mIsLe2MPhySupported = false mIsLeCodedPhySupported = false mIsLeExtendedAdvertisingSupported = false mIsLePeriodicAdvertisingSupported = false mLeMaximumAdvertisingDataLength = 31
12-06 17:52:56.697 E/bt_btif_storage( 3100): btif_storage_get_adapter_property: Controller ready!
12-06 17:52:56.697 I/bt_btif_storage( 3100): btif_storage_get_adapter_property service_mask:0x20000000
12-06 17:52:56.700 D/BluetoothAdapterProperties( 3100): Address is:18:F0:E4:3B:C8:B9
12-06 17:52:56.701 D/BluetoothManagerService( 1392): Bluetooth Adapter address changed to 18:F0:E4:3B:C8:B9
12-06 17:52:56.701 D/BluetoothManagerService( 1392): Stored Bluetoothaddress: 18:F0:E4:3B:C8:B9
12-06 17:52:56.702 D/BluetoothManagerService( 1392): Bluetooth Adapter name changed to Mi A1
12-06 17:52:56.702 D/BluetoothAdapterProperties( 3100): Name is: Mi A1
12-06 17:52:56.702 D/BluetoothManagerService( 1392): Stored Bluetooth name: Mi A1
12-06 17:52:56.706 I/System.out( 3124): URI: //ready
12-06 17:52:56.706 I/System.out( 3124): params: {json={}
12-06 17:52:56.706 I/System.out( 3124): }
12-06 17:52:56.708 D/BluetoothAdapterProperties( 3100): Scan Mode:20
12-06 17:52:56.708 D/BluetoothAdapterProperties( 3100): Discoverable Timeout:120
12-06 17:52:56.714 D/BluetoothAdapterProperties( 3100): Adding bonded device:74:95:EC:06:B2:4E
12-06 17:52:56.715 D/BluetoothAdapterProperties( 3100): Adding bonded device:04:5D:4B:5F:67:1E
12-06 17:52:56.715 D/BluetoothAdapterProperties( 3100): Adding bonded device:2C:41:A1:00:2E:B3
12-06 17:52:56.716 D/BluetoothAdapterProperties( 3100): Adding bonded device:7A:C9:A8:29:E8:25
12-06 17:52:56.716 D/BluetoothAdapterProperties( 3100): Adding bonded device:04:52:C7:82:07:96
12-06 17:52:56.716 D/BluetoothAdapterProperties( 3100): Adding bonded device:2C:41:A1:C6:E6:E1
12-06 17:52:56.721 I/zygote64( 1392): Explicit concurrent copying GC freed 25560(1647KB) AllocSpace objects, 1(20KB) LOS objects, 42% free, 31MB/54MB, paused 150us total 378.426ms
12-06 17:52:56.722 I/System.out( 3124): URI: //
12-06 17:52:56.722 I/System.out( 3124): params: {json={"command":"version","arguments":[]}
12-06 17:52:56.722 I/System.out( 3124): }
12-06 17:52:56.722 I/System.out( 3124): header: {content-type=application/json;charset=utf-8, date=Thu, 06 Dec 2018 22:52:57 GMT, accept=*/*, host=127.0.0.1:34777, content-length=36, user-agent=HTTPClient/1.0 (2.8.3, ruby 2.5.1 (2018-03-29))}
12-06 17:52:56.722 I/System.out( 3124): params: {json={"command":"version","arguments":[]}
12-06 17:52:56.722 I/System.out( 3124): }
12-06 17:52:56.723 I/System.out( 3124): ProP json = {"command":"version","arguments":[]}
12-06 17:52:56.723 I/System.out( 3124): files: {}
12-06 17:52:56.723 I/System.out( 3124): command: {"command":"version","arguments":[]}
12-06 17:52:56.725 D/CompatibilityInfo( 1392): mCompatibilityFlags - 0
12-06 17:52:56.725 D/CompatibilityInfo( 1392): applicationDensity - 480
12-06 17:52:56.726 D/CompatibilityInfo( 1392): applicationScale - 1.0
12-06 17:52:56.729 D/A2dpService( 3100): getA2dpService(): service is NULL
12-06 17:52:56.733 I/bt_btif_core( 3100): btif_enable_bluetooth_evt entered: status 0
12-06 17:52:56.734 I/bt_osi_thread( 3100): run_thread: thread id 3177, thread name btif_sock started
12-06 17:52:56.734 D/bt_bte_conf( 3100): Device ID record 1 : primary
12-06 17:52:56.735 D/bt_bte_conf( 3100):   vendorId            = 001d
12-06 17:52:56.735 D/bt_bte_conf( 3100):   vendorIdSource      = 0001
12-06 17:52:56.735 D/bt_bte_conf( 3100):   product             = 1200
12-06 17:52:56.735 D/bt_bte_conf( 3100):   version             = 1436
12-06 17:52:56.735 D/bt_bte_conf( 3100):   clientExecutableURL = 
12-06 17:52:56.735 D/bt_bte_conf( 3100):   serviceDescription  = 
12-06 17:52:56.735 D/bt_bte_conf( 3100):   documentationURL    = 
12-06 17:52:56.735 D/bt_bte_conf( 3100): bte_load_did_conf no section named DID2.
12-06 17:52:56.735 I/bt_btif_core( 3100): btif_enable_bluetooth_evt finished
12-06 17:52:56.735 I/bt_stack_manager( 3100): event_start_up_stack finished
12-06 17:52:56.736 V/BluetoothAdapterState( 3100): PendingCommand - transient state(s): isBleTurningOn
12-06 17:52:56.736 D/BluetoothAdapterState( 3100): Current state: PENDING_COMMAND, message: 3
12-06 17:52:56.736 D/BluetoothAdapterProperties( 3100): Setting state to 15
12-06 17:52:56.736 I/BluetoothAdapterState( 3100): Bluetooth adapter state changed: 14-> 15
12-06 17:52:56.736 D/BluetoothAdapterService( 3100): updateAdapterState() - Broadcasting state to 1 receivers.
12-06 17:52:56.736 D/BluetoothManagerService( 1392): MESSAGE_BLUETOOTH_STATE_CHANGE: BLE_TURNING_ON > BLE_ON
12-06 17:52:56.736 I/BluetoothAdapterState( 3100): Entering BleOnState
12-06 17:52:56.736 D/BluetoothManagerService( 1392): Bluetooth is in LE only mode
12-06 17:52:56.736 D/BluetoothManagerService( 1392): Binding Bluetooth GATT service
12-06 17:52:56.737 D/BluetoothManagerService( 1392): Sending BLE State Change: BLE_TURNING_ON > BLE_ON
12-06 17:52:56.740 D/A2dpService( 3100): getA2dpService(): service is NULL
12-06 17:52:56.750 D/BluetoothManagerService( 1392): BluetoothServiceConnection: com.android.bluetooth.gatt.GattService
12-06 17:52:56.751 D/BluetoothManagerService( 1392): MESSAGE_BLUETOOTH_SERVICE_CONNECTED: 2
12-06 17:52:56.751 D/BluetoothManagerService( 1392): BluetoothGatt Service is Up
12-06 17:52:56.751 D/BluetoothManagerService( 1392): isBleAppPresent() count: 1
12-06 17:52:56.751 D/A2dpService( 3100): getA2dpService(): service is NULL
12-06 17:52:56.754 I/BeaconBle( 4144): Resetting - new scanner available: true
12-06 17:52:56.761 D/A2dpService( 3100): getA2dpService(): service is NULL
12-06 17:52:56.762 I/BeaconBle( 4144): 'L' hardware scan: 1 filters, scanMode=-1, reportdelay=0, callback type=1, #clients=1, workSource=WorkSource{}
12-06 17:52:56.763 I/BeaconBle( 4144): Starting scan on OS scanner. BT state: 15
12-06 17:52:56.764 D/BluetoothAdapter( 4144): isLeEnabled(): BLE_ON
12-06 17:52:56.771 I/bt_stack( 3100): [INFO:gatt_api.cc(1006)] GATT_Register
12-06 17:52:56.771 I/bt_stack( 3100): [INFO:gatt_api.cc(1029)] allocated gatt_if=4
12-06 17:52:56.773 D/BluetoothLeScanner( 4144): onScannerRegistered() - status=0 scannerId=4 mScannerId=0
12-06 17:52:56.778 D/A2dpService( 3100): getA2dpService(): service is NULL
12-06 17:52:56.782 D/BluetoothAdapterService( 3100): getAdapterService() - returning com.android.bluetooth.btservice.AdapterService@ea65cb
12-06 17:52:56.785 I/InstrumentationBackend( 3124): Got command:'Command:'Line:null,version', arguments:'[]'
12-06 17:52:56.790 D/A2dpService( 3100): getA2dpService(): service is NULL
12-06 17:52:56.874 I/System.out( 3124): result:{"bonusInformation":[],"message":"0.9.8","success":true}
12-06 17:52:56.884 I/System.out( 3124): URI: //start-application
12-06 17:52:56.885 I/System.out( 3124): params: {json={"intent":null}
12-06 17:52:56.885 I/System.out( 3124): }
12-06 17:52:57.001 I/ActivityManager( 1392): START u0 {act=android.intent.action.MAIN cat=[android.intent.category.LAUNCHER] flg=0x10200000 cmp=com.evancharlton.mileage/.Mileage} from uid 10258
12-06 17:52:57.005 E/ANDR-PERF-MPCTL(  588): Invalid profile no. 0, total profiles 0 only
12-06 17:52:57.005 E/ANDR-PERF-JNI( 1392): com_qualcomm_qtiperformance_native_perf_io_prefetch_start
12-06 17:52:57.009 D/ActivityTrigger( 1392): activityStartTrigger: Activity is Triggerred in full screen ApplicationInfo{4db0870 com.evancharlton.mileage}
12-06 17:52:57.009 E/ActivityTrigger( 1392): activityStartTrigger: not whiteListedcom.evancharlton.mileage/com.evancharlton.mileage.Mileage/3110
12-06 17:52:57.009 D/CompatibilityInfo( 1392): mCompatibilityFlags - 10
12-06 17:52:57.009 D/CompatibilityInfo( 1392): applicationDensity - 480
12-06 17:52:57.009 D/CompatibilityInfo( 1392): applicationScale - 1.0
12-06 17:52:57.009 D/ActivityTrigger( 1392): activityResumeTrigger: The activity in ApplicationInfo{4db0870 com.evancharlton.mileage} is now in focus and seems to be in full-screen mode
12-06 17:52:57.009 E/ActivityTrigger( 1392): activityResumeTrigger: not whiteListedcom.evancharlton.mileage/com.evancharlton.mileage.Mileage/3110
12-06 17:52:57.010 D/ActivityTrigger( 1392): ActivityTrigger activityPauseTrigger 
12-06 17:52:57.013 D/ActivityTrigger( 1392): activityResumeTrigger: The activity in ApplicationInfo{4db0870 com.evancharlton.mileage} is now in focus and seems to be in full-screen mode
12-06 17:52:57.013 E/ActivityTrigger( 1392): activityResumeTrigger: not whiteListedcom.evancharlton.mileage/com.evancharlton.mileage.Mileage/3110
12-06 17:52:57.018 D/CompatibilityInfo( 1392): mCompatibilityFlags - 10
12-06 17:52:57.018 D/CompatibilityInfo( 1392): applicationDensity - 480
12-06 17:52:57.018 D/CompatibilityInfo( 1392): applicationScale - 1.0
12-06 17:52:57.037 I/calabash( 3124): newActivity1
12-06 17:52:57.072 V/StatusBar( 2600): setLightsOn(true)
12-06 17:52:57.076 D/HxBatteryStatusReceiver(11834): onReceiveandroid.intent.action.BATTERY_CHANGED
12-06 17:52:57.088 D/KeyguardUpdateMonitor( 2600): received broadcast android.intent.action.BATTERY_CHANGED
12-06 17:52:57.109 D/KeyguardUpdateMonitor( 2600): handleBatteryUpdate
12-06 17:52:57.114 W/ActivityManager( 1392): Bad activity token: android.os.BinderProxy@8e564ce
12-06 17:52:57.114 W/ActivityManager( 1392): java.lang.ClassCastException: android.os.BinderProxy cannot be cast to com.android.server.am.ActivityRecord$Token
12-06 17:52:57.114 W/ActivityManager( 1392): 	at com.android.server.am.ActivityRecord.forTokenLocked(ActivityRecord.java:816)
12-06 17:52:57.114 W/ActivityManager( 1392): 	at com.android.server.am.ActivityRecord.isInStackLocked(ActivityRecord.java:2154)
12-06 17:52:57.114 W/ActivityManager( 1392): 	at com.android.server.am.ActivityRecord.getStackLocked(ActivityRecord.java:2159)
12-06 17:52:57.114 W/ActivityManager( 1392): 	at com.android.server.am.ActivityManagerService.getActivityDisplayId(ActivityManagerService.java:10744)
12-06 17:52:57.114 W/ActivityManager( 1392): 	at android.app.IActivityManager$Stub.onTransact(IActivityManager.java:2734)
12-06 17:52:57.114 W/ActivityManager( 1392): 	at com.android.server.am.ActivityManagerService.onTransact(ActivityManagerService.java:2971)
12-06 17:52:57.114 W/ActivityManager( 1392): 	at android.os.Binder.execTransact(Binder.java:697)
12-06 17:52:57.116 I/calabash( 3124): newActivity1
12-06 17:52:57.128 W/ActivityManager( 1392): Bad activity token: android.os.BinderProxy@8e564ce
12-06 17:52:57.128 W/ActivityManager( 1392): java.lang.ClassCastException: android.os.BinderProxy cannot be cast to com.android.server.am.ActivityRecord$Token
12-06 17:52:57.128 W/ActivityManager( 1392): 	at com.android.server.am.ActivityRecord.forTokenLocked(ActivityRecord.java:816)
12-06 17:52:57.128 W/ActivityManager( 1392): 	at com.android.server.am.ActivityRecord.isInStackLocked(ActivityRecord.java:2154)
12-06 17:52:57.128 W/ActivityManager( 1392): 	at com.android.server.am.ActivityManagerService.setTaskDescription(ActivityManagerService.java:10345)
12-06 17:52:57.128 W/ActivityManager( 1392): 	at android.app.IActivityManager$Stub.onTransact(IActivityManager.java:2820)
12-06 17:52:57.128 W/ActivityManager( 1392): 	at com.android.server.am.ActivityManagerService.onTransact(ActivityManagerService.java:2971)
12-06 17:52:57.128 W/ActivityManager( 1392): 	at android.os.Binder.execTransact(Binder.java:697)
12-06 17:52:57.129 W/ActivityManager( 1392): Bad activity token: android.os.BinderProxy@8e564ce
12-06 17:52:57.129 W/ActivityManager( 1392): java.lang.ClassCastException: android.os.BinderProxy cannot be cast to com.android.server.am.ActivityRecord$Token
12-06 17:52:57.129 W/ActivityManager( 1392): 	at com.android.server.am.ActivityRecord.forTokenLocked(ActivityRecord.java:816)
12-06 17:52:57.129 W/ActivityManager( 1392): 	at com.android.server.am.ActivityRecord.isInStackLocked(ActivityRecord.java:2154)
12-06 17:52:57.129 W/ActivityManager( 1392): 	at com.android.server.am.ActivityRecord.getStackLocked(ActivityRecord.java:2159)
12-06 17:52:57.129 W/ActivityManager( 1392): 	at com.android.server.am.ActivityManagerService.getActivityStackId(ActivityManagerService.java:10755)
12-06 17:52:57.129 W/ActivityManager( 1392): 	at android.app.IActivityManager$Stub.onTransact(IActivityManager.java:3513)
12-06 17:52:57.129 W/ActivityManager( 1392): 	at com.android.server.am.ActivityManagerService.onTransact(ActivityManagerService.java:2971)
12-06 17:52:57.129 W/ActivityManager( 1392): 	at android.os.Binder.execTransact(Binder.java:697)
12-06 17:52:57.188 W/ResourceType( 2600): ResTable_typeSpec entry count inconsistent: given 6, previously 24
12-06 17:52:57.188 W/ResourceType( 2600): ResTable_typeSpec entry count inconsistent: given 97, previously 217
12-06 17:52:57.189 W/ResourceType( 2600): ResTable_typeSpec entry count inconsistent: given 371, previously 1426
12-06 17:52:57.189 W/ResourceType( 2600): ResTable_typeSpec entry count inconsistent: given 1707, previously 1720
12-06 17:52:57.189 W/ResourceType( 2600): ResTable_typeSpec entry count inconsistent: given 61, previously 66
12-06 17:52:57.189 W/ResourceType( 2600): ResTable_typeSpec entry count inconsistent: given 193, previously 2453
12-06 17:52:57.220 W/ResourceType( 2600): ResTable_typeSpec entry count inconsistent: given 468, previously 1300
12-06 17:52:57.270 W/ResourceType( 2600): ResTable_typeSpec entry count inconsistent: given 1438, previously 1935
12-06 17:52:57.271 W/ResourceType( 2600): ResTable_typeSpec entry count inconsistent: given 2629, previously 2631
12-06 17:52:57.271 W/ResourceType( 2600): ResTable_typeSpec entry count inconsistent: given 843, previously 1759
12-06 17:52:57.287 W/ActivityManager( 1392): Bad activity token: android.os.BinderProxy@8e564ce
12-06 17:52:57.287 W/ActivityManager( 1392): java.lang.ClassCastException: android.os.BinderProxy cannot be cast to com.android.server.am.ActivityRecord$Token
12-06 17:52:57.287 W/ActivityManager( 1392): 	at com.android.server.am.ActivityRecord.forTokenLocked(ActivityRecord.java:816)
12-06 17:52:57.287 W/ActivityManager( 1392): 	at com.android.server.am.ActivityRecord.isInStackLocked(ActivityRecord.java:2154)
12-06 17:52:57.287 W/ActivityManager( 1392): 	at com.android.server.am.ActivityManagerService.getActivityOptions(ActivityManagerService.java:13590)
12-06 17:52:57.287 W/ActivityManager( 1392): 	at android.app.IActivityManager$Stub.onTransact(IActivityManager.java:2906)
12-06 17:52:57.287 W/ActivityManager( 1392): 	at com.android.server.am.ActivityManagerService.onTransact(ActivityManagerService.java:2971)
12-06 17:52:57.287 W/ActivityManager( 1392): 	at android.os.Binder.execTransact(Binder.java:697)
12-06 17:52:57.288 W/ActivityManager( 1392): Bad activity token: android.os.BinderProxy@8e564ce
12-06 17:52:57.288 W/ActivityManager( 1392): java.lang.ClassCastException: android.os.BinderProxy cannot be cast to com.android.server.am.ActivityRecord$Token
12-06 17:52:57.288 W/ActivityManager( 1392): 	at com.android.server.am.ActivityRecord.forTokenLocked(ActivityRecord.java:816)
12-06 17:52:57.288 W/ActivityManager( 1392): 	at com.android.server.am.ActivityRecord.isInStackLocked(ActivityRecord.java:2154)
12-06 17:52:57.288 W/ActivityManager( 1392): 	at com.android.server.am.ActivityManagerService.getActivityOptions(ActivityManagerService.java:13590)
12-06 17:52:57.288 W/ActivityManager( 1392): 	at android.app.IActivityManager$Stub.onTransact(IActivityManager.java:2906)
12-06 17:52:57.288 W/ActivityManager( 1392): 	at com.android.server.am.ActivityManagerService.onTransact(ActivityManagerService.java:2971)
12-06 17:52:57.288 W/ActivityManager( 1392): 	at android.os.Binder.execTransact(Binder.java:697)
12-06 17:52:57.374 V/StatusBar( 2600): setLightsOn(true)
12-06 17:52:57.453 I/chatty  ( 2600): uid=10030(com.android.systemui) identical 3 lines
12-06 17:52:57.474 V/StatusBar( 2600): setLightsOn(true)
12-06 17:52:57.491 I/zygote64( 3124): Do partial code cache collection, code=28KB, data=21KB
12-06 17:52:57.491 I/zygote64( 3124): After code cache collection, code=28KB, data=21KB
12-06 17:52:57.491 I/zygote64( 3124): Increasing code cache capacity to 128KB
12-06 17:52:57.511 D/vndksupport( 3124): Loading /vendor/lib64/hw/android.hardware.graphics.mapper@2.0-impl.so from current namespace instead of sphal namespace.
12-06 17:52:57.512 D/vndksupport( 3124): Loading /vendor/lib64/hw/gralloc.msm8953.so from current namespace instead of sphal namespace.
12-06 17:52:57.521 D/OpenGLRenderer( 3124): HWUI GL Pipeline
12-06 17:52:57.550 V/StatusBar( 2600): setLightsOn(true)
12-06 17:52:57.551 I/chatty  ( 2600): uid=10030(com.android.systemui) identical 1 line
12-06 17:52:57.555 V/StatusBar( 2600): setLightsOn(true)
12-06 17:52:57.558 I/ActivityManager( 1392): Displayed com.evancharlton.mileage/.Mileage: +537ms
12-06 17:52:57.558 E/ANDR-PERF-JNI( 1392): com_qualcomm_qtiperformance_native_perf_io_prefetch_start
12-06 17:52:57.561 V/StatusBar( 2600): setLightsOn(true)
12-06 17:52:57.711 I/System.out( 3124): URI: //map
12-06 17:52:57.712 I/System.out( 3124): params: {json={"query":"* id:'price'","operation":{"method_name":"query","arguments":[]}}
12-06 17:52:57.712 I/System.out( 3124): }
12-06 17:52:57.724 V/StatusBar( 2600): setLightsOn(true)
12-06 17:52:57.774 I/chatty  ( 2600): uid=10030(com.android.systemui) identical 2 lines
12-06 17:52:57.776 V/StatusBar( 2600): setLightsOn(true)
12-06 17:52:57.778 D/ActivityTrigger( 1392): ActivityTrigger activityStopTrigger 
12-06 17:52:57.886 I/PBSessionCacheImpl( 3727): Deleted sessionId[61244495138958] from persistence.
12-06 17:52:57.889 I/WifiService( 1392): getConnectionInfo uid=10035
12-06 17:52:57.890 I/WifiService( 1392): getWifiEnabledState uid=10035
12-06 17:52:57.892 W/SearchServiceCore( 3727): Abort, client detached.
12-06 17:52:57.894 I/StreamController( 3727): cleanUpControllerScope(nowcards-15-655fb13-4ae2)
12-06 17:52:57.908 W/ResourceType( 3124): No package identifier when getting name for resource number 0x00000001
12-06 17:52:58.053 I/System.out( 3124): URI: //gesture
12-06 17:52:58.053 I/System.out( 3124): params: {json={"query_timeout":5.0,"gestures":[{"query_string":"* id:'price'","touches":[{"x":50,"y":50,"offset_x":0,"offset_y":0,"wait":0.0,"time":0.2,"release":true,"query_string":null}]}]}
12-06 17:52:58.053 I/System.out( 3124): }
12-06 17:52:58.107 W/ResourceType( 3124): No package identifier when getting name for resource number 0x00000001
12-06 17:52:58.115 D/CompatibilityInfo( 1392): mCompatibilityFlags - 0
12-06 17:52:58.115 D/CompatibilityInfo( 1392): applicationDensity - 480
12-06 17:52:58.115 D/CompatibilityInfo( 1392): applicationScale - 1.0
12-06 17:52:58.123 I/zygote64( 3124): Do partial code cache collection, code=61KB, data=43KB
12-06 17:52:58.123 I/zygote64( 3124): After code cache collection, code=61KB, data=43KB
12-06 17:52:58.123 I/zygote64( 3124): Increasing code cache capacity to 256KB
12-06 17:52:58.406 I/Conv2QueryExtension( 4317): com.google.android.apps.inputmethod.libs.search.sense.ConversationToQueryExtension: Current locale: en_US, config allows these locales: de,en,fr,it,es,pt
12-06 17:52:58.406 I/Conv2QueryExtension( 4317): com.google.android.apps.inputmethod.libs.search.sense.ConversationToQueryExtension: Conv2Query not enabled due to current app [com.evancharlton.mileage] not in whitelist
12-06 17:52:58.406 I/Conv2QueryExtension( 4317): com.google.android.apps.inputmethod.libs.search.sense.ConversationToQueryExtension: onActivate() : Disabled by unsupported host app
12-06 17:52:58.407 I/CurrentMicStatusHolder( 4317): ghf: Current Mic status = {MicIconHidden-PasswordOrNumberOrDateInputType,}
12-06 17:52:58.413 V/StatusBar( 2600): setLightsOn(true)
12-06 17:52:58.515 I/chatty  ( 2600): uid=10030(com.android.systemui) identical 7 lines
12-06 17:52:58.711 V/StatusBar( 2600): setLightsOn(true)
12-06 17:52:58.843 W/ADebug  ( 3242): Failed to get property persist.sys.media.traces
12-06 17:52:58.906 D/vndksupport( 3242): Loading /vendor/lib64/hw/android.hardware.graphics.mapper@2.0-impl.so from current namespace instead of sphal namespace.
12-06 17:52:58.907 D/vndksupport( 3242): Loading /vendor/lib64/hw/gralloc.msm8953.so from current namespace instead of sphal namespace.
12-06 17:52:59.079 D/KeyguardUpdateMonitor( 2600): received broadcast android.intent.action.BATTERY_CHANGED
12-06 17:52:59.079 D/HxBatteryStatusReceiver(11834): onReceiveandroid.intent.action.BATTERY_CHANGED
12-06 17:52:59.084 D/KeyguardUpdateMonitor( 2600): handleBatteryUpdate
12-06 17:52:59.598 I/System.out( 3124): URI: //map
12-06 17:52:59.599 I/System.out( 3124): params: {json={"query":"* id:'volume'","operation":{"method_name":"query","arguments":[]}}
12-06 17:52:59.599 I/System.out( 3124): }
12-06 17:52:59.653 W/ResourceType( 3124): No package identifier when getting name for resource number 0x00000001
12-06 17:52:59.654 I/zygote64( 3124): Do full code cache collection, code=124KB, data=92KB
12-06 17:52:59.654 I/zygote64( 3124): After code cache collection, code=109KB, data=67KB
12-06 17:52:59.737 I/System.out( 3124): URI: //gesture
12-06 17:52:59.737 I/System.out( 3124): params: {json={"query_timeout":5.0,"gestures":[{"query_string":"* id:'volume'","touches":[{"x":50,"y":50,"offset_x":0,"offset_y":0,"wait":0.0,"time":0.2,"release":true,"query_string":null}]}]}
12-06 17:52:59.737 I/System.out( 3124): }
12-06 17:52:59.777 W/ResourceType( 3124): No package identifier when getting name for resource number 0x00000001
12-06 17:53:00.004 D/KeyguardUpdateMonitor( 2600): received broadcast android.intent.action.TIME_TICK
12-06 17:53:00.004 D/KeyguardUpdateMonitor( 2600): handleTimeUpdate
12-06 17:53:00.025 D/CompatibilityInfo( 1392): mCompatibilityFlags - 0
12-06 17:53:00.026 D/CompatibilityInfo( 1392): applicationDensity - 480
12-06 17:53:00.026 D/CompatibilityInfo( 1392): applicationScale - 1.0
12-06 17:53:00.026 D/EventNotificationJob(11834): Running EventNotificationJob, isDetail=true
12-06 17:53:00.030 D/EventNotificationJob(11834):   finished processing events.
12-06 17:53:00.037 I/PhenotypeExpConfig( 4317): com.google.android.apps.inputmethod.libs.experiments.PhenotypeExperimentConfiguration: refreshConfiguration() : Force = false : UpdateAvailable = false : Age = 80 minutes : MaxAge = 720 minutes
12-06 17:53:00.058 I/Conv2QueryExtension( 4317): com.google.android.apps.inputmethod.libs.search.sense.ConversationToQueryExtension: Current locale: en_US, config allows these locales: de,en,fr,it,es,pt
12-06 17:53:00.058 I/Conv2QueryExtension( 4317): com.google.android.apps.inputmethod.libs.search.sense.ConversationToQueryExtension: Conv2Query not enabled due to current app [com.evancharlton.mileage] not in whitelist
12-06 17:53:00.058 I/Conv2QueryExtension( 4317): com.google.android.apps.inputmethod.libs.search.sense.ConversationToQueryExtension: onActivate() : Disabled by unsupported host app
12-06 17:53:00.059 I/CurrentMicStatusHolder( 4317): ghf: Current Mic status = {MicIconHidden-PasswordOrNumberOrDateInputType,}
12-06 17:53:00.078 D/HxBatteryStatusReceiver(11834): onReceiveandroid.intent.action.BATTERY_CHANGED
12-06 17:53:00.079 D/KeyguardUpdateMonitor( 2600): received broadcast android.intent.action.BATTERY_CHANGED
12-06 17:53:00.083 D/KeyguardUpdateMonitor( 2600): handleBatteryUpdate
12-06 17:53:00.658 W/ADebug  ( 3249): Failed to get property persist.sys.media.traces
12-06 17:53:00.718 D/vndksupport( 3249): Loading /vendor/lib64/hw/android.hardware.graphics.mapper@2.0-impl.so from current namespace instead of sphal namespace.
12-06 17:53:00.719 D/vndksupport( 3249): Loading /vendor/lib64/hw/gralloc.msm8953.so from current namespace instead of sphal namespace.
12-06 17:53:01.081 D/KeyguardUpdateMonitor( 2600): received broadcast android.intent.action.BATTERY_CHANGED
12-06 17:53:01.082 D/HxBatteryStatusReceiver(11834): onReceiveandroid.intent.action.BATTERY_CHANGED
12-06 17:53:01.088 D/KeyguardUpdateMonitor( 2600): handleBatteryUpdate
12-06 17:53:01.344 I/ContentMaintenance( 4282): Internal cache bytes used: 0; limit: 100000000; download size: 0
12-06 17:53:01.361 I/RealtimeCacheCleanup( 4282): Beginning Realtime garbage collection.
12-06 17:53:01.363 I/RealtimeCacheCleanup( 4282): Finished Realtime garbage collection.
12-06 17:53:01.668 I/System.out( 3124): URI: //map
12-06 17:53:01.669 I/System.out( 3124): params: {json={"query":"* id:'odometer'","operation":{"method_name":"query","arguments":[]}}
12-06 17:53:01.669 I/System.out( 3124): }
12-06 17:53:01.712 W/ResourceType( 3124): No package identifier when getting name for resource number 0x00000001
12-06 17:53:01.782 I/System.out( 3124): URI: //gesture
12-06 17:53:01.782 I/System.out( 3124): params: {json={"query_timeout":5.0,"gestures":[{"query_string":"* id:'odometer'","touches":[{"x":50,"y":50,"offset_x":0,"offset_y":0,"wait":0.0,"time":0.2,"release":true,"query_string":null}]}]}
12-06 17:53:01.782 I/System.out( 3124): }
12-06 17:53:01.814 I/zygote64( 3124): Do partial code cache collection, code=123KB, data=81KB
12-06 17:53:01.815 I/zygote64( 3124): After code cache collection, code=123KB, data=81KB
12-06 17:53:01.815 I/zygote64( 3124): Increasing code cache capacity to 512KB
12-06 17:53:01.815 W/ResourceType( 3124): No package identifier when getting name for resource number 0x00000001
12-06 17:53:02.076 I/PhenotypeExpConfig( 4317): com.google.android.apps.inputmethod.libs.experiments.PhenotypeExperimentConfiguration: refreshConfiguration() : Force = false : UpdateAvailable = false : Age = 80 minutes : MaxAge = 720 minutes
12-06 17:53:02.084 D/KeyguardUpdateMonitor( 2600): received broadcast android.intent.action.BATTERY_CHANGED
12-06 17:53:02.085 D/HxBatteryStatusReceiver(11834): onReceiveandroid.intent.action.BATTERY_CHANGED
12-06 17:53:02.088 D/KeyguardUpdateMonitor( 2600): handleBatteryUpdate
12-06 17:53:02.110 I/Conv2QueryExtension( 4317): com.google.android.apps.inputmethod.libs.search.sense.ConversationToQueryExtension: Current locale: en_US, config allows these locales: de,en,fr,it,es,pt
12-06 17:53:02.110 I/Conv2QueryExtension( 4317): com.google.android.apps.inputmethod.libs.search.sense.ConversationToQueryExtension: Conv2Query not enabled due to current app [com.evancharlton.mileage] not in whitelist
12-06 17:53:02.111 I/Conv2QueryExtension( 4317): com.google.android.apps.inputmethod.libs.search.sense.ConversationToQueryExtension: onActivate() : Disabled by unsupported host app
12-06 17:53:02.111 I/CurrentMicStatusHolder( 4317): ghf: Current Mic status = {MicIconHidden-PasswordOrNumberOrDateInputType,}
12-06 17:53:02.556 W/ADebug  ( 3259): Failed to get property persist.sys.media.traces
12-06 17:53:02.618 D/vndksupport( 3259): Loading /vendor/lib64/hw/android.hardware.graphics.mapper@2.0-impl.so from current namespace instead of sphal namespace.
12-06 17:53:02.619 D/vndksupport( 3259): Loading /vendor/lib64/hw/gralloc.msm8953.so from current namespace instead of sphal namespace.
12-06 17:53:02.943 D/CompatibilityInfo( 1392): mCompatibilityFlags - 0
12-06 17:53:02.943 D/CompatibilityInfo( 1392): applicationDensity - 480
12-06 17:53:02.943 D/CompatibilityInfo( 1392): applicationScale - 1.0
12-06 17:53:02.967 I/Places  ( 4144): ?: PlacesBleScanner stop()
12-06 17:53:02.969 D/BluetoothAdapter( 4144): disableBLE(): de-registering com.google.android.gms
12-06 17:53:02.970 D/BluetoothManagerService( 1392): Unregistered for death of com.google.android.gms
12-06 17:53:02.970 D/BluetoothManagerService( 1392): 0 registered Ble Apps
12-06 17:53:02.971 D/BluetoothManagerService( 1392): Reseting the mEnable flag for clean disable
12-06 17:53:02.971 D/BluetoothManagerService( 1392): Move to BT state OFF
12-06 17:53:02.971 D/BluetoothManagerService( 1392): Calling sendBrEdrDownCallback callbacks
12-06 17:53:02.971 D/BluetoothManagerService( 1392): isBleAppPresent() count: 0
12-06 17:53:02.972 D/BluetoothAdapterState( 3100): Current state: BLE ON, message: 20
12-06 17:53:02.972 D/BluetoothAdapterProperties( 3100): Setting state to 16
12-06 17:53:02.972 I/BluetoothAdapterState( 3100): Bluetooth adapter state changed: 15-> 16
12-06 17:53:02.972 D/BluetoothAdapterService( 3100): updateAdapterState() - Broadcasting state to 1 receivers.
12-06 17:53:02.973 D/BluetoothAdapterProperties( 3100): onBleDisable
12-06 17:53:02.973 D/BluetoothManagerService( 1392): MESSAGE_BLUETOOTH_STATE_CHANGE: BLE_ON > BLE_TURNING_OFF
12-06 17:53:02.973 D/BluetoothManagerService( 1392): Sending BLE State Change: BLE_ON > BLE_TURNING_OFF
12-06 17:53:02.973 I/PlaceInferenceEngine( 4144): [anon] Changed inference mode: 0
12-06 17:53:02.973 I/BluetoothAdapterState( 3100): Entering PendingCommandState
12-06 17:53:02.973 I/bt_stack_manager( 3100): event_shut_down_stack is bringing down the stack
12-06 17:53:02.973 I/bt_btif_core( 3100): btif_disable_bluetooth entered
12-06 17:53:02.974 E/bt_btif ( 3100): bta_jv_disable
12-06 17:53:02.974 W/bt_osi_thread( 3100): run_thread: thread id 3177, thread name btif_sock exited
12-06 17:53:02.974 I/bt_btif_core( 3100): btif_disable_bluetooth finished
12-06 17:53:02.974 W/bt_btif ( 3100): bta_dm_disable BTA_DISABLE_DELAY set to 200 ms
12-06 17:53:02.974 I/bt_core_module( 3100): module_shut_down Shutting down module "btif_config_module"
12-06 17:53:02.975 D/BluetoothAdapterProperties( 3100): Scan Mode:20
12-06 17:53:02.982 I/bt_core_module( 3100): module_shut_down Shutdown of module "btif_config_module" completed
12-06 17:53:02.985 I/BeaconBle( 4144): Stopping scan on delegate scanner. BT state: 16
12-06 17:53:02.986 D/BluetoothAdapter( 4144): isLeEnabled(): BLE_TURNING_OFF
12-06 17:53:02.986 I/BeaconBle( 4144): Exception caught calling mLeScanner.stopScan() java.lang.IllegalStateException: BT Adapter is not turned ON
12-06 17:53:02.986 I/BeaconBle( 4144): Delegate scanner is not available. stopScan ignored
12-06 17:53:02.987 I/BeaconBle( 4144): Resetting - new scanner available: false
12-06 17:53:02.987 I/BeaconBle( 4144): 'L' hardware scan: scan stopped, no clients
12-06 17:53:02.987 I/BeaconBle( 4144): Places requested to stop scan
12-06 17:53:02.987 I/BeaconBle( 4144): Scan canceled successfully.
12-06 17:53:03.007 I/GeofencerStateMachine( 4144): removeGeofences: removeRequest=RemoveGeofencingRequest[REMOVE_BY_PENDING_INTENT pendingIntent=PendingIntent[creatorPackage=com.google.android.gms], packageName=null]
12-06 17:53:03.075 I/zygote64( 4144): Background concurrent copying GC freed 308722(14MB) AllocSpace objects, 103(6MB) LOS objects, 49% free, 13MB/27MB, paused 110us total 137.448ms
12-06 17:53:03.081 D/HxBatteryStatusReceiver(11834): onReceiveandroid.intent.action.BATTERY_CHANGED
12-06 17:53:03.081 D/KeyguardUpdateMonitor( 2600): received broadcast android.intent.action.BATTERY_CHANGED
12-06 17:53:03.083 D/KeyguardUpdateMonitor( 2600): handleBatteryUpdate
12-06 17:53:03.174 I/bt_btif_core( 3100): btif_disable_bluetooth_evt entered
12-06 17:53:03.175 I/bt_core_module( 3100): module_shut_down Shutting down module "hci_module"
12-06 17:53:03.175 I/bt_hci  ( 3100): hci_module_shut_down
12-06 17:53:03.175 I/bt_hci  ( 3100): hci_close
12-06 17:53:03.175 W/vendor.qti.bluetooth@1.0-bluetooth_hci(  564): BluetoothHci::close()
12-06 17:53:03.176 I/vendor.qti.bluetooth@1.0-data_handler(  564): Sending HCI Reset 
12-06 17:53:03.253 W/vendor.qti.bluetooth@1.0-data_handler(  564): OnPacketReady: Received event for command sent internally: 03 0c 
12-06 17:53:03.253 W/vendor.qti.bluetooth@1.0-data_handler(  564): DataHandler::CleanUp()
12-06 17:53:03.253 D/vendor.qti.bluetooth@1.0-data_handler(  564): Close: Wait for collecting crash dump to finish
12-06 17:53:03.253 I/vendor.qti.bluetooth@1.0-data_handler(  564): DataHandler:: init_status 3
12-06 17:53:03.254 W/vendor.qti.bluetooth@1.0-async_fd_watcher(  564): StopThread: stopped the work thread
12-06 17:53:03.254 I/vendor.qti.bluetooth@1.0-mct_transport(  564): CleanUp:> soc_type: 0
