12-06 17:53:09.825 I/chatty  ( 3322): uid=10258(com.evancharlton.mileage) identical 2 lines
12-06 17:53:09.825 E/SpannableStringBuilder( 3322): SPAN_EXCLUSIVE_EXCLUSIVE spans cannot have a zero length
12-06 17:53:09.852 I/System.out( 3322): result:{"bonusInformation":[],"message":"","success":true}
12-06 17:53:10.086 D/KeyguardUpdateMonitor( 2600): received broadcast android.intent.action.BATTERY_CHANGED
12-06 17:53:10.089 D/HxBatteryStatusReceiver(11834): onReceiveandroid.intent.action.BATTERY_CHANGED
12-06 17:53:10.093 D/KeyguardUpdateMonitor( 2600): handleBatteryUpdate
12-06 17:53:10.252 W/ADebug  ( 3418): Failed to get property persist.sys.media.traces
12-06 17:53:10.313 D/vndksupport( 3418): Loading /vendor/lib64/hw/android.hardware.graphics.mapper@2.0-impl.so from current namespace instead of sphal namespace.
12-06 17:53:10.314 D/vndksupport( 3418): Loading /vendor/lib64/hw/gralloc.msm8953.so from current namespace instead of sphal namespace.
12-06 17:53:11.041 I/System.out( 3322): URI: //map
12-06 17:53:11.041 I/System.out( 3322): params: {json={"query":"android.widget.EditText id:'odometer'","operation":{"method_name":"query","arguments":[]}}
12-06 17:53:11.041 I/System.out( 3322): }
12-06 17:53:11.078 D/KeyguardUpdateMonitor( 2600): received broadcast android.intent.action.BATTERY_CHANGED
12-06 17:53:11.078 D/HxBatteryStatusReceiver(11834): onReceiveandroid.intent.action.BATTERY_CHANGED
12-06 17:53:11.081 D/KeyguardUpdateMonitor( 2600): handleBatteryUpdate
12-06 17:53:11.086 W/ResourceType( 3322): No package identifier when getting name for resource number 0x00000001
12-06 17:53:11.160 I/System.out( 3322): URI: //gesture
12-06 17:53:11.160 I/System.out( 3322): params: {json={"query_timeout":5.0,"gestures":[{"query_string":"android.widget.EditText id:'odometer'","touches":[{"x":50,"y":50,"offset_x":0,"offset_y":0,"wait":0.0,"time":0.2,"release":true,"query_string":null}]}]}
12-06 17:53:11.160 I/System.out( 3322): }
12-06 17:53:11.188 W/ResourceType( 3322): No package identifier when getting name for resource number 0x00000001
12-06 17:53:11.460 I/PhenotypeExpConfig( 4317): com.google.android.apps.inputmethod.libs.experiments.PhenotypeExperimentConfiguration: refreshConfiguration() : Force = false : UpdateAvailable = false : Age = 80 minutes : MaxAge = 720 minutes
12-06 17:53:11.488 I/Conv2QueryExtension( 4317): com.google.android.apps.inputmethod.libs.search.sense.ConversationToQueryExtension: Current locale: en_US, config allows these locales: de,en,fr,it,es,pt
12-06 17:53:11.488 I/Conv2QueryExtension( 4317): com.google.android.apps.inputmethod.libs.search.sense.ConversationToQueryExtension: Conv2Query not enabled due to current app [com.evancharlton.mileage] not in whitelist
12-06 17:53:11.488 I/Conv2QueryExtension( 4317): com.google.android.apps.inputmethod.libs.search.sense.ConversationToQueryExtension: onActivate() : Disabled by unsupported host app
12-06 17:53:11.489 I/CurrentMicStatusHolder( 4317): ghf: Current Mic status = {MicIconHidden-PasswordOrNumberOrDateInputType,}
12-06 17:53:12.046 I/System.out( 3322): URI: //
12-06 17:53:12.046 I/System.out( 3322): params: {json={"command":"set_selection","arguments":[-1,-1]}
12-06 17:53:12.046 I/System.out( 3322): }
12-06 17:53:12.047 I/System.out( 3322): header: {content-type=application/json;charset=utf-8, date=Thu, 06 Dec 2018 22:53:13 GMT, accept=*/*, host=127.0.0.1:34777, content-length=47, user-agent=HTTPClient/1.0 (2.8.3, ruby 2.5.1 (2018-03-29))}
12-06 17:53:12.047 I/System.out( 3322): params: {json={"command":"set_selection","arguments":[-1,-1]}
12-06 17:53:12.048 I/System.out( 3322): }
12-06 17:53:12.048 I/System.out( 3322): ProP json = {"command":"set_selection","arguments":[-1,-1]}
12-06 17:53:12.048 I/System.out( 3322): files: {}
12-06 17:53:12.048 I/System.out( 3322): command: {"command":"set_selection","arguments":[-1,-1]}
12-06 17:53:12.063 I/InstrumentationBackend( 3322): Got command:'Command:'Line:null,set_selection', arguments:'[-1, -1]'
12-06 17:53:12.082 D/KeyguardUpdateMonitor( 2600): received broadcast android.intent.action.BATTERY_CHANGED
12-06 17:53:12.082 D/HxBatteryStatusReceiver(11834): onReceiveandroid.intent.action.BATTERY_CHANGED
12-06 17:53:12.085 D/KeyguardUpdateMonitor( 2600): handleBatteryUpdate
12-06 17:53:12.095 I/System.out( 3322): result:{"bonusInformation":[],"message":"","success":true}
12-06 17:53:12.300 I/OD-RecognizerModule( 4317): com.google.android.apps.inputmethod.libs.voiceime.ondevice.OnDeviceRecognizerModule: dump()
12-06 17:53:12.333 I/System.out( 3322): URI: //
12-06 17:53:12.333 I/System.out( 3322): params: {json={"command":"keyboard_enter_text","arguments":["=+"]}
12-06 17:53:12.333 I/System.out( 3322): }
12-06 17:53:12.334 I/System.out( 3322): header: {content-type=application/json;charset=utf-8, date=Thu, 06 Dec 2018 22:53:13 GMT, accept=*/*, host=127.0.0.1:34777, content-length=93, user-agent=HTTPClient/1.0 (2.8.3, ruby 2.5.1 (2018-03-29))}
12-06 17:53:12.334 I/System.out( 3322): params: {json={"command":"keyboard_enter_text","arguments":["=+"]}
12-06 17:53:12.334 I/System.out( 3322): }
12-06 17:53:12.334 I/System.out( 3322): ProP json = {"command":"keyboard_enter_text","arguments":["=+"]}
12-06 17:53:12.334 I/System.out( 3322): files: {}
12-06 17:53:12.334 I/System.out( 3322): command: {"command":"keyboard_enter_text","arguments":["=+"]}
12-06 17:53:12.342 I/InstrumentationBackend( 3322): Got command:'Command:'Line:null,keyboard_enter_text', arguments:'[=+]'
12-06 17:53:12.343 E/SpannableStringBuilder( 3322): SPAN_EXCLUSIVE_EXCLUSIVE spans cannot have a zero length
12-06 17:53:12.354 I/chatty  ( 3322): uid=10258(com.evancharlton.mileage) identical 2 lines
12-06 17:53:12.354 E/SpannableStringBuilder( 3322): SPAN_EXCLUSIVE_EXCLUSIVE spans cannot have a zero length
12-06 17:53:12.379 I/System.out( 3322): result:{"bonusInformation":[],"message":"","success":true}
12-06 17:53:12.815 W/ADebug  ( 3439): Failed to get property persist.sys.media.traces
12-06 17:53:12.877 D/vndksupport( 3439): Loading /vendor/lib64/hw/android.hardware.graphics.mapper@2.0-impl.so from current namespace instead of sphal namespace.
12-06 17:53:12.878 D/vndksupport( 3439): Loading /vendor/lib64/hw/gralloc.msm8953.so from current namespace instead of sphal namespace.
12-06 17:53:13.083 D/KeyguardUpdateMonitor( 2600): received broadcast android.intent.action.BATTERY_CHANGED
12-06 17:53:13.084 D/HxBatteryStatusReceiver(11834): onReceiveandroid.intent.action.BATTERY_CHANGED
12-06 17:53:13.087 D/KeyguardUpdateMonitor( 2600): handleBatteryUpdate
