--------- beginning of main
12-06 17:53:03.425 D/SurfaceFlinger(  609): duplicate layer name: changing com.android.launcher3/com.android.searchlauncher.SearchLauncher to com.android.launcher3/com.android.searchlauncher.SearchLauncher#1
12-06 17:53:03.425 D/CompatibilityInfo( 1392): mCompatibilityFlags - 0
12-06 17:53:03.425 D/CompatibilityInfo( 1392): applicationDensity - 480
12-06 17:53:03.425 D/CompatibilityInfo( 1392): applicationScale - 1.0
12-06 17:53:03.446 I/PhenotypeExpConfig( 4317): com.google.android.apps.inputmethod.libs.experiments.PhenotypeExperimentConfiguration: refreshConfiguration() : Force = false : UpdateAvailable = false : Age = 80 minutes : MaxAge = 720 minutes
12-06 17:53:03.449 W/ThreadPoolDumper( 3727): Queue length for executor EventBus is now 11. Perhaps some tasks are too long, or the pool is too small.
12-06 17:53:03.450 W/SessionLifecycleManager( 3727): Handover failed. Creating new session controller.
12-06 17:53:03.456 I/WifiService( 1392): getConnectionInfo uid=10035
12-06 17:53:03.457 I/WifiService( 1392): getWifiEnabledState uid=10035
12-06 17:53:03.462 I/WifiService( 1392): getConnectionInfo uid=10035
12-06 17:53:03.463 W/LocationOracle( 3727): No location history returned by ContextManager
12-06 17:53:03.464 I/WifiService( 1392): getWifiEnabledState uid=10035
12-06 17:53:03.473 D/CompatibilityInfo( 1392): mCompatibilityFlags - 0
12-06 17:53:03.473 D/CompatibilityInfo( 1392): applicationDensity - 480
12-06 17:53:03.473 D/CompatibilityInfo( 1392): applicationScale - 1.0
12-06 17:53:03.480 I/StreamController( 3727): registerScope: nowcards-15-655fb13-4ae2
12-06 17:53:03.494 I/GeofencerStateMachine( 4144): removeGeofences: removeRequest=RemoveGeofencingRequest[REMOVE_BY_PENDING_INTENT pendingIntent=PendingIntent[creatorPackage=com.google.android.gms], packageName=null]
12-06 17:53:03.496 I/GeofencerStateMachine( 4144): removeGeofences: removeRequest=RemoveGeofencingRequest[REMOVE_BY_PENDING_INTENT pendingIntent=PendingIntent[creatorPackage=com.google.android.gms], packageName=null]
12-06 17:53:03.515 I/bt_core_module( 3100): module_clean_up Cleanup of module "interop_module" completed
12-06 17:53:03.516 I/bt_core_module( 3100): module_clean_up Cleaning up module "profile_config_module"
12-06 17:53:03.516 I/bt_core_module( 3100): module_clean_up Cleanup of module "profile_config_module" completed
12-06 17:53:03.516 I/bt_btif_core( 3100): btif_cleanup_bluetooth finished
12-06 17:53:03.516 I/bt_core_module( 3100): module_clean_up Cleaning up module "btif_config_module"
12-06 17:53:03.520 I/bt_core_module( 3100): module_clean_up Cleanup of module "btif_config_module" completed
12-06 17:53:03.520 I/bt_core_module( 3100): module_clean_up Cleaning up module "bt_utils_module"
12-06 17:53:03.520 I/bt_core_module( 3100): module_clean_up Cleanup of module "bt_utils_module" completed
12-06 17:53:03.520 I/bt_core_module( 3100): module_clean_up Cleaning up module "osi_module"
12-06 17:53:03.520 D/bt_osi_alarm( 3100): callback_dispatch Callback thread exited
12-06 17:53:03.520 W/bt_osi_thread( 3100): run_thread: thread id 3145, thread name alarm_dispatcher exited
12-06 17:53:03.521 W/bt_osi_thread( 3100): run_thread: thread id 3144, thread name alarm_default_ca exited
12-06 17:53:03.521 I/bt_core_module( 3100): module_clean_up Cleanup of module "osi_module" completed
12-06 17:53:03.521 I/bt_stack_manager( 3100): event_clean_up_stack finished
12-06 17:53:03.521 I/BluetoothServiceJni( 3100): cleanupNative: return from cleanup
12-06 17:53:03.541 W/TemplatedStringEvaluato( 3727): Got templated string with no display string
12-06 17:53:03.549 I/MicroDetectionState( 3727): Keep running hotword in interactor process
12-06 17:53:03.555 W/BluetoothVendorJni( 3100): Cleaning up Bluetooth Vendor Interface...
12-06 17:53:03.555 I/bt_btif_vendor( 3100): cleanup
12-06 17:53:03.555 W/BluetoothVendorJni( 3100): Cleaning up Bluetooth Vendor callback object
12-06 17:53:03.555 I/GeofencerStateMachine( 4144): removeGeofences: removeRequest=RemoveGeofencingRequest[REMOVE_BY_PENDING_INTENT pendingIntent=PendingIntent[creatorPackage=com.google.android.gms], packageName=null]
12-06 17:53:03.558 D/BluetoothAdapterService( 3100): onDestroy()
12-06 17:53:03.561 I/BluetoothAdapterService( 3100): Force exit to cleanup internal state in Bluetooth stack
12-06 17:53:03.564 I/zygote64( 3100): System.exit called, status: 0
12-06 17:53:03.564 I/AndroidRuntime( 3100): VM exiting with result code 0, cleanup skipped.
12-06 17:53:03.567 D/CompatibilityInfo( 1392): mCompatibilityFlags - 0
12-06 17:53:03.567 D/CompatibilityInfo( 1392): applicationDensity - 480
12-06 17:53:03.567 D/CompatibilityInfo( 1392): applicationScale - 1.0
12-06 17:53:03.589 E/ctxmgr  ( 4144): [ProducerStatusImpl]updateStateForNewContextData: inactive, contextName=7
12-06 17:53:03.610 D/CompatibilityInfo( 1392): mCompatibilityFlags - 0
12-06 17:53:03.610 D/CompatibilityInfo( 1392): applicationDensity - 480
12-06 17:53:03.610 D/CompatibilityInfo( 1392): applicationScale - 1.0
--------- beginning of system
12-06 17:53:03.613 I/ActivityManager( 1392): Process com.android.bluetooth (pid 3100) has died: fore SVC 
12-06 17:53:03.614 W/zygote64( 1392): kill(-3100, 9) failed: No such process
12-06 17:53:03.627 I/GeofencerStateMachine( 4144): removeGeofences: removeRequest=RemoveGeofencingRequest[REMOVE_BY_PENDING_INTENT pendingIntent=PendingIntent[creatorPackage=com.google.android.gms], packageName=null]
12-06 17:53:03.628 I/PlaceInferenceEngine( 4144): [anon] Changed inference mode: 0
12-06 17:53:03.629 I/GeofencerStateMachine( 4144): removeGeofences: removeRequest=RemoveGeofencingRequest[REMOVE_BY_PENDING_INTENT pendingIntent=PendingIntent[creatorPackage=com.google.android.gms], packageName=null]
12-06 17:53:03.656 D/CompatibilityInfo( 1392): mCompatibilityFlags - 0
12-06 17:53:03.656 D/CompatibilityInfo( 1392): applicationDensity - 480
12-06 17:53:03.656 D/CompatibilityInfo( 1392): applicationScale - 1.0
12-06 17:53:03.659 W/zygote64( 1392): kill(-3100, 9) failed: No such process
12-06 17:53:03.659 I/zygote64( 1392): Successfully killed process cgroup uid 1002 pid 3100 in 45ms
12-06 17:53:03.666 I/Places  ( 4144): ?: PlacesBleScanner start() with priority 2
12-06 17:53:03.666 I/PlaceInferenceEngine( 4144): [anon] Changed inference mode: 1
12-06 17:53:03.678 I/Places  ( 4144): Converted 0 out of 30 WiFi scans
12-06 17:53:03.678 I/WifiService( 1392): getConnectionInfo uid=10015
12-06 17:53:03.681 I/PlaceInferenceEngine( 4144): [anon] Changed inference mode: 1
12-06 17:53:03.685 D/CompatibilityInfo( 1392): mCompatibilityFlags - 0
12-06 17:53:03.685 D/CompatibilityInfo( 1392): applicationDensity - 480
12-06 17:53:03.685 D/CompatibilityInfo( 1392): applicationScale - 1.0
12-06 17:53:03.694 I/BeaconBle( 4144): Client requested scan, settings=BleSettings [scanMode=ZERO_POWER, callbackType=ALL_MATCHES, reportDelayMillis=0, 1 filters, 0 clients, callingClientName=Places]
12-06 17:53:03.696 D/BluetoothManagerService( 1392): Registered for death of com.google.android.gms
12-06 17:53:03.696 D/BluetoothManagerService( 1392): 1 registered Ble Apps
12-06 17:53:03.696 D/BluetoothAdapter( 4144): isLeEnabled(): OFF
12-06 17:53:03.696 D/BluetoothAdapter( 4144): enableBLE(): Calling enable
12-06 17:53:03.696 D/BluetoothManagerService( 1392): enable(com.google.android.gms):  mBluetooth =null mBinding = false mState = OFF
12-06 17:53:03.697 D/BluetoothManagerService( 1392): enable returning
12-06 17:53:03.697 D/BluetoothManagerService( 1392): MESSAGE_ENABLE(0): mBluetooth = null
12-06 17:53:03.698 I/BeaconBle( 4144): 'L' hardware scan: 1 filters, scanMode=-1, reportdelay=0, callback type=1, #clients=1, workSource=WorkSource{}
12-06 17:53:03.698 I/BeaconBle( 4144): Resetting - new scanner available: false
12-06 17:53:03.699 I/BeaconBle( 4144): Delegate scanner is not available - startScan ignored
12-06 17:53:03.699 I/BeaconBle( 4144): OS scanner could not start
12-06 17:53:03.713 I/ActivityManager( 1392): Start proc 3293:com.android.bluetooth/1002 for service com.android.bluetooth/.btservice.AdapterService
12-06 17:53:03.731 D/CompatibilityInfo( 1392): mCompatibilityFlags - 0
12-06 17:53:03.731 D/CompatibilityInfo( 1392): applicationDensity - 480
12-06 17:53:03.731 D/CompatibilityInfo( 1392): applicationScale - 1.0
12-06 17:53:03.734 D/CompatibilityInfo( 1392): mCompatibilityFlags - 0
12-06 17:53:03.734 D/CompatibilityInfo( 1392): applicationDensity - 480
12-06 17:53:03.734 D/CompatibilityInfo( 1392): applicationScale - 1.0
12-06 17:53:03.749 I/zygote64( 3293): The ClassLoaderContext is a special shared library.
12-06 17:53:03.752 I/PlaceInferenceEngine( 4144): No beacon scan available - ignoring candidates.
12-06 17:53:03.906 D/CompatibilityInfo( 1392): mCompatibilityFlags - 0
12-06 17:53:03.906 D/CompatibilityInfo( 1392): applicationDensity - 480
12-06 17:53:03.906 D/CompatibilityInfo( 1392): applicationScale - 1.0
12-06 17:53:03.939 W/ADebug  ( 3288): Failed to get property persist.sys.media.traces
12-06 17:53:03.952 I/OpenGLRenderer( 1392): Initialized EGL, version 1.4
12-06 17:53:03.952 D/OpenGLRenderer( 1392): Swap behavior 2
12-06 17:53:03.968 D/AndroidRuntime( 3288): >>>>>> START com.android.internal.os.RuntimeInit uid 2000 <<<<<<
12-06 17:53:03.974 W/OpenGLRenderer(26350): Incorrectly called buildLayer on View: ShortcutAndWidgetContainer, destroying layer...
12-06 17:53:03.974 W/OpenGLRenderer(26350): Incorrectly called buildLayer on View: ShortcutAndWidgetContainer, destroying layer...
12-06 17:53:04.079 D/HxBatteryStatusReceiver(11834): onReceiveandroid.intent.action.BATTERY_CHANGED
12-06 17:53:04.080 D/KeyguardUpdateMonitor( 2600): received broadcast android.intent.action.BATTERY_CHANGED
12-06 17:53:04.083 D/KeyguardUpdateMonitor( 2600): handleBatteryUpdate
12-06 17:53:04.122 I/app_process( 3288): The ClassLoaderContext is a special shared library.
12-06 17:53:04.127 E/BluetoothVendorJni( 3293): register_com_android_bluetooth_btservice_vendor:
12-06 17:53:04.132 D/BluetoothOppFileProvider( 3293): Initialized
12-06 17:53:04.142 D/WindowManager( 1392): width=1080height=1920
12-06 17:53:04.156 D/AdapterServiceConfig( 3293): addA2dpProfile: isA2dpSinkEnabled = falseisHfpClientEnabled falseisAvrcpControllerEnabledfalse serviceNameHeadsetService
12-06 17:53:04.156 D/AdapterServiceConfig( 3293): Adding HeadsetService
12-06 17:53:04.156 D/AdapterServiceConfig( 3293): addA2dpProfile: isA2dpSinkEnabled = falseisHfpClientEnabled falseisAvrcpControllerEnabledfalse serviceNameA2dpService
12-06 17:53:04.156 D/AdapterServiceConfig( 3293): Adding A2dpService
12-06 17:53:04.156 D/AdapterServiceConfig( 3293): addA2dpProfile: isA2dpSinkEnabled = falseisHfpClientEnabled falseisAvrcpControllerEnabledfalse serviceNameA2dpSinkService
12-06 17:53:04.156 D/AdapterServiceConfig( 3293): addA2dpProfile: isA2dpSinkEnabled = falseisHfpClientEnabled falseisAvrcpControllerEnabledfalse serviceNameHidService
12-06 17:53:04.156 D/AdapterServiceConfig( 3293): Adding HidService
12-06 17:53:04.156 D/AdapterServiceConfig( 3293): addA2dpProfile: isA2dpSinkEnabled = falseisHfpClientEnabled falseisAvrcpControllerEnabledfalse serviceNameHealthService
12-06 17:53:04.156 D/AdapterServiceConfig( 3293): Adding HealthService
12-06 17:53:04.157 D/AdapterServiceConfig( 3293): addA2dpProfile: isA2dpSinkEnabled = falseisHfpClientEnabled falseisAvrcpControllerEnabledfalse serviceNamePanService
12-06 17:53:04.157 D/AdapterServiceConfig( 3293): Adding PanService
12-06 17:53:04.157 D/AdapterServiceConfig( 3293): addA2dpProfile: isA2dpSinkEnabled = falseisHfpClientEnabled falseisAvrcpControllerEnabledfalse serviceNameGattService
12-06 17:53:04.157 D/AdapterServiceConfig( 3293): Adding GattService
12-06 17:53:04.157 D/AdapterServiceConfig( 3293): addA2dpProfile: isA2dpSinkEnabled = falseisHfpClientEnabled falseisAvrcpControllerEnabledfalse serviceNameBluetoothMapService
12-06 17:53:04.157 D/AdapterServiceConfig( 3293): Adding BluetoothMapService
12-06 17:53:04.157 D/AdapterServiceConfig( 3293): addA2dpProfile: isA2dpSinkEnabled = falseisHfpClientEnabled falseisAvrcpControllerEnabledfalse serviceNameAvrcpControllerService
12-06 17:53:04.157 D/AdapterServiceConfig( 3293): addA2dpProfile: isA2dpSinkEnabled = falseisHfpClientEnabled falseisAvrcpControllerEnabledfalse serviceNameSapService
12-06 17:53:04.157 D/AdapterServiceConfig( 3293): Adding SapService
12-06 17:53:04.157 W/AdapterServiceConfig( 3293): Could not find profile bit mask
12-06 17:53:04.157 D/AdapterServiceConfig( 3293): addA2dpProfile: isA2dpSinkEnabled = falseisHfpClientEnabled falseisAvrcpControllerEnabledfalse serviceNameBluetoothOppService
12-06 17:53:04.157 D/AdapterServiceConfig( 3293): Adding BluetoothOppService
12-06 17:53:04.157 W/AdapterServiceConfig( 3293): Could not find profile bit mask
12-06 17:53:04.157 D/AdapterServiceConfig( 3293): addA2dpProfile: isA2dpSinkEnabled = falseisHfpClientEnabled falseisAvrcpControllerEnabledfalse serviceNameBluetoothPbapService
12-06 17:53:04.157 D/AdapterServiceConfig( 3293): Adding BluetoothPbapService
12-06 17:53:04.171 D/AndroidRuntime( 3288): Calling main entry com.android.commands.am.Am
12-06 17:53:04.176 I/ActivityManager( 1392): Force stopping com.evancharlton.mileage appid=10258 user=0: start instr
12-06 17:53:04.176 I/ActivityManager( 1392): Killing 3124:com.evancharlton.mileage/u0a258 (adj 0): stop com.evancharlton.mileage
12-06 17:53:04.178 W/ActivityManager( 1392): Crash of app com.evancharlton.mileage running instrumentation ComponentInfo{com.evancharlton.mileage.test/sh.calaba.instrumentationbackend.CalabashInstrumentationTestRunner}
12-06 17:53:04.178 I/ActivityManager( 1392): Force stopping com.evancharlton.mileage appid=10258 user=0: finished inst
12-06 17:53:04.181 W/zygote64( 1392): kill(-3124, 9) failed: No such process
12-06 17:53:04.185 D/BluetoothAdapterService( 3293): onCreate()
12-06 17:53:04.204 I/ActivityManager( 1392): Start proc 3322:com.evancharlton.mileage/u0a258 for added application com.evancharlton.mileage
12-06 17:53:04.205 D/AndroidRuntime( 3288): Shutting down VM
12-06 17:53:04.205 W/ActivityManager( 1392): setHasOverlayUi called on unknown pid: 3124
12-06 17:53:04.209 I/zygote64( 3322): Late-enabling -Xcheck:jni
12-06 17:53:04.211 I/BluetoothVendorJni( 3293): classInitNative: succeeds
12-06 17:53:04.212 D/BluetoothAdapterState( 3293): make() - Creating AdapterState
12-06 17:53:04.216 I/bt_btif ( 3293): init
12-06 17:53:04.217 I/bt_osi_thread( 3293): run_thread: thread id 3328, thread name stack_manager started
12-06 17:53:04.217 I/BluetoothAdapterState( 3293): Entering OffState
12-06 17:53:04.217 I/bt_stack_manager( 3293): event_init_stack is initializing the stack
12-06 17:53:04.218 I/bt_utils( 3293): init_soc_type
12-06 17:53:04.218 W/zygote64( 1392): kill(-3124, 9) failed: No such process
12-06 17:53:04.219 I/zygote64( 1392): Successfully killed process cgroup uid 10258 pid 3124 in 37ms
12-06 17:53:04.219 I/bt_osi_thread( 3293): run_thread: thread id 3331, thread name alarm_default_ca started
12-06 17:53:04.220 I/bt_osi_thread( 3293): run_thread: thread id 3332, thread name alarm_dispatcher started
12-06 17:53:04.221 I/bt_btif_core( 3293): btif_init_bluetooth entered
12-06 17:53:04.226 D/bt_osi_config( 3293): config_parse no key/value separator found on line 344.
12-06 17:53:04.227 W/bt_device_interop( 3293):  feature:: 0, key :: 08:62:66, value :: Address_Based
12-06 17:53:04.227 W/bt_device_interop( 3293):  feature:: 0, key :: 38:2C:4A:C9, value :: Address_Based
12-06 17:53:04.227 W/bt_device_interop( 3293):  feature:: 0, key :: 38:2C:4A:E6, value :: Address_Based
12-06 17:53:04.227 I/zygote64( 1392): NativeAlloc concurrent copying GC freed 22367(1566KB) AllocSpace objects, 3(124KB) LOS objects, 42% free, 31MB/55MB, paused 128us total 279.498ms
12-06 17:53:04.227 W/bt_device_interop( 3293):  feature:: 0, key :: 54:A0:50:D9, value :: Address_Based
12-06 17:53:04.227 W/bt_device_interop( 3293):  feature:: 0, key :: AC:9E:17, value :: Address_Based
12-06 17:53:04.227 W/bt_device_interop( 3293):  feature:: 0, key :: F0:79:59, value :: Address_Based
12-06 17:53:04.227 W/bt_device_interop( 3293):  feature:: 0, key :: 80:E4:DA:70, value :: Address_Based
12-06 17:53:04.227 W/bt_device_interop( 3293):  feature:: 0, key :: 1C:96:5A, value :: Address_Based
12-06 17:53:04.227 W/bt_device_interop( 3293):  feature:: 0, key :: 80:EA:CA, value :: Address_Based
12-06 17:53:04.227 W/bt_device_interop( 3293):  feature:: 0, key :: 51:01:00, value :: Address_Based
12-06 17:53:04.227 W/bt_device_interop( 3293):  feature:: 0, key :: 61:01:00, value :: Address_Based
12-06 17:53:04.227 W/bt_device_interop( 3293):  feature:: 1, key :: 9C:DF:03, value :: Address_Based
12-06 17:53:04.228 W/bt_device_interop( 3293):  feature:: 2, key :: A0:E9:DB, value :: Address_Based
12-06 17:53:04.228 W/bt_device_interop( 3293):  feature:: 2, key :: 00:14:02, value :: Address_Based
12-06 17:53:04.228 W/bt_device_interop( 3293):  feature:: 2, key :: 1C:48:F9, value :: Address_Based
12-06 17:53:04.228 W/bt_device_interop( 3293):  feature:: 2, key :: 44:5E:F3, value :: Address_Based
12-06 17:53:04.228 W/bt_device_interop( 3293):  feature:: 2, key :: D4:9C:28, value :: Address_Based
12-06 17:53:04.228 W/bt_device_interop( 3293):  feature:: 2, key :: 00:18:6B, value :: Address_Based
12-06 17:53:04.228 W/bt_device_interop( 3293):  feature:: 2, key :: B8:AD:3E, value :: Address_Based
12-06 17:53:04.228 W/bt_device_interop( 3293):  feature:: 2, key :: 00:11:B1, value :: Address_Based
12-06 17:53:04.228 W/bt_device_interop( 3293):  feature:: 2, key :: A4:15:66, value :: Address_Based
12-06 17:53:04.228 W/bt_device_interop( 3293):  feature:: 2, key :: 00:14:F1, value :: Address_Based
12-06 17:53:04.228 W/bt_device_interop( 3293):  feature:: 2, key :: 00:26:7E, value :: Address_Based
12-06 17:53:04.228 W/bt_device_interop( 3293):  feature:: 2, key :: 90:03:B7, value :: Address_Based
12-06 17:53:04.228 W/bt_device_interop( 3293):  feature:: 2, key :: 04:F8:C2, value :: Address_Based
12-06 17:53:04.228 W/bt_device_interop( 3293):  feature:: 2, key :: 00:18:91, value :: Address_Based
12-06 17:53:04.228 W/bt_device_interop( 3293):  feature:: 2, key :: 00:24:1C, value :: Address_Based
12-06 17:53:04.228 W/bt_device_interop( 3293):  feature:: 3, key :: 34:C7:31, value :: Address_Based
12-06 17:53:04.228 W/bt_device_interop( 3293):  feature:: 3, key :: 00:07:04, value :: Address_Based
12-06 17:53:04.228 W/bt_device_interop( 3293):  feature:: 3, key :: E0:75:0A, value :: Address_Based
12-06 17:53:04.228 W/bt_device_interop( 3293):  feature:: 3, key :: Audi, value :: Name_Based
12-06 17:53:04.228 W/bt_device_interop( 3293):  feature:: 3, key :: BMW, value :: Name_Based
12-06 17:53:04.228 W/bt_device_interop( 3293):  feature:: 3, key :: Parrot, value :: Name_Based
12-06 17:53:04.228 W/bt_device_interop( 3293):  feature:: 3, key :: Car, value :: Name_Based
12-06 17:53:04.228 W/bt_device_interop( 3293):  feature:: 3, key :: NISSAN, value :: Name_Based
12-06 17:53:04.229 W/bt_device_interop( 3293):  feature:: 4, key :: 00:0F:F6, value :: Address_Based
12-06 17:53:04.229 W/bt_device_interop( 3293):  feature:: 5, key :: 00:18:91, value :: Address_Based
12-06 17:53:04.229 W/bt_device_interop( 3293):  feature:: 5, key :: 00:21:4F, value :: Address_Based
12-06 17:53:04.229 W/bt_device_interop( 3293):  feature:: 5, key :: 20:15:06, value :: Address_Based
12-06 17:53:04.229 W/bt_device_interop( 3293):  feature:: 5, key :: 9C:DF:03, value :: Address_Based
12-06 17:53:04.229 W/bt_device_interop( 3293):  feature:: 5, key :: 04:52:C7, value :: Address_Based
12-06 17:53:04.229 W/bt_device_interop( 3293):  feature:: 5, key :: 30:14:4A, value :: Address_Based
12-06 17:53:04.229 W/bt_device_interop( 3293):  feature:: 5, key :: 00:54:AF, value :: Address_Based
12-06 17:53:04.229 W/bt_device_interop( 3293):  feature:: 5, key :: 1C:52:16, value :: Address_Based
12-06 17:53:04.229 W/bt_device_interop( 3293):  feature:: 5, key :: E9:08:EF, value :: Address_Based
12-06 17:53:04.229 W/bt_device_interop( 3293):  feature:: 5, key :: 00:02:5B, value :: Address_Based
12-06 17:53:04.229 W/bt_device_interop( 3293):  feature:: 5, key :: 1C:48:F9, value :: Address_Based
12-06 17:53:04.229 W/bt_device_interop( 3293):  feature:: 5, key :: JABRA WAVE+, value :: Name_Based
12-06 17:53:04.229 W/bt_device_interop( 3293):  feature:: 6, key :: 04:0C:CE, value :: Address_Based
12-06 17:53:04.229 W/bt_device_interop( 3293):  feature:: 6, key :: 00:07:61, value :: Address_Based
12-06 17:53:04.229 W/bt_device_interop( 3293):  feature:: 6, key :: 00:1D:D8, value :: Address_Based
12-06 17:53:04.229 W/bt_device_interop( 3293):  feature:: 6, key :: 00:1F:20, value :: Address_Based
12-06 17:53:04.229 W/bt_device_interop( 3293):  feature:: 6, key :: 6C:5D:63, value :: Address_Based
12-06 17:53:04.229 W/bt_device_interop( 3293):  feature:: 6, key :: 28:18:78, value :: Address_Based
12-06 17:53:04.230 W/bt_device_interop( 3293):  feature:: 6, key :: 60:45:BD, value :: Address_Based
12-06 17:53:04.230 W/bt_device_interop( 3293):  feature:: 6, key :: 58:71:33, value :: Address_Based
12-06 17:53:04.230 W/bt_device_interop( 3293):  feature:: 6, key :: 00:90:E1, value :: Address_Based
12-06 17:53:04.230 W/bt_device_interop( 3293):  feature:: 6, key :: 00:1B:DC, value :: Address_Based
12-06 17:53:04.230 W/bt_device_interop( 3293):  feature:: 6, key :: C4:7D:CC, value :: Address_Based
12-06 17:53:04.230 W/bt_device_interop( 3293):  feature:: 6, key :: Apple Magic Mouse, value :: Name_Based
12-06 17:53:04.230 W/bt_device_interop( 3293):  feature:: 6, key :: Bluetooth Laser Travel Mouse, value :: Name_Based
12-06 17:53:04.230 W/bt_device_interop( 3293):  feature:: 6, key :: Microsoft Bluetooth Notebook Mouse 5000, value :: Name_Based
12-06 17:53:04.230 W/bt_device_interop( 3293):  feature:: 6, key :: Logitech MX Revolution Mouse, value :: Name_Based
12-06 17:53:04.230 W/bt_device_interop( 3293):  feature:: 6, key :: Microsoft Sculpt Touch Mouse, value :: Name_Based
12-06 17:53:04.230 W/bt_device_interop( 3293):  feature:: 6, key :: Tero's Game Controller, value :: Name_Based
12-06 17:53:04.230 W/bt_device_interop( 3293):  feature:: 6, key :: 0x004C, value :: Manufacturer_Based
12-06 17:53:04.230 W/bt_device_interop( 3293):  feature:: 21, key :: 00:12:A1, value :: Address_Based
12-06 17:53:04.230 W/bt_device_interop( 3293):  feature:: 21, key :: Targus BT Laser Notebook Mouse, value :: Name_Based
12-06 17:53:04.230 W/bt_device_interop( 3293):  feature:: 7, key :: Motorola Keyboard KZ500, value :: Name_Based
12-06 17:53:04.230 W/bt_device_interop( 3293):  feature:: 7, key :: Motorola Keyboard KZ500 v122, value :: Name_Based
12-06 17:53:04.230 W/bt_device_interop( 3293):  feature:: 7, key :: 0x22b8-0x093D, value :: Vndr_Prdt_Based
12-06 17:53:04.230 W/bt_device_interop( 3293):  feature:: 8, key :: 20:4C:10, value :: Address_Based
12-06 17:53:04.230 W/bt_device_interop( 3293):  feature:: 8, key :: 0x004C, value :: Manufacturer_Based
12-06 17:53:04.230 W/bt_device_interop( 3293):  feature:: 11, key :: 00:14:09, value :: Address_Based
12-06 17:53:04.230 W/bt_device_interop( 3293):  feature:: 12, key :: BSMBB09DS, value :: Name_Based
12-06 17:53:04.230 W/bt_device_interop( 3293):  feature:: 12, key :: ELECOM, value :: Name_Based
12-06 17:53:04.230 W/bt_device_interop( 3293):  feature:: 13, key :: A0:56:B2, value :: Address_Based
12-06 17:53:04.230 W/bt_device_interop( 3293):  feature:: 18, key :: 00:02:5B:4A, value :: Address_Based
12-06 17:53:04.230 W/bt_device_interop( 3293):  feature:: 25, key :: FC:C2:DE, value :: Address_Based
12-06 17:53:04.230 W/bt_device_interop( 3293):  feature:: 25, key :: 00:26:B4, value :: Address_Based
12-06 17:53:04.230 W/bt_device_interop( 3293):  feature:: 25, key :: 00:04:3E, value :: Address_Based
12-06 17:53:04.230 W/bt_device_interop( 3293):  feature:: 25, key :: 00:23:01, value :: Address_Based
12-06 17:53:04.230 W/bt_device_interop( 3293):  feature:: 25, key :: 1C:48:F9, value :: Address_Based
12-06 17:53:04.231 W/bt_device_interop( 3293):  feature:: 25, key :: 00:54:AF, value :: Address_Based
12-06 17:53:04.231 W/bt_device_interop( 3293):  feature:: 25, key :: 00:26:E8, value :: Address_Based
12-06 17:53:04.231 W/bt_device_interop( 3293):  feature:: 25, key :: 00:37:6D, value :: Address_Based
12-06 17:53:04.231 W/bt_device_interop( 3293):  feature:: 25, key :: 9C:3A:AF, value :: Address_Based
12-06 17:53:04.231 W/bt_device_interop( 3293):  feature:: 25, key :: 00:18:91, value :: Address_Based
12-06 17:53:04.231 W/bt_device_interop( 3293):  feature:: 25, key :: 0C:E0:E4, value :: Address_Based
12-06 17:53:04.231 W/bt_device_interop( 3293):  feature:: 25, key :: 00:07:04, value :: Address_Based
12-06 17:53:04.231 W/bt_device_interop( 3293):  feature:: 25, key :: A4:15:66, value :: Address_Based
12-06 17:53:04.231 W/bt_device_interop( 3293):  feature:: 25, key :: D0:13:1E, value :: Address_Based
12-06 17:53:04.231 W/bt_device_interop( 3293):  feature:: 25, key :: 8F:20:B4, value :: Address_Based
12-06 17:53:04.231 W/bt_device_interop( 3293):  feature:: 25, key :: A8:B9:B3, value :: Address_Based
12-06 17:53:04.231 W/bt_device_interop( 3293):  feature:: 25, key :: 00:0D:F0, value :: Address_Based
12-06 17:53:04.231 W/bt_device_interop( 3293):  feature:: 25, key :: 00:08:E0, value :: Address_Based
12-06 17:53:04.231 W/bt_device_interop( 3293):  feature:: 25, key :: 00:25:52, value :: Address_Based
12-06 17:53:04.231 W/bt_device_interop( 3293):  feature:: 25, key :: 1C:52:16, value :: Address_Based
12-06 17:53:04.231 W/bt_device_interop( 3293):  feature:: 25, key :: 00:06:66, value :: Address_Based
12-06 17:53:04.231 W/bt_device_interop( 3293):  feature:: 25, key :: 00:24:E4, value :: address_Based
12-06 17:53:04.231 W/bt_device_interop( 3293):  feature:: 25, key :: AC:FD:CE, value :: Address_Based
12-06 17:53:04.231 W/bt_device_interop( 3293):  feature:: 25, key :: 00:1C:D8, value :: Address_Based
12-06 17:53:04.231 W/bt_device_interop( 3293):  feature:: 16, key :: 00:0D:FD, value :: Address_Based
12-06 17:53:04.231 W/bt_device_interop( 3293):  feature:: 16, key :: 00:1B:DC, value :: Address_Based
12-06 17:53:04.232 W/bt_device_interop( 3293):  feature:: 16, key :: 00:07:04, value :: Address_Based
12-06 17:53:04.232 W/bt_device_interop( 3293):  feature:: 16, key :: A4:15:66, value :: Address_Based
12-06 17:53:04.232 W/bt_device_interop( 3293):  feature:: 16, key :: 00:54:AF, value :: Address_Based
12-06 17:53:04.232 W/bt_device_interop( 3293):  feature:: 14, key :: AC:7A:4D, value :: Address_Based
12-06 17:53:04.232 W/bt_device_interop( 3293):  feature:: 14, key :: 28:A1:83, value :: Address_Based
12-06 17:53:04.232 W/bt_device_interop( 3293):  feature:: 14, key :: A0:14:3D, value :: Address_Based
12-06 17:53:04.232 W/bt_device_interop( 3293):  feature:: 14, key :: 90:03:B7, value :: Address_Based
12-06 17:53:04.232 W/bt_device_interop( 3293):  feature:: 14, key :: 00:21:3c, value :: Address_Based
12-06 17:53:04.235 W/bt_device_interop( 3293):  feature:: 14, key :: 9C:DF:03, value :: Address_Based
12-06 17:53:04.235 W/bt_device_interop( 3293):  feature:: 14, key :: E0:75:0A, value :: Address_Based
12-06 17:53:04.235 W/bt_device_interop( 3293):  feature:: 14, key :: 48:F0:7B, value :: Address_Based
12-06 17:53:04.235 W/bt_device_interop( 3293):  feature:: 14, key :: 04:52:C7, value :: Address_Based
12-06 17:53:04.235 W/bt_device_interop( 3293):  feature:: 14, key :: 30:C3:D9, value :: Address_Based
12-06 17:53:04.235 W/bt_device_interop( 3293):  feature:: 15, key :: e0:d1:e6, value :: Address_Based
12-06 17:53:04.235 W/bt_device_interop( 3293):  feature:: 15, key :: b8:ad:3e, value :: Address_Based
12-06 17:53:04.235 W/bt_device_interop( 3293):  feature:: 15, key :: 00:18:6b, value :: Address_Based
12-06 17:53:04.235 W/bt_device_interop( 3293):  feature:: 15, key :: 00:18:09, value :: Address_Based
12-06 17:53:04.235 W/bt_device_interop( 3293):  feature:: 15, key :: ac:9b:0a, value :: Address_Based
12-06 17:53:04.235 W/bt_device_interop( 3293):  feature:: 15, key :: 20:3c:ae, value :: Address_Based
12-06 17:53:04.236 W/bt_device_interop( 3293):  feature:: 15, key :: 04:88:e2, value :: Address_Based
12-06 17:53:04.236 W/bt_device_interop( 3293):  feature:: 15, key :: 4c:32:75, value :: Address_Based
12-06 17:53:04.236 W/bt_device_interop( 3293):  feature:: 15, key :: 00:14:07, value :: Address_Based
12-06 17:53:04.236 W/bt_device_interop( 3293):  feature:: 15, key :: 94:20:53, value :: Address_Based
12-06 17:53:04.236 W/bt_device_interop( 3293):  feature:: 15, key :: 88:E6:03, value :: Address_Based
12-06 17:53:04.236 W/bt_device_interop( 3293):  feature:: 15, key :: 0C:E0:E4, value :: Address_Based
12-06 17:53:04.236 W/bt_device_interop( 3293):  feature:: 19, key :: 00:00:7f, value :: Address_Based
12-06 17:53:04.236 W/bt_device_interop( 3293):  feature:: 19, key :: 00:00:31, value :: Address_Based
12-06 17:53:04.236 W/bt_device_interop( 3293):  feature:: 19, key :: 00:00:41, value :: Address_Based
12-06 17:53:04.236 W/bt_device_interop( 3293):  feature:: 19, key :: 00:00:6a, value :: Address_Based
12-06 17:53:04.236 W/bt_device_interop( 3293):  feature:: 19, key :: 00:01:0a, value :: Address_Based
12-06 17:53:04.236 W/bt_device_interop( 3293):  feature:: 19, key :: 00:00:3d, value :: Address_Based
12-06 17:53:04.236 W/bt_device_interop( 3293):  feature:: 19, key :: 00:17:53, value :: Address_Based
12-06 17:53:04.236 W/bt_device_interop( 3293):  feature:: 19, key :: Discovery Sport, value :: Name_Based
12-06 17:53:04.236 W/bt_device_interop( 3293):  feature:: 19, key :: Jaguar XE, value :: Name_Based
12-06 17:53:04.236 W/bt_device_interop( 3293):  feature:: 19, key :: Elantra, value :: Name_Based
12-06 17:53:04.236 W/bt_device_interop( 3293):  feature:: 20, key :: 00:1B:DC-0x0012, value :: SSR_Max_Lat_Based
12-06 17:53:04.236 W/bt_device_interop( 3293):  feature:: 20, key :: DC:2C:26-0x0000, value :: SSR_Max_Lat_Based
12-06 17:53:04.236 W/bt_device_interop( 3293):  feature:: 20, key :: 54:46:6B-0x0001, value :: SSR_Max_Lat_Based
12-06 17:53:04.236 W/bt_device_interop( 3293):  feature:: 24, key :: 98:7b:f3, value :: Address_Based
12-06 17:53:04.236 W/bt_device_interop( 3293):  feature:: 26, key :: 00:0d:18, value :: Address_Based
12-06 17:53:04.236 W/bt_device_interop( 3293):  feature:: 27, key :: 04:52:c7, value :: Address_Based
12-06 17:53:04.236 W/bt_device_interop( 3293):  feature:: 28, key :: 00:08:8a, value :: Address_Based
12-06 17:53:04.236 W/bt_device_interop( 3293):  feature:: 28, key :: JABRA EASYGO, value :: Name_Based
12-06 17:53:04.236 W/bt_device_interop( 3293):  feature:: 29, key :: 00:09:93, value :: Address_Based
12-06 17:53:04.236 W/bt_device_interop( 3293):  feature:: 9, key :: 08:62:66, value :: Address_Based
12-06 17:53:04.236 W/bt_device_interop( 3293):  feature:: 9, key :: 38:2C:4A:C9, value :: Address_Based
12-06 17:53:04.236 W/bt_device_interop( 3293):  feature:: 9, key :: 38:2C:4A:E6, value :: Address_Based
12-06 17:53:04.237 W/bt_device_interop( 3293):  feature:: 9, key :: 54:A0:50:D9, value :: Address_Based
12-06 17:53:04.237 W/bt_device_interop( 3293):  feature:: 9, key :: AC:9E:17, value :: Address_Based
12-06 17:53:04.237 W/bt_device_interop( 3293):  feature:: 9, key :: F0:79:59, value :: Address_Based
12-06 17:53:04.237 W/bt_device_interop( 3293):  feature:: 22, key :: 00:1D:86, value :: Address_Based
12-06 17:53:04.237 W/bt_device_interop( 3293):  feature:: 22, key :: KMM-BT51*HD, value :: Name_Based
12-06 17:53:04.237 W/bt_device_interop( 3293):  feature:: 10, key :: Pixel C Keyboard, value :: Name_Based
12-06 17:53:04.237 W/bt_device_interop( 3293):  feature:: 31, key :: LG Lighting, value :: Name_Based
12-06 17:53:04.237 W/bt_device_interop( 3293):  feature:: 31, key :: KS_5w4Zu, value :: Name_Based
12-06 17:53:04.237 W/bt_device_interop( 3293):  feature:: 31, key :: ZUK, value :: Name_Based
12-06 17:53:04.237 W/bt_device_interop( 3293):  feature:: 31, key :: ITAG, value :: Name_Based
12-06 17:53:04.237 W/bt_device_interop( 3293):  feature:: 31, key :: Pokemon GO Plus, value :: Name_Based
12-06 17:53:04.237 W/bt_device_interop( 3293):  feature:: 32, key :: 2c:dc:ad:08, value :: Address_Based
12-06 17:53:04.237 W/bt_device_interop( 3293):  feature:: 17, key :: 2c:41:a1, value :: Address_Based
12-06 17:53:04.237 W/bt_device_profile( 3293): profile_config_init load config file succesful : /data/misc/bluedroid/bt_profile.conf
12-06 17:53:04.238 W/bt_device_profile( 3293):  AVRCP_ID: key :: avrcp_0103_support, value :: false
12-06 17:53:04.238 W/bt_device_profile( 3293):  AVRCP_ID: entry->profile_feature_type.avrcp_feature_entry.avrcp_0103_support false
12-06 17:53:04.238 W/bt_device_profile( 3293):  AVRCP_ID: key :: avrcp_coverart_support, value :: true
12-06 17:53:04.238 W/bt_device_profile( 3293):  AVRCP_ID: &entry->profile_feature_type.avrcp_feature_entry.avrcp_coverart_support true
12-06 17:53:04.238 D/bt_device_profile( 3293): Entry is already present in the list
12-06 17:53:04.238 W/bt_device_profile( 3293):  PBAP_ID: key :: pbap_0102_support, value :: true
12-06 17:53:04.238 W/bt_device_profile( 3293):  PBAP_ID: key :: use_sim_support, value :: true
12-06 17:53:04.238 D/bt_device_profile( 3293): Entry is already present in the list
12-06 17:53:04.238 W/bt_device_profile( 3293):  MAP_ID: key :: map_email_support, value :: true
12-06 17:53:04.238 I/bt_stack_config( 3293): init attempt to load stack conf from /etc/bluetooth/bt_stack.conf
12-06 17:53:04.238 I/bt_osi_thread( 3293): run_thread: thread id 3333, thread name bt_jni_workqueue started
12-06 17:53:04.238 I/bt_btif_core( 3293): btif_init_bluetooth finished
12-06 17:53:04.239 I/bt_btif_core( 3293): run_message_loop entered
12-06 17:53:04.239 I/bt_stack_manager( 3293): event_init_stack finished
12-06 17:53:04.239 I/bt_btif ( 3293): get_profile_interface: id = socket
12-06 17:53:04.239 E/bt_btif_storage( 3293): btif_storage_get_adapter_property: Controller not ready! Unable to return Bluetooth Address
12-06 17:53:04.239 E/BluetoothServiceJni( 3293): adapter_properties_callback: Status 1 is incorrect
12-06 17:53:04.241 D/BluetoothAdapterProperties( 3293): Name is: Mi A1
12-06 17:53:04.241 D/BluetoothManagerService( 1392): Bluetooth Adapter name changed to Mi A1
12-06 17:53:04.241 D/BluetoothManagerService( 1392): Stored Bluetooth name: Mi A1
12-06 17:53:04.243 I/bt_btif ( 3293): get_profile_interface: id = sdp
12-06 17:53:04.246 I/BluetoothAdapterService( 3293): Phone policy enabled
12-06 17:53:04.249 E/adbd    ( 3362): failed to connect to socket 'tcp:7102': Connection refused
12-06 17:53:04.251 D/BluetoothBondStateMachine( 3293): make
12-06 17:53:04.254 D/BluetoothAdapterService( 3293): setAdapterService() - set to: null
12-06 17:53:04.255 I/BluetoothBondStateMachine( 3293): StableState(): Entering Off State
12-06 17:53:04.255 I/bt_btif ( 3293): get_profile_interface: id = vendor
12-06 17:53:04.258 E/adbd    ( 3362): failed to connect to socket 'tcp:7102': Connection refused
12-06 17:53:04.259 D/BluetoothAdapterService( 3293): onBind()
12-06 17:53:04.259 D/BluetoothManagerService( 1392): BluetoothServiceConnection: com.android.bluetooth.btservice.AdapterService
12-06 17:53:04.259 D/BluetoothManagerService( 1392): MESSAGE_BLUETOOTH_SERVICE_CONNECTED: 1
12-06 17:53:04.260 D/BluetoothManagerService( 1392): Broadcasting onBluetoothServiceUp() to 12 receivers.
12-06 17:53:04.261 D/BluetoothAdapter( 3727): onBluetoothServiceUp: android.bluetooth.IBluetooth$Stub$Proxy@67ae09e
12-06 17:53:04.261 D/BluetoothAdapter(26794): onBluetoothServiceUp: android.bluetooth.IBluetooth$Stub$Proxy@5a5a9cf
12-06 17:53:04.261 D/BluetoothAdapter( 4282): onBluetoothServiceUp: android.bluetooth.IBluetooth$Stub$Proxy@a83c90b
12-06 17:53:04.261 D/BluetoothAdapter( 1392): onBluetoothServiceUp: android.bluetooth.IBluetooth$Stub$Proxy@4689468
12-06 17:53:04.261 D/BluetoothAdapter( 2767): onBluetoothServiceUp: android.bluetooth.IBluetooth$Stub$Proxy@e987067
12-06 17:53:04.261 D/BluetoothAdapter( 5940): onBluetoothServiceUp: android.bluetooth.IBluetooth$Stub$Proxy@decde81
12-06 17:53:04.261 D/BluetoothAdapter( 4921): onBluetoothServiceUp: android.bluetooth.IBluetooth$Stub$Proxy@3fb0254
12-06 17:53:04.261 D/BluetoothAdapter( 2600): onBluetoothServiceUp: android.bluetooth.IBluetooth$Stub$Proxy@776aa7a
12-06 17:53:04.262 D/BluetoothAdapter( 4144): onBluetoothServiceUp: android.bluetooth.IBluetooth$Stub$Proxy@9b14050
12-06 17:53:04.262 D/BluetoothAdapter(30442): onBluetoothServiceUp: android.bluetooth.IBluetooth$Stub$Proxy@7c79a3c
12-06 17:53:04.262 D/BluetoothAdapter( 3704): onBluetoothServiceUp: android.bluetooth.IBluetooth$Stub$Proxy@77258f9
12-06 17:53:04.262 D/BluetoothAdapter( 3293): onBluetoothServiceUp: com.android.bluetooth.btservice.AdapterService$AdapterServiceBinder@c009031
12-06 17:53:04.263 D/BluetoothAdapterService( 3293): enable() - Enable called with quiet mode status =  false
12-06 17:53:04.263 D/BluetoothAdapterState( 3293): Current state: OFF, message: 0
12-06 17:53:04.263 D/BluetoothAdapterProperties( 3293): Setting state to 14
12-06 17:53:04.264 I/BluetoothAdapterState( 3293): Bluetooth adapter state changed: 10-> 14
12-06 17:53:04.264 D/BluetoothAdapterService( 3293): updateAdapterState() - Broadcasting state to 1 receivers.
12-06 17:53:04.264 D/BluetoothAdapterService( 3293): BleOnProcessStart()
12-06 17:53:04.264 D/BluetoothAdapterService( 3293): BleOnProcessStart() - Make Bond State Machine
12-06 17:53:04.264 D/BluetoothAdapterService( 3293): setProfileServiceState() - Starting service com.android.bluetooth.gatt.GattService
12-06 17:53:04.265 D/CompatibilityInfo( 1392): mCompatibilityFlags - 0
12-06 17:53:04.265 D/CompatibilityInfo( 1392): applicationDensity - 480
12-06 17:53:04.266 D/CompatibilityInfo( 1392): applicationScale - 1.0
12-06 17:53:04.266 I/BluetoothAdapterState( 3293): Entering PendingCommandState
12-06 17:53:04.266 D/BluetoothManagerService( 1392): MESSAGE_BLUETOOTH_STATE_CHANGE: OFF > BLE_TURNING_ON
12-06 17:53:04.266 D/BluetoothManagerService( 1392): Sending BLE State Change: OFF > BLE_TURNING_ON
12-06 17:53:04.267 D/CompatibilityInfo( 1392): mCompatibilityFlags - 10
12-06 17:53:04.267 D/CompatibilityInfo( 1392): applicationDensity - 480
12-06 17:53:04.267 D/CompatibilityInfo( 1392): applicationScale - 1.0
12-06 17:53:04.278 I/BtGatt.JNI( 3293): classInitNative(L871): classInitNative: Success!
12-06 17:53:04.282 D/BtGatt.DebugUtils( 3293): handleDebugAction() action=null
12-06 17:53:04.283 D/BluetoothAdapterService( 3293): getAdapterService() - returning com.android.bluetooth.btservice.AdapterService@ea65cb
12-06 17:53:04.284 D/BtGatt.GattService( 3293): Received start request. Starting profile...
12-06 17:53:04.284 I/bt_btif ( 3293): get_profile_interface: id = gatt
12-06 17:53:04.286 D/BluetoothAdapterService( 3293): getAdapterService() - returning com.android.bluetooth.btservice.AdapterService@ea65cb
12-06 17:53:04.294 I/zygote64( 3322): The ClassLoaderContext is a special shared library.
12-06 17:53:04.295 D/BluetoothAdapterService( 3293): getAdapterService() - returning com.android.bluetooth.btservice.AdapterService@ea65cb
12-06 17:53:04.295 D/BtGatt.GattService( 3293):  profile started successfully
12-06 17:53:04.295 D/BluetoothAdapterService( 3293): getAdapterService() - returning com.android.bluetooth.btservice.AdapterService@ea65cb
12-06 17:53:04.295 I/zygote64( 3322): The ClassLoaderContext is a special shared library.
12-06 17:53:04.296 D/BluetoothAdapterService( 3293): handleMessage() - Message: 1
12-06 17:53:04.296 D/BluetoothAdapterService( 3293): handleMessage() - MESSAGE_PROFILE_SERVICE_STATE_CHANGED
12-06 17:53:04.296 W/BluetoothAdapterService( 3293): onProfileServiceStateChange() serviceName=com.android.bluetooth.gatt.GattService, state=12, doUpdate=true
12-06 17:53:04.296 D/BluetoothAdapterService( 3293): processProfileServiceStateChanged() - serviceName=com.android.bluetooth.gatt.GattService isTurningOn=false isTurningOff=false isBleTurningOn=true isBleTurningOff=false
12-06 17:53:04.296 D/BluetoothAdapterService( 3293): GattService is started
12-06 17:53:04.297 V/BluetoothAdapterState( 3293): PendingCommand - transient state(s): isBleTurningOn
12-06 17:53:04.297 D/BluetoothAdapterState( 3293): Current state: PENDING_COMMAND, message: 4
12-06 17:53:04.297 I/zygote64( 3322): The ClassLoaderContext is a special shared library.
12-06 17:53:04.297 I/bt_btif ( 3293): enable: start restricted = 0
12-06 17:53:04.297 E/bt_vnd_log( 3293): init_vnd_Logger, Logger Not enabled from config file
12-06 17:53:04.297 I/bt_stack_manager( 3293): event_start_up_stack is bringing up the stack
12-06 17:53:04.298 I/bt_core_module( 3293): module_start_up Starting module "btif_config_module"
12-06 17:53:04.298 I/bt_core_module( 3293): module_start_up Started module "btif_config_module"
12-06 17:53:04.298 I/bt_core_module( 3293): module_start_up Starting module "btsnoop_module"
12-06 17:53:04.298 D/bt_snoop( 3293): start_up: vendor_logging_level values is 65535 
12-06 17:53:04.298 I/bt_core_module( 3293): module_start_up Started module "btsnoop_module"
12-06 17:53:04.298 I/bt_core_module( 3293): module_start_up Starting module "hci_module"
12-06 17:53:04.298 I/bt_hci  ( 3293): hci_module_start_up
12-06 17:53:04.298 I/bt_osi_thread( 3293): run_thread: thread id 3353, thread name hci_thread started
12-06 17:53:04.299 D/bt_osi_wakelock( 3293): wakelock_initialize_native opening wake locks
12-06 17:53:04.299 D/bt_hci  ( 3293): hci_module_start_up starting async portion
12-06 17:53:04.299 I/bt_hci  ( 3293): hci_initialize
12-06 17:53:04.299 W/zygote64( 3322): ClassLoaderContext classpath element mismatch for position 0. expected=/system/framework/android.test.mock.jar, found=/system/framework/com.google.android.maps.jar (PCL[/system/framework/android.test.mock.jar*1065265343:/system/framework/android.test.runner.jar*1742119008:/system/framework/com.google.android.maps.jar*1362947682] | PCL[/system/framework/com.google.android.maps.jar*1362947682:/system/framework/android.test.runner.jar*1742119008:/system/framework/android.test.mock.jar*1065265343])
12-06 17:53:04.299 W/zygote64( 3322): Found duplicate classes, falling back to extracting from APK : /data/app/com.evancharlton.mileage.test-1ZvZzOU0oHusOPtC93SDqQ==/base.apk
12-06 17:53:04.299 W/zygote64( 3322): NOTE: This wastes RAM and hurts startup performance.
12-06 17:53:04.300 W/zygote64( 3322): Found duplicated class when checking oat files: 'Ljunit/runner/BaseTestRunner;' in /data/app/com.evancharlton.mileage.test-1ZvZzOU0oHusOPtC93SDqQ==/base.apk and /system/framework/android.test.runner.jar
12-06 17:53:04.300 W/zygote64( 3322): 
12-06 17:53:04.300 I/bt_hci  ( 3293): hci_initialize: IBluetoothHci::getService() returned 0x78da0297a0 (remote)
12-06 17:53:04.301 W/vendor.qti.bluetooth@1.0-bluetooth_hci(  564): BluetoothHci::initialize()
12-06 17:53:04.301 W/vendor.qti.bluetooth@1.0-data_handler(  564): DataHandler:: Init()
12-06 17:53:04.301 E/vendor.qti.bluetooth@1.0-data_handler(  564): GetSocTypeInt: Failed to get soc type, so using pronto
12-06 17:53:04.301 I/vendor.qti.bluetooth@1.0-data_handler(  564): Open init_status 0 
12-06 17:53:04.301 D/vendor.qti.bluetooth@1.0-wake_lock(  564): Init wakelock is initiated 
12-06 17:53:04.302 D/vendor.qti.bluetooth@1.0-mct_transport(  564): Init:> soc_type: -236784256
12-06 17:53:04.309 I/vendor.qti.bluetooth@1.0-mct_transport(  564): Done intiailizing Bluetooth SMD transport 
12-06 17:53:04.309 D/vendor.qti.bluetooth@1.0-wake_lock(  564): Acquire wakelock is acquired 
12-06 17:53:04.309 E/vendor.qti.bluetooth@1.0-bluetooth_address(  564): CMD result: 0
12-06 17:53:04.309 E/vendor.qti.bluetooth@1.0-bluetooth_address(  564): BD address read for NV_BD_ADDR_I: b9:c8:3b:e4:f0:18
12-06 17:53:04.309 D/vendor.qti.bluetooth@1.0-nvm_tags_manager(  564): DownloadNvmTags: Downloading NVM TAG 2
12-06 17:53:04.309 I/vendor.qti.bluetooth@1.0-nvm_tags_manager(  564): BD Address: b9:c8:3b:e4:f0:18
12-06 17:53:04.311 D/vendor.qti.bluetooth@1.0-nvm_tags_manager(  564): DownloadNvmTags: Downloaded NVM TAG 2
12-06 17:53:04.311 D/vendor.qti.bluetooth@1.0-nvm_tags_manager(  564): DownloadNvmTags: Downloading NVM TAG 95
12-06 17:53:04.312 D/vendor.qti.bluetooth@1.0-nvm_tags_manager(  564): DownloadNvmTags: Downloaded NVM TAG 95
12-06 17:53:04.312 D/vendor.qti.bluetooth@1.0-nvm_tags_manager(  564): DownloadNvmTags: Downloading NVM TAG 83
12-06 17:53:04.312 D/vendor.qti.bluetooth@1.0-nvm_tags_manager(  564): DownloadNvmTags: Downloaded NVM TAG 83
12-06 17:53:04.312 D/vendor.qti.bluetooth@1.0-nvm_tags_manager(  564): DownloadNvmTags: Downloading NVM TAG 36
12-06 17:53:04.313 D/vendor.qti.bluetooth@1.0-nvm_tags_manager(  564): DownloadNvmTags: Downloaded NVM TAG 36
12-06 17:53:04.313 I/vendor.qti.bluetooth@1.0-nvm_tags_manager(  564): HciReset: HCI RESET 
12-06 17:53:04.367 E/adbd    ( 3362): failed to connect to socket 'tcp:7102': Connection refused
12-06 17:53:04.369 E/adbd    ( 3362): failed to connect to socket 'tcp:7102': Connection refused
12-06 17:53:04.369 W/zygote64( 3322): ClassLoaderContext classpath size mismatch for position 0. expected=0, found=4 (PCL[] | PCL[/system/framework/com.google.android.maps.jar*1362947682:/system/framework/android.test.runner.jar*1742119008:/system/framework/android.test.mock.jar*1065265343:/data/app/com.evancharlton.mileage.test-1ZvZzOU0oHusOPtC93SDqQ==/base.apk*3617058041])
12-06 17:53:04.383 I/vendor.qti.bluetooth@1.0-nvm_tags_manager(  564): HciReset: HCI RESET Done
12-06 17:53:04.383 W/System  ( 3322): ClassLoader referenced unknown path: 
12-06 17:53:04.383 E/vendor.qti.bluetooth@1.0-wake_lock(  564): Release wakelock is released 
12-06 17:53:04.383 D/Diag_Lib(  564): Init succeded
12-06 17:53:04.383 I/vendor.qti.bluetooth@1.0-data_handler(  564): Firmware download succeded
12-06 17:53:04.383 E/vendor.qti.bluetooth@1.0-async_fd_watcher(  564): ThreadRoutine unable to set SCHED_FIFO for pid 564, tid 3358, error Operation not permitted
12-06 17:53:04.384 I/bt_hci  ( 3293): event_finish_startup
12-06 17:53:04.384 I/bt_core_module( 3293): module_start_up Started module "hci_module"
12-06 17:53:04.384 I/bt_osi_thread( 3293): run_thread: thread id 3359, thread name bt_workqueue started
12-06 17:53:04.384 I/        ( 3293): [1206/175304:INFO:btu_task.cc(107)] Bluetooth chip preload is complete
12-06 17:53:04.384 W/bt_l2cap( 3293): L2CAP - L2CA_Register() called for PSM: 0x0001
12-06 17:53:04.384 W/bt_l2cap( 3293): L2CAP - L2CA_Register() called for PSM: 0x001f
12-06 17:53:04.384 I/        ( 3293): [1206/175304:INFO:gatt_api.cc(1006)] GATT_Register
12-06 17:53:04.385 I/        ( 3293): [1206/175304:INFO:gatt_api.cc(1029)] allocated gatt_if=1
12-06 17:53:04.385 I/        ( 3293): [1206/175304:INFO:gatt_api.cc(209)] GATTS_AddService
12-06 17:53:04.385 I/        ( 3293): [1206/175304:INFO:gatt_api.cc(319)] GATTS_AddService: service parsed correctly, now starting
12-06 17:53:04.385 E/        ( 3293): [1206/175304:ERROR:gatt_attr.cc(301)] gatt_profile_db_init:  gatt_if=1
12-06 17:53:04.385 W/bt_l2cap( 3293): L2CAP - L2CA_Register() called for PSM: 0x0003
12-06 17:53:04.385 I/        ( 3293): [1206/175304:INFO:gatt_api.cc(1006)] GATT_Register
12-06 17:53:04.385 I/        ( 3293): [1206/175304:INFO:gatt_api.cc(1029)] allocated gatt_if=2
12-06 17:53:04.385 I/        ( 3293): [1206/175304:INFO:gatt_api.cc(209)] GATTS_AddService
12-06 17:53:04.385 I/        ( 3293): [1206/175304:INFO:gatt_api.cc(319)] GATTS_AddService: service parsed correctly, now starting
12-06 17:53:04.386 I/bt_osi_thread( 3293): run_thread: thread id 3360, thread name btu message loop started
12-06 17:53:04.386 I/bt_osi_thread( 3293): run_thread: thread id 3361, thread name module_wrapper started
12-06 17:53:04.387 I/bt_core_module( 3293): module_start_up Starting module "controller_module"
12-06 17:53:04.413 I/System.out( 3322): Main activity name automatically set to: com.evancharlton.mileage.Mileage
12-06 17:53:04.415 I/System.out( 3322): Calabash did not load Mono. This is only a problem if you are trying to test a Mono application
12-06 17:53:04.415 I/calabash( 3322): Test server port: 7102
12-06 17:53:04.418 I/InstrumentationBackend( 3322): Added:'GetPreferences', with key:'get_preferences'
12-06 17:53:04.477 E/adbd    ( 3362): failed to connect to socket 'tcp:7102': Connection refused
12-06 17:53:04.479 E/adbd    ( 3362): failed to connect to socket 'tcp:7102': Connection refused
12-06 17:53:04.488 I/bt_core_module( 3293): module_start_up Started module "controller_module"
12-06 17:53:04.489 W/bt_osi_thread( 3293): run_thread: thread id 3361, thread name module_wrapper exited
12-06 17:53:04.489 W/bt_btm  ( 3293): btm_decode_ext_features_page: feature page 1 ignored
12-06 17:53:04.489 W/bt_btm  ( 3293): btm_decode_ext_features_page: feature page 2 ignored
12-06 17:53:04.489 I/bt_btm_sec( 3293): BTM_SecRegister p_cb_info->p_le_callback == 0x0x78caa451d0
12-06 17:53:04.489 I/bt_btm_sec( 3293): BTM_SecRegister btm_cb.api.p_le_callback = 0x0x78caa451d0 
12-06 17:53:04.489 I/bt_stack( 3293): [INFO:gatt_api.cc(1006)] GATT_Register
12-06 17:53:04.489 I/bt_stack( 3293): [INFO:gatt_api.cc(1029)] allocated gatt_if=3
12-06 17:53:04.503 I/bt_stack( 3293): [INFO:ble_advertiser_hci_interface.cc(713)] VSC advertising will be in use
12-06 17:53:04.503 I/bt_stack( 3293): [INFO:ble_advertiser_hci_interface.cc(264)] QuirkAdvertiserZeroHandle in use
12-06 17:53:04.503 D/BluetoothAdapterProperties( 3293): BT_PROPERTY_LOCAL_LE_FEATURES: update from BT controller mNumOfAdvertisementInstancesSupported = 10 mRpaOffloadSupported = true mNumOfOffloadedIrkSupported = 8 mNumOfOffloadedScanFilterSupported = 16 mOffloadedScanResultStorageBytes= 10240 mIsActivityAndEnergyReporting = true mVersSupported = 96 mTotNumOfTrackableAdv = 32 mIsExtendedScanSupported = true mIsDebugLogSupported = true mIsLe2MPhySupported = false mIsLeCodedPhySupported = false mIsLeExtendedAdvertisingSupported = false mIsLePeriodicAdvertisingSupported = false mLeMaximumAdvertisingDataLength = 31
