12-06 17:53:04.504 I/InstrumentationBackend( 3322): Added:'SetPreferences', with key:'set_preferences'
12-06 17:53:04.505 I/InstrumentationBackend( 3322): Added:'ClearPreferences', with key:'clear_preferences'
12-06 17:53:04.505 I/InstrumentationBackend( 3322): Added:'PressElement', with key:'press_l10n_element'
12-06 17:53:04.506 I/InstrumentationBackend( 3322): Added:'WaitForElement', with key:'wait_for_l10n_element'
12-06 17:53:04.507 E/bt_btif_storage( 3293): btif_storage_get_adapter_property: Controller ready!
12-06 17:53:04.507 I/bt_btif_storage( 3293): btif_storage_get_adapter_property service_mask:0x20000000
12-06 17:53:04.507 I/InstrumentationBackend( 3322): Added:'NullAction', with key:'nullAction'
12-06 17:53:04.508 I/InstrumentationBackend( 3322): Added:'PressKey', with key:'press_key'
12-06 17:53:04.509 I/InstrumentationBackend( 3322): Added:'SetActivityOrientation', with key:'set_activity_orientation'
12-06 17:53:04.509 D/BluetoothAdapterProperties( 3293): Address is:18:F0:E4:3B:C8:B9
12-06 17:53:04.509 I/InstrumentationBackend( 3322): Added:'GetActivityOrientation', with key:'get_activity_orientation'
12-06 17:53:04.510 I/InstrumentationBackend( 3322): Added:'FakeGPSLocation', with key:'set_gps_coordinates'
12-06 17:53:04.511 D/BluetoothManagerService( 1392): Bluetooth Adapter address changed to 18:F0:E4:3B:C8:B9
12-06 17:53:04.511 D/BluetoothManagerService( 1392): Stored Bluetoothaddress: 18:F0:E4:3B:C8:B9
12-06 17:53:04.511 I/InstrumentationBackend( 3322): Added:'SetPropertyByCssSelector', with key:'set_property_by_css_selector'
12-06 17:53:04.512 D/BluetoothManagerService( 1392): Bluetooth Adapter name changed to Mi A1
12-06 17:53:04.512 D/BluetoothAdapterProperties( 3293): Name is: Mi A1
12-06 17:53:04.512 D/BluetoothManagerService( 1392): Stored Bluetooth name: Mi A1
12-06 17:53:04.514 D/BluetoothAdapterProperties( 3293): Scan Mode:20
12-06 17:53:04.514 D/BluetoothAdapterProperties( 3293): Discoverable Timeout:120
12-06 17:53:04.515 I/InstrumentationBackend( 3322): Added:'GetUrl', with key:'get_url'
12-06 17:53:04.516 D/BluetoothAdapterProperties( 3293): Adding bonded device:74:95:EC:06:B2:4E
12-06 17:53:04.516 D/BluetoothAdapterProperties( 3293): Adding bonded device:04:5D:4B:5F:67:1E
12-06 17:53:04.516 D/BluetoothAdapterProperties( 3293): Adding bonded device:2C:41:A1:00:2E:B3
12-06 17:53:04.517 D/BluetoothAdapterProperties( 3293): Adding bonded device:7A:C9:A8:29:E8:25
12-06 17:53:04.517 D/BluetoothAdapterProperties( 3293): Adding bonded device:04:52:C7:82:07:96
12-06 17:53:04.517 D/BluetoothAdapterProperties( 3293): Adding bonded device:2C:41:A1:C6:E6:E1
12-06 17:53:04.519 I/InstrumentationBackend( 3322): Added:'ScrollTo', with key:'scroll_to'
12-06 17:53:04.520 I/InstrumentationBackend( 3322): Added:'GetLoadProgress', with key:'get_load_progress'
12-06 17:53:04.522 I/InstrumentationBackend( 3322): Added:'DumpHtml', with key:'dump_html'
12-06 17:53:04.522 I/InstrumentationBackend( 3322): Added:'DumpBodyHtml', with key:'dump_body_html'
12-06 17:53:04.523 I/InstrumentationBackend( 3322): Added:'EnterTextByCssSelector', with key:'enter_text_by_selector'
12-06 17:53:04.525 D/A2dpService( 3293): getA2dpService(): service is NULL
12-06 17:53:04.534 I/bt_btif_core( 3293): btif_enable_bluetooth_evt entered: status 0
12-06 17:53:04.534 I/bt_osi_thread( 3293): run_thread: thread id 3364, thread name btif_sock started
12-06 17:53:04.535 D/bt_bte_conf( 3293): Device ID record 1 : primary
12-06 17:53:04.535 D/bt_bte_conf( 3293):   vendorId            = 001d
12-06 17:53:04.535 D/bt_bte_conf( 3293):   vendorIdSource      = 0001
12-06 17:53:04.535 D/bt_bte_conf( 3293):   product             = 1200
12-06 17:53:04.535 D/bt_bte_conf( 3293):   version             = 1436
12-06 17:53:04.535 D/bt_bte_conf( 3293):   clientExecutableURL = 
12-06 17:53:04.535 D/bt_bte_conf( 3293):   serviceDescription  = 
12-06 17:53:04.535 D/bt_bte_conf( 3293):   documentationURL    = 
12-06 17:53:04.535 D/bt_bte_conf( 3293): bte_load_did_conf no section named DID2.
12-06 17:53:04.535 I/bt_btif_core( 3293): btif_enable_bluetooth_evt finished
12-06 17:53:04.535 I/bt_stack_manager( 3293): event_start_up_stack finished
12-06 17:53:04.535 V/BluetoothAdapterState( 3293): PendingCommand - transient state(s): isBleTurningOn
12-06 17:53:04.536 D/BluetoothAdapterState( 3293): Current state: PENDING_COMMAND, message: 3
12-06 17:53:04.536 D/BluetoothAdapterProperties( 3293): Setting state to 15
12-06 17:53:04.536 I/BluetoothAdapterState( 3293): Bluetooth adapter state changed: 14-> 15
12-06 17:53:04.536 D/BluetoothAdapterService( 3293): updateAdapterState() - Broadcasting state to 1 receivers.
12-06 17:53:04.536 I/BluetoothAdapterState( 3293): Entering BleOnState
12-06 17:53:04.536 D/BluetoothManagerService( 1392): MESSAGE_BLUETOOTH_STATE_CHANGE: BLE_TURNING_ON > BLE_ON
12-06 17:53:04.536 D/BluetoothManagerService( 1392): Bluetooth is in LE only mode
12-06 17:53:04.536 D/BluetoothManagerService( 1392): Binding Bluetooth GATT service
12-06 17:53:04.537 D/BluetoothManagerService( 1392): Sending BLE State Change: BLE_TURNING_ON > BLE_ON
12-06 17:53:04.538 D/BluetoothManagerService( 1392): BluetoothServiceConnection: com.android.bluetooth.gatt.GattService
12-06 17:53:04.538 D/BluetoothManagerService( 1392): MESSAGE_BLUETOOTH_SERVICE_CONNECTED: 2
12-06 17:53:04.538 D/BluetoothManagerService( 1392): BluetoothGatt Service is Up
12-06 17:53:04.538 I/InstrumentationBackend( 3322): Added:'AndroidSDKVersion', with key:'android_sdk_version'
12-06 17:53:04.539 D/BluetoothManagerService( 1392): isBleAppPresent() count: 1
12-06 17:53:04.539 I/InstrumentationBackend( 3322): Added:'Version', with key:'version'
12-06 17:53:04.540 I/InstrumentationBackend( 3322): Added:'Drag', with key:'drag'
12-06 17:53:04.541 I/InstrumentationBackend( 3322): Added:'TouchCoordinates', with key:'touch_coordinate'
12-06 17:53:04.541 I/InstrumentationBackend( 3322): Added:'LongPressCoordinate', with key:'long_press_coordinate'
12-06 17:53:04.542 I/InstrumentationBackend( 3322): Added:'DragCoordinates', with key:'drag_coordinates'
12-06 17:53:04.543 I/BeaconBle( 4144): Resetting - new scanner available: true
12-06 17:53:04.544 I/InstrumentationBackend( 3322): Added:'ResumeApplication', with key:'resume_application'
12-06 17:53:04.544 I/InstrumentationBackend( 3322): Added:'Swipe', with key:'swipe'
12-06 17:53:04.545 I/InstrumentationBackend( 3322): Added:'DoubleTapCoordinate', with key:'double_tap_coordinate'
12-06 17:53:04.546 I/InstrumentationBackend( 3322): Added:'ClickOnScreen', with key:'click_on_screen'
12-06 17:53:04.546 D/A2dpService( 3293): getA2dpService(): service is NULL
12-06 17:53:04.548 I/BeaconBle( 4144): 'L' hardware scan: 1 filters, scanMode=-1, reportdelay=0, callback type=1, #clients=1, workSource=WorkSource{}
12-06 17:53:04.549 I/InstrumentationBackend( 3322): Added:'GetActivityName', with key:'get_activity_name'
12-06 17:53:04.549 I/BeaconBle( 4144): Starting scan on OS scanner. BT state: 15
12-06 17:53:04.549 D/BluetoothAdapter( 4144): isLeEnabled(): BLE_ON
12-06 17:53:04.550 I/InstrumentationBackend( 3322): Added:'ScrollToView', with key:'scroll_to_view'
12-06 17:53:04.551 I/InstrumentationBackend( 3322): Added:'ViewConfiguration', with key:'view_configuration'
12-06 17:53:04.552 D/CompatibilityInfo( 1392): mCompatibilityFlags - 0
12-06 17:53:04.552 D/CompatibilityInfo( 1392): applicationDensity - 480
12-06 17:53:04.552 D/CompatibilityInfo( 1392): applicationScale - 1.0
12-06 17:53:04.552 I/InstrumentationBackend( 3322): Added:'IsCurrentActivityFocused', with key:'is_current_activity_focused'
12-06 17:53:04.553 I/InstrumentationBackend( 3322): Added:'SendTcp', with key:'send_tcp'
12-06 17:53:04.554 I/InstrumentationBackend( 3322): Added:'DpToDevicePixel', with key:'dp_to_device_pixel'
12-06 17:53:04.556 I/InstrumentationBackend( 3322): Added:'KeyboardEnterText', with key:'keyboard_enter_text'
12-06 17:53:04.557 I/InstrumentationBackend( 3322): Added:'DeleteSurroundingText', with key:'delete_surrounding_text'
12-06 17:53:04.558 I/InstrumentationBackend( 3322): Added:'SetComposingRegion', with key:'set_composing_region'
12-06 17:53:04.558 I/InstrumentationBackend( 3322): Added:'SetSelection', with key:'set_selection'
12-06 17:53:04.559 I/InstrumentationBackend( 3322): Added:'KeyboardKeyEvent', with key:'keyboard_key_event'
12-06 17:53:04.560 I/InstrumentationBackend( 3322): Added:'PressUserActionButton', with key:'press_user_action_button'
12-06 17:53:04.561 D/A2dpService( 3293): getA2dpService(): service is NULL
12-06 17:53:04.562 I/InstrumentationBackend( 3322): Added:'HideSoftKeyboard', with key:'hide_soft_keyboard'
12-06 17:53:04.565 I/InstrumentationBackend( 3322): Added:'ListActions', with key:'list_actions'
12-06 17:53:04.566 I/calabash( 3322): Instantiating http server at 7102
12-06 17:53:04.569 D/A2dpService( 3293): getA2dpService(): service is NULL
12-06 17:53:04.569 I/System.out( 3322): HTTP Daemon listening on: 7102
12-06 17:53:04.571 I/bt_stack( 3293): [INFO:gatt_api.cc(1006)] GATT_Register
12-06 17:53:04.571 I/bt_stack( 3293): [INFO:gatt_api.cc(1029)] allocated gatt_if=4
12-06 17:53:04.572 D/BluetoothLeScanner( 4144): onScannerRegistered() - status=0 scannerId=4 mScannerId=0
12-06 17:53:04.578 D/A2dpService( 3293): getA2dpService(): service is NULL
12-06 17:53:04.582 D/BluetoothAdapterService( 3293): getAdapterService() - returning com.android.bluetooth.btservice.AdapterService@ea65cb
12-06 17:53:04.584 D/A2dpService( 3293): getA2dpService(): service is NULL
12-06 17:53:04.589 I/System.out( 3322): URI: //ping
12-06 17:53:04.590 I/System.out( 3322): params: {json={}
12-06 17:53:04.590 I/System.out( 3322): }
12-06 17:53:04.603 I/System.out( 3322): URI: //ping
12-06 17:53:04.604 I/System.out( 3322): params: {json={}
12-06 17:53:04.604 I/System.out( 3322): }
12-06 17:53:04.616 I/System.out( 3322): URI: //ready
12-06 17:53:04.616 I/System.out( 3322): params: {json={}
12-06 17:53:04.616 I/System.out( 3322): }
12-06 17:53:04.626 I/System.out( 3322): URI: //
12-06 17:53:04.626 I/System.out( 3322): params: {json={"command":"version","arguments":[]}
12-06 17:53:04.626 I/System.out( 3322): }
12-06 17:53:04.627 I/System.out( 3322): header: {content-type=application/json;charset=utf-8, date=Thu, 06 Dec 2018 22:53:05 GMT, accept=*/*, host=127.0.0.1:34777, content-length=36, user-agent=HTTPClient/1.0 (2.8.3, ruby 2.5.1 (2018-03-29))}
12-06 17:53:04.627 I/System.out( 3322): params: {json={"command":"version","arguments":[]}
12-06 17:53:04.627 I/System.out( 3322): }
12-06 17:53:04.627 I/System.out( 3322): ProP json = {"command":"version","arguments":[]}
12-06 17:53:04.627 I/System.out( 3322): files: {}
12-06 17:53:04.627 I/System.out( 3322): command: {"command":"version","arguments":[]}
12-06 17:53:04.671 I/InstrumentationBackend( 3322): Got command:'Command:'Line:null,version', arguments:'[]'
12-06 17:53:04.760 I/System.out( 3322): result:{"bonusInformation":[],"message":"0.9.8","success":true}
12-06 17:53:04.771 I/System.out( 3322): URI: //start-application
12-06 17:53:04.771 I/System.out( 3322): params: {json={"intent":null}
12-06 17:53:04.771 I/System.out( 3322): }
12-06 17:53:04.886 I/ActivityManager( 1392): START u0 {act=android.intent.action.MAIN cat=[android.intent.category.LAUNCHER] flg=0x10200000 cmp=com.evancharlton.mileage/.Mileage} from uid 10258
12-06 17:53:04.887 E/ANDR-PERF-MPCTL(  588): Invalid profile no. 0, total profiles 0 only
12-06 17:53:04.888 E/ANDR-PERF-JNI( 1392): com_qualcomm_qtiperformance_native_perf_io_prefetch_start
12-06 17:53:04.891 D/ActivityTrigger( 1392): activityStartTrigger: Activity is Triggerred in full screen ApplicationInfo{4db0870 com.evancharlton.mileage}
12-06 17:53:04.891 E/ActivityTrigger( 1392): activityStartTrigger: not whiteListedcom.evancharlton.mileage/com.evancharlton.mileage.Mileage/3110
12-06 17:53:04.891 D/CompatibilityInfo( 1392): mCompatibilityFlags - 10
12-06 17:53:04.891 D/CompatibilityInfo( 1392): applicationDensity - 480
12-06 17:53:04.891 D/CompatibilityInfo( 1392): applicationScale - 1.0
12-06 17:53:04.892 D/ActivityTrigger( 1392): activityResumeTrigger: The activity in ApplicationInfo{4db0870 com.evancharlton.mileage} is now in focus and seems to be in full-screen mode
12-06 17:53:04.892 E/ActivityTrigger( 1392): activityResumeTrigger: not whiteListedcom.evancharlton.mileage/com.evancharlton.mileage.Mileage/3110
12-06 17:53:04.892 D/ActivityTrigger( 1392): ActivityTrigger activityPauseTrigger 
12-06 17:53:04.896 D/ActivityTrigger( 1392): activityResumeTrigger: The activity in ApplicationInfo{4db0870 com.evancharlton.mileage} is now in focus and seems to be in full-screen mode
12-06 17:53:04.896 E/ActivityTrigger( 1392): activityResumeTrigger: not whiteListedcom.evancharlton.mileage/com.evancharlton.mileage.Mileage/3110
12-06 17:53:04.901 D/CompatibilityInfo( 1392): mCompatibilityFlags - 10
12-06 17:53:04.901 D/CompatibilityInfo( 1392): applicationDensity - 480
12-06 17:53:04.901 D/CompatibilityInfo( 1392): applicationScale - 1.0
12-06 17:53:04.914 I/calabash( 3322): newActivity1
12-06 17:53:04.946 V/StatusBar( 2600): setLightsOn(true)
12-06 17:53:04.958 I/chatty  ( 2600): uid=10030(com.android.systemui) identical 1 line
12-06 17:53:04.974 V/StatusBar( 2600): setLightsOn(true)
12-06 17:53:04.986 W/ActivityManager( 1392): Bad activity token: android.os.BinderProxy@e8537ae
12-06 17:53:04.986 W/ActivityManager( 1392): java.lang.ClassCastException: android.os.BinderProxy cannot be cast to com.android.server.am.ActivityRecord$Token
12-06 17:53:04.986 W/ActivityManager( 1392): 	at com.android.server.am.ActivityRecord.forTokenLocked(ActivityRecord.java:816)
12-06 17:53:04.986 W/ActivityManager( 1392): 	at com.android.server.am.ActivityRecord.isInStackLocked(ActivityRecord.java:2154)
12-06 17:53:04.986 W/ActivityManager( 1392): 	at com.android.server.am.ActivityRecord.getStackLocked(ActivityRecord.java:2159)
12-06 17:53:04.986 W/ActivityManager( 1392): 	at com.android.server.am.ActivityManagerService.getActivityDisplayId(ActivityManagerService.java:10744)
12-06 17:53:04.986 W/ActivityManager( 1392): 	at android.app.IActivityManager$Stub.onTransact(IActivityManager.java:2734)
12-06 17:53:04.986 W/ActivityManager( 1392): 	at com.android.server.am.ActivityManagerService.onTransact(ActivityManagerService.java:2971)
12-06 17:53:04.986 W/ActivityManager( 1392): 	at android.os.Binder.execTransact(Binder.java:697)
12-06 17:53:04.987 I/calabash( 3322): newActivity1
12-06 17:53:05.000 W/ActivityManager( 1392): Bad activity token: android.os.BinderProxy@e8537ae
12-06 17:53:05.000 W/ActivityManager( 1392): java.lang.ClassCastException: android.os.BinderProxy cannot be cast to com.android.server.am.ActivityRecord$Token
12-06 17:53:05.000 W/ActivityManager( 1392): 	at com.android.server.am.ActivityRecord.forTokenLocked(ActivityRecord.java:816)
12-06 17:53:05.000 W/ActivityManager( 1392): 	at com.android.server.am.ActivityRecord.isInStackLocked(ActivityRecord.java:2154)
12-06 17:53:05.000 W/ActivityManager( 1392): 	at com.android.server.am.ActivityManagerService.setTaskDescription(ActivityManagerService.java:10345)
12-06 17:53:05.000 W/ActivityManager( 1392): 	at android.app.IActivityManager$Stub.onTransact(IActivityManager.java:2820)
12-06 17:53:05.000 W/ActivityManager( 1392): 	at com.android.server.am.ActivityManagerService.onTransact(ActivityManagerService.java:2971)
12-06 17:53:05.000 W/ActivityManager( 1392): 	at android.os.Binder.execTransact(Binder.java:697)
12-06 17:53:05.001 W/ActivityManager( 1392): Bad activity token: android.os.BinderProxy@e8537ae
12-06 17:53:05.001 W/ActivityManager( 1392): java.lang.ClassCastException: android.os.BinderProxy cannot be cast to com.android.server.am.ActivityRecord$Token
12-06 17:53:05.001 W/ActivityManager( 1392): 	at com.android.server.am.ActivityRecord.forTokenLocked(ActivityRecord.java:816)
12-06 17:53:05.001 W/ActivityManager( 1392): 	at com.android.server.am.ActivityRecord.isInStackLocked(ActivityRecord.java:2154)
12-06 17:53:05.001 W/ActivityManager( 1392): 	at com.android.server.am.ActivityRecord.getStackLocked(ActivityRecord.java:2159)
12-06 17:53:05.001 W/ActivityManager( 1392): 	at com.android.server.am.ActivityManagerService.getActivityStackId(ActivityManagerService.java:10755)
12-06 17:53:05.001 W/ActivityManager( 1392): 	at android.app.IActivityManager$Stub.onTransact(IActivityManager.java:3513)
12-06 17:53:05.001 W/ActivityManager( 1392): 	at com.android.server.am.ActivityManagerService.onTransact(ActivityManagerService.java:2971)
12-06 17:53:05.001 W/ActivityManager( 1392): 	at android.os.Binder.execTransact(Binder.java:697)
12-06 17:53:05.077 D/HxBatteryStatusReceiver(11834): onReceiveandroid.intent.action.BATTERY_CHANGED
12-06 17:53:05.092 D/KeyguardUpdateMonitor( 2600): received broadcast android.intent.action.BATTERY_CHANGED
12-06 17:53:05.112 D/KeyguardUpdateMonitor( 2600): handleBatteryUpdate
12-06 17:53:05.153 W/ActivityManager( 1392): Bad activity token: android.os.BinderProxy@e8537ae
12-06 17:53:05.153 W/ActivityManager( 1392): java.lang.ClassCastException: android.os.BinderProxy cannot be cast to com.android.server.am.ActivityRecord$Token
12-06 17:53:05.153 W/ActivityManager( 1392): 	at com.android.server.am.ActivityRecord.forTokenLocked(ActivityRecord.java:816)
12-06 17:53:05.153 W/ActivityManager( 1392): 	at com.android.server.am.ActivityRecord.isInStackLocked(ActivityRecord.java:2154)
12-06 17:53:05.153 W/ActivityManager( 1392): 	at com.android.server.am.ActivityManagerService.getActivityOptions(ActivityManagerService.java:13590)
12-06 17:53:05.153 W/ActivityManager( 1392): 	at android.app.IActivityManager$Stub.onTransact(IActivityManager.java:2906)
12-06 17:53:05.153 W/ActivityManager( 1392): 	at com.android.server.am.ActivityManagerService.onTransact(ActivityManagerService.java:2971)
12-06 17:53:05.153 W/ActivityManager( 1392): 	at android.os.Binder.execTransact(Binder.java:697)
12-06 17:53:05.154 W/ActivityManager( 1392): Bad activity token: android.os.BinderProxy@e8537ae
12-06 17:53:05.154 W/ActivityManager( 1392): java.lang.ClassCastException: android.os.BinderProxy cannot be cast to com.android.server.am.ActivityRecord$Token
12-06 17:53:05.154 W/ActivityManager( 1392): 	at com.android.server.am.ActivityRecord.forTokenLocked(ActivityRecord.java:816)
12-06 17:53:05.154 W/ActivityManager( 1392): 	at com.android.server.am.ActivityRecord.isInStackLocked(ActivityRecord.java:2154)
12-06 17:53:05.154 W/ActivityManager( 1392): 	at com.android.server.am.ActivityManagerService.getActivityOptions(ActivityManagerService.java:13590)
12-06 17:53:05.154 W/ActivityManager( 1392): 	at android.app.IActivityManager$Stub.onTransact(IActivityManager.java:2906)
12-06 17:53:05.154 W/ActivityManager( 1392): 	at com.android.server.am.ActivityManagerService.onTransact(ActivityManagerService.java:2971)
12-06 17:53:05.154 W/ActivityManager( 1392): 	at android.os.Binder.execTransact(Binder.java:697)
12-06 17:53:05.243 V/StatusBar( 2600): setLightsOn(true)
12-06 17:53:05.324 I/chatty  ( 2600): uid=10030(com.android.systemui) identical 3 lines
12-06 17:53:05.361 V/StatusBar( 2600): setLightsOn(true)
12-06 17:53:05.374 I/zygote64( 3322): Do partial code cache collection, code=30KB, data=21KB
12-06 17:53:05.374 I/zygote64( 3322): After code cache collection, code=30KB, data=21KB
12-06 17:53:05.374 I/zygote64( 3322): Increasing code cache capacity to 128KB
12-06 17:53:05.382 D/vndksupport( 3322): Loading /vendor/lib64/hw/android.hardware.graphics.mapper@2.0-impl.so from current namespace instead of sphal namespace.
12-06 17:53:05.383 D/vndksupport( 3322): Loading /vendor/lib64/hw/gralloc.msm8953.so from current namespace instead of sphal namespace.
12-06 17:53:05.391 D/OpenGLRenderer( 3322): HWUI GL Pipeline
12-06 17:53:05.417 V/StatusBar( 2600): setLightsOn(true)
12-06 17:53:05.419 I/chatty  ( 2600): uid=10030(com.android.systemui) identical 1 line
12-06 17:53:05.421 V/StatusBar( 2600): setLightsOn(true)
12-06 17:53:05.423 I/ActivityManager( 1392): Displayed com.evancharlton.mileage/.Mileage: +522ms
12-06 17:53:05.423 E/ANDR-PERF-JNI( 1392): com_qualcomm_qtiperformance_native_perf_io_prefetch_start
12-06 17:53:05.427 V/StatusBar( 2600): setLightsOn(true)
12-06 17:53:05.581 I/System.out( 3322): URI: //map
12-06 17:53:05.582 I/System.out( 3322): params: {json={"query":"android.widget.EditText id:'price'","operation":{"method_name":"query","arguments":[]}}
12-06 17:53:05.582 I/System.out( 3322): }
12-06 17:53:05.594 V/StatusBar( 2600): setLightsOn(true)
12-06 17:53:05.661 I/chatty  ( 2600): uid=10030(com.android.systemui) identical 2 lines
12-06 17:53:05.663 V/StatusBar( 2600): setLightsOn(true)
12-06 17:53:05.665 D/ActivityTrigger( 1392): ActivityTrigger activityStopTrigger 
12-06 17:53:05.714 W/ResourceType( 3322): No package identifier when getting name for resource number 0x00000001
12-06 17:53:05.773 I/PBSessionCacheImpl( 3727): Deleted sessionId[61244495138963] from persistence.
12-06 17:53:05.777 I/WifiService( 1392): getConnectionInfo uid=10035
12-06 17:53:05.778 I/WifiService( 1392): getWifiEnabledState uid=10035
12-06 17:53:05.781 W/SearchServiceCore( 3727): Abort, client detached.
12-06 17:53:05.782 I/StreamController( 3727): cleanUpControllerScope(nowcards-15-655fb13-4ae2)
12-06 17:53:05.787 I/WorkerManager( 3727): dispose()
12-06 17:53:05.792 I/WorkController( 3727): WorkProxy is not enqueued because WorkController is disposed: WorkProxy{Name=context::h, WorkerId=context, id=5cc9fd0}
12-06 17:53:05.792 I/WorkController( 3727): WorkProxy is not enqueued because WorkController is disposed: WorkProxy{Name=context::j, WorkerId=context, id=bb19bc9}
12-06 17:53:05.792 I/WorkController( 3727): WorkProxy is not enqueued because WorkController is disposed: WorkProxy{Name=context::k, WorkerId=context, id=e8cc2ce}
12-06 17:53:05.793 I/WorkController( 3727): WorkProxy is not enqueued because WorkController is disposed: WorkProxy{Name=context::i, WorkerId=context, id=e9de5ef}
12-06 17:53:05.793 I/WorkController( 3727): WorkProxy is not enqueued because WorkController is disposed: WorkProxy{Name=context::m, WorkerId=context, id=b23e8fc}
12-06 17:53:05.817 D/CompatibilityInfo( 1392): mCompatibilityFlags - 0
12-06 17:53:05.817 D/CompatibilityInfo( 1392): applicationDensity - 480
12-06 17:53:05.817 D/CompatibilityInfo( 1392): applicationScale - 1.0
12-06 17:53:05.830 I/Places  ( 4144): ?: PlacesBleScanner stop()
12-06 17:53:05.832 D/BluetoothAdapter( 4144): disableBLE(): de-registering com.google.android.gms
12-06 17:53:05.832 D/BluetoothManagerService( 1392): Unregistered for death of com.google.android.gms
12-06 17:53:05.832 D/BluetoothManagerService( 1392): 0 registered Ble Apps
12-06 17:53:05.832 D/BluetoothManagerService( 1392): Reseting the mEnable flag for clean disable
12-06 17:53:05.832 I/PlaceInferenceEngine( 4144): [anon] Changed inference mode: 0
12-06 17:53:05.833 D/BluetoothManagerService( 1392): Move to BT state OFF
12-06 17:53:05.833 D/BluetoothManagerService( 1392): Calling sendBrEdrDownCallback callbacks
12-06 17:53:05.833 D/BluetoothManagerService( 1392): isBleAppPresent() count: 0
12-06 17:53:05.833 D/BluetoothAdapterState( 3293): Current state: BLE ON, message: 20
12-06 17:53:05.833 D/BluetoothAdapterProperties( 3293): Setting state to 16
12-06 17:53:05.833 I/BluetoothAdapterState( 3293): Bluetooth adapter state changed: 15-> 16
12-06 17:53:05.833 D/BluetoothAdapterService( 3293): updateAdapterState() - Broadcasting state to 1 receivers.
12-06 17:53:05.834 D/BluetoothAdapterProperties( 3293): onBleDisable
12-06 17:53:05.834 D/BluetoothManagerService( 1392): MESSAGE_BLUETOOTH_STATE_CHANGE: BLE_ON > BLE_TURNING_OFF
12-06 17:53:05.834 D/BluetoothManagerService( 1392): Sending BLE State Change: BLE_ON > BLE_TURNING_OFF
12-06 17:53:05.834 I/bt_stack_manager( 3293): event_shut_down_stack is bringing down the stack
12-06 17:53:05.834 I/bt_btif_core( 3293): btif_disable_bluetooth entered
12-06 17:53:05.834 I/BluetoothAdapterState( 3293): Entering PendingCommandState
12-06 17:53:05.834 E/bt_btif ( 3293): bta_jv_disable
12-06 17:53:05.834 W/bt_osi_thread( 3293): run_thread: thread id 3364, thread name btif_sock exited
12-06 17:53:05.835 D/BluetoothAdapterProperties( 3293): Scan Mode:20
12-06 17:53:05.835 I/bt_btif_core( 3293): btif_disable_bluetooth finished
12-06 17:53:05.835 W/bt_btif ( 3293): bta_dm_disable BTA_DISABLE_DELAY set to 200 ms
12-06 17:53:05.835 I/bt_core_module( 3293): module_shut_down Shutting down module "btif_config_module"
12-06 17:53:05.837 I/BeaconBle( 4144): Stopping scan on delegate scanner. BT state: 16
12-06 17:53:05.837 D/BluetoothAdapter( 4144): isLeEnabled(): BLE_TURNING_OFF
12-06 17:53:05.837 I/BeaconBle( 4144): Exception caught calling mLeScanner.stopScan() java.lang.IllegalStateException: BT Adapter is not turned ON
12-06 17:53:05.837 I/BeaconBle( 4144): Delegate scanner is not available. stopScan ignored
12-06 17:53:05.838 I/BeaconBle( 4144): Resetting - new scanner available: false
12-06 17:53:05.838 I/BeaconBle( 4144): 'L' hardware scan: scan stopped, no clients
12-06 17:53:05.838 I/BeaconBle( 4144): Places requested to stop scan
12-06 17:53:05.838 I/BeaconBle( 4144): Scan canceled successfully.
12-06 17:53:05.839 I/bt_core_module( 3293): module_shut_down Shutdown of module "btif_config_module" completed
12-06 17:53:05.851 I/GeofencerStateMachine( 4144): removeGeofences: removeRequest=RemoveGeofencingRequest[REMOVE_BY_PENDING_INTENT pendingIntent=PendingIntent[creatorPackage=com.google.android.gms], packageName=null]
12-06 17:53:05.866 I/System.out( 3322): URI: //gesture
12-06 17:53:05.867 I/System.out( 3322): params: {json={"query_timeout":5.0,"gestures":[{"query_string":"android.widget.EditText id:'price'","touches":[{"x":50,"y":50,"offset_x":0,"offset_y":0,"wait":0.0,"time":0.2,"release":true,"query_string":null}]}]}
12-06 17:53:05.867 I/System.out( 3322): }
12-06 17:53:05.912 W/ResourceType( 3322): No package identifier when getting name for resource number 0x00000001
12-06 17:53:05.998 D/CompatibilityInfo( 1392): mCompatibilityFlags - 0
12-06 17:53:05.998 D/CompatibilityInfo( 1392): applicationDensity - 480
12-06 17:53:05.998 D/CompatibilityInfo( 1392): applicationScale - 1.0
12-06 17:53:06.000 D/CompatibilityInfo( 1392): mCompatibilityFlags - 0
12-06 17:53:06.000 D/CompatibilityInfo( 1392): applicationDensity - 480
12-06 17:53:06.000 D/CompatibilityInfo( 1392): applicationScale - 1.0
12-06 17:53:06.009 I/SearchServiceCore( 3727): Event Bus thread is enabled
12-06 17:53:06.035 I/bt_btif_core( 3293): btif_disable_bluetooth_evt entered
12-06 17:53:06.035 I/bt_core_module( 3293): module_shut_down Shutting down module "hci_module"
12-06 17:53:06.035 I/bt_hci  ( 3293): hci_module_shut_down
12-06 17:53:06.035 I/bt_hci  ( 3293): hci_close
12-06 17:53:06.035 W/vendor.qti.bluetooth@1.0-bluetooth_hci(  564): BluetoothHci::close()
12-06 17:53:06.035 I/vendor.qti.bluetooth@1.0-data_handler(  564): Sending HCI Reset 
12-06 17:53:06.044 I/zygote64( 3322): Do partial code cache collection, code=61KB, data=42KB
12-06 17:53:06.045 I/zygote64( 3322): After code cache collection, code=61KB, data=42KB
12-06 17:53:06.045 I/zygote64( 3322): Increasing code cache capacity to 256KB
12-06 17:53:06.112 W/vendor.qti.bluetooth@1.0-data_handler(  564): OnPacketReady: Received event for command sent internally: 03 0c 
12-06 17:53:06.112 W/vendor.qti.bluetooth@1.0-data_handler(  564): DataHandler::CleanUp()
12-06 17:53:06.112 D/vendor.qti.bluetooth@1.0-data_handler(  564): Close: Wait for collecting crash dump to finish
12-06 17:53:06.112 I/vendor.qti.bluetooth@1.0-data_handler(  564): DataHandler:: init_status 3
12-06 17:53:06.112 W/vendor.qti.bluetooth@1.0-async_fd_watcher(  564): StopThread: stopped the work thread
12-06 17:53:06.112 I/vendor.qti.bluetooth@1.0-mct_transport(  564): CleanUp:> soc_type: 0
12-06 17:53:06.223 I/Conv2QueryExtension( 4317): com.google.android.apps.inputmethod.libs.search.sense.ConversationToQueryExtension: Current locale: en_US, config allows these locales: de,en,fr,it,es,pt
12-06 17:53:06.223 I/Conv2QueryExtension( 4317): com.google.android.apps.inputmethod.libs.search.sense.ConversationToQueryExtension: Conv2Query not enabled due to current app [com.evancharlton.mileage] not in whitelist
12-06 17:53:06.223 I/Conv2QueryExtension( 4317): com.google.android.apps.inputmethod.libs.search.sense.ConversationToQueryExtension: onActivate() : Disabled by unsupported host app
12-06 17:53:06.224 I/CurrentMicStatusHolder( 4317): ghf: Current Mic status = {MicIconHidden-PasswordOrNumberOrDateInputType,}
12-06 17:53:06.232 V/StatusBar( 2600): setLightsOn(true)
12-06 17:53:06.275 I/chatty  ( 2600): uid=10030(com.android.systemui) identical 3 lines
12-06 17:53:06.279 V/StatusBar( 2600): setLightsOn(true)
12-06 17:53:06.288 W/vendor.qti.bluetooth@1.0-data_handler(  564): controller Cleanup done
12-06 17:53:06.288 I/vendor.qti.bluetooth@1.0-data_handler(  564): DataHandler:: joined Init thread 
12-06 17:53:06.288 D/vendor.qti.bluetooth@1.0-wake_lock(  564): CleanUp wakelock is destroyed 
12-06 17:53:06.288 W/vendor.qti.bluetooth@1.0-bluetooth_hci(  564): BluetoothHci::close, finish cleanup
12-06 17:53:06.288 W/bt_osi_thread( 3293): run_thread: thread id 3353, thread name hci_thread exited
12-06 17:53:06.289 I/bt_core_module( 3293): module_shut_down Shutdown of module "hci_module" completed
12-06 17:53:06.289 I/bt_core_module( 3293): module_shut_down Shutting down module "btsnoop_module"
12-06 17:53:06.289 I/bt_core_module( 3293): module_shut_down Shutdown of module "btsnoop_module" completed
12-06 17:53:06.289 I/bt_core_module( 3293): module_clean_up Cleaning up module "bte_logmsg_module"
12-06 17:53:06.289 I/bt_core_module( 3293): module_clean_up Cleanup of module "bte_logmsg_module" completed
12-06 17:53:06.289 W/bt_osi_thread( 3293): run_thread: thread id 3359, thread name bt_workqueue exited
12-06 17:53:06.290 I/bt_btif_core( 3293): btif_disable_bluetooth_evt finished
12-06 17:53:06.290 I/bt_core_module( 3293): module_shut_down Shutting down module "controller_module"
12-06 17:53:06.290 I/bt_core_module( 3293): module_shut_down Shutdown of module "controller_module" completed
12-06 17:53:06.290 I/bt_stack_manager( 3293): event_shut_down_stack finished
12-06 17:53:06.290 V/BluetoothAdapterState( 3293): PendingCommand - transient state(s): isBleTurningOff
12-06 17:53:06.290 D/BluetoothAdapterState( 3293): Current state: PENDING_COMMAND, message: 24
12-06 17:53:06.290 D/BluetoothAdapterService( 3293): stopGattProfileService()
12-06 17:53:06.290 D/BluetoothAdapterService( 3293): setProfileServiceState() - Stopping service com.android.bluetooth.gatt.GattService
12-06 17:53:06.291 D/BluetoothAdapterState( 3293): Stopping Gatt profile services that were post enabled
12-06 17:53:06.291 D/BtGatt.DebugUtils( 3293): handleDebugAction() action=null
12-06 17:53:06.291 D/BluetoothAdapterService( 3293): getAdapterService() - returning com.android.bluetooth.btservice.AdapterService@ea65cb
12-06 17:53:06.292 D/BtGatt.GattService( 3293): : Received stop request...Stopping profile...
12-06 17:53:06.295 D/BtGatt.GattService( 3293):  profile stopped successfully
12-06 17:53:06.296 D/BluetoothAdapterService( 3293): getAdapterService() - returning com.android.bluetooth.btservice.AdapterService@ea65cb
12-06 17:53:06.296 D/BluetoothAdapterService( 3293): handleMessage() - Message: 1
12-06 17:53:06.296 D/BluetoothAdapterService( 3293): handleMessage() - MESSAGE_PROFILE_SERVICE_STATE_CHANGED
12-06 17:53:06.296 W/BluetoothAdapterService( 3293): onProfileServiceStateChange() serviceName=com.android.bluetooth.gatt.GattService, state=10, doUpdate=true
12-06 17:53:06.296 D/BluetoothAdapterService( 3293): processProfileServiceStateChanged() - serviceName=com.android.bluetooth.gatt.GattService isTurningOn=false isTurningOff=false isBleTurningOn=false isBleTurningOff=true
12-06 17:53:06.296 D/BluetoothAdapterService( 3293): GattService stopped
12-06 17:53:06.296 V/BluetoothAdapterState( 3293): PendingCommand - transient state(s): isBleTurningOff
12-06 17:53:06.296 D/BluetoothAdapterState( 3293): Current state: PENDING_COMMAND, message: 25
12-06 17:53:06.296 D/BluetoothAdapterProperties( 3293): Setting state to 10
12-06 17:53:06.296 I/BluetoothAdapterState( 3293): Bluetooth adapter state changed: 16-> 10
12-06 17:53:06.296 D/BluetoothAdapterService( 3293): updateAdapterState() - Broadcasting state to 1 receivers.
12-06 17:53:06.297 D/BluetoothManagerService( 1392): MESSAGE_BLUETOOTH_STATE_CHANGE: BLE_TURNING_OFF > OFF
12-06 17:53:06.297 I/BluetoothAdapterState( 3293): Entering OffState
12-06 17:53:06.297 D/BluetoothManagerService( 1392): Bluetooth is complete send Service Down
12-06 17:53:06.297 D/BluetoothManagerService( 1392): Broadcasting onBluetoothServiceDown() to 12 receivers.
12-06 17:53:06.297 D/BluetoothAdapter( 3727): onBluetoothServiceDown: android.bluetooth.IBluetooth$Stub$Proxy@67ae09e
12-06 17:53:06.297 D/BluetoothAdapter( 3727): onBluetoothServiceDown: Sending callbacks to 1 clients
12-06 17:53:06.297 D/BluetoothAdapter( 3727): onBluetoothServiceDown: Finished sending callbacks to registered clients
12-06 17:53:06.297 D/BluetoothAdapter( 3293): onBluetoothServiceDown: com.android.bluetooth.btservice.AdapterService$AdapterServiceBinder@c009031
12-06 17:53:06.297 D/BluetoothAdapter( 4282): onBluetoothServiceDown: android.bluetooth.IBluetooth$Stub$Proxy@a83c90b
12-06 17:53:06.297 D/BluetoothAdapter(26794): onBluetoothServiceDown: android.bluetooth.IBluetooth$Stub$Proxy@5a5a9cf
12-06 17:53:06.297 D/BluetoothAdapter( 3293): onBluetoothServiceDown: Sending callbacks to 1 clients
12-06 17:53:06.297 D/BluetoothAdapter( 4282): onBluetoothServiceDown: Sending callbacks to 1 clients
12-06 17:53:06.297 D/BluetoothAdapter(26794): onBluetoothServiceDown: Sending callbacks to 0 clients
12-06 17:53:06.297 D/BluetoothAdapter( 2767): onBluetoothServiceDown: android.bluetooth.IBluetooth$Stub$Proxy@e987067
12-06 17:53:06.297 D/BluetoothAdapter( 3293): onBluetoothServiceDown: Finished sending callbacks to registered clients
12-06 17:53:06.297 D/BluetoothAdapter( 4282): onBluetoothServiceDown: Finished sending callbacks to registered clients
12-06 17:53:06.297 D/BluetoothAdapter( 1392): onBluetoothServiceDown: android.bluetooth.IBluetooth$Stub$Proxy@4689468
12-06 17:53:06.297 D/BluetoothAdapter( 5940): onBluetoothServiceDown: android.bluetooth.IBluetooth$Stub$Proxy@decde81
12-06 17:53:06.297 D/BluetoothAdapter(26794): onBluetoothServiceDown: Finished sending callbacks to registered clients
12-06 17:53:06.297 D/BluetoothAdapter( 4921): onBluetoothServiceDown: android.bluetooth.IBluetooth$Stub$Proxy@3fb0254
12-06 17:53:06.297 D/BluetoothAdapter( 2767): onBluetoothServiceDown: Sending callbacks to 0 clients
12-06 17:53:06.297 D/BluetoothAdapter( 1392): onBluetoothServiceDown: Sending callbacks to 1 clients
12-06 17:53:06.297 D/BluetoothAdapter( 5940): onBluetoothServiceDown: Sending callbacks to 0 clients
12-06 17:53:06.297 D/BluetoothAdapter( 2767): onBluetoothServiceDown: Finished sending callbacks to registered clients
12-06 17:53:06.297 D/BluetoothAdapter( 1392): onBluetoothServiceDown: Finished sending callbacks to registered clients
12-06 17:53:06.297 D/BluetoothAdapter( 5940): onBluetoothServiceDown: Finished sending callbacks to registered clients
12-06 17:53:06.297 D/BluetoothAdapter( 4921): onBluetoothServiceDown: Sending callbacks to 1 clients
12-06 17:53:06.297 D/BluetoothAdapter( 4921): onBluetoothServiceDown: Finished sending callbacks to registered clients
12-06 17:53:06.297 D/BluetoothAdapter( 4144): onBluetoothServiceDown: android.bluetooth.IBluetooth$Stub$Proxy@9b14050
12-06 17:53:06.297 D/BluetoothAdapter( 2600): onBluetoothServiceDown: android.bluetooth.IBluetooth$Stub$Proxy@776aa7a
12-06 17:53:06.297 D/BluetoothManagerService( 1392): unbindAndFinish(): android.bluetooth.IBluetooth$Stub$Proxy@4689468 mBinding = false mUnbinding = false
12-06 17:53:06.297 D/BluetoothAdapter( 4144): onBluetoothServiceDown: Sending callbacks to 0 clients
12-06 17:53:06.297 D/BluetoothAdapter( 3704): onBluetoothServiceDown: android.bluetooth.IBluetooth$Stub$Proxy@77258f9
12-06 17:53:06.297 D/BluetoothAdapter( 2600): onBluetoothServiceDown: Sending callbacks to 1 clients
12-06 17:53:06.297 D/BluetoothAdapter( 4144): onBluetoothServiceDown: Finished sending callbacks to registered clients
12-06 17:53:06.297 D/BluetoothAdapter(30442): onBluetoothServiceDown: android.bluetooth.IBluetooth$Stub$Proxy@7c79a3c
12-06 17:53:06.297 D/BluetoothAdapter( 2600): onBluetoothServiceDown: Finished sending callbacks to registered clients
12-06 17:53:06.298 D/BluetoothAdapter( 3704): onBluetoothServiceDown: Sending callbacks to 0 clients
12-06 17:53:06.298 D/BluetoothAdapter(30442): onBluetoothServiceDown: Sending callbacks to 0 clients
12-06 17:53:06.298 D/BluetoothAdapter( 3704): onBluetoothServiceDown: Finished sending callbacks to registered clients
12-06 17:53:06.298 D/BluetoothAdapter(30442): onBluetoothServiceDown: Finished sending callbacks to registered clients
12-06 17:53:06.298 W/BluetoothAdapterService( 3293): onUnbind, calling cleanup
12-06 17:53:06.298 D/BluetoothAdapterService( 3293): cleanup()
12-06 17:53:06.300 D/BluetoothManagerService( 1392): Sending BLE State Change: BLE_TURNING_OFF > OFF
12-06 17:53:06.300 W/BluetoothSdpJni( 3293): Cleaning up Bluetooth SDP Interface...
12-06 17:53:06.300 W/BluetoothSdpJni( 3293): Cleaning up Bluetooth SDP object
12-06 17:53:06.301 D/BluetoothAdapterService( 3293): cleanup() - Cleaning up adapter native
12-06 17:53:06.301 I/bt_stack_manager( 3293): event_clean_up_stack is cleaning up the stack
12-06 17:53:06.301 I/bt_btif_core( 3293): btif_cleanup_bluetooth entered
12-06 17:53:06.301 E/BluetoothServiceJni( 3293): Callback: 'callback_thread_event' is not called on the correct thread
12-06 17:53:06.301 I/bt_btif_queue( 3293): btif_queue_release
12-06 17:53:06.301 I/bt_btif_core( 3293): run_message_loop finished
12-06 17:53:06.301 W/bt_osi_thread( 3293): run_thread: thread id 3333, thread name bt_jni_workqueue exited
12-06 17:53:06.301 I/bt_core_module( 3293): module_clean_up Cleaning up module "stack_config_module"
12-06 17:53:06.301 I/bt_core_module( 3293): module_clean_up Cleanup of module "stack_config_module" completed
12-06 17:53:06.302 I/bt_core_module( 3293): module_clean_up Cleaning up module "interop_module"
12-06 17:53:06.305 V/StatusBar( 2600): setLightsOn(true)
12-06 17:53:06.308 I/bt_core_module( 3293): module_clean_up Cleanup of module "interop_module" completed
12-06 17:53:06.308 I/bt_core_module( 3293): module_clean_up Cleaning up module "profile_config_module"
12-06 17:53:06.308 I/bt_core_module( 3293): module_clean_up Cleanup of module "profile_config_module" completed
12-06 17:53:06.308 I/bt_btif_core( 3293): btif_cleanup_bluetooth finished
12-06 17:53:06.309 I/bt_core_module( 3293): module_clean_up Cleaning up module "btif_config_module"
12-06 17:53:06.312 I/bt_core_module( 3293): module_clean_up Cleanup of module "btif_config_module" completed
12-06 17:53:06.312 I/bt_core_module( 3293): module_clean_up Cleaning up module "bt_utils_module"
12-06 17:53:06.312 I/bt_core_module( 3293): module_clean_up Cleanup of module "bt_utils_module" completed
12-06 17:53:06.312 I/bt_core_module( 3293): module_clean_up Cleaning up module "osi_module"
12-06 17:53:06.312 D/bt_osi_alarm( 3293): callback_dispatch Callback thread exited
12-06 17:53:06.313 W/bt_osi_thread( 3293): run_thread: thread id 3332, thread name alarm_dispatcher exited
12-06 17:53:06.313 W/bt_osi_thread( 3293): run_thread: thread id 3331, thread name alarm_default_ca exited
12-06 17:53:06.313 I/bt_core_module( 3293): module_clean_up Cleanup of module "osi_module" completed
12-06 17:53:06.313 I/bt_stack_manager( 3293): event_clean_up_stack finished
12-06 17:53:06.313 I/BluetoothServiceJni( 3293): cleanupNative: return from cleanup
12-06 17:53:06.314 W/BluetoothVendorJni( 3293): Cleaning up Bluetooth Vendor Interface...
12-06 17:53:06.314 I/bt_btif_vendor( 3293): cleanup
12-06 17:53:06.314 W/BluetoothVendorJni( 3293): Cleaning up Bluetooth Vendor callback object
12-06 17:53:06.314 D/BluetoothAdapterService( 3293): onDestroy()
12-06 17:53:06.315 I/WifiService( 1392): getConnectionInfo uid=10180
12-06 17:53:06.315 I/BluetoothAdapterService( 3293): Force exit to cleanup internal state in Bluetooth stack
12-06 17:53:06.317 I/zygote64( 3293): System.exit called, status: 0
12-06 17:53:06.317 I/AndroidRuntime( 3293): VM exiting with result code 0, cleanup skipped.
12-06 17:53:06.331 I/ActivityManager( 1392): Process com.android.bluetooth (pid 3293) has died: fore SVC 
12-06 17:53:06.331 W/zygote64( 1392): kill(-3293, 9) failed: No such process
12-06 17:53:06.335 V/StatusBar( 2600): setLightsOn(true)
12-06 17:53:06.353 D/ClClient(11834): Not sending keepalive.  Current connection state=STOPPED
12-06 17:53:06.377 W/zygote64( 1392): kill(-3293, 9) failed: No such process
12-06 17:53:06.377 I/zygote64( 1392): Successfully killed process cgroup uid 1002 pid 3293 in 45ms
12-06 17:53:06.497 V/StatusBar( 2600): setLightsOn(true)
12-06 17:53:06.788 I/System.out( 3322): URI: //
12-06 17:53:06.788 I/System.out( 3322): params: {json={"command":"set_selection","arguments":[-1,-1]}
12-06 17:53:06.788 I/System.out( 3322): }
12-06 17:53:06.789 I/System.out( 3322): header: {content-type=application/json;charset=utf-8, date=Thu, 06 Dec 2018 22:53:08 GMT, accept=*/*, host=127.0.0.1:34777, content-length=47, user-agent=HTTPClient/1.0 (2.8.3, ruby 2.5.1 (2018-03-29))}
12-06 17:53:06.789 I/System.out( 3322): params: {json={"command":"set_selection","arguments":[-1,-1]}
12-06 17:53:06.789 I/System.out( 3322): }
12-06 17:53:06.789 I/System.out( 3322): ProP json = {"command":"set_selection","arguments":[-1,-1]}
12-06 17:53:06.789 I/System.out( 3322): files: {}
12-06 17:53:06.789 I/System.out( 3322): command: {"command":"set_selection","arguments":[-1,-1]}
12-06 17:53:06.800 I/InstrumentationBackend( 3322): Got command:'Command:'Line:null,set_selection', arguments:'[-1, -1]'
12-06 17:53:06.836 I/System.out( 3322): result:{"bonusInformation":[],"message":"","success":true}
12-06 17:53:07.033 I/OD-RecognizerModule( 4317): com.google.android.apps.inputmethod.libs.voiceime.ondevice.OnDeviceRecognizerModule: dump()
12-06 17:53:07.066 I/System.out( 3322): URI: //
12-06 17:53:07.066 I/System.out( 3322): params: {json={"command":"keyboard_enter_text","arguments":["-321123"]}
12-06 17:53:07.066 I/System.out( 3322): }
12-06 17:53:07.066 I/System.out( 3322): header: {content-type=application/json;charset=utf-8, date=Thu, 06 Dec 2018 22:53:08 GMT, accept=*/*, host=127.0.0.1:34777, content-length=75, user-agent=HTTPClient/1.0 (2.8.3, ruby 2.5.1 (2018-03-29))}
12-06 17:53:07.066 I/System.out( 3322): params: {json={"command":"keyboard_enter_text","arguments":["-321123"]}
12-06 17:53:07.066 I/System.out( 3322): }
12-06 17:53:07.066 I/System.out( 3322): ProP json = {"command":"keyboard_enter_text","arguments":["-321123"]}
12-06 17:53:07.067 I/System.out( 3322): files: {}
12-06 17:53:07.067 I/System.out( 3322): command: {"command":"keyboard_enter_text","arguments":["-321123"]}
12-06 17:53:07.077 D/HxBatteryStatusReceiver(11834): onReceiveandroid.intent.action.BATTERY_CHANGED
12-06 17:53:07.078 D/KeyguardUpdateMonitor( 2600): received broadcast android.intent.action.BATTERY_CHANGED
12-06 17:53:07.079 I/InstrumentationBackend( 3322): Got command:'Command:'Line:null,keyboard_enter_text', arguments:'[-321123]'
12-06 17:53:07.081 I/zygote64( 3322): Do full code cache collection, code=124KB, data=90KB
12-06 17:53:07.081 D/KeyguardUpdateMonitor( 2600): handleBatteryUpdate
12-06 17:53:07.081 I/zygote64( 3322): After code cache collection, code=108KB, data=65KB
12-06 17:53:07.081 E/SpannableStringBuilder( 3322): SPAN_EXCLUSIVE_EXCLUSIVE spans cannot have a zero length
12-06 17:53:07.115 I/chatty  ( 3322): uid=10258(com.evancharlton.mileage) identical 2 lines
12-06 17:53:07.115 E/SpannableStringBuilder( 3322): SPAN_EXCLUSIVE_EXCLUSIVE spans cannot have a zero length
12-06 17:53:07.145 I/System.out( 3322): result:{"bonusInformation":[],"message":"","success":true}
12-06 17:53:07.462 I/Finsky  (18728): [1587] com.google.android.finsky.bo.an.run(6): Stats for Executor: Db-frosting.db com.google.android.finsky.bo.ao@ef3edc9[Running, pool size = 1, active threads = 0, queued tasks = 0, completed tasks = 150]
12-06 17:53:07.637 W/ADebug  ( 3399): Failed to get property persist.sys.media.traces
12-06 17:53:07.680 D/CompatibilityInfo( 1392): mCompatibilityFlags - 0
12-06 17:53:07.681 D/CompatibilityInfo( 1392): applicationDensity - 480
12-06 17:53:07.681 D/CompatibilityInfo( 1392): applicationScale - 1.0
12-06 17:53:07.699 D/vndksupport( 3399): Loading /vendor/lib64/hw/android.hardware.graphics.mapper@2.0-impl.so from current namespace instead of sphal namespace.
12-06 17:53:07.700 D/vndksupport( 3399): Loading /vendor/lib64/hw/gralloc.msm8953.so from current namespace instead of sphal namespace.
12-06 17:53:08.004 I/BeaconBle( 4144): 'L' hardware scan: scan stopped, no clients
12-06 17:53:08.077 D/KeyguardUpdateMonitor( 2600): received broadcast android.intent.action.BATTERY_CHANGED
12-06 17:53:08.078 D/HxBatteryStatusReceiver(11834): onReceiveandroid.intent.action.BATTERY_CHANGED
12-06 17:53:08.080 D/KeyguardUpdateMonitor( 2600): handleBatteryUpdate
12-06 17:53:08.417 I/System.out( 3322): URI: //map
12-06 17:53:08.418 I/System.out( 3322): params: {json={"query":"android.widget.EditText id:'volume'","operation":{"method_name":"query","arguments":[]}}
12-06 17:53:08.418 I/System.out( 3322): }
12-06 17:53:08.467 W/ResourceType( 3322): No package identifier when getting name for resource number 0x00000001
12-06 17:53:08.565 I/System.out( 3322): URI: //gesture
12-06 17:53:08.565 I/System.out( 3322): params: {json={"query_timeout":5.0,"gestures":[{"query_string":"android.widget.EditText id:'volume'","touches":[{"x":50,"y":50,"offset_x":0,"offset_y":0,"wait":0.0,"time":0.2,"release":true,"query_string":null}]}]}
12-06 17:53:08.565 I/System.out( 3322): }
12-06 17:53:08.598 W/ResourceType( 3322): No package identifier when getting name for resource number 0x00000001
12-06 17:53:08.885 I/PhenotypeExpConfig( 4317): com.google.android.apps.inputmethod.libs.experiments.PhenotypeExperimentConfiguration: refreshConfiguration() : Force = false : UpdateAvailable = false : Age = 80 minutes : MaxAge = 720 minutes
12-06 17:53:08.908 I/Conv2QueryExtension( 4317): com.google.android.apps.inputmethod.libs.search.sense.ConversationToQueryExtension: Current locale: en_US, config allows these locales: de,en,fr,it,es,pt
12-06 17:53:08.909 I/Conv2QueryExtension( 4317): com.google.android.apps.inputmethod.libs.search.sense.ConversationToQueryExtension: Conv2Query not enabled due to current app [com.evancharlton.mileage] not in whitelist
12-06 17:53:08.909 I/Conv2QueryExtension( 4317): com.google.android.apps.inputmethod.libs.search.sense.ConversationToQueryExtension: onActivate() : Disabled by unsupported host app
12-06 17:53:08.910 I/CurrentMicStatusHolder( 4317): ghf: Current Mic status = {MicIconHidden-PasswordOrNumberOrDateInputType,}
12-06 17:53:08.910 I/zygote64( 3322): Do partial code cache collection, code=119KB, data=80KB
12-06 17:53:08.910 I/zygote64( 3322): After code cache collection, code=119KB, data=80KB
12-06 17:53:08.910 I/zygote64( 3322): Increasing code cache capacity to 512KB
12-06 17:53:09.083 D/KeyguardUpdateMonitor( 2600): received broadcast android.intent.action.BATTERY_CHANGED
12-06 17:53:09.083 D/HxBatteryStatusReceiver(11834): onReceiveandroid.intent.action.BATTERY_CHANGED
12-06 17:53:09.088 D/KeyguardUpdateMonitor( 2600): handleBatteryUpdate
12-06 17:53:09.483 I/System.out( 3322): URI: //
12-06 17:53:09.484 I/System.out( 3322): params: {json={"command":"set_selection","arguments":[-1,-1]}
12-06 17:53:09.484 I/System.out( 3322): }
12-06 17:53:09.485 I/System.out( 3322): header: {content-type=application/json;charset=utf-8, date=Thu, 06 Dec 2018 22:53:10 GMT, accept=*/*, host=127.0.0.1:34777, content-length=47, user-agent=HTTPClient/1.0 (2.8.3, ruby 2.5.1 (2018-03-29))}
12-06 17:53:09.485 I/System.out( 3322): params: {json={"command":"set_selection","arguments":[-1,-1]}
12-06 17:53:09.485 I/System.out( 3322): }
12-06 17:53:09.485 I/System.out( 3322): ProP json = {"command":"set_selection","arguments":[-1,-1]}
12-06 17:53:09.486 I/System.out( 3322): files: {}
12-06 17:53:09.486 I/System.out( 3322): command: {"command":"set_selection","arguments":[-1,-1]}
12-06 17:53:09.503 I/InstrumentationBackend( 3322): Got command:'Command:'Line:null,set_selection', arguments:'[-1, -1]'
12-06 17:53:09.527 I/System.out( 3322): result:{"bonusInformation":[],"message":"","success":true}
12-06 17:53:09.739 I/OD-RecognizerModule( 4317): com.google.android.apps.inputmethod.libs.voiceime.ondevice.OnDeviceRecognizerModule: dump()
12-06 17:53:09.781 I/System.out( 3322): URI: //
12-06 17:53:09.782 I/System.out( 3322): params: {json={"command":"keyboard_enter_text","arguments":["9  29123"]}
12-06 17:53:09.782 I/System.out( 3322): }
12-06 17:53:09.782 I/System.out( 3322): header: {content-type=application/json;charset=utf-8, date=Thu, 06 Dec 2018 22:53:11 GMT, accept=*/*, host=127.0.0.1:34777, content-length=92, user-agent=HTTPClient/1.0 (2.8.3, ruby 2.5.1 (2018-03-29))}
12-06 17:53:09.782 I/System.out( 3322): params: {json={"command":"keyboard_enter_text","arguments":["9  29123"]}
12-06 17:53:09.782 I/System.out( 3322): }
12-06 17:53:09.782 I/System.out( 3322): ProP json = {"command":"keyboard_enter_text","arguments":["9  29123"]}
12-06 17:53:09.782 I/System.out( 3322): files: {}
12-06 17:53:09.782 I/System.out( 3322): command: {"command":"keyboard_enter_text","arguments":["9  29123"]}
12-06 17:53:09.790 I/InstrumentationBackend( 3322): Got command:'Command:'Line:null,keyboard_enter_text', arguments:'[9  29123]'
12-06 17:53:09.792 E/SpannableStringBuilder( 3322): SPAN_EXCLUSIVE_EXCLUSIVE spans cannot have a zero length
