--------- beginning of main
12-06 17:52:42.805 W/ADebug  ( 2912): Failed to get property persist.sys.media.traces
12-06 17:52:42.831 D/AndroidRuntime( 2912): >>>>>> START com.android.internal.os.RuntimeInit uid 2000 <<<<<<
12-06 17:52:42.964 I/app_process( 2912): The ClassLoaderContext is a special shared library.
12-06 17:52:43.012 D/AndroidRuntime( 2912): Calling main entry com.android.commands.am.Am
--------- beginning of system
12-06 17:52:43.015 I/ActivityManager( 1392): Force stopping com.evancharlton.mileage appid=10258 user=0: start instr
12-06 17:52:43.015 I/ActivityManager( 1392): Killing 2856:com.evancharlton.mileage/u0a258 (adj 0): stop com.evancharlton.mileage
12-06 17:52:43.016 W/ActivityManager( 1392): Crash of app com.evancharlton.mileage running instrumentation ComponentInfo{com.evancharlton.mileage.test/sh.calaba.instrumentationbackend.ClearAppData2}
12-06 17:52:43.016 I/ActivityManager( 1392): Force stopping com.evancharlton.mileage appid=10258 user=0: finished inst
12-06 17:52:43.024 W/zygote64( 1392): kill(-2856, 9) failed: No such process
12-06 17:52:43.038 I/ActivityManager( 1392): Start proc 2924:com.evancharlton.mileage/u0a258 for added application com.evancharlton.mileage
12-06 17:52:43.039 D/AndroidRuntime( 2912): Shutting down VM
12-06 17:52:43.044 I/zygote64( 2924): Late-enabling -Xcheck:jni
12-06 17:52:43.068 W/zygote64( 1392): kill(-2856, 9) failed: No such process
12-06 17:52:43.068 I/zygote64( 1392): Successfully killed process cgroup uid 10258 pid 2856 in 44ms
12-06 17:52:43.078 D/KeyguardUpdateMonitor( 2600): received broadcast android.intent.action.BATTERY_CHANGED
12-06 17:52:43.078 D/HxBatteryStatusReceiver(11834): onReceiveandroid.intent.action.BATTERY_CHANGED
12-06 17:52:43.081 E/adbd    ( 3362): failed to connect to socket 'tcp:7102': Connection refused
12-06 17:52:43.082 D/KeyguardUpdateMonitor( 2600): handleBatteryUpdate
12-06 17:52:43.085 E/adbd    ( 3362): failed to connect to socket 'tcp:7102': Connection refused
12-06 17:52:43.116 D/CompatibilityInfo( 1392): mCompatibilityFlags - 10
12-06 17:52:43.116 D/CompatibilityInfo( 1392): applicationDensity - 480
12-06 17:52:43.116 D/CompatibilityInfo( 1392): applicationScale - 1.0
12-06 17:52:43.143 I/zygote64( 2924): The ClassLoaderContext is a special shared library.
12-06 17:52:43.145 I/chatty  ( 2924): uid=10258(com.evancharlton.mileage) identical 1 line
12-06 17:52:43.146 I/zygote64( 2924): The ClassLoaderContext is a special shared library.
12-06 17:52:43.147 W/zygote64( 2924): ClassLoaderContext classpath element mismatch for position 0. expected=/system/framework/android.test.mock.jar, found=/system/framework/com.google.android.maps.jar (PCL[/system/framework/android.test.mock.jar*1065265343:/system/framework/android.test.runner.jar*1742119008:/system/framework/com.google.android.maps.jar*1362947682] | PCL[/system/framework/com.google.android.maps.jar*1362947682:/system/framework/android.test.runner.jar*1742119008:/system/framework/android.test.mock.jar*1065265343])
12-06 17:52:43.148 W/zygote64( 2924): Found duplicate classes, falling back to extracting from APK : /data/app/com.evancharlton.mileage.test-1ZvZzOU0oHusOPtC93SDqQ==/base.apk
12-06 17:52:43.148 W/zygote64( 2924): NOTE: This wastes RAM and hurts startup performance.
12-06 17:52:43.148 W/zygote64( 2924): Found duplicated class when checking oat files: 'Ljunit/runner/BaseTestRunner;' in /data/app/com.evancharlton.mileage.test-1ZvZzOU0oHusOPtC93SDqQ==/base.apk and /system/framework/android.test.runner.jar
12-06 17:52:43.148 W/zygote64( 2924): 
12-06 17:52:43.191 E/adbd    ( 3362): failed to connect to socket 'tcp:7102': Connection refused
12-06 17:52:43.193 E/adbd    ( 3362): failed to connect to socket 'tcp:7102': Connection refused
12-06 17:52:43.220 W/zygote64( 2924): ClassLoaderContext classpath size mismatch for position 0. expected=0, found=4 (PCL[] | PCL[/system/framework/com.google.android.maps.jar*1362947682:/system/framework/android.test.runner.jar*1742119008:/system/framework/android.test.mock.jar*1065265343:/data/app/com.evancharlton.mileage.test-1ZvZzOU0oHusOPtC93SDqQ==/base.apk*3617058041])
12-06 17:52:43.235 W/System  ( 2924): ClassLoader referenced unknown path: 
12-06 17:52:43.263 I/System.out( 2924): Main activity name automatically set to: com.evancharlton.mileage.Mileage
12-06 17:52:43.265 I/System.out( 2924): Calabash did not load Mono. This is only a problem if you are trying to test a Mono application
12-06 17:52:43.266 I/calabash( 2924): Test server port: 7102
12-06 17:52:43.269 I/InstrumentationBackend( 2924): Added:'GetPreferences', with key:'get_preferences'
12-06 17:52:43.302 E/adbd    ( 3362): failed to connect to socket 'tcp:7102': Connection refused
12-06 17:52:43.305 E/adbd    ( 3362): failed to connect to socket 'tcp:7102': Connection refused
12-06 17:52:43.350 I/InstrumentationBackend( 2924): Added:'SetPreferences', with key:'set_preferences'
12-06 17:52:43.350 I/InstrumentationBackend( 2924): Added:'ClearPreferences', with key:'clear_preferences'
12-06 17:52:43.351 I/InstrumentationBackend( 2924): Added:'PressElement', with key:'press_l10n_element'
12-06 17:52:43.352 I/InstrumentationBackend( 2924): Added:'WaitForElement', with key:'wait_for_l10n_element'
12-06 17:52:43.353 I/InstrumentationBackend( 2924): Added:'NullAction', with key:'nullAction'
12-06 17:52:43.354 I/InstrumentationBackend( 2924): Added:'PressKey', with key:'press_key'
12-06 17:52:43.354 I/InstrumentationBackend( 2924): Added:'SetActivityOrientation', with key:'set_activity_orientation'
12-06 17:52:43.355 I/InstrumentationBackend( 2924): Added:'GetActivityOrientation', with key:'get_activity_orientation'
12-06 17:52:43.356 I/InstrumentationBackend( 2924): Added:'FakeGPSLocation', with key:'set_gps_coordinates'
12-06 17:52:43.356 I/InstrumentationBackend( 2924): Added:'SetPropertyByCssSelector', with key:'set_property_by_css_selector'
12-06 17:52:43.359 I/InstrumentationBackend( 2924): Added:'GetUrl', with key:'get_url'
12-06 17:52:43.363 I/InstrumentationBackend( 2924): Added:'ScrollTo', with key:'scroll_to'
12-06 17:52:43.364 I/InstrumentationBackend( 2924): Added:'GetLoadProgress', with key:'get_load_progress'
12-06 17:52:43.365 I/InstrumentationBackend( 2924): Added:'DumpHtml', with key:'dump_html'
12-06 17:52:43.365 I/InstrumentationBackend( 2924): Added:'DumpBodyHtml', with key:'dump_body_html'
12-06 17:52:43.366 I/InstrumentationBackend( 2924): Added:'EnterTextByCssSelector', with key:'enter_text_by_selector'
12-06 17:52:43.379 I/InstrumentationBackend( 2924): Added:'AndroidSDKVersion', with key:'android_sdk_version'
12-06 17:52:43.380 I/InstrumentationBackend( 2924): Added:'Version', with key:'version'
12-06 17:52:43.380 I/InstrumentationBackend( 2924): Added:'Drag', with key:'drag'
12-06 17:52:43.381 I/InstrumentationBackend( 2924): Added:'TouchCoordinates', with key:'touch_coordinate'
12-06 17:52:43.381 I/InstrumentationBackend( 2924): Added:'LongPressCoordinate', with key:'long_press_coordinate'
12-06 17:52:43.382 I/InstrumentationBackend( 2924): Added:'DragCoordinates', with key:'drag_coordinates'
12-06 17:52:43.383 I/InstrumentationBackend( 2924): Added:'ResumeApplication', with key:'resume_application'
12-06 17:52:43.383 I/InstrumentationBackend( 2924): Added:'Swipe', with key:'swipe'
12-06 17:52:43.384 I/InstrumentationBackend( 2924): Added:'DoubleTapCoordinate', with key:'double_tap_coordinate'
12-06 17:52:43.384 I/InstrumentationBackend( 2924): Added:'ClickOnScreen', with key:'click_on_screen'
12-06 17:52:43.387 I/InstrumentationBackend( 2924): Added:'GetActivityName', with key:'get_activity_name'
12-06 17:52:43.388 I/InstrumentationBackend( 2924): Added:'ScrollToView', with key:'scroll_to_view'
12-06 17:52:43.389 I/InstrumentationBackend( 2924): Added:'ViewConfiguration', with key:'view_configuration'
12-06 17:52:43.390 I/InstrumentationBackend( 2924): Added:'IsCurrentActivityFocused', with key:'is_current_activity_focused'
12-06 17:52:43.391 I/InstrumentationBackend( 2924): Added:'SendTcp', with key:'send_tcp'
12-06 17:52:43.391 I/InstrumentationBackend( 2924): Added:'DpToDevicePixel', with key:'dp_to_device_pixel'
12-06 17:52:43.393 I/InstrumentationBackend( 2924): Added:'KeyboardEnterText', with key:'keyboard_enter_text'
12-06 17:52:43.393 I/InstrumentationBackend( 2924): Added:'DeleteSurroundingText', with key:'delete_surrounding_text'
12-06 17:52:43.394 I/InstrumentationBackend( 2924): Added:'SetComposingRegion', with key:'set_composing_region'
12-06 17:52:43.394 I/InstrumentationBackend( 2924): Added:'SetSelection', with key:'set_selection'
12-06 17:52:43.395 I/InstrumentationBackend( 2924): Added:'KeyboardKeyEvent', with key:'keyboard_key_event'
12-06 17:52:43.396 I/InstrumentationBackend( 2924): Added:'PressUserActionButton', with key:'press_user_action_button'
12-06 17:52:43.397 I/InstrumentationBackend( 2924): Added:'HideSoftKeyboard', with key:'hide_soft_keyboard'
12-06 17:52:43.400 I/InstrumentationBackend( 2924): Added:'ListActions', with key:'list_actions'
12-06 17:52:43.400 I/calabash( 2924): Instantiating http server at 7102
12-06 17:52:43.403 I/System.out( 2924): HTTP Daemon listening on: 7102
12-06 17:52:43.419 I/System.out( 2924): URI: //ping
12-06 17:52:43.419 I/System.out( 2924): params: {json={}
12-06 17:52:43.419 I/System.out( 2924): }
12-06 17:52:43.433 I/System.out( 2924): URI: //ping
12-06 17:52:43.433 I/System.out( 2924): params: {json={}
12-06 17:52:43.433 I/System.out( 2924): }
12-06 17:52:43.443 I/System.out( 2924): URI: //ready
12-06 17:52:43.444 I/System.out( 2924): params: {json={}
12-06 17:52:43.444 I/System.out( 2924): }
12-06 17:52:43.454 I/System.out( 2924): URI: //
12-06 17:52:43.455 I/System.out( 2924): params: {json={"command":"version","arguments":[]}
12-06 17:52:43.455 I/System.out( 2924): }
12-06 17:52:43.455 I/System.out( 2924): header: {content-type=application/json;charset=utf-8, date=Thu, 06 Dec 2018 22:52:44 GMT, accept=*/*, host=127.0.0.1:34777, content-length=36, user-agent=HTTPClient/1.0 (2.8.3, ruby 2.5.1 (2018-03-29))}
12-06 17:52:43.455 I/System.out( 2924): params: {json={"command":"version","arguments":[]}
12-06 17:52:43.455 I/System.out( 2924): }
12-06 17:52:43.455 I/System.out( 2924): ProP json = {"command":"version","arguments":[]}
12-06 17:52:43.456 I/System.out( 2924): files: {}
12-06 17:52:43.456 I/System.out( 2924): command: {"command":"version","arguments":[]}
12-06 17:52:43.500 I/InstrumentationBackend( 2924): Got command:'Command:'Line:null,version', arguments:'[]'
12-06 17:52:43.587 I/System.out( 2924): result:{"bonusInformation":[],"message":"0.9.8","success":true}
12-06 17:52:43.599 I/System.out( 2924): URI: //start-application
12-06 17:52:43.599 I/System.out( 2924): params: {json={"intent":null}
12-06 17:52:43.599 I/System.out( 2924): }
12-06 17:52:43.716 I/ActivityManager( 1392): START u0 {act=android.intent.action.MAIN cat=[android.intent.category.LAUNCHER] flg=0x10200000 cmp=com.evancharlton.mileage/.Mileage} from uid 10258
12-06 17:52:43.719 E/ANDR-PERF-MPCTL(  588): Invalid profile no. 0, total profiles 0 only
12-06 17:52:43.720 E/ANDR-PERF-JNI( 1392): com_qualcomm_qtiperformance_native_perf_io_prefetch_start
12-06 17:52:43.723 D/ActivityTrigger( 1392): activityStartTrigger: Activity is Triggerred in full screen ApplicationInfo{4db0870 com.evancharlton.mileage}
12-06 17:52:43.723 E/ActivityTrigger( 1392): activityStartTrigger: not whiteListedcom.evancharlton.mileage/com.evancharlton.mileage.Mileage/3110
12-06 17:52:43.724 D/CompatibilityInfo( 1392): mCompatibilityFlags - 10
12-06 17:52:43.724 D/CompatibilityInfo( 1392): applicationDensity - 480
12-06 17:52:43.724 D/CompatibilityInfo( 1392): applicationScale - 1.0
12-06 17:52:43.724 D/ActivityTrigger( 1392): activityResumeTrigger: The activity in ApplicationInfo{4db0870 com.evancharlton.mileage} is now in focus and seems to be in full-screen mode
12-06 17:52:43.724 E/ActivityTrigger( 1392): activityResumeTrigger: not whiteListedcom.evancharlton.mileage/com.evancharlton.mileage.Mileage/3110
12-06 17:52:43.724 D/ActivityTrigger( 1392): ActivityTrigger activityPauseTrigger 
12-06 17:52:43.728 D/ActivityTrigger( 1392): activityResumeTrigger: The activity in ApplicationInfo{4db0870 com.evancharlton.mileage} is now in focus and seems to be in full-screen mode
12-06 17:52:43.728 E/ActivityTrigger( 1392): activityResumeTrigger: not whiteListedcom.evancharlton.mileage/com.evancharlton.mileage.Mileage/3110
12-06 17:52:43.733 D/CompatibilityInfo( 1392): mCompatibilityFlags - 10
12-06 17:52:43.733 D/CompatibilityInfo( 1392): applicationDensity - 480
12-06 17:52:43.733 D/CompatibilityInfo( 1392): applicationScale - 1.0
12-06 17:52:43.745 I/calabash( 2924): newActivity1
12-06 17:52:43.776 V/StatusBar( 2600): setLightsOn(true)
12-06 17:52:43.788 V/StatusBar( 2600): setLightsOn(true)
12-06 17:52:43.819 W/ActivityManager( 1392): Bad activity token: android.os.BinderProxy@6e1c6a3
12-06 17:52:43.819 W/ActivityManager( 1392): java.lang.ClassCastException: android.os.BinderProxy cannot be cast to com.android.server.am.ActivityRecord$Token
12-06 17:52:43.819 W/ActivityManager( 1392): 	at com.android.server.am.ActivityRecord.forTokenLocked(ActivityRecord.java:816)
12-06 17:52:43.819 W/ActivityManager( 1392): 	at com.android.server.am.ActivityRecord.isInStackLocked(ActivityRecord.java:2154)
12-06 17:52:43.819 W/ActivityManager( 1392): 	at com.android.server.am.ActivityRecord.getStackLocked(ActivityRecord.java:2159)
12-06 17:52:43.819 W/ActivityManager( 1392): 	at com.android.server.am.ActivityManagerService.getActivityDisplayId(ActivityManagerService.java:10744)
12-06 17:52:43.819 W/ActivityManager( 1392): 	at android.app.IActivityManager$Stub.onTransact(IActivityManager.java:2734)
12-06 17:52:43.819 W/ActivityManager( 1392): 	at com.android.server.am.ActivityManagerService.onTransact(ActivityManagerService.java:2971)
12-06 17:52:43.819 W/ActivityManager( 1392): 	at android.os.Binder.execTransact(Binder.java:697)
12-06 17:52:43.821 I/calabash( 2924): newActivity1
12-06 17:52:43.833 W/ActivityManager( 1392): Bad activity token: android.os.BinderProxy@6e1c6a3
12-06 17:52:43.833 W/ActivityManager( 1392): java.lang.ClassCastException: android.os.BinderProxy cannot be cast to com.android.server.am.ActivityRecord$Token
12-06 17:52:43.833 W/ActivityManager( 1392): 	at com.android.server.am.ActivityRecord.forTokenLocked(ActivityRecord.java:816)
12-06 17:52:43.833 W/ActivityManager( 1392): 	at com.android.server.am.ActivityRecord.isInStackLocked(ActivityRecord.java:2154)
12-06 17:52:43.833 W/ActivityManager( 1392): 	at com.android.server.am.ActivityManagerService.setTaskDescription(ActivityManagerService.java:10345)
12-06 17:52:43.833 W/ActivityManager( 1392): 	at android.app.IActivityManager$Stub.onTransact(IActivityManager.java:2820)
12-06 17:52:43.833 W/ActivityManager( 1392): 	at com.android.server.am.ActivityManagerService.onTransact(ActivityManagerService.java:2971)
12-06 17:52:43.833 W/ActivityManager( 1392): 	at android.os.Binder.execTransact(Binder.java:697)
12-06 17:52:43.835 W/ActivityManager( 1392): Bad activity token: android.os.BinderProxy@6e1c6a3
12-06 17:52:43.835 W/ActivityManager( 1392): java.lang.ClassCastException: android.os.BinderProxy cannot be cast to com.android.server.am.ActivityRecord$Token
12-06 17:52:43.835 W/ActivityManager( 1392): 	at com.android.server.am.ActivityRecord.forTokenLocked(ActivityRecord.java:816)
12-06 17:52:43.835 W/ActivityManager( 1392): 	at com.android.server.am.ActivityRecord.isInStackLocked(ActivityRecord.java:2154)
12-06 17:52:43.835 W/ActivityManager( 1392): 	at com.android.server.am.ActivityRecord.getStackLocked(ActivityRecord.java:2159)
12-06 17:52:43.835 W/ActivityManager( 1392): 	at com.android.server.am.ActivityManagerService.getActivityStackId(ActivityManagerService.java:10755)
12-06 17:52:43.835 W/ActivityManager( 1392): 	at android.app.IActivityManager$Stub.onTransact(IActivityManager.java:3513)
12-06 17:52:43.835 W/ActivityManager( 1392): 	at com.android.server.am.ActivityManagerService.onTransact(ActivityManagerService.java:2971)
12-06 17:52:43.835 W/ActivityManager( 1392): 	at android.os.Binder.execTransact(Binder.java:697)
12-06 17:52:43.908 D/FillupsProvider( 2924): Creating database
12-06 17:52:44.033 I/zygote64( 2924): Do partial code cache collection, code=29KB, data=20KB
12-06 17:52:44.033 I/zygote64( 2924): After code cache collection, code=29KB, data=20KB
12-06 17:52:44.033 I/zygote64( 2924): Increasing code cache capacity to 128KB
12-06 17:52:44.054 W/ActivityManager( 1392): Bad activity token: android.os.BinderProxy@6e1c6a3
12-06 17:52:44.054 W/ActivityManager( 1392): java.lang.ClassCastException: android.os.BinderProxy cannot be cast to com.android.server.am.ActivityRecord$Token
12-06 17:52:44.054 W/ActivityManager( 1392): 	at com.android.server.am.ActivityRecord.forTokenLocked(ActivityRecord.java:816)
12-06 17:52:44.054 W/ActivityManager( 1392): 	at com.android.server.am.ActivityRecord.isInStackLocked(ActivityRecord.java:2154)
12-06 17:52:44.054 W/ActivityManager( 1392): 	at com.android.server.am.ActivityManagerService.getActivityOptions(ActivityManagerService.java:13590)
12-06 17:52:44.054 W/ActivityManager( 1392): 	at android.app.IActivityManager$Stub.onTransact(IActivityManager.java:2906)
12-06 17:52:44.054 W/ActivityManager( 1392): 	at com.android.server.am.ActivityManagerService.onTransact(ActivityManagerService.java:2971)
12-06 17:52:44.054 W/ActivityManager( 1392): 	at android.os.Binder.execTransact(Binder.java:697)
12-06 17:52:44.140 V/StatusBar( 2600): setLightsOn(true)
12-06 17:52:44.217 I/chatty  ( 2600): uid=10030(com.android.systemui) identical 2 lines
12-06 17:52:44.218 V/StatusBar( 2600): setLightsOn(true)
12-06 17:52:44.270 D/vndksupport( 2924): Loading /vendor/lib64/hw/android.hardware.graphics.mapper@2.0-impl.so from current namespace instead of sphal namespace.
12-06 17:52:44.271 D/vndksupport( 2924): Loading /vendor/lib64/hw/gralloc.msm8953.so from current namespace instead of sphal namespace.
12-06 17:52:44.279 D/OpenGLRenderer( 2924): HWUI GL Pipeline
12-06 17:52:44.305 V/StatusBar( 2600): setLightsOn(true)
12-06 17:52:44.306 V/StatusBar( 2600): setLightsOn(true)
12-06 17:52:44.310 I/ActivityManager( 1392): Displayed com.evancharlton.mileage/.Mileage: +577ms (total +3s786ms)
12-06 17:52:44.310 E/ANDR-PERF-JNI( 1392): com_qualcomm_qtiperformance_native_perf_io_prefetch_start
12-06 17:52:44.310 V/StatusBar( 2600): setLightsOn(true)
12-06 17:52:44.313 V/StatusBar( 2600): setLightsOn(true)
12-06 17:52:44.467 I/System.out( 2924): URI: //map
12-06 17:52:44.467 I/System.out( 2924): params: {json={"query":"android.widget.Button index:2","operation":{"method_name":"query","arguments":[]}}
12-06 17:52:44.467 I/System.out( 2924): }
12-06 17:52:44.492 V/StatusBar( 2600): setLightsOn(true)
12-06 17:52:44.494 I/chatty  ( 2600): uid=10030(com.android.systemui) identical 1 line
12-06 17:52:44.497 V/StatusBar( 2600): setLightsOn(true)
12-06 17:52:44.499 D/ActivityTrigger( 1392): ActivityTrigger activityStopTrigger 
12-06 17:52:44.613 I/WifiService( 1392): getConnectionInfo uid=10035
12-06 17:52:44.614 I/PBSessionCacheImpl( 3727): Deleted sessionId[61244495138946] from persistence.
12-06 17:52:44.614 I/WifiService( 1392): getWifiEnabledState uid=10035
12-06 17:52:44.615 W/SearchServiceCore( 3727): Abort, client detached.
12-06 17:52:44.616 I/StreamController( 3727): cleanUpControllerScope(nowcards-15-655fb13-4ae2)
12-06 17:52:44.682 I/zygote64( 2924): Do partial code cache collection, code=61KB, data=42KB
12-06 17:52:44.682 I/zygote64( 2924): After code cache collection, code=61KB, data=42KB
12-06 17:52:44.682 I/zygote64( 2924): Increasing code cache capacity to 256KB
12-06 17:52:44.762 I/System.out( 2924): URI: //gesture
12-06 17:52:44.762 I/System.out( 2924): params: {json={"query_timeout":5.0,"gestures":[{"query_string":"android.widget.Button index:2","touches":[{"x":50,"y":50,"offset_x":0,"offset_y":0,"wait":0.0,"time":0.2,"release":true,"query_string":null}]}]}
12-06 17:52:44.762 I/System.out( 2924): }
12-06 17:52:44.829 D/CompatibilityInfo( 1392): mCompatibilityFlags - 0
12-06 17:52:44.829 D/CompatibilityInfo( 1392): applicationDensity - 480
12-06 17:52:44.829 D/CompatibilityInfo( 1392): applicationScale - 1.0
12-06 17:52:45.073 D/KeyguardUpdateMonitor( 2600): received broadcast android.intent.action.BATTERY_CHANGED
12-06 17:52:45.074 D/HxBatteryStatusReceiver(11834): onReceiveandroid.intent.action.BATTERY_CHANGED
12-06 17:52:45.076 D/KeyguardUpdateMonitor( 2600): handleBatteryUpdate
12-06 17:52:45.165 V/StatusBar( 2600): setLightsOn(true)
12-06 17:52:45.209 I/chatty  ( 2600): uid=10030(com.android.systemui) identical 5 lines
12-06 17:52:45.461 V/StatusBar( 2600): setLightsOn(true)
12-06 17:52:45.475 D/CompatibilityInfo( 1392): mCompatibilityFlags - 0
12-06 17:52:45.475 D/CompatibilityInfo( 1392): applicationDensity - 480
12-06 17:52:45.475 D/CompatibilityInfo( 1392): applicationScale - 1.0
12-06 17:52:45.480 D/CompatibilityInfo( 1392): mCompatibilityFlags - 0
12-06 17:52:45.480 D/CompatibilityInfo( 1392): applicationDensity - 480
12-06 17:52:45.480 D/CompatibilityInfo( 1392): applicationScale - 1.0
12-06 17:52:45.481 D/CompatibilityInfo( 1392): mCompatibilityFlags - 0
12-06 17:52:45.482 D/CompatibilityInfo( 1392): applicationDensity - 480
12-06 17:52:45.482 D/CompatibilityInfo( 1392): applicationScale - 1.0
12-06 17:52:45.484 I/Finsky  (18728): [2] com.google.android.finsky.scheduler.JobSchedulerEngine$PhoneskyJobSchedulerJobService.onStartJob(8): onJobSchedulerWakeup with jobId 9001
12-06 17:52:45.487 I/Finsky  (18728): [2] com.google.android.finsky.scheduler.ad.a(29): Scheduling fallback job with id: 9034, and delay: 43200000 ms
12-06 17:52:45.491 I/Finsky  (18728): [2] com.google.android.finsky.scheduler.ad.a(41): Scheduling fallback in 64799998 (absolute: 173320163)
12-06 17:52:45.497 I/Finsky  (18728): [2] com.google.android.finsky.scheduler.al.handleMessage(16): DeviceState: DeviceState{currentTime=1544136765495, isCharging=true, isIdle=false, netAny=true, netNotRoaming=true, netUnmetered=true}
12-06 17:52:45.501 I/Finsky  (18728): [2331] com.google.android.finsky.scheduler.bp.b(88): Jobs in database: 1-1337 12-1 26-1414141414 
12-06 17:52:45.503 I/Finsky  (18728): [2] com.google.android.finsky.scheduler.ag.a(59): Running job: 12-1
12-06 17:52:45.503 I/Finsky  (18728): [2] com.google.android.finsky.contentsync.ContentSyncJob.a(32): ContentSyncJob started
12-06 17:52:45.508 I/Finsky  (18728): [2] com.google.android.finsky.scheduler.ag.a(105): RunningQueue size: 1, PendingQueue size: 0
12-06 17:52:45.508 I/Finsky  (18728): [2] com.google.android.finsky.scheduler.ag.a(116): Running queue: 12-1 
12-06 17:52:45.514 I/Finsky  (18728): [1604] com.google.android.finsky.m.c.a(21): Completed 0 account content syncs with 0 successful.
12-06 17:52:45.514 I/Finsky  (18728): [2] com.google.android.finsky.contentsync.ContentSyncJob.a(30): Installation state replication succeeded.
12-06 17:52:45.515 I/Finsky  (18728): [2] com.google.android.finsky.scheduler.bm.b(8): jobFinished: 12-1. TimeElapsed: 12ms
12-06 17:52:45.515 I/Finsky  (18728): [2] com.google.android.finsky.scheduler.ag.a(139): Job 12-1 finished
12-06 17:52:45.516 I/Finsky  (18728): [2] com.google.android.finsky.scheduler.ag.a(105): RunningQueue size: 0, PendingQueue size: 0
12-06 17:52:45.516 I/Finsky  (18728): [2] com.google.android.finsky.scheduler.al.handleMessage(42): Executor finished
12-06 17:52:45.542 I/Finsky  (18728): [2] com.google.android.finsky.scheduler.bp.b(88): Jobs in database: 1-1337 26-1414141414 
12-06 17:52:45.544 I/Finsky  (18728): [2] com.google.android.finsky.scheduler.k.a(69): ConstraintMapping: 1-1337,  -> L: 22409744ms, D: 65609744ms, C: false, I: false, N: 1
12-06 17:52:45.545 I/Finsky  (18728): [2] com.google.android.finsky.scheduler.k.a(69): ConstraintMapping: 26-1414141414,  -> L: 19230102ms, D: 20130102ms, C: false, I: false, N: 0
12-06 17:52:45.546 I/Finsky  (18728): [2] com.google.android.finsky.scheduler.JobSchedulerEngine.a(109): Cancelling existing job with id: 9002
12-06 17:52:45.548 I/Finsky  (18728): [2] com.google.android.finsky.scheduler.JobSchedulerEngine.a(48): Scheduling job Id: 9000, L: 22409744, D: 65609744, C: false, I: false, N: 1
12-06 17:52:45.549 I/Finsky  (18728): [2] com.google.android.finsky.scheduler.JobSchedulerEngine.a(48): Scheduling job Id: 9003, L: 19230102, D: 20130102, C: false, I: false, N: 0
12-06 17:52:45.947 W/ADebug  ( 2967): Failed to get property persist.sys.media.traces
12-06 17:52:46.008 D/vndksupport( 2967): Loading /vendor/lib64/hw/android.hardware.graphics.mapper@2.0-impl.so from current namespace instead of sphal namespace.
12-06 17:52:46.010 D/vndksupport( 2967): Loading /vendor/lib64/hw/gralloc.msm8953.so from current namespace instead of sphal namespace.
12-06 17:52:46.079 D/KeyguardUpdateMonitor( 2600): received broadcast android.intent.action.BATTERY_CHANGED
12-06 17:52:46.081 D/HxBatteryStatusReceiver(11834): onReceiveandroid.intent.action.BATTERY_CHANGED
12-06 17:52:46.083 D/KeyguardUpdateMonitor( 2600): handleBatteryUpdate
12-06 17:52:46.354 D/ClClient(11834): Not sending keepalive.  Current connection state=STOPPED
