--------- beginning of main
12-06 17:52:46.856 I/chatty  ( 2600): uid=10030(com.android.systemui) expire 1 line
12-06 17:52:46.856 V/StatusBar( 2600): setLightsOn(true)
12-06 17:52:46.860 D/SurfaceFlinger(  609): duplicate layer name: changing com.android.launcher3/com.android.searchlauncher.SearchLauncher to com.android.launcher3/com.android.searchlauncher.SearchLauncher#1
12-06 17:52:46.875 D/CompatibilityInfo( 1392): mCompatibilityFlags - 0
12-06 17:52:46.876 D/CompatibilityInfo( 1392): applicationDensity - 480
12-06 17:52:46.876 D/CompatibilityInfo( 1392): applicationScale - 1.0
12-06 17:52:46.881 W/ThreadPoolDumper( 3727): Queue length for executor EventBus is now 11. Perhaps some tasks are too long, or the pool is too small.
12-06 17:52:46.881 W/SessionLifecycleManager( 3727): Handover failed. Creating new session controller.
12-06 17:52:46.886 I/WifiService( 1392): getConnectionInfo uid=10035
12-06 17:52:46.887 I/WifiService( 1392): getWifiEnabledState uid=10035
12-06 17:52:46.891 I/WifiService( 1392): getConnectionInfo uid=10035
12-06 17:52:46.892 I/WifiService( 1392): getWifiEnabledState uid=10035
12-06 17:52:46.907 I/StreamController( 3727): registerScope: nowcards-15-655fb13-4ae2
12-06 17:52:46.975 W/TemplatedStringEvaluato( 3727): Got templated string with no display string
12-06 17:52:46.985 I/MicroDetectionState( 3727): Keep running hotword in interactor process
12-06 17:52:47.076 D/HxBatteryStatusReceiver(11834): onReceiveandroid.intent.action.BATTERY_CHANGED
12-06 17:52:47.081 D/KeyguardUpdateMonitor( 2600): received broadcast android.intent.action.BATTERY_CHANGED
12-06 17:52:47.087 I/zygote64( 3727): Background concurrent copying GC freed 102847(4MB) AllocSpace objects, 0(0B) LOS objects, 50% free, 16MB/32MB, paused 159us total 186.964ms
12-06 17:52:47.102 D/KeyguardUpdateMonitor( 2600): handleBatteryUpdate
12-06 17:52:47.335 W/ADebug  ( 2984): Failed to get property persist.sys.media.traces
12-06 17:52:47.361 D/AndroidRuntime( 2984): >>>>>> START com.android.internal.os.RuntimeInit uid 2000 <<<<<<
12-06 17:52:47.389 I/OpenGLRenderer( 1392): Initialized EGL, version 1.4
12-06 17:52:47.389 D/OpenGLRenderer( 1392): Swap behavior 2
12-06 17:52:47.414 W/OpenGLRenderer(26350): Incorrectly called buildLayer on View: ShortcutAndWidgetContainer, destroying layer...
12-06 17:52:47.414 W/OpenGLRenderer(26350): Incorrectly called buildLayer on View: ShortcutAndWidgetContainer, destroying layer...
12-06 17:52:47.506 I/app_process( 2984): The ClassLoaderContext is a special shared library.
12-06 17:52:47.553 D/AndroidRuntime( 2984): Calling main entry com.android.commands.am.Am
--------- beginning of system
12-06 17:52:47.556 I/ActivityManager( 1392): Force stopping com.evancharlton.mileage appid=10258 user=0: start instr
12-06 17:52:47.556 I/ActivityManager( 1392): Killing 2924:com.evancharlton.mileage/u0a258 (adj 0): stop com.evancharlton.mileage
12-06 17:52:47.558 W/zygote64( 1392): kill(-2924, 9) failed: No such process
12-06 17:52:47.558 W/ActivityManager( 1392): Crash of app com.evancharlton.mileage running instrumentation ComponentInfo{com.evancharlton.mileage.test/sh.calaba.instrumentationbackend.CalabashInstrumentationTestRunner}
12-06 17:52:47.558 I/ActivityManager( 1392): Force stopping com.evancharlton.mileage appid=10258 user=0: finished inst
12-06 17:52:47.569 D/WindowManager( 1392): width=1080height=1920
12-06 17:52:47.576 I/ActivityManager( 1392): Start proc 2996:com.evancharlton.mileage/u0a258 for added application com.evancharlton.mileage
12-06 17:52:47.578 D/AndroidRuntime( 2984): Shutting down VM
12-06 17:52:47.581 I/zygote64( 2996): Late-enabling -Xcheck:jni
12-06 17:52:47.583 W/ActivityManager( 1392): setHasOverlayUi called on unknown pid: 2924
12-06 17:52:47.598 W/zygote64( 1392): kill(-2924, 9) failed: No such process
12-06 17:52:47.598 I/zygote64( 1392): Successfully killed process cgroup uid 10258 pid 2924 in 40ms
12-06 17:52:47.616 E/adbd    ( 3362): failed to connect to socket 'tcp:7102': Connection refused
12-06 17:52:47.619 E/adbd    ( 3362): failed to connect to socket 'tcp:7102': Connection refused
12-06 17:52:47.630 D/CompatibilityInfo( 1392): mCompatibilityFlags - 10
12-06 17:52:47.630 D/CompatibilityInfo( 1392): applicationDensity - 480
12-06 17:52:47.630 D/CompatibilityInfo( 1392): applicationScale - 1.0
12-06 17:52:47.656 I/zygote64( 2996): The ClassLoaderContext is a special shared library.
12-06 17:52:47.658 I/chatty  ( 2996): uid=10258(com.evancharlton.mileage) identical 1 line
12-06 17:52:47.660 I/zygote64( 2996): The ClassLoaderContext is a special shared library.
12-06 17:52:47.662 W/zygote64( 2996): ClassLoaderContext classpath element mismatch for position 0. expected=/system/framework/android.test.mock.jar, found=/system/framework/com.google.android.maps.jar (PCL[/system/framework/android.test.mock.jar*1065265343:/system/framework/android.test.runner.jar*1742119008:/system/framework/com.google.android.maps.jar*1362947682] | PCL[/system/framework/com.google.android.maps.jar*1362947682:/system/framework/android.test.runner.jar*1742119008:/system/framework/android.test.mock.jar*1065265343])
12-06 17:52:47.662 W/zygote64( 2996): Found duplicate classes, falling back to extracting from APK : /data/app/com.evancharlton.mileage.test-1ZvZzOU0oHusOPtC93SDqQ==/base.apk
12-06 17:52:47.662 W/zygote64( 2996): NOTE: This wastes RAM and hurts startup performance.
12-06 17:52:47.662 W/zygote64( 2996): Found duplicated class when checking oat files: 'Ljunit/runner/BaseTestRunner;' in /data/app/com.evancharlton.mileage.test-1ZvZzOU0oHusOPtC93SDqQ==/base.apk and /system/framework/android.test.runner.jar
12-06 17:52:47.662 W/zygote64( 2996): 
12-06 17:52:47.726 E/adbd    ( 3362): failed to connect to socket 'tcp:7102': Connection refused
12-06 17:52:47.729 E/adbd    ( 3362): failed to connect to socket 'tcp:7102': Connection refused
12-06 17:52:47.734 W/zygote64( 2996): ClassLoaderContext classpath size mismatch for position 0. expected=0, found=4 (PCL[] | PCL[/system/framework/com.google.android.maps.jar*1362947682:/system/framework/android.test.runner.jar*1742119008:/system/framework/android.test.mock.jar*1065265343:/data/app/com.evancharlton.mileage.test-1ZvZzOU0oHusOPtC93SDqQ==/base.apk*3617058041])
12-06 17:52:47.748 W/System  ( 2996): ClassLoader referenced unknown path: 
12-06 17:52:47.776 I/System.out( 2996): Main activity name automatically set to: com.evancharlton.mileage.Mileage
12-06 17:52:47.778 I/System.out( 2996): Calabash did not load Mono. This is only a problem if you are trying to test a Mono application
12-06 17:52:47.779 I/calabash( 2996): Test server port: 7102
12-06 17:52:47.781 I/InstrumentationBackend( 2996): Added:'GetPreferences', with key:'get_preferences'
12-06 17:52:47.832 E/adbd    ( 3362): failed to connect to socket 'tcp:7102': Connection refused
12-06 17:52:47.836 E/adbd    ( 3362): failed to connect to socket 'tcp:7102': Connection refused
12-06 17:52:47.864 I/InstrumentationBackend( 2996): Added:'SetPreferences', with key:'set_preferences'
12-06 17:52:47.864 I/InstrumentationBackend( 2996): Added:'ClearPreferences', with key:'clear_preferences'
12-06 17:52:47.865 I/InstrumentationBackend( 2996): Added:'PressElement', with key:'press_l10n_element'
12-06 17:52:47.866 I/InstrumentationBackend( 2996): Added:'WaitForElement', with key:'wait_for_l10n_element'
12-06 17:52:47.867 I/InstrumentationBackend( 2996): Added:'NullAction', with key:'nullAction'
12-06 17:52:47.868 I/InstrumentationBackend( 2996): Added:'PressKey', with key:'press_key'
12-06 17:52:47.868 I/InstrumentationBackend( 2996): Added:'SetActivityOrientation', with key:'set_activity_orientation'
12-06 17:52:47.869 I/InstrumentationBackend( 2996): Added:'GetActivityOrientation', with key:'get_activity_orientation'
12-06 17:52:47.869 I/InstrumentationBackend( 2996): Added:'FakeGPSLocation', with key:'set_gps_coordinates'
12-06 17:52:47.870 I/InstrumentationBackend( 2996): Added:'SetPropertyByCssSelector', with key:'set_property_by_css_selector'
12-06 17:52:47.873 I/InstrumentationBackend( 2996): Added:'GetUrl', with key:'get_url'
12-06 17:52:47.877 I/InstrumentationBackend( 2996): Added:'ScrollTo', with key:'scroll_to'
12-06 17:52:47.878 I/InstrumentationBackend( 2996): Added:'GetLoadProgress', with key:'get_load_progress'
12-06 17:52:47.879 I/InstrumentationBackend( 2996): Added:'DumpHtml', with key:'dump_html'
12-06 17:52:47.879 I/InstrumentationBackend( 2996): Added:'DumpBodyHtml', with key:'dump_body_html'
12-06 17:52:47.880 I/InstrumentationBackend( 2996): Added:'EnterTextByCssSelector', with key:'enter_text_by_selector'
12-06 17:52:47.893 I/InstrumentationBackend( 2996): Added:'AndroidSDKVersion', with key:'android_sdk_version'
12-06 17:52:47.894 I/InstrumentationBackend( 2996): Added:'Version', with key:'version'
12-06 17:52:47.894 I/InstrumentationBackend( 2996): Added:'Drag', with key:'drag'
12-06 17:52:47.895 I/InstrumentationBackend( 2996): Added:'TouchCoordinates', with key:'touch_coordinate'
12-06 17:52:47.895 I/InstrumentationBackend( 2996): Added:'LongPressCoordinate', with key:'long_press_coordinate'
12-06 17:52:47.895 I/InstrumentationBackend( 2996): Added:'DragCoordinates', with key:'drag_coordinates'
12-06 17:52:47.897 I/InstrumentationBackend( 2996): Added:'ResumeApplication', with key:'resume_application'
12-06 17:52:47.897 I/InstrumentationBackend( 2996): Added:'Swipe', with key:'swipe'
12-06 17:52:47.898 I/InstrumentationBackend( 2996): Added:'DoubleTapCoordinate', with key:'double_tap_coordinate'
12-06 17:52:47.899 I/InstrumentationBackend( 2996): Added:'ClickOnScreen', with key:'click_on_screen'
12-06 17:52:47.901 I/InstrumentationBackend( 2996): Added:'GetActivityName', with key:'get_activity_name'
12-06 17:52:47.902 I/InstrumentationBackend( 2996): Added:'ScrollToView', with key:'scroll_to_view'
12-06 17:52:47.903 I/InstrumentationBackend( 2996): Added:'ViewConfiguration', with key:'view_configuration'
12-06 17:52:47.904 I/InstrumentationBackend( 2996): Added:'IsCurrentActivityFocused', with key:'is_current_activity_focused'
12-06 17:52:47.904 I/InstrumentationBackend( 2996): Added:'SendTcp', with key:'send_tcp'
12-06 17:52:47.905 I/InstrumentationBackend( 2996): Added:'DpToDevicePixel', with key:'dp_to_device_pixel'
12-06 17:52:47.906 I/InstrumentationBackend( 2996): Added:'KeyboardEnterText', with key:'keyboard_enter_text'
12-06 17:52:47.907 I/InstrumentationBackend( 2996): Added:'DeleteSurroundingText', with key:'delete_surrounding_text'
12-06 17:52:47.907 I/InstrumentationBackend( 2996): Added:'SetComposingRegion', with key:'set_composing_region'
12-06 17:52:47.908 I/InstrumentationBackend( 2996): Added:'SetSelection', with key:'set_selection'
12-06 17:52:47.908 I/InstrumentationBackend( 2996): Added:'KeyboardKeyEvent', with key:'keyboard_key_event'
12-06 17:52:47.909 I/InstrumentationBackend( 2996): Added:'PressUserActionButton', with key:'press_user_action_button'
12-06 17:52:47.911 I/InstrumentationBackend( 2996): Added:'HideSoftKeyboard', with key:'hide_soft_keyboard'
12-06 17:52:47.913 I/InstrumentationBackend( 2996): Added:'ListActions', with key:'list_actions'
12-06 17:52:47.914 I/calabash( 2996): Instantiating http server at 7102
12-06 17:52:47.916 I/System.out( 2996): HTTP Daemon listening on: 7102
12-06 17:52:47.946 I/System.out( 2996): URI: //ping
12-06 17:52:47.947 I/System.out( 2996): params: {json={}
12-06 17:52:47.947 I/System.out( 2996): }
12-06 17:52:47.960 I/System.out( 2996): URI: //ping
12-06 17:52:47.960 I/System.out( 2996): params: {json={}
12-06 17:52:47.960 I/System.out( 2996): }
12-06 17:52:47.971 I/System.out( 2996): URI: //ready
12-06 17:52:47.972 I/System.out( 2996): params: {json={}
12-06 17:52:47.972 I/System.out( 2996): }
12-06 17:52:47.982 I/System.out( 2996): URI: //
12-06 17:52:47.983 I/System.out( 2996): params: {json={"command":"version","arguments":[]}
12-06 17:52:47.983 I/System.out( 2996): }
12-06 17:52:47.983 I/System.out( 2996): header: {content-type=application/json;charset=utf-8, date=Thu, 06 Dec 2018 22:52:49 GMT, accept=*/*, host=127.0.0.1:34777, content-length=36, user-agent=HTTPClient/1.0 (2.8.3, ruby 2.5.1 (2018-03-29))}
12-06 17:52:47.984 I/System.out( 2996): params: {json={"command":"version","arguments":[]}
12-06 17:52:47.984 I/System.out( 2996): }
12-06 17:52:47.984 I/System.out( 2996): ProP json = {"command":"version","arguments":[]}
12-06 17:52:47.984 I/System.out( 2996): files: {}
12-06 17:52:47.984 I/System.out( 2996): command: {"command":"version","arguments":[]}
12-06 17:52:47.989 D/CompatibilityInfo( 1392): mCompatibilityFlags - 0
12-06 17:52:47.990 D/CompatibilityInfo( 1392): applicationDensity - 480
12-06 17:52:47.990 D/CompatibilityInfo( 1392): applicationScale - 1.0
12-06 17:52:48.037 I/InstrumentationBackend( 2996): Got command:'Command:'Line:null,version', arguments:'[]'
12-06 17:52:48.074 D/KeyguardUpdateMonitor( 2600): received broadcast android.intent.action.BATTERY_CHANGED
12-06 17:52:48.074 D/HxBatteryStatusReceiver(11834): onReceiveandroid.intent.action.BATTERY_CHANGED
12-06 17:52:48.077 D/KeyguardUpdateMonitor( 2600): handleBatteryUpdate
12-06 17:52:48.128 I/System.out( 2996): result:{"bonusInformation":[],"message":"0.9.8","success":true}
12-06 17:52:48.138 I/System.out( 2996): URI: //start-application
12-06 17:52:48.138 I/System.out( 2996): params: {json={"intent":null}
12-06 17:52:48.138 I/System.out( 2996): }
12-06 17:52:48.256 I/ActivityManager( 1392): START u0 {act=android.intent.action.MAIN cat=[android.intent.category.LAUNCHER] flg=0x10200000 cmp=com.evancharlton.mileage/.Mileage} from uid 10258
12-06 17:52:48.257 E/ANDR-PERF-MPCTL(  588): Invalid profile no. 0, total profiles 0 only
12-06 17:52:48.258 E/ANDR-PERF-JNI( 1392): com_qualcomm_qtiperformance_native_perf_io_prefetch_start
12-06 17:52:48.261 D/ActivityTrigger( 1392): activityStartTrigger: Activity is Triggerred in full screen ApplicationInfo{4db0870 com.evancharlton.mileage}
12-06 17:52:48.261 E/ActivityTrigger( 1392): activityStartTrigger: not whiteListedcom.evancharlton.mileage/com.evancharlton.mileage.Mileage/3110
12-06 17:52:48.261 D/CompatibilityInfo( 1392): mCompatibilityFlags - 10
12-06 17:52:48.261 D/CompatibilityInfo( 1392): applicationDensity - 480
12-06 17:52:48.261 D/CompatibilityInfo( 1392): applicationScale - 1.0
12-06 17:52:48.262 D/ActivityTrigger( 1392): activityResumeTrigger: The activity in ApplicationInfo{4db0870 com.evancharlton.mileage} is now in focus and seems to be in full-screen mode
12-06 17:52:48.262 E/ActivityTrigger( 1392): activityResumeTrigger: not whiteListedcom.evancharlton.mileage/com.evancharlton.mileage.Mileage/3110
12-06 17:52:48.262 D/ActivityTrigger( 1392): ActivityTrigger activityPauseTrigger 
12-06 17:52:48.267 D/ActivityTrigger( 1392): activityResumeTrigger: The activity in ApplicationInfo{4db0870 com.evancharlton.mileage} is now in focus and seems to be in full-screen mode
12-06 17:52:48.267 E/ActivityTrigger( 1392): activityResumeTrigger: not whiteListedcom.evancharlton.mileage/com.evancharlton.mileage.Mileage/3110
12-06 17:52:48.271 D/CompatibilityInfo( 1392): mCompatibilityFlags - 10
12-06 17:52:48.271 D/CompatibilityInfo( 1392): applicationDensity - 480
12-06 17:52:48.271 D/CompatibilityInfo( 1392): applicationScale - 1.0
12-06 17:52:48.282 I/calabash( 2996): newActivity1
12-06 17:52:48.333 V/StatusBar( 2600): setLightsOn(true)
12-06 17:52:48.356 W/ActivityManager( 1392): Bad activity token: android.os.BinderProxy@565c0bc
12-06 17:52:48.356 W/ActivityManager( 1392): java.lang.ClassCastException: android.os.BinderProxy cannot be cast to com.android.server.am.ActivityRecord$Token
12-06 17:52:48.356 W/ActivityManager( 1392): 	at com.android.server.am.ActivityRecord.forTokenLocked(ActivityRecord.java:816)
12-06 17:52:48.356 W/ActivityManager( 1392): 	at com.android.server.am.ActivityRecord.isInStackLocked(ActivityRecord.java:2154)
12-06 17:52:48.356 W/ActivityManager( 1392): 	at com.android.server.am.ActivityRecord.getStackLocked(ActivityRecord.java:2159)
12-06 17:52:48.356 W/ActivityManager( 1392): 	at com.android.server.am.ActivityManagerService.getActivityDisplayId(ActivityManagerService.java:10744)
12-06 17:52:48.356 W/ActivityManager( 1392): 	at android.app.IActivityManager$Stub.onTransact(IActivityManager.java:2734)
12-06 17:52:48.356 W/ActivityManager( 1392): 	at com.android.server.am.ActivityManagerService.onTransact(ActivityManagerService.java:2971)
12-06 17:52:48.356 W/ActivityManager( 1392): 	at android.os.Binder.execTransact(Binder.java:697)
12-06 17:52:48.357 I/calabash( 2996): newActivity1
12-06 17:52:48.370 W/ActivityManager( 1392): Bad activity token: android.os.BinderProxy@565c0bc
12-06 17:52:48.370 W/ActivityManager( 1392): java.lang.ClassCastException: android.os.BinderProxy cannot be cast to com.android.server.am.ActivityRecord$Token
12-06 17:52:48.370 W/ActivityManager( 1392): 	at com.android.server.am.ActivityRecord.forTokenLocked(ActivityRecord.java:816)
12-06 17:52:48.370 W/ActivityManager( 1392): 	at com.android.server.am.ActivityRecord.isInStackLocked(ActivityRecord.java:2154)
12-06 17:52:48.370 W/ActivityManager( 1392): 	at com.android.server.am.ActivityManagerService.setTaskDescription(ActivityManagerService.java:10345)
12-06 17:52:48.370 W/ActivityManager( 1392): 	at android.app.IActivityManager$Stub.onTransact(IActivityManager.java:2820)
12-06 17:52:48.370 W/ActivityManager( 1392): 	at com.android.server.am.ActivityManagerService.onTransact(ActivityManagerService.java:2971)
12-06 17:52:48.370 W/ActivityManager( 1392): 	at android.os.Binder.execTransact(Binder.java:697)
12-06 17:52:48.371 W/ActivityManager( 1392): Bad activity token: android.os.BinderProxy@565c0bc
12-06 17:52:48.371 W/ActivityManager( 1392): java.lang.ClassCastException: android.os.BinderProxy cannot be cast to com.android.server.am.ActivityRecord$Token
12-06 17:52:48.371 W/ActivityManager( 1392): 	at com.android.server.am.ActivityRecord.forTokenLocked(ActivityRecord.java:816)
12-06 17:52:48.371 W/ActivityManager( 1392): 	at com.android.server.am.ActivityRecord.isInStackLocked(ActivityRecord.java:2154)
12-06 17:52:48.371 W/ActivityManager( 1392): 	at com.android.server.am.ActivityRecord.getStackLocked(ActivityRecord.java:2159)
12-06 17:52:48.371 W/ActivityManager( 1392): 	at com.android.server.am.ActivityManagerService.getActivityStackId(ActivityManagerService.java:10755)
12-06 17:52:48.371 W/ActivityManager( 1392): 	at android.app.IActivityManager$Stub.onTransact(IActivityManager.java:3513)
12-06 17:52:48.371 W/ActivityManager( 1392): 	at com.android.server.am.ActivityManagerService.onTransact(ActivityManagerService.java:2971)
12-06 17:52:48.371 W/ActivityManager( 1392): 	at android.os.Binder.execTransact(Binder.java:697)
12-06 17:52:48.519 W/ActivityManager( 1392): Bad activity token: android.os.BinderProxy@565c0bc
12-06 17:52:48.519 W/ActivityManager( 1392): java.lang.ClassCastException: android.os.BinderProxy cannot be cast to com.android.server.am.ActivityRecord$Token
12-06 17:52:48.519 W/ActivityManager( 1392): 	at com.android.server.am.ActivityRecord.forTokenLocked(ActivityRecord.java:816)
12-06 17:52:48.519 W/ActivityManager( 1392): 	at com.android.server.am.ActivityRecord.isInStackLocked(ActivityRecord.java:2154)
12-06 17:52:48.519 W/ActivityManager( 1392): 	at com.android.server.am.ActivityManagerService.getActivityOptions(ActivityManagerService.java:13590)
12-06 17:52:48.519 W/ActivityManager( 1392): 	at android.app.IActivityManager$Stub.onTransact(IActivityManager.java:2906)
12-06 17:52:48.519 W/ActivityManager( 1392): 	at com.android.server.am.ActivityManagerService.onTransact(ActivityManagerService.java:2971)
12-06 17:52:48.519 W/ActivityManager( 1392): 	at android.os.Binder.execTransact(Binder.java:697)
12-06 17:52:48.520 W/ActivityManager( 1392): Bad activity token: android.os.BinderProxy@565c0bc
12-06 17:52:48.520 W/ActivityManager( 1392): java.lang.ClassCastException: android.os.BinderProxy cannot be cast to com.android.server.am.ActivityRecord$Token
12-06 17:52:48.520 W/ActivityManager( 1392): 	at com.android.server.am.ActivityRecord.forTokenLocked(ActivityRecord.java:816)
12-06 17:52:48.520 W/ActivityManager( 1392): 	at com.android.server.am.ActivityRecord.isInStackLocked(ActivityRecord.java:2154)
12-06 17:52:48.520 W/ActivityManager( 1392): 	at com.android.server.am.ActivityManagerService.getActivityOptions(ActivityManagerService.java:13590)
12-06 17:52:48.520 W/ActivityManager( 1392): 	at android.app.IActivityManager$Stub.onTransact(IActivityManager.java:2906)
12-06 17:52:48.520 W/ActivityManager( 1392): 	at com.android.server.am.ActivityManagerService.onTransact(ActivityManagerService.java:2971)
12-06 17:52:48.520 W/ActivityManager( 1392): 	at android.os.Binder.execTransact(Binder.java:697)
12-06 17:52:48.619 V/StatusBar( 2600): setLightsOn(true)
12-06 17:52:48.701 I/chatty  ( 2600): uid=10030(com.android.systemui) identical 3 lines
12-06 17:52:48.736 V/StatusBar( 2600): setLightsOn(true)
12-06 17:52:48.737 I/zygote64( 2996): Do partial code cache collection, code=28KB, data=21KB
12-06 17:52:48.737 I/zygote64( 2996): After code cache collection, code=28KB, data=21KB
12-06 17:52:48.737 I/zygote64( 2996): Increasing code cache capacity to 128KB
12-06 17:52:48.760 D/vndksupport( 2996): Loading /vendor/lib64/hw/android.hardware.graphics.mapper@2.0-impl.so from current namespace instead of sphal namespace.
12-06 17:52:48.761 D/vndksupport( 2996): Loading /vendor/lib64/hw/gralloc.msm8953.so from current namespace instead of sphal namespace.
12-06 17:52:48.769 D/OpenGLRenderer( 2996): HWUI GL Pipeline
12-06 17:52:48.794 V/StatusBar( 2600): setLightsOn(true)
12-06 17:52:48.796 I/chatty  ( 2600): uid=10030(com.android.systemui) identical 1 line
12-06 17:52:48.799 V/StatusBar( 2600): setLightsOn(true)
12-06 17:52:48.802 I/ActivityManager( 1392): Displayed com.evancharlton.mileage/.Mileage: +528ms
12-06 17:52:48.802 E/ANDR-PERF-JNI( 1392): com_qualcomm_qtiperformance_native_perf_io_prefetch_start
12-06 17:52:48.803 V/StatusBar( 2600): setLightsOn(true)
12-06 17:52:48.951 I/System.out( 2996): URI: //map
12-06 17:52:48.952 I/System.out( 2996): params: {json={"query":"android.widget.CheckBox index:0","operation":{"method_name":"query","arguments":[]}}
12-06 17:52:48.952 I/System.out( 2996): }
12-06 17:52:48.969 V/StatusBar( 2600): setLightsOn(true)
12-06 17:52:49.036 I/chatty  ( 2600): uid=10030(com.android.systemui) identical 2 lines
12-06 17:52:49.038 V/StatusBar( 2600): setLightsOn(true)
12-06 17:52:49.040 D/ActivityTrigger( 1392): ActivityTrigger activityStopTrigger 
12-06 17:52:49.078 D/KeyguardUpdateMonitor( 2600): received broadcast android.intent.action.BATTERY_CHANGED
12-06 17:52:49.078 D/HxBatteryStatusReceiver(11834): onReceiveandroid.intent.action.BATTERY_CHANGED
12-06 17:52:49.080 D/KeyguardUpdateMonitor( 2600): handleBatteryUpdate
12-06 17:52:49.148 I/PBSessionCacheImpl( 3727): Deleted sessionId[61244495138953] from persistence.
12-06 17:52:49.151 I/WifiService( 1392): getConnectionInfo uid=10035
12-06 17:52:49.152 I/WifiService( 1392): getWifiEnabledState uid=10035
12-06 17:52:49.153 W/SearchServiceCore( 3727): Abort, client detached.
12-06 17:52:49.154 I/StreamController( 3727): cleanUpControllerScope(nowcards-15-655fb13-4ae2)
12-06 17:52:49.224 I/System.out( 2996): URI: //gesture
12-06 17:52:49.225 I/System.out( 2996): params: {json={"query_timeout":5.0,"gestures":[{"query_string":"android.widget.CheckBox index:0","touches":[{"x":50,"y":50,"offset_x":0,"offset_y":0,"wait":0.0,"time":0.2,"release":true,"query_string":null}]}]}
12-06 17:52:49.225 I/System.out( 2996): }
12-06 17:52:49.368 D/CompatibilityInfo( 1392): mCompatibilityFlags - 0
12-06 17:52:49.368 D/CompatibilityInfo( 1392): applicationDensity - 480
12-06 17:52:49.368 D/CompatibilityInfo( 1392): applicationScale - 1.0
12-06 17:52:49.423 I/zygote64( 2996): Do partial code cache collection, code=61KB, data=43KB
12-06 17:52:49.424 I/zygote64( 2996): After code cache collection, code=61KB, data=43KB
12-06 17:52:49.424 I/zygote64( 2996): Increasing code cache capacity to 256KB
12-06 17:52:49.609 D/AccessTokenRefreshRunnable(11834): Running the refresh ...
12-06 17:52:49.788 I/Finsky  (18728): [1587] com.google.android.finsky.bo.an.run(6): Stats for Executor: Db-user_languages_store com.google.android.finsky.bo.ao@fdd6d34[Running, pool size = 0, active threads = 0, queued tasks = 0, completed tasks = 1]
12-06 17:52:50.009 W/ADebug  ( 3037): Failed to get property persist.sys.media.traces
12-06 17:52:50.075 D/vndksupport( 3037): Loading /vendor/lib64/hw/android.hardware.graphics.mapper@2.0-impl.so from current namespace instead of sphal namespace.
12-06 17:52:50.077 D/vndksupport( 3037): Loading /vendor/lib64/hw/gralloc.msm8953.so from current namespace instead of sphal namespace.
12-06 17:52:50.116 W/GmsLocationProvider( 3727): Error removing location updates: 16
12-06 17:52:50.770 I/System.out( 2996): URI: //
12-06 17:52:50.771 I/System.out( 2996): params: {json={"command":"set_activity_orientation","arguments":["landscape"]}
12-06 17:52:50.771 I/System.out( 2996): }
12-06 17:52:50.772 I/System.out( 2996): header: {content-type=application/json;charset=utf-8, date=Thu, 06 Dec 2018 22:52:51 GMT, accept=*/*, host=127.0.0.1:34777, content-length=64, user-agent=HTTPClient/1.0 (2.8.3, ruby 2.5.1 (2018-03-29))}
12-06 17:52:50.773 I/System.out( 2996): params: {json={"command":"set_activity_orientation","arguments":["landscape"]}
12-06 17:52:50.773 I/System.out( 2996): }
12-06 17:52:50.773 I/System.out( 2996): ProP json = {"command":"set_activity_orientation","arguments":["landscape"]}
12-06 17:52:50.773 I/System.out( 2996): files: {}
12-06 17:52:50.774 I/System.out( 2996): command: {"command":"set_activity_orientation","arguments":["landscape"]}
12-06 17:52:50.800 I/InstrumentationBackend( 2996): Got command:'Command:'Line:null,set_activity_orientation', arguments:'[landscape]'
12-06 17:52:50.823 I/ActivityManager( 1392): Config changes=480 {1.0 732mcc123mnc [en_US] ldltr sw360dp w640dp h336dp 480dpi nrml long land finger -keyb/v/h -nav/h appBounds=Rect(0, 0 - 1920, 1080) s.89}
12-06 17:52:50.859 I/InputReader( 1392): Reconfiguring input devices.  changes=0x00000004
12-06 17:52:50.859 I/InputReader( 1392): Device reconfigured: id=5, name='ft5435_ts', size 1080x1920, orientation 1, mode 1, display id 0
12-06 17:52:50.859 I/InputReader( 1392): Device reconfigured: id=9, name='fts_ts', size 1080x1920, orientation 1, mode 1, display id 0
12-06 17:52:50.864 I/ActivityManager( 1392): Override config changes=480 {1.0 732mcc123mnc [en_US] ldltr sw360dp w640dp h336dp 480dpi nrml long land finger -keyb/v/h -nav/h appBounds=Rect(0, 0 - 1920, 1080) s.89} for displayId=0
12-06 17:52:50.953 I/calabash( 2996): newActivity1
12-06 17:52:50.984 W/zygote64( 2600): Checksum mismatch for dex SystemUI.apk
12-06 17:52:50.985 W/zygote64( 2600): Checksum mismatch for dex SystemUI.apk
12-06 17:52:51.011 W/ActivityManager( 1392): Bad activity token: android.os.BinderProxy@888eda2
12-06 17:52:51.011 W/ActivityManager( 1392): java.lang.ClassCastException: android.os.BinderProxy cannot be cast to com.android.server.am.ActivityRecord$Token
12-06 17:52:51.011 W/ActivityManager( 1392): 	at com.android.server.am.ActivityRecord.forTokenLocked(ActivityRecord.java:816)
12-06 17:52:51.011 W/ActivityManager( 1392): 	at com.android.server.am.ActivityRecord.isInStackLocked(ActivityRecord.java:2154)
12-06 17:52:51.011 W/ActivityManager( 1392): 	at com.android.server.am.ActivityRecord.getStackLocked(ActivityRecord.java:2159)
12-06 17:52:51.011 W/ActivityManager( 1392): 	at com.android.server.am.ActivityManagerService.getActivityDisplayId(ActivityManagerService.java:10744)
12-06 17:52:51.011 W/ActivityManager( 1392): 	at android.app.IActivityManager$Stub.onTransact(IActivityManager.java:2734)
12-06 17:52:51.011 W/ActivityManager( 1392): 	at com.android.server.am.ActivityManagerService.onTransact(ActivityManagerService.java:2971)
12-06 17:52:51.011 W/ActivityManager( 1392): 	at android.os.Binder.execTransact(Binder.java:697)
12-06 17:52:51.013 I/calabash( 2996): newActivity1
12-06 17:52:51.023 W/ActivityManager( 1392): Bad activity token: android.os.BinderProxy@888eda2
12-06 17:52:51.023 W/ActivityManager( 1392): java.lang.ClassCastException: android.os.BinderProxy cannot be cast to com.android.server.am.ActivityRecord$Token
12-06 17:52:51.023 W/ActivityManager( 1392): 	at com.android.server.am.ActivityRecord.forTokenLocked(ActivityRecord.java:816)
12-06 17:52:51.023 W/ActivityManager( 1392): 	at com.android.server.am.ActivityRecord.isInStackLocked(ActivityRecord.java:2154)
12-06 17:52:51.023 W/ActivityManager( 1392): 	at com.android.server.am.ActivityManagerService.setTaskDescription(ActivityManagerService.java:10345)
12-06 17:52:51.023 W/ActivityManager( 1392): 	at android.app.IActivityManager$Stub.onTransact(IActivityManager.java:2820)
12-06 17:52:51.023 W/ActivityManager( 1392): 	at com.android.server.am.ActivityManagerService.onTransact(ActivityManagerService.java:2971)
12-06 17:52:51.023 W/ActivityManager( 1392): 	at android.os.Binder.execTransact(Binder.java:697)
12-06 17:52:51.025 W/ActivityManager( 1392): Bad activity token: android.os.BinderProxy@888eda2
12-06 17:52:51.025 W/ActivityManager( 1392): java.lang.ClassCastException: android.os.BinderProxy cannot be cast to com.android.server.am.ActivityRecord$Token
12-06 17:52:51.025 W/ActivityManager( 1392): 	at com.android.server.am.ActivityRecord.forTokenLocked(ActivityRecord.java:816)
12-06 17:52:51.025 W/ActivityManager( 1392): 	at com.android.server.am.ActivityRecord.isInStackLocked(ActivityRecord.java:2154)
12-06 17:52:51.025 W/ActivityManager( 1392): 	at com.android.server.am.ActivityRecord.getStackLocked(ActivityRecord.java:2159)
12-06 17:52:51.025 W/ActivityManager( 1392): 	at com.android.server.am.ActivityManagerService.getActivityStackId(ActivityManagerService.java:10755)
12-06 17:52:51.025 W/ActivityManager( 1392): 	at android.app.IActivityManager$Stub.onTransact(IActivityManager.java:3513)
12-06 17:52:51.025 W/ActivityManager( 1392): 	at com.android.server.am.ActivityManagerService.onTransact(ActivityManagerService.java:2971)
12-06 17:52:51.025 W/ActivityManager( 1392): 	at android.os.Binder.execTransact(Binder.java:697)
12-06 17:52:51.025 V/StatusBar( 2600): setLightsOn(true)
12-06 17:52:51.032 I/System.out( 2996): result:{"bonusInformation":[],"message":"","success":true}
12-06 17:52:51.079 D/HxBatteryStatusReceiver(11834): onReceiveandroid.intent.action.BATTERY_CHANGED
12-06 17:52:51.080 W/StaticLayout( 2600): maxLineHeight should not be -1.  maxLines:1 lineCount:1
12-06 17:52:51.115 I/chatty  ( 2600): uid=10030(com.android.systemui) identical 11 lines
12-06 17:52:51.116 W/StaticLayout( 2600): maxLineHeight should not be -1.  maxLines:1 lineCount:1
12-06 17:52:51.140 D/StatusBar( 2600): disable<e i a s b h r c s q >
12-06 17:52:51.144 W/ActivityManager( 1392): Bad activity token: android.os.BinderProxy@888eda2
12-06 17:52:51.144 W/ActivityManager( 1392): java.lang.ClassCastException: android.os.BinderProxy cannot be cast to com.android.server.am.ActivityRecord$Token
12-06 17:52:51.144 W/ActivityManager( 1392): 	at com.android.server.am.ActivityRecord.forTokenLocked(ActivityRecord.java:816)
12-06 17:52:51.144 W/ActivityManager( 1392): 	at com.android.server.am.ActivityRecord.isInStackLocked(ActivityRecord.java:2154)
12-06 17:52:51.144 W/ActivityManager( 1392): 	at com.android.server.am.ActivityManagerService.getActivityOptions(ActivityManagerService.java:13590)
12-06 17:52:51.144 W/ActivityManager( 1392): 	at android.app.IActivityManager$Stub.onTransact(IActivityManager.java:2906)
12-06 17:52:51.144 W/ActivityManager( 1392): 	at com.android.server.am.ActivityManagerService.onTransact(ActivityManagerService.java:2971)
12-06 17:52:51.144 W/ActivityManager( 1392): 	at android.os.Binder.execTransact(Binder.java:697)
12-06 17:52:51.145 W/ActivityManager( 1392): Bad activity token: android.os.BinderProxy@888eda2
12-06 17:52:51.145 W/ActivityManager( 1392): java.lang.ClassCastException: android.os.BinderProxy cannot be cast to com.android.server.am.ActivityRecord$Token
12-06 17:52:51.145 W/ActivityManager( 1392): 	at com.android.server.am.ActivityRecord.forTokenLocked(ActivityRecord.java:816)
12-06 17:52:51.145 W/ActivityManager( 1392): 	at com.android.server.am.ActivityRecord.isInStackLocked(ActivityRecord.java:2154)
12-06 17:52:51.145 W/ActivityManager( 1392): 	at com.android.server.am.ActivityManagerService.getActivityOptions(ActivityManagerService.java:13590)
12-06 17:52:51.145 W/ActivityManager( 1392): 	at android.app.IActivityManager$Stub.onTransact(IActivityManager.java:2906)
12-06 17:52:51.145 W/ActivityManager( 1392): 	at com.android.server.am.ActivityManagerService.onTransact(ActivityManagerService.java:2971)
12-06 17:52:51.145 W/ActivityManager( 1392): 	at android.os.Binder.execTransact(Binder.java:697)
12-06 17:52:51.160 I/WindowManager( 1392): Screen frozen for +358ms due to Window{ceab740 u0 StatusBar}
12-06 17:52:51.187 D/KeyguardUpdateMonitor( 2600): received broadcast android.intent.action.BATTERY_CHANGED
12-06 17:52:51.202 D/KeyguardUpdateMonitor( 2600): handleBatteryUpdate
12-06 17:52:51.313 I/WifiService( 1392): getConnectionInfo uid=10180
12-06 17:52:51.338 V/StatusBar( 2600): setLightsOn(true)
12-06 17:52:51.339 V/StatusBar( 2600): setLightsOn(true)
12-06 17:52:51.366 I/zygote64( 2996): Do full code cache collection, code=114KB, data=111KB
12-06 17:52:51.366 I/zygote64( 2996): After code cache collection, code=107KB, data=84KB
12-06 17:52:51.436 V/StatusBar( 2600): setLightsOn(true)
12-06 17:52:51.445 I/chatty  ( 2600): uid=10030(com.android.systemui) identical 2 lines
12-06 17:52:51.459 V/StatusBar( 2600): setLightsOn(true)
12-06 17:52:51.481 W/ADebug  ( 3050): Failed to get property persist.sys.media.traces
12-06 17:52:51.552 D/vndksupport( 3050): Loading /vendor/lib64/hw/android.hardware.graphics.mapper@2.0-impl.so from current namespace instead of sphal namespace.
12-06 17:52:51.553 D/vndksupport( 3050): Loading /vendor/lib64/hw/gralloc.msm8953.so from current namespace instead of sphal namespace.
12-06 17:52:51.608 V/StatusBar( 2600): setLightsOn(true)
12-06 17:52:52.104 D/KeyguardUpdateMonitor( 2600): received broadcast android.intent.action.BATTERY_CHANGED
12-06 17:52:52.105 D/HxBatteryStatusReceiver(11834): onReceiveandroid.intent.action.BATTERY_CHANGED
12-06 17:52:52.108 D/KeyguardUpdateMonitor( 2600): handleBatteryUpdate
12-06 17:52:52.112 D/HxBatteryStatusReceiver(11834): onReceiveandroid.intent.action.BATTERY_CHANGED
12-06 17:52:52.142 D/KeyguardUpdateMonitor( 2600): received broadcast android.intent.action.BATTERY_CHANGED
12-06 17:52:52.155 D/KeyguardUpdateMonitor( 2600): handleBatteryUpdate
12-06 17:52:52.258 I/System.out( 2996): URI: //map
12-06 17:52:52.259 I/System.out( 2996): params: {json={"query":"android.widget.CheckBox index:0","operation":{"method_name":"query","arguments":[]}}
12-06 17:52:52.259 I/System.out( 2996): }
12-06 17:52:52.408 I/System.out( 2996): URI: //gesture
12-06 17:52:52.408 I/System.out( 2996): params: {json={"query_timeout":5.0,"gestures":[{"query_string":"android.widget.CheckBox index:0","touches":[{"x":50,"y":50,"offset_x":0,"offset_y":0,"wait":0.0,"time":0.2,"release":true,"query_string":null}]}]}
12-06 17:52:52.408 I/System.out( 2996): }
12-06 17:52:52.661 I/zygote64( 2996): Do partial code cache collection, code=124KB, data=87KB
12-06 17:52:52.661 I/zygote64( 2996): After code cache collection, code=124KB, data=87KB
12-06 17:52:52.661 I/zygote64( 2996): Increasing code cache capacity to 512KB
12-06 17:52:53.235 W/ADebug  ( 3066): Failed to get property persist.sys.media.traces
12-06 17:52:53.297 D/vndksupport( 3066): Loading /vendor/lib64/hw/android.hardware.graphics.mapper@2.0-impl.so from current namespace instead of sphal namespace.
12-06 17:52:53.299 D/vndksupport( 3066): Loading /vendor/lib64/hw/gralloc.msm8953.so from current namespace instead of sphal namespace.
12-06 17:52:53.531 I/zygote64( 1392): Explicit concurrent copying GC freed 102509(6MB) AllocSpace objects, 36(1484KB) LOS objects, 42% free, 31MB/54MB, paused 143us total 363.262ms
12-06 17:52:53.931 I/System.out( 2996): URI: //
12-06 17:52:53.932 I/System.out( 2996): params: {json={"command":"set_activity_orientation","arguments":["portrait"]}
12-06 17:52:53.932 I/System.out( 2996): }
12-06 17:52:53.933 I/System.out( 2996): header: {content-type=application/json;charset=utf-8, date=Thu, 06 Dec 2018 22:52:55 GMT, accept=*/*, host=127.0.0.1:34777, content-length=63, user-agent=HTTPClient/1.0 (2.8.3, ruby 2.5.1 (2018-03-29))}
12-06 17:52:53.933 I/System.out( 2996): params: {json={"command":"set_activity_orientation","arguments":["portrait"]}
12-06 17:52:53.934 I/System.out( 2996): }
12-06 17:52:53.934 I/System.out( 2996): ProP json = {"command":"set_activity_orientation","arguments":["portrait"]}
12-06 17:52:53.934 I/System.out( 2996): files: {}
12-06 17:52:53.934 I/System.out( 2996): command: {"command":"set_activity_orientation","arguments":["portrait"]}
12-06 17:52:53.948 I/InstrumentationBackend( 2996): Got command:'Command:'Line:null,set_activity_orientation', arguments:'[portrait]'
12-06 17:52:53.980 I/ActivityManager( 1392): Config changes=480 {1.0 732mcc123mnc [en_US] ldltr sw360dp w360dp h616dp 480dpi nrml long port finger -keyb/v/h -nav/h appBounds=Rect(0, 0 - 1080, 1920) s.90}
12-06 17:52:53.991 I/InputReader( 1392): Reconfiguring input devices.  changes=0x00000004
12-06 17:52:53.991 I/InputReader( 1392): Device reconfigured: id=5, name='ft5435_ts', size 1080x1920, orientation 0, mode 1, display id 0
12-06 17:52:53.991 I/InputReader( 1392): Device reconfigured: id=9, name='fts_ts', size 1080x1920, orientation 0, mode 1, display id 0
12-06 17:52:53.995 I/ActivityManager( 1392): Override config changes=480 {1.0 732mcc123mnc [en_US] ldltr sw360dp w360dp h616dp 480dpi nrml long port finger -keyb/v/h -nav/h appBounds=Rect(0, 0 - 1080, 1920) s.90} for displayId=0
12-06 17:52:54.155 I/System.out( 2996): result:{"bonusInformation":[],"message":"","success":true}
12-06 17:52:54.202 W/StaticLayout( 2600): maxLineHeight should not be -1.  maxLines:1 lineCount:1
12-06 17:52:54.203 I/chatty  ( 2600): uid=10030(com.android.systemui) identical 1 line
12-06 17:52:54.205 W/StaticLayout( 2600): maxLineHeight should not be -1.  maxLines:1 lineCount:1
12-06 17:52:54.207 D/CompatibilityInfo( 1392): mCompatibilityFlags - 0
12-06 17:52:54.207 D/CompatibilityInfo( 1392): applicationDensity - 480
12-06 17:52:54.207 D/CompatibilityInfo( 1392): applicationScale - 1.0
12-06 17:52:54.221 I/calabash( 2996): newActivity1
12-06 17:52:54.240 W/StaticLayout( 2600): maxLineHeight should not be -1.  maxLines:1 lineCount:1
12-06 17:52:54.241 I/chatty  ( 2600): uid=10030(com.android.systemui) identical 1 line
12-06 17:52:54.242 W/StaticLayout( 2600): maxLineHeight should not be -1.  maxLines:1 lineCount:1
12-06 17:52:54.244 I/Places  ( 4144): ?: PlacesBleScanner stop()
12-06 17:52:54.246 D/BluetoothAdapter( 4144): disableBLE(): de-registering com.google.android.gms
12-06 17:52:54.246 D/BluetoothManagerService( 1392): Unregistered for death of com.google.android.gms
12-06 17:52:54.246 D/BluetoothManagerService( 1392): 0 registered Ble Apps
12-06 17:52:54.247 D/BluetoothManagerService( 1392): Reseting the mEnable flag for clean disable
12-06 17:52:54.247 I/PlaceInferenceEngine( 4144): [anon] Changed inference mode: 0
12-06 17:52:54.248 D/BluetoothManagerService( 1392): Move to BT state OFF
12-06 17:52:54.248 D/BluetoothManagerService( 1392): Calling sendBrEdrDownCallback callbacks
12-06 17:52:54.248 D/BluetoothManagerService( 1392): isBleAppPresent() count: 0
12-06 17:52:54.249 D/BluetoothAdapterState( 2414): Current state: BLE ON, message: 20
12-06 17:52:54.250 D/BluetoothAdapterProperties( 2414): Setting state to 16
12-06 17:52:54.250 I/BluetoothAdapterState( 2414): Bluetooth adapter state changed: 15-> 16
12-06 17:52:54.250 D/BluetoothAdapterService( 2414): updateAdapterState() - Broadcasting state to 1 receivers.
12-06 17:52:54.250 W/StaticLayout( 2600): maxLineHeight should not be -1.  maxLines:1 lineCount:1
12-06 17:52:54.250 D/BluetoothManagerService( 1392): MESSAGE_BLUETOOTH_STATE_CHANGE: BLE_ON > BLE_TURNING_OFF
12-06 17:52:54.250 D/BluetoothManagerService( 1392): Sending BLE State Change: BLE_ON > BLE_TURNING_OFF
12-06 17:52:54.251 D/BluetoothAdapterProperties( 2414): onBleDisable
12-06 17:52:54.251 I/BluetoothAdapterState( 2414): Entering PendingCommandState
12-06 17:52:54.251 I/bt_stack_manager( 2414): event_shut_down_stack is bringing down the stack
12-06 17:52:54.251 I/bt_btif_core( 2414): btif_disable_bluetooth entered
12-06 17:52:54.252 D/BluetoothAdapterProperties( 2414): Scan Mode:20
12-06 17:52:54.252 E/bt_btif ( 2414): bta_jv_disable
12-06 17:52:54.252 W/bt_osi_thread( 2414): run_thread: thread id 2456, thread name btif_sock exited
12-06 17:52:54.253 W/StaticLayout( 2600): maxLineHeight should not be -1.  maxLines:1 lineCount:1
12-06 17:52:54.253 I/bt_btif_core( 2414): btif_disable_bluetooth finished
12-06 17:52:54.253 W/bt_btif ( 2414): bta_dm_disable BTA_DISABLE_DELAY set to 200 ms
12-06 17:52:54.254 I/bt_core_module( 2414): module_shut_down Shutting down module "btif_config_module"
12-06 17:52:54.256 W/StaticLayout( 2600): maxLineHeight should not be -1.  maxLines:1 lineCount:1
12-06 17:52:54.256 W/StaticLayout( 2600): maxLineHeight should not be -1.  maxLines:1 lineCount:1
12-06 17:52:54.256 I/BeaconBle( 4144): Stopping scan on delegate scanner. BT state: 16
12-06 17:52:54.257 D/BluetoothAdapter( 4144): isLeEnabled(): BLE_TURNING_OFF
12-06 17:52:54.258 I/BeaconBle( 4144): Exception caught calling mLeScanner.stopScan() java.lang.IllegalStateException: BT Adapter is not turned ON
12-06 17:52:54.258 I/BeaconBle( 4144): Delegate scanner is not available. stopScan ignored
12-06 17:52:54.259 W/StaticLayout( 2600): maxLineHeight should not be -1.  maxLines:1 lineCount:1
12-06 17:52:54.259 I/bt_core_module( 2414): module_shut_down Shutdown of module "btif_config_module" completed
12-06 17:52:54.260 I/BeaconBle( 4144): Resetting - new scanner available: false
12-06 17:52:54.260 I/BeaconBle( 4144): 'L' hardware scan: scan stopped, no clients
12-06 17:52:54.260 I/BeaconBle( 4144): Places requested to stop scan
12-06 17:52:54.260 I/BeaconBle( 4144): Scan canceled successfully.
12-06 17:52:54.269 W/StaticLayout( 2600): maxLineHeight should not be -1.  maxLines:1 lineCount:1
12-06 17:52:54.274 I/chatty  ( 2600): uid=10030(com.android.systemui) identical 3 lines
12-06 17:52:54.275 W/StaticLayout( 2600): maxLineHeight should not be -1.  maxLines:1 lineCount:1
12-06 17:52:54.276 W/StaticLayout( 2600): maxLineHeight should not be -1.  maxLines:7 lineCount:7
12-06 17:52:54.279 I/chatty  ( 2600): uid=10030(com.android.systemui) identical 2 lines
12-06 17:52:54.279 W/StaticLayout( 2600): maxLineHeight should not be -1.  maxLines:7 lineCount:7
12-06 17:52:54.284 W/StaticLayout( 2600): maxLineHeight should not be -1.  maxLines:1 lineCount:1
12-06 17:52:54.284 W/ActivityManager( 1392): Bad activity token: android.os.BinderProxy@e585a38
12-06 17:52:54.284 W/ActivityManager( 1392): java.lang.ClassCastException: android.os.BinderProxy cannot be cast to com.android.server.am.ActivityRecord$Token
12-06 17:52:54.284 W/ActivityManager( 1392): 	at com.android.server.am.ActivityRecord.forTokenLocked(ActivityRecord.java:816)
12-06 17:52:54.284 W/ActivityManager( 1392): 	at com.android.server.am.ActivityRecord.isInStackLocked(ActivityRecord.java:2154)
12-06 17:52:54.284 W/ActivityManager( 1392): 	at com.android.server.am.ActivityRecord.getStackLocked(ActivityRecord.java:2159)
12-06 17:52:54.284 W/ActivityManager( 1392): 	at com.android.server.am.ActivityManagerService.getActivityDisplayId(ActivityManagerService.java:10744)
12-06 17:52:54.284 W/ActivityManager( 1392): 	at android.app.IActivityManager$Stub.onTransact(IActivityManager.java:2734)
12-06 17:52:54.284 W/ActivityManager( 1392): 	at com.android.server.am.ActivityManagerService.onTransact(ActivityManagerService.java:2971)
12-06 17:52:54.284 W/ActivityManager( 1392): 	at android.os.Binder.execTransact(Binder.java:697)
12-06 17:52:54.284 W/StaticLayout( 2600): maxLineHeight should not be -1.  maxLines:1 lineCount:1
12-06 17:52:54.286 I/calabash( 2996): newActivity1
12-06 17:52:54.288 I/GeofencerStateMachine( 4144): removeGeofences: removeRequest=RemoveGeofencingRequest[REMOVE_BY_PENDING_INTENT pendingIntent=PendingIntent[creatorPackage=com.google.android.gms], packageName=null]
12-06 17:52:54.296 W/ActivityManager( 1392): Bad activity token: android.os.BinderProxy@e585a38
12-06 17:52:54.296 W/ActivityManager( 1392): java.lang.ClassCastException: android.os.BinderProxy cannot be cast to com.android.server.am.ActivityRecord$Token
12-06 17:52:54.296 W/ActivityManager( 1392): 	at com.android.server.am.ActivityRecord.forTokenLocked(ActivityRecord.java:816)
12-06 17:52:54.296 W/ActivityManager( 1392): 	at com.android.server.am.ActivityRecord.isInStackLocked(ActivityRecord.java:2154)
12-06 17:52:54.296 W/ActivityManager( 1392): 	at com.android.server.am.ActivityManagerService.setTaskDescription(ActivityManagerService.java:10345)
12-06 17:52:54.296 W/ActivityManager( 1392): 	at android.app.IActivityManager$Stub.onTransact(IActivityManager.java:2820)
12-06 17:52:54.296 W/ActivityManager( 1392): 	at com.android.server.am.ActivityManagerService.onTransact(ActivityManagerService.java:2971)
12-06 17:52:54.296 W/ActivityManager( 1392): 	at android.os.Binder.execTransact(Binder.java:697)
12-06 17:52:54.298 W/ActivityManager( 1392): Bad activity token: android.os.BinderProxy@e585a38
12-06 17:52:54.298 W/ActivityManager( 1392): java.lang.ClassCastException: android.os.BinderProxy cannot be cast to com.android.server.am.ActivityRecord$Token
12-06 17:52:54.298 W/ActivityManager( 1392): 	at com.android.server.am.ActivityRecord.forTokenLocked(ActivityRecord.java:816)
12-06 17:52:54.298 W/ActivityManager( 1392): 	at com.android.server.am.ActivityRecord.isInStackLocked(ActivityRecord.java:2154)
12-06 17:52:54.298 W/ActivityManager( 1392): 	at com.android.server.am.ActivityRecord.getStackLocked(ActivityRecord.java:2159)
12-06 17:52:54.298 W/ActivityManager( 1392): 	at com.android.server.am.ActivityManagerService.getActivityStackId(ActivityManagerService.java:10755)
12-06 17:52:54.298 W/ActivityManager( 1392): 	at android.app.IActivityManager$Stub.onTransact(IActivityManager.java:3513)
12-06 17:52:54.298 W/ActivityManager( 1392): 	at com.android.server.am.ActivityManagerService.onTransact(ActivityManagerService.java:2971)
12-06 17:52:54.298 W/ActivityManager( 1392): 	at android.os.Binder.execTransact(Binder.java:697)
12-06 17:52:54.313 D/StatusBar( 2600): disable<e i a s b h r c s q >
12-06 17:52:54.337 I/WindowManager( 1392): Screen frozen for +387ms due to Window{ceab740 u0 StatusBar}
12-06 17:52:54.347 V/StatusBar( 2600): setLightsOn(true)
12-06 17:52:54.352 W/ActivityManager( 1392): Bad activity token: android.os.BinderProxy@e585a38
12-06 17:52:54.352 W/ActivityManager( 1392): java.lang.ClassCastException: android.os.BinderProxy cannot be cast to com.android.server.am.ActivityRecord$Token
12-06 17:52:54.352 W/ActivityManager( 1392): 	at com.android.server.am.ActivityRecord.forTokenLocked(ActivityRecord.java:816)
12-06 17:52:54.352 W/ActivityManager( 1392): 	at com.android.server.am.ActivityRecord.isInStackLocked(ActivityRecord.java:2154)
12-06 17:52:54.352 W/ActivityManager( 1392): 	at com.android.server.am.ActivityManagerService.getActivityOptions(ActivityManagerService.java:13590)
12-06 17:52:54.352 W/ActivityManager( 1392): 	at android.app.IActivityManager$Stub.onTransact(IActivityManager.java:2906)
12-06 17:52:54.352 W/ActivityManager( 1392): 	at com.android.server.am.ActivityManagerService.onTransact(ActivityManagerService.java:2971)
12-06 17:52:54.352 W/ActivityManager( 1392): 	at android.os.Binder.execTransact(Binder.java:697)
12-06 17:52:54.353 W/ActivityManager( 1392): Bad activity token: android.os.BinderProxy@e585a38
12-06 17:52:54.353 W/ActivityManager( 1392): java.lang.ClassCastException: android.os.BinderProxy cannot be cast to com.android.server.am.ActivityRecord$Token
12-06 17:52:54.353 W/ActivityManager( 1392): 	at com.android.server.am.ActivityRecord.forTokenLocked(ActivityRecord.java:816)
12-06 17:52:54.353 W/ActivityManager( 1392): 	at com.android.server.am.ActivityRecord.isInStackLocked(ActivityRecord.java:2154)
12-06 17:52:54.353 W/ActivityManager( 1392): 	at com.android.server.am.ActivityManagerService.getActivityOptions(ActivityManagerService.java:13590)
12-06 17:52:54.353 W/ActivityManager( 1392): 	at android.app.IActivityManager$Stub.onTransact(IActivityManager.java:2906)
12-06 17:52:54.353 W/ActivityManager( 1392): 	at com.android.server.am.ActivityManagerService.onTransact(ActivityManagerService.java:2971)
12-06 17:52:54.353 W/ActivityManager( 1392): 	at android.os.Binder.execTransact(Binder.java:697)
12-06 17:52:54.454 I/bt_btif_core( 2414): btif_disable_bluetooth_evt entered
12-06 17:52:54.454 I/bt_core_module( 2414): module_shut_down Shutting down module "hci_module"
12-06 17:52:54.454 I/bt_hci  ( 2414): hci_module_shut_down
12-06 17:52:54.454 I/bt_hci  ( 2414): hci_close
12-06 17:52:54.455 W/vendor.qti.bluetooth@1.0-bluetooth_hci(  564): BluetoothHci::close()
12-06 17:52:54.455 I/vendor.qti.bluetooth@1.0-data_handler(  564): Sending HCI Reset 
12-06 17:52:54.523 V/StatusBar( 2600): setLightsOn(true)
12-06 17:52:54.532 W/vendor.qti.bluetooth@1.0-data_handler(  564): OnPacketReady: Received event for command sent internally: 03 0c 
12-06 17:52:54.532 W/vendor.qti.bluetooth@1.0-data_handler(  564): DataHandler::CleanUp()
12-06 17:52:54.532 D/vendor.qti.bluetooth@1.0-data_handler(  564): Close: Wait for collecting crash dump to finish
12-06 17:52:54.532 I/vendor.qti.bluetooth@1.0-data_handler(  564): DataHandler:: init_status 3
12-06 17:52:54.534 W/vendor.qti.bluetooth@1.0-async_fd_watcher(  564): StopThread: stopped the work thread
