12-06 17:52:54.534 I/vendor.qti.bluetooth@1.0-mct_transport(  564): CleanUp:> soc_type: 0
12-06 17:52:54.584 W/ADebug  ( 3077): Failed to get property persist.sys.media.traces
12-06 17:52:54.616 V/StatusBar( 2600): setLightsOn(true)
12-06 17:52:54.630 I/chatty  ( 2600): uid=10030(com.android.systemui) identical 2 lines
12-06 17:52:54.650 V/StatusBar( 2600): setLightsOn(true)
12-06 17:52:54.661 D/vndksupport( 3077): Loading /vendor/lib64/hw/android.hardware.graphics.mapper@2.0-impl.so from current namespace instead of sphal namespace.
12-06 17:52:54.663 D/vndksupport( 3077): Loading /vendor/lib64/hw/gralloc.msm8953.so from current namespace instead of sphal namespace.
12-06 17:52:54.783 V/StatusBar( 2600): setLightsOn(true)
12-06 17:52:54.798 W/vendor.qti.bluetooth@1.0-data_handler(  564): controller Cleanup done
12-06 17:52:54.798 I/vendor.qti.bluetooth@1.0-data_handler(  564): DataHandler:: joined Init thread 
12-06 17:52:54.799 D/vendor.qti.bluetooth@1.0-wake_lock(  564): CleanUp wakelock is destroyed 
12-06 17:52:54.799 W/vendor.qti.bluetooth@1.0-bluetooth_hci(  564): BluetoothHci::close, finish cleanup
12-06 17:52:54.799 W/bt_osi_thread( 2414): run_thread: thread id 2447, thread name hci_thread exited
12-06 17:52:54.800 I/bt_core_module( 2414): module_shut_down Shutdown of module "hci_module" completed
12-06 17:52:54.800 I/bt_core_module( 2414): module_shut_down Shutting down module "btsnoop_module"
12-06 17:52:54.800 I/bt_core_module( 2414): module_shut_down Shutdown of module "btsnoop_module" completed
12-06 17:52:54.800 I/bt_core_module( 2414): module_clean_up Cleaning up module "bte_logmsg_module"
12-06 17:52:54.800 I/bt_core_module( 2414): module_clean_up Cleanup of module "bte_logmsg_module" completed
12-06 17:52:54.801 W/bt_osi_thread( 2414): run_thread: thread id 2452, thread name bt_workqueue exited
12-06 17:52:54.801 I/bt_btif_core( 2414): btif_disable_bluetooth_evt finished
12-06 17:52:54.801 I/bt_core_module( 2414): module_shut_down Shutting down module "controller_module"
12-06 17:52:54.801 I/bt_core_module( 2414): module_shut_down Shutdown of module "controller_module" completed
12-06 17:52:54.802 I/bt_stack_manager( 2414): event_shut_down_stack finished
12-06 17:52:54.802 V/BluetoothAdapterState( 2414): PendingCommand - transient state(s): isBleTurningOff
12-06 17:52:54.802 D/BluetoothAdapterState( 2414): Current state: PENDING_COMMAND, message: 24
12-06 17:52:54.802 D/BluetoothAdapterService( 2414): stopGattProfileService()
12-06 17:52:54.802 D/BluetoothAdapterService( 2414): setProfileServiceState() - Stopping service com.android.bluetooth.gatt.GattService
12-06 17:52:54.804 D/BluetoothAdapterState( 2414): Stopping Gatt profile services that were post enabled
12-06 17:52:54.804 D/BtGatt.DebugUtils( 2414): handleDebugAction() action=null
12-06 17:52:54.804 D/BluetoothAdapterService( 2414): getAdapterService() - returning com.android.bluetooth.btservice.AdapterService@ea65cb
12-06 17:52:54.805 D/BtGatt.GattService( 2414): : Received stop request...Stopping profile...
12-06 17:52:54.806 D/BtGatt.GattService( 2414):  profile stopped successfully
12-06 17:52:54.806 D/BluetoothAdapterService( 2414): getAdapterService() - returning com.android.bluetooth.btservice.AdapterService@ea65cb
12-06 17:52:54.806 D/BluetoothAdapterService( 2414): handleMessage() - Message: 1
12-06 17:52:54.806 D/BluetoothAdapterService( 2414): handleMessage() - MESSAGE_PROFILE_SERVICE_STATE_CHANGED
12-06 17:52:54.807 W/BluetoothAdapterService( 2414): onProfileServiceStateChange() serviceName=com.android.bluetooth.gatt.GattService, state=10, doUpdate=true
12-06 17:52:54.807 D/BluetoothAdapterService( 2414): processProfileServiceStateChanged() - serviceName=com.android.bluetooth.gatt.GattService isTurningOn=false isTurningOff=false isBleTurningOn=false isBleTurningOff=true
12-06 17:52:54.807 D/BluetoothAdapterService( 2414): GattService stopped
12-06 17:52:54.807 V/BluetoothAdapterState( 2414): PendingCommand - transient state(s): isBleTurningOff
12-06 17:52:54.807 D/BluetoothAdapterState( 2414): Current state: PENDING_COMMAND, message: 25
12-06 17:52:54.807 D/BluetoothAdapterProperties( 2414): Setting state to 10
12-06 17:52:54.807 I/BluetoothAdapterState( 2414): Bluetooth adapter state changed: 16-> 10
12-06 17:52:54.807 D/BluetoothAdapterService( 2414): updateAdapterState() - Broadcasting state to 1 receivers.
12-06 17:52:54.808 D/BluetoothManagerService( 1392): MESSAGE_BLUETOOTH_STATE_CHANGE: BLE_TURNING_OFF > OFF
12-06 17:52:54.808 I/BluetoothAdapterState( 2414): Entering OffState
12-06 17:52:54.808 D/BluetoothManagerService( 1392): Bluetooth is complete send Service Down
12-06 17:52:54.808 D/BluetoothManagerService( 1392): Broadcasting onBluetoothServiceDown() to 12 receivers.
12-06 17:52:54.808 D/BluetoothAdapter( 3727): onBluetoothServiceDown: android.bluetooth.IBluetooth$Stub$Proxy@114544d
12-06 17:52:54.808 D/BluetoothAdapter( 3727): onBluetoothServiceDown: Sending callbacks to 1 clients
12-06 17:52:54.808 D/BluetoothAdapter( 3727): onBluetoothServiceDown: Finished sending callbacks to registered clients
12-06 17:52:54.808 D/BluetoothAdapter(26794): onBluetoothServiceDown: android.bluetooth.IBluetooth$Stub$Proxy@8c804a9
12-06 17:52:54.808 D/BluetoothAdapter(26794): onBluetoothServiceDown: Sending callbacks to 0 clients
12-06 17:52:54.808 D/BluetoothAdapter( 1392): onBluetoothServiceDown: android.bluetooth.IBluetooth$Stub$Proxy@774121f
12-06 17:52:54.808 D/BluetoothAdapter(26794): onBluetoothServiceDown: Finished sending callbacks to registered clients
12-06 17:52:54.808 D/BluetoothAdapter( 4282): onBluetoothServiceDown: android.bluetooth.IBluetooth$Stub$Proxy@5a620cd
12-06 17:52:54.808 D/BluetoothAdapter( 4921): onBluetoothServiceDown: android.bluetooth.IBluetooth$Stub$Proxy@fc17666
12-06 17:52:54.808 D/BluetoothAdapter( 1392): onBluetoothServiceDown: Sending callbacks to 1 clients
12-06 17:52:54.808 D/BluetoothAdapter( 4282): onBluetoothServiceDown: Sending callbacks to 1 clients
12-06 17:52:54.808 D/BluetoothAdapter( 1392): onBluetoothServiceDown: Finished sending callbacks to registered clients
12-06 17:52:54.808 D/BluetoothAdapter( 4282): onBluetoothServiceDown: Finished sending callbacks to registered clients
12-06 17:52:54.808 D/BluetoothAdapter( 4921): onBluetoothServiceDown: Sending callbacks to 1 clients
12-06 17:52:54.808 D/BluetoothAdapter( 4921): onBluetoothServiceDown: Finished sending callbacks to registered clients
12-06 17:52:54.808 D/BluetoothAdapter( 2767): onBluetoothServiceDown: android.bluetooth.IBluetooth$Stub$Proxy@448d381
12-06 17:52:54.808 D/BluetoothAdapter( 2767): onBluetoothServiceDown: Sending callbacks to 0 clients
12-06 17:52:54.808 D/BluetoothAdapter( 4144): onBluetoothServiceDown: android.bluetooth.IBluetooth$Stub$Proxy@2e0eb2c
12-06 17:52:54.808 D/BluetoothAdapter( 2767): onBluetoothServiceDown: Finished sending callbacks to registered clients
12-06 17:52:54.808 D/BluetoothAdapter( 4144): onBluetoothServiceDown: Sending callbacks to 0 clients
12-06 17:52:54.808 D/BluetoothAdapter( 4144): onBluetoothServiceDown: Finished sending callbacks to registered clients
12-06 17:52:54.809 D/BluetoothManagerService( 1392): unbindAndFinish(): android.bluetooth.IBluetooth$Stub$Proxy@774121f mBinding = false mUnbinding = false
12-06 17:52:54.809 D/BluetoothAdapter(30442): onBluetoothServiceDown: android.bluetooth.IBluetooth$Stub$Proxy@278420e
12-06 17:52:54.809 D/BluetoothAdapter( 2600): onBluetoothServiceDown: android.bluetooth.IBluetooth$Stub$Proxy@f049a05
12-06 17:52:54.809 D/BluetoothAdapter(30442): onBluetoothServiceDown: Sending callbacks to 0 clients
12-06 17:52:54.809 D/BluetoothAdapter(30442): onBluetoothServiceDown: Finished sending callbacks to registered clients
12-06 17:52:54.809 D/BluetoothAdapter( 2600): onBluetoothServiceDown: Sending callbacks to 1 clients
12-06 17:52:54.809 D/BluetoothAdapter( 2600): onBluetoothServiceDown: Finished sending callbacks to registered clients
12-06 17:52:54.809 D/BluetoothAdapter( 5940): onBluetoothServiceDown: android.bluetooth.IBluetooth$Stub$Proxy@53b127c
12-06 17:52:54.809 D/BluetoothAdapter( 5940): onBluetoothServiceDown: Sending callbacks to 0 clients
12-06 17:52:54.809 D/BluetoothAdapter( 3704): onBluetoothServiceDown: android.bluetooth.IBluetooth$Stub$Proxy@a64e1a7
12-06 17:52:54.809 D/BluetoothAdapter( 5940): onBluetoothServiceDown: Finished sending callbacks to registered clients
12-06 17:52:54.809 D/BluetoothAdapter( 3704): onBluetoothServiceDown: Sending callbacks to 0 clients
12-06 17:52:54.809 D/BluetoothAdapter( 3704): onBluetoothServiceDown: Finished sending callbacks to registered clients
12-06 17:52:54.809 D/BluetoothAdapter( 2414): onBluetoothServiceDown: com.android.bluetooth.btservice.AdapterService$AdapterServiceBinder@c009031
12-06 17:52:54.809 D/BluetoothAdapter( 2414): onBluetoothServiceDown: Sending callbacks to 1 clients
12-06 17:52:54.809 D/BluetoothAdapter( 2414): onBluetoothServiceDown: Finished sending callbacks to registered clients
12-06 17:52:54.810 W/BluetoothAdapterService( 2414): onUnbind, calling cleanup
12-06 17:52:54.810 D/BluetoothAdapterService( 2414): cleanup()
12-06 17:52:54.812 D/BluetoothManagerService( 1392): Sending BLE State Change: BLE_TURNING_OFF > OFF
12-06 17:52:54.813 W/BluetoothSdpJni( 2414): Cleaning up Bluetooth SDP Interface...
12-06 17:52:54.813 W/BluetoothSdpJni( 2414): Cleaning up Bluetooth SDP object
12-06 17:52:54.813 D/BluetoothAdapterService( 2414): cleanup() - Cleaning up adapter native
12-06 17:52:54.813 I/bt_stack_manager( 2414): event_clean_up_stack is cleaning up the stack
12-06 17:52:54.813 I/bt_btif_core( 2414): btif_cleanup_bluetooth entered
12-06 17:52:54.813 E/BluetoothServiceJni( 2414): Callback: 'callback_thread_event' is not called on the correct thread
12-06 17:52:54.813 I/bt_btif_queue( 2414): btif_queue_release
12-06 17:52:54.814 I/bt_btif_core( 2414): run_message_loop finished
12-06 17:52:54.814 W/bt_osi_thread( 2414): run_thread: thread id 2437, thread name bt_jni_workqueue exited
12-06 17:52:54.814 I/bt_core_module( 2414): module_clean_up Cleaning up module "stack_config_module"
12-06 17:52:54.815 I/bt_core_module( 2414): module_clean_up Cleanup of module "stack_config_module" completed
12-06 17:52:54.815 I/bt_core_module( 2414): module_clean_up Cleaning up module "interop_module"
12-06 17:52:54.828 I/bt_core_module( 2414): module_clean_up Cleanup of module "interop_module" completed
12-06 17:52:54.829 I/bt_core_module( 2414): module_clean_up Cleaning up module "profile_config_module"
12-06 17:52:54.829 I/bt_core_module( 2414): module_clean_up Cleanup of module "profile_config_module" completed
12-06 17:52:54.829 I/bt_btif_core( 2414): btif_cleanup_bluetooth finished
12-06 17:52:54.829 I/bt_core_module( 2414): module_clean_up Cleaning up module "btif_config_module"
12-06 17:52:54.834 I/bt_core_module( 2414): module_clean_up Cleanup of module "btif_config_module" completed
12-06 17:52:54.834 I/bt_core_module( 2414): module_clean_up Cleaning up module "bt_utils_module"
12-06 17:52:54.834 I/bt_core_module( 2414): module_clean_up Cleanup of module "bt_utils_module" completed
12-06 17:52:54.834 I/bt_core_module( 2414): module_clean_up Cleaning up module "osi_module"
12-06 17:52:54.834 D/bt_osi_alarm( 2414): callback_dispatch Callback thread exited
12-06 17:52:54.834 W/bt_osi_thread( 2414): run_thread: thread id 2436, thread name alarm_dispatcher exited
12-06 17:52:54.835 W/bt_osi_thread( 2414): run_thread: thread id 2435, thread name alarm_default_ca exited
12-06 17:52:54.835 I/bt_core_module( 2414): module_clean_up Cleanup of module "osi_module" completed
12-06 17:52:54.835 I/bt_stack_manager( 2414): event_clean_up_stack finished
12-06 17:52:54.836 I/BluetoothServiceJni( 2414): cleanupNative: return from cleanup
12-06 17:52:54.836 W/BluetoothVendorJni( 2414): Cleaning up Bluetooth Vendor Interface...
12-06 17:52:54.836 I/bt_btif_vendor( 2414): cleanup
12-06 17:52:54.837 W/BluetoothVendorJni( 2414): Cleaning up Bluetooth Vendor callback object
12-06 17:52:54.838 D/BluetoothAdapterService( 2414): onDestroy()
12-06 17:52:54.839 I/BluetoothAdapterService( 2414): Force exit to cleanup internal state in Bluetooth stack
12-06 17:52:54.841 I/zygote64( 2414): System.exit called, status: 0
12-06 17:52:54.841 I/AndroidRuntime( 2414): VM exiting with result code 0, cleanup skipped.
12-06 17:52:54.861 I/ActivityManager( 1392): Process com.android.bluetooth (pid 2414) has died: fore SVC 
12-06 17:52:54.861 W/zygote64( 1392): kill(-2414, 9) failed: No such process
12-06 17:52:54.861 I/zygote64( 1392): Successfully killed process cgroup uid 1002 pid 2414 in 0ms
12-06 17:52:54.867 V/StatusBar( 2600): setLightsOn(true)
12-06 17:52:55.080 D/HxBatteryStatusReceiver(11834): onReceiveandroid.intent.action.BATTERY_CHANGED
12-06 17:52:55.080 D/KeyguardUpdateMonitor( 2600): received broadcast android.intent.action.BATTERY_CHANGED
12-06 17:52:55.083 D/KeyguardUpdateMonitor( 2600): handleBatteryUpdate
