12-06 17:54:09.880 D/CompatibilityInfo( 1392): applicationScale - 1.0
12-06 17:54:09.884 D/Mileage.ABS( 4416): Not backing up; 189
12-06 17:54:09.886 D/Mileage.ABS( 4416): Not backing up; 190
12-06 17:54:09.889 D/CompatibilityInfo( 1392): mCompatibilityFlags - 10
12-06 17:54:09.889 D/CompatibilityInfo( 1392): applicationDensity - 480
12-06 17:54:09.889 D/CompatibilityInfo( 1392): applicationScale - 1.0
12-06 17:54:09.893 D/Mileage.ABS( 4416): Not backing up; 198
12-06 17:54:09.894 D/Mileage.ABS( 4416): Not backing up; 199
12-06 17:54:09.898 D/CompatibilityInfo( 1392): mCompatibilityFlags - 10
12-06 17:54:09.898 D/CompatibilityInfo( 1392): applicationDensity - 480
12-06 17:54:09.898 D/CompatibilityInfo( 1392): applicationScale - 1.0
12-06 17:54:09.901 D/Mileage.ABS( 4416): Not backing up; 206
12-06 17:54:09.902 D/Mileage.ABS( 4416): Not backing up; 207
12-06 17:54:09.906 D/CompatibilityInfo( 1392): mCompatibilityFlags - 10
12-06 17:54:09.906 D/CompatibilityInfo( 1392): applicationDensity - 480
12-06 17:54:09.906 D/CompatibilityInfo( 1392): applicationScale - 1.0
12-06 17:54:09.910 D/Mileage.ABS( 4416): Not backing up; 214
12-06 17:54:09.911 D/CompatibilityInfo( 1392): mCompatibilityFlags - 10
12-06 17:54:09.911 D/CompatibilityInfo( 1392): applicationDensity - 480
12-06 17:54:09.911 D/CompatibilityInfo( 1392): applicationScale - 1.0
12-06 17:54:09.915 D/Mileage.ABS( 4416): Not backing up; 220
12-06 17:54:09.916 D/Mileage.ABS( 4416): Not backing up; 221
12-06 17:54:09.919 D/CompatibilityInfo( 1392): mCompatibilityFlags - 10
12-06 17:54:09.919 D/CompatibilityInfo( 1392): applicationDensity - 480
12-06 17:54:09.919 D/CompatibilityInfo( 1392): applicationScale - 1.0
12-06 17:54:09.922 D/Mileage.ABS( 4416): Not backing up; 227
12-06 17:54:09.923 D/Mileage.ABS( 4416): Not backing up; 228
12-06 17:54:09.927 D/CompatibilityInfo( 1392): mCompatibilityFlags - 10
12-06 17:54:09.927 D/CompatibilityInfo( 1392): applicationDensity - 480
12-06 17:54:09.927 D/CompatibilityInfo( 1392): applicationScale - 1.0
12-06 17:54:09.931 D/Mileage.ABS( 4416): Not backing up; 236
12-06 17:54:09.933 D/Mileage.ABS( 4416): Not backing up; 238
12-06 17:54:09.939 D/CompatibilityInfo( 1392): mCompatibilityFlags - 10
12-06 17:54:09.939 D/CompatibilityInfo( 1392): applicationDensity - 480
12-06 17:54:09.939 D/CompatibilityInfo( 1392): applicationScale - 1.0
12-06 17:54:09.944 D/Mileage.ABS( 4416): Not backing up; 249
12-06 17:54:09.945 D/Mileage.ABS( 4416): Not backing up; 250
12-06 17:54:09.947 D/CompatibilityInfo( 1392): mCompatibilityFlags - 10
12-06 17:54:09.947 D/CompatibilityInfo( 1392): applicationDensity - 480
12-06 17:54:09.947 D/CompatibilityInfo( 1392): applicationScale - 1.0
12-06 17:54:09.951 D/Mileage.ABS( 4416): Not backing up; 256
12-06 17:54:09.952 D/Mileage.ABS( 4416): Not backing up; 257
12-06 17:54:09.956 D/CompatibilityInfo( 1392): mCompatibilityFlags - 10
12-06 17:54:09.956 D/CompatibilityInfo( 1392): applicationDensity - 480
12-06 17:54:09.956 D/CompatibilityInfo( 1392): applicationScale - 1.0
12-06 17:54:09.957 I/zygote64( 4416): Do partial code cache collection, code=228KB, data=132KB
12-06 17:54:09.957 I/zygote64( 4416): After code cache collection, code=228KB, data=132KB
12-06 17:54:09.957 I/zygote64( 4416): Increasing code cache capacity to 1024KB
12-06 17:54:09.961 D/Mileage.ABS( 4416): Not backing up; 266
12-06 17:54:09.961 D/Mileage.ABS( 4416): Not backing up; 266
12-06 17:54:09.963 D/CompatibilityInfo( 1392): mCompatibilityFlags - 10
12-06 17:54:09.963 D/CompatibilityInfo( 1392): applicationDensity - 480
12-06 17:54:09.963 D/CompatibilityInfo( 1392): applicationScale - 1.0
12-06 17:54:09.969 D/Mileage.ABS( 4416): Not backing up; 274
12-06 17:54:09.971 D/Mileage.ABS( 4416): Not backing up; 276
12-06 17:54:09.972 D/Mileage.ABS( 4416): Not backing up; 277
12-06 17:54:09.974 D/CompatibilityInfo( 1392): mCompatibilityFlags - 10
12-06 17:54:09.974 D/CompatibilityInfo( 1392): applicationDensity - 480
12-06 17:54:09.974 D/CompatibilityInfo( 1392): applicationScale - 1.0
12-06 17:54:09.982 D/Mileage.ABS( 4416): Not backing up; 287
12-06 17:54:09.982 D/Mileage.ABS( 4416): Not backing up; 287
12-06 17:54:09.983 D/CompatibilityInfo( 1392): mCompatibilityFlags - 10
12-06 17:54:09.983 D/CompatibilityInfo( 1392): applicationDensity - 480
12-06 17:54:09.984 D/CompatibilityInfo( 1392): applicationScale - 1.0
12-06 17:54:09.987 D/Mileage.ABS( 4416): Not backing up; 292
12-06 17:54:09.988 D/CompatibilityInfo( 1392): mCompatibilityFlags - 10
12-06 17:54:09.988 D/CompatibilityInfo( 1392): applicationDensity - 480
12-06 17:54:09.988 D/CompatibilityInfo( 1392): applicationScale - 1.0
12-06 17:54:09.991 D/Mileage.ABS( 4416): Not backing up; 296
12-06 17:54:09.992 D/Mileage.ABS( 4416): Not backing up; 297
12-06 17:54:09.996 D/CompatibilityInfo( 1392): mCompatibilityFlags - 10
12-06 17:54:09.996 D/CompatibilityInfo( 1392): applicationDensity - 480
12-06 17:54:09.996 D/CompatibilityInfo( 1392): applicationScale - 1.0
12-06 17:54:10.001 D/Mileage.ABS( 4416): Not backing up; 306
12-06 17:54:10.002 D/Mileage.ABS( 4416): Not backing up; 307
12-06 17:54:10.004 D/CompatibilityInfo( 1392): mCompatibilityFlags - 10
12-06 17:54:10.004 D/CompatibilityInfo( 1392): applicationDensity - 480
12-06 17:54:10.004 D/CompatibilityInfo( 1392): applicationScale - 1.0
12-06 17:54:10.008 D/Mileage.ABS( 4416): Not backing up; 313
12-06 17:54:10.010 D/CompatibilityInfo( 1392): mCompatibilityFlags - 10
12-06 17:54:10.010 D/CompatibilityInfo( 1392): applicationDensity - 480
12-06 17:54:10.010 D/CompatibilityInfo( 1392): applicationScale - 1.0
12-06 17:54:10.014 D/Mileage.ABS( 4416): Not backing up; 319
12-06 17:54:10.015 D/Mileage.ABS( 4416): Not backing up; 320
12-06 17:54:10.019 D/CompatibilityInfo( 1392): mCompatibilityFlags - 10
12-06 17:54:10.019 D/CompatibilityInfo( 1392): applicationDensity - 480
12-06 17:54:10.019 D/CompatibilityInfo( 1392): applicationScale - 1.0
12-06 17:54:10.023 D/Mileage.ABS( 4416): Not backing up; 328
12-06 17:54:10.057 D/CompatibilityInfo( 1392): mCompatibilityFlags - 10
12-06 17:54:10.057 D/CompatibilityInfo( 1392): applicationDensity - 480
12-06 17:54:10.057 D/CompatibilityInfo( 1392): applicationScale - 1.0
12-06 17:54:10.064 D/Mileage.ABS( 4416): Not backing up; 369
12-06 17:54:10.065 D/Mileage.ABS( 4416): Not backing up; 370
12-06 17:54:10.068 D/CompatibilityInfo( 1392): mCompatibilityFlags - 10
12-06 17:54:10.068 D/CompatibilityInfo( 1392): applicationDensity - 480
12-06 17:54:10.068 D/CompatibilityInfo( 1392): applicationScale - 1.0
12-06 17:54:10.070 D/VehicleStatisticsAdapter( 4416): Caching of 29 records complete! (0.361 seconds)
12-06 17:54:10.074 D/Mileage.ABS( 4416): Not backing up; 379
12-06 17:54:10.077 D/CompatibilityInfo( 1392): mCompatibilityFlags - 10
12-06 17:54:10.078 D/CompatibilityInfo( 1392): applicationDensity - 480
12-06 17:54:10.078 D/CompatibilityInfo( 1392): applicationScale - 1.0
12-06 17:54:10.082 D/Mileage.ABS( 4416): Not backing up; 387
12-06 17:54:10.087 D/CompatibilityInfo( 1392): mCompatibilityFlags - 10
12-06 17:54:10.087 D/CompatibilityInfo( 1392): applicationDensity - 480
12-06 17:54:10.087 D/CompatibilityInfo( 1392): applicationScale - 1.0
12-06 17:54:10.093 D/Mileage.ABS( 4416): Not backing up; 398
12-06 17:54:10.096 D/KeyguardUpdateMonitor( 2600): received broadcast android.intent.action.BATTERY_CHANGED
12-06 17:54:10.097 D/HxBatteryStatusReceiver(11834): onReceiveandroid.intent.action.BATTERY_CHANGED
12-06 17:54:10.101 D/KeyguardUpdateMonitor( 2600): handleBatteryUpdate
12-06 17:54:10.102 D/CompatibilityInfo( 1392): mCompatibilityFlags - 10
12-06 17:54:10.102 D/CompatibilityInfo( 1392): applicationDensity - 480
12-06 17:54:10.102 D/CompatibilityInfo( 1392): applicationScale - 1.0
12-06 17:54:10.107 D/Mileage.ABS( 4416): Not backing up; 412
12-06 17:54:10.110 D/VehicleStatisticsAdapter( 4416): Caching of 29 records complete! (0.395 seconds)
12-06 17:54:10.495 I/System.out( 4416): URI: //gesture
12-06 17:54:10.496 I/System.out( 4416): params: {json={"query_timeout":5.0,"gestures":[{"query_string":"android.widget.TabWidget descendant TextView index:0","touches":[{"x":50,"y":50,"offset_x":0,"offset_y":0,"wait":0.0,"time":0.2,"release":true,"query_string":null}]}]}
12-06 17:54:10.496 I/System.out( 4416): }
12-06 17:54:10.887 D/CompatibilityInfo( 1392): mCompatibilityFlags - 0
12-06 17:54:10.887 D/CompatibilityInfo( 1392): applicationDensity - 480
12-06 17:54:10.887 D/CompatibilityInfo( 1392): applicationScale - 1.0
12-06 17:54:10.918 I/Places  ( 4144): ?: PlacesBleScanner stop()
12-06 17:54:10.919 D/BluetoothAdapter( 4144): disableBLE(): de-registering com.google.android.gms
12-06 17:54:10.920 D/BluetoothManagerService( 1392): Unregistered for death of com.google.android.gms
12-06 17:54:10.920 D/BluetoothManagerService( 1392): 0 registered Ble Apps
12-06 17:54:10.920 D/BluetoothManagerService( 1392): Reseting the mEnable flag for clean disable
12-06 17:54:10.921 D/BluetoothManagerService( 1392): Move to BT state OFF
12-06 17:54:10.921 D/BluetoothManagerService( 1392): Calling sendBrEdrDownCallback callbacks
12-06 17:54:10.921 D/BluetoothManagerService( 1392): isBleAppPresent() count: 0
12-06 17:54:10.921 D/BluetoothAdapterState( 4054): Current state: BLE ON, message: 20
12-06 17:54:10.921 D/BluetoothAdapterProperties( 4054): Setting state to 16
12-06 17:54:10.921 I/BluetoothAdapterState( 4054): Bluetooth adapter state changed: 15-> 16
12-06 17:54:10.921 I/PlaceInferenceEngine( 4144): [anon] Changed inference mode: 0
12-06 17:54:10.921 D/BluetoothAdapterService( 4054): updateAdapterState() - Broadcasting state to 1 receivers.
12-06 17:54:10.921 D/BluetoothAdapterProperties( 4054): onBleDisable
12-06 17:54:10.921 D/BluetoothManagerService( 1392): MESSAGE_BLUETOOTH_STATE_CHANGE: BLE_ON > BLE_TURNING_OFF
12-06 17:54:10.921 D/BluetoothManagerService( 1392): Sending BLE State Change: BLE_ON > BLE_TURNING_OFF
12-06 17:54:10.921 I/BluetoothAdapterState( 4054): Entering PendingCommandState
12-06 17:54:10.922 I/bt_stack_manager( 4054): event_shut_down_stack is bringing down the stack
12-06 17:54:10.922 I/bt_btif_core( 4054): btif_disable_bluetooth entered
12-06 17:54:10.922 E/bt_btif ( 4054): bta_jv_disable
12-06 17:54:10.922 W/bt_osi_thread( 4054): run_thread: thread id 4117, thread name btif_sock exited
12-06 17:54:10.922 I/bt_btif_core( 4054): btif_disable_bluetooth finished
12-06 17:54:10.922 W/bt_btif ( 4054): bta_dm_disable BTA_DISABLE_DELAY set to 200 ms
12-06 17:54:10.922 D/BluetoothAdapterProperties( 4054): Scan Mode:20
12-06 17:54:10.922 I/bt_core_module( 4054): module_shut_down Shutting down module "btif_config_module"
12-06 17:54:10.927 I/BeaconBle( 4144): Stopping scan on delegate scanner. BT state: 16
12-06 17:54:10.928 I/bt_core_module( 4054): module_shut_down Shutdown of module "btif_config_module" completed
12-06 17:54:10.928 D/BluetoothAdapter( 4144): isLeEnabled(): BLE_TURNING_OFF
12-06 17:54:10.929 I/BeaconBle( 4144): Exception caught calling mLeScanner.stopScan() java.lang.IllegalStateException: BT Adapter is not turned ON
12-06 17:54:10.929 I/BeaconBle( 4144): Delegate scanner is not available. stopScan ignored
12-06 17:54:10.930 I/BeaconBle( 4144): Resetting - new scanner available: false
12-06 17:54:10.930 I/BeaconBle( 4144): 'L' hardware scan: scan stopped, no clients
12-06 17:54:10.930 I/BeaconBle( 4144): Places requested to stop scan
12-06 17:54:10.930 I/BeaconBle( 4144): Scan canceled successfully.
12-06 17:54:10.947 I/GeofencerStateMachine( 4144): removeGeofences: removeRequest=RemoveGeofencingRequest[REMOVE_BY_PENDING_INTENT pendingIntent=PendingIntent[creatorPackage=com.google.android.gms], packageName=null]
12-06 17:54:11.095 D/KeyguardUpdateMonitor( 2600): received broadcast android.intent.action.BATTERY_CHANGED
12-06 17:54:11.097 D/HxBatteryStatusReceiver(11834): onReceiveandroid.intent.action.BATTERY_CHANGED
12-06 17:54:11.101 D/KeyguardUpdateMonitor( 2600): handleBatteryUpdate
12-06 17:54:11.123 I/bt_btif_core( 4054): btif_disable_bluetooth_evt entered
12-06 17:54:11.123 I/bt_core_module( 4054): module_shut_down Shutting down module "hci_module"
12-06 17:54:11.124 I/bt_hci  ( 4054): hci_module_shut_down
12-06 17:54:11.124 I/bt_hci  ( 4054): hci_close
12-06 17:54:11.124 W/vendor.qti.bluetooth@1.0-bluetooth_hci(  564): BluetoothHci::close()
12-06 17:54:11.124 I/vendor.qti.bluetooth@1.0-data_handler(  564): Sending HCI Reset 
12-06 17:54:11.200 W/vendor.qti.bluetooth@1.0-data_handler(  564): OnPacketReady: Received event for command sent internally: 03 0c 
12-06 17:54:11.200 W/vendor.qti.bluetooth@1.0-data_handler(  564): DataHandler::CleanUp()
12-06 17:54:11.200 D/vendor.qti.bluetooth@1.0-data_handler(  564): Close: Wait for collecting crash dump to finish
12-06 17:54:11.200 I/vendor.qti.bluetooth@1.0-data_handler(  564): DataHandler:: init_status 3
12-06 17:54:11.201 W/vendor.qti.bluetooth@1.0-async_fd_watcher(  564): StopThread: stopped the work thread
12-06 17:54:11.201 I/vendor.qti.bluetooth@1.0-mct_transport(  564): CleanUp:> soc_type: 0
12-06 17:54:11.314 W/ADebug  ( 4513): Failed to get property persist.sys.media.traces
12-06 17:54:11.375 D/vndksupport( 4513): Loading /vendor/lib64/hw/android.hardware.graphics.mapper@2.0-impl.so from current namespace instead of sphal namespace.
12-06 17:54:11.376 D/vndksupport( 4513): Loading /vendor/lib64/hw/gralloc.msm8953.so from current namespace instead of sphal namespace.
12-06 17:54:11.388 W/vendor.qti.bluetooth@1.0-data_handler(  564): controller Cleanup done
12-06 17:54:11.388 I/vendor.qti.bluetooth@1.0-data_handler(  564): DataHandler:: joined Init thread 
12-06 17:54:11.389 D/vendor.qti.bluetooth@1.0-wake_lock(  564): CleanUp wakelock is destroyed 
12-06 17:54:11.389 W/vendor.qti.bluetooth@1.0-bluetooth_hci(  564): BluetoothHci::close, finish cleanup
12-06 17:54:11.389 W/bt_osi_thread( 4054): run_thread: thread id 4108, thread name hci_thread exited
12-06 17:54:11.390 I/bt_core_module( 4054): module_shut_down Shutdown of module "hci_module" completed
12-06 17:54:11.390 I/bt_core_module( 4054): module_shut_down Shutting down module "btsnoop_module"
12-06 17:54:11.390 I/bt_core_module( 4054): module_shut_down Shutdown of module "btsnoop_module" completed
12-06 17:54:11.391 I/bt_core_module( 4054): module_clean_up Cleaning up module "bte_logmsg_module"
12-06 17:54:11.391 I/bt_core_module( 4054): module_clean_up Cleanup of module "bte_logmsg_module" completed
12-06 17:54:11.391 W/bt_osi_thread( 4054): run_thread: thread id 4113, thread name bt_workqueue exited
12-06 17:54:11.391 I/bt_btif_core( 4054): btif_disable_bluetooth_evt finished
12-06 17:54:11.392 I/bt_core_module( 4054): module_shut_down Shutting down module "controller_module"
12-06 17:54:11.392 I/bt_core_module( 4054): module_shut_down Shutdown of module "controller_module" completed
12-06 17:54:11.392 V/BluetoothAdapterState( 4054): PendingCommand - transient state(s): isBleTurningOff
12-06 17:54:11.393 I/bt_stack_manager( 4054): event_shut_down_stack finished
12-06 17:54:11.393 D/BluetoothAdapterState( 4054): Current state: PENDING_COMMAND, message: 24
12-06 17:54:11.393 D/BluetoothAdapterService( 4054): stopGattProfileService()
12-06 17:54:11.393 D/BluetoothAdapterService( 4054): setProfileServiceState() - Stopping service com.android.bluetooth.gatt.GattService
12-06 17:54:11.397 D/BluetoothAdapterState( 4054): Stopping Gatt profile services that were post enabled
12-06 17:54:11.397 D/BtGatt.DebugUtils( 4054): handleDebugAction() action=null
12-06 17:54:11.397 D/BluetoothAdapterService( 4054): getAdapterService() - returning com.android.bluetooth.btservice.AdapterService@ea65cb
12-06 17:54:11.398 D/BtGatt.GattService( 4054): : Received stop request...Stopping profile...
12-06 17:54:11.400 D/BtGatt.GattService( 4054):  profile stopped successfully
12-06 17:54:11.400 D/BluetoothAdapterService( 4054): getAdapterService() - returning com.android.bluetooth.btservice.AdapterService@ea65cb
12-06 17:54:11.401 D/BluetoothAdapterService( 4054): handleMessage() - Message: 1
12-06 17:54:11.401 D/BluetoothAdapterService( 4054): handleMessage() - MESSAGE_PROFILE_SERVICE_STATE_CHANGED
12-06 17:54:11.401 W/BluetoothAdapterService( 4054): onProfileServiceStateChange() serviceName=com.android.bluetooth.gatt.GattService, state=10, doUpdate=true
12-06 17:54:11.401 D/BluetoothAdapterService( 4054): processProfileServiceStateChanged() - serviceName=com.android.bluetooth.gatt.GattService isTurningOn=false isTurningOff=false isBleTurningOn=false isBleTurningOff=true
12-06 17:54:11.401 D/BluetoothAdapterService( 4054): GattService stopped
12-06 17:54:11.401 V/BluetoothAdapterState( 4054): PendingCommand - transient state(s): isBleTurningOff
12-06 17:54:11.401 D/BluetoothAdapterState( 4054): Current state: PENDING_COMMAND, message: 25
12-06 17:54:11.401 D/BluetoothAdapterProperties( 4054): Setting state to 10
12-06 17:54:11.401 I/BluetoothAdapterState( 4054): Bluetooth adapter state changed: 16-> 10
12-06 17:54:11.401 D/BluetoothAdapterService( 4054): updateAdapterState() - Broadcasting state to 1 receivers.
12-06 17:54:11.401 D/BluetoothManagerService( 1392): MESSAGE_BLUETOOTH_STATE_CHANGE: BLE_TURNING_OFF > OFF
12-06 17:54:11.401 D/BluetoothManagerService( 1392): Bluetooth is complete send Service Down
12-06 17:54:11.402 D/BluetoothManagerService( 1392): Broadcasting onBluetoothServiceDown() to 12 receivers.
12-06 17:54:11.402 D/BluetoothAdapter( 3727): onBluetoothServiceDown: android.bluetooth.IBluetooth$Stub$Proxy@58667fb
12-06 17:54:11.402 D/BluetoothAdapter(26794): onBluetoothServiceDown: android.bluetooth.IBluetooth$Stub$Proxy@27d13eb
12-06 17:54:11.402 D/BluetoothAdapter( 3727): onBluetoothServiceDown: Sending callbacks to 1 clients
12-06 17:54:11.402 D/BluetoothAdapter( 3727): onBluetoothServiceDown: Finished sending callbacks to registered clients
12-06 17:54:11.402 D/BluetoothAdapter(26794): onBluetoothServiceDown: Sending callbacks to 0 clients
12-06 17:54:11.402 D/BluetoothAdapter(26794): onBluetoothServiceDown: Finished sending callbacks to registered clients
12-06 17:54:11.402 D/BluetoothAdapter( 4282): onBluetoothServiceDown: android.bluetooth.IBluetooth$Stub$Proxy@251461d
12-06 17:54:11.402 D/BluetoothAdapter( 4282): onBluetoothServiceDown: Sending callbacks to 1 clients
12-06 17:54:11.402 D/BluetoothAdapter( 4282): onBluetoothServiceDown: Finished sending callbacks to registered clients
12-06 17:54:11.402 D/BluetoothAdapter( 5940): onBluetoothServiceDown: android.bluetooth.IBluetooth$Stub$Proxy@36ce85f
12-06 17:54:11.402 D/BluetoothAdapter( 1392): onBluetoothServiceDown: android.bluetooth.IBluetooth$Stub$Proxy@f17b216
12-06 17:54:11.402 I/BluetoothAdapterState( 4054): Entering OffState
12-06 17:54:11.402 D/BluetoothAdapter( 5940): onBluetoothServiceDown: Sending callbacks to 0 clients
12-06 17:54:11.402 D/BluetoothAdapter( 1392): onBluetoothServiceDown: Sending callbacks to 1 clients
12-06 17:54:11.402 D/BluetoothAdapter( 5940): onBluetoothServiceDown: Finished sending callbacks to registered clients
12-06 17:54:11.402 D/BluetoothAdapter( 1392): onBluetoothServiceDown: Finished sending callbacks to registered clients
12-06 17:54:11.402 D/BluetoothAdapter( 4921): onBluetoothServiceDown: android.bluetooth.IBluetooth$Stub$Proxy@62fefc0
12-06 17:54:11.402 D/BluetoothAdapter( 4144): onBluetoothServiceDown: android.bluetooth.IBluetooth$Stub$Proxy@3835dcf
12-06 17:54:11.402 D/BluetoothAdapter( 4921): onBluetoothServiceDown: Sending callbacks to 1 clients
12-06 17:54:11.402 D/BluetoothAdapter( 4144): onBluetoothServiceDown: Sending callbacks to 0 clients
12-06 17:54:11.402 D/BluetoothAdapter( 4921): onBluetoothServiceDown: Finished sending callbacks to registered clients
12-06 17:54:11.402 D/BluetoothAdapter( 4144): onBluetoothServiceDown: Finished sending callbacks to registered clients
12-06 17:54:11.402 D/BluetoothManagerService( 1392): unbindAndFinish(): android.bluetooth.IBluetooth$Stub$Proxy@f17b216 mBinding = false mUnbinding = false
12-06 17:54:11.403 D/BluetoothAdapter( 2600): onBluetoothServiceDown: android.bluetooth.IBluetooth$Stub$Proxy@5d42f33
12-06 17:54:11.403 D/BluetoothAdapter( 3704): onBluetoothServiceDown: android.bluetooth.IBluetooth$Stub$Proxy@2f68bb5
12-06 17:54:11.403 D/BluetoothAdapter( 2600): onBluetoothServiceDown: Sending callbacks to 1 clients
12-06 17:54:11.403 D/BluetoothAdapter( 2600): onBluetoothServiceDown: Finished sending callbacks to registered clients
12-06 17:54:11.403 D/BluetoothAdapter( 2767): onBluetoothServiceDown: android.bluetooth.IBluetooth$Stub$Proxy@2b1ac03
12-06 17:54:11.403 D/BluetoothAdapter( 3704): onBluetoothServiceDown: Sending callbacks to 0 clients
12-06 17:54:11.403 D/BluetoothAdapter( 3704): onBluetoothServiceDown: Finished sending callbacks to registered clients
12-06 17:54:11.403 D/BluetoothAdapter(30442): onBluetoothServiceDown: android.bluetooth.IBluetooth$Stub$Proxy@5921e28
12-06 17:54:11.403 D/BluetoothAdapter( 2767): onBluetoothServiceDown: Sending callbacks to 0 clients
12-06 17:54:11.403 D/BluetoothAdapter(30442): onBluetoothServiceDown: Sending callbacks to 0 clients
12-06 17:54:11.403 D/BluetoothAdapter( 2767): onBluetoothServiceDown: Finished sending callbacks to registered clients
12-06 17:54:11.403 D/BluetoothAdapter(30442): onBluetoothServiceDown: Finished sending callbacks to registered clients
12-06 17:54:11.403 D/BluetoothAdapter( 4054): onBluetoothServiceDown: com.android.bluetooth.btservice.AdapterService$AdapterServiceBinder@c009031
12-06 17:54:11.403 D/BluetoothAdapter( 4054): onBluetoothServiceDown: Sending callbacks to 1 clients
12-06 17:54:11.403 D/BluetoothAdapter( 4054): onBluetoothServiceDown: Finished sending callbacks to registered clients
12-06 17:54:11.404 W/BluetoothAdapterService( 4054): onUnbind, calling cleanup
12-06 17:54:11.404 D/BluetoothAdapterService( 4054): cleanup()
12-06 17:54:11.405 D/BluetoothManagerService( 1392): Sending BLE State Change: BLE_TURNING_OFF > OFF
12-06 17:54:11.406 W/BluetoothSdpJni( 4054): Cleaning up Bluetooth SDP Interface...
12-06 17:54:11.406 W/BluetoothSdpJni( 4054): Cleaning up Bluetooth SDP object
12-06 17:54:11.406 D/BluetoothAdapterService( 4054): cleanup() - Cleaning up adapter native
12-06 17:54:11.407 I/bt_stack_manager( 4054): event_clean_up_stack is cleaning up the stack
12-06 17:54:11.407 I/bt_btif_core( 4054): btif_cleanup_bluetooth entered
12-06 17:54:11.407 E/BluetoothServiceJni( 4054): Callback: 'callback_thread_event' is not called on the correct thread
12-06 17:54:11.407 I/bt_btif_queue( 4054): btif_queue_release
12-06 17:54:11.407 I/bt_btif_core( 4054): run_message_loop finished
12-06 17:54:11.407 W/bt_osi_thread( 4054): run_thread: thread id 4097, thread name bt_jni_workqueue exited
12-06 17:54:11.408 I/bt_core_module( 4054): module_clean_up Cleaning up module "stack_config_module"
12-06 17:54:11.408 I/bt_core_module( 4054): module_clean_up Cleanup of module "stack_config_module" completed
12-06 17:54:11.408 I/bt_core_module( 4054): module_clean_up Cleaning up module "interop_module"
12-06 17:54:11.420 I/bt_core_module( 4054): module_clean_up Cleanup of module "interop_module" completed
12-06 17:54:11.420 I/bt_core_module( 4054): module_clean_up Cleaning up module "profile_config_module"
12-06 17:54:11.420 I/bt_core_module( 4054): module_clean_up Cleanup of module "profile_config_module" completed
12-06 17:54:11.420 I/bt_btif_core( 4054): btif_cleanup_bluetooth finished
12-06 17:54:11.421 I/bt_core_module( 4054): module_clean_up Cleaning up module "btif_config_module"
12-06 17:54:11.425 I/bt_core_module( 4054): module_clean_up Cleanup of module "btif_config_module" completed
12-06 17:54:11.425 I/bt_core_module( 4054): module_clean_up Cleaning up module "bt_utils_module"
12-06 17:54:11.425 I/bt_core_module( 4054): module_clean_up Cleanup of module "bt_utils_module" completed
12-06 17:54:11.425 I/bt_core_module( 4054): module_clean_up Cleaning up module "osi_module"
12-06 17:54:11.425 D/bt_osi_alarm( 4054): callback_dispatch Callback thread exited
12-06 17:54:11.426 W/bt_osi_thread( 4054): run_thread: thread id 4096, thread name alarm_dispatcher exited
12-06 17:54:11.426 W/bt_osi_thread( 4054): run_thread: thread id 4095, thread name alarm_default_ca exited
12-06 17:54:11.426 I/bt_core_module( 4054): module_clean_up Cleanup of module "osi_module" completed
12-06 17:54:11.426 I/bt_stack_manager( 4054): event_clean_up_stack finished
12-06 17:54:11.427 I/BluetoothServiceJni( 4054): cleanupNative: return from cleanup
12-06 17:54:11.427 W/BluetoothVendorJni( 4054): Cleaning up Bluetooth Vendor Interface...
12-06 17:54:11.427 I/bt_btif_vendor( 4054): cleanup
12-06 17:54:11.427 W/BluetoothVendorJni( 4054): Cleaning up Bluetooth Vendor callback object
12-06 17:54:11.428 D/BluetoothAdapterService( 4054): onDestroy()
12-06 17:54:11.429 I/BluetoothAdapterService( 4054): Force exit to cleanup internal state in Bluetooth stack
12-06 17:54:11.431 I/zygote64( 4054): System.exit called, status: 0
12-06 17:54:11.431 I/AndroidRuntime( 4054): VM exiting with result code 0, cleanup skipped.
12-06 17:54:11.448 I/ActivityManager( 1392): Process com.android.bluetooth (pid 4054) has died: fore SVC 
12-06 17:54:11.448 W/zygote64( 1392): kill(-4054, 9) failed: No such process
12-06 17:54:11.448 I/zygote64( 1392): Successfully killed process cgroup uid 1002 pid 4054 in 0ms
12-06 17:54:11.453 V/StatusBar( 2600): setLightsOn(true)
12-06 17:54:12.104 D/KeyguardUpdateMonitor( 2600): received broadcast android.intent.action.BATTERY_CHANGED
12-06 17:54:12.106 D/HxBatteryStatusReceiver(11834): onReceiveandroid.intent.action.BATTERY_CHANGED
12-06 17:54:12.110 D/KeyguardUpdateMonitor( 2600): handleBatteryUpdate
12-06 17:54:12.132 I/System.out( 4416): URI: //
12-06 17:54:12.132 I/System.out( 4416): params: {json={"command":"set_activity_orientation","arguments":["landscape"]}
12-06 17:54:12.132 I/System.out( 4416): }
12-06 17:54:12.132 I/System.out( 4416): header: {content-type=application/json;charset=utf-8, date=Thu, 06 Dec 2018 22:54:13 GMT, accept=*/*, host=127.0.0.1:34777, content-length=64, user-agent=HTTPClient/1.0 (2.8.3, ruby 2.5.1 (2018-03-29))}
12-06 17:54:12.132 I/System.out( 4416): params: {json={"command":"set_activity_orientation","arguments":["landscape"]}
12-06 17:54:12.132 I/System.out( 4416): }
12-06 17:54:12.133 I/System.out( 4416): ProP json = {"command":"set_activity_orientation","arguments":["landscape"]}
12-06 17:54:12.133 I/System.out( 4416): files: {}
12-06 17:54:12.133 I/System.out( 4416): command: {"command":"set_activity_orientation","arguments":["landscape"]}
12-06 17:54:12.146 I/InstrumentationBackend( 4416): Got command:'Command:'Line:null,set_activity_orientation', arguments:'[landscape]'
12-06 17:54:12.176 I/ActivityManager( 1392): Config changes=480 {1.0 732mcc123mnc [en_US] ldltr sw360dp w640dp h336dp 480dpi nrml long land finger -keyb/v/h -nav/h appBounds=Rect(0, 0 - 1920, 1080) s.93}
12-06 17:54:12.190 I/InputReader( 1392): Reconfiguring input devices.  changes=0x00000004
12-06 17:54:12.190 I/InputReader( 1392): Device reconfigured: id=5, name='ft5435_ts', size 1080x1920, orientation 1, mode 1, display id 0
12-06 17:54:12.190 I/InputReader( 1392): Device reconfigured: id=9, name='fts_ts', size 1080x1920, orientation 1, mode 1, display id 0
12-06 17:54:12.198 I/ActivityManager( 1392): Override config changes=480 {1.0 732mcc123mnc [en_US] ldltr sw360dp w640dp h336dp 480dpi nrml long land finger -keyb/v/h -nav/h appBounds=Rect(0, 0 - 1920, 1080) s.93} for displayId=0
12-06 17:54:12.325 I/calabash( 4416): newActivity1
12-06 17:54:12.361 I/System.out( 4416): result:{"bonusInformation":[],"message":"","success":true}
12-06 17:54:12.375 I/System.out( 4416): URI: //gesture
12-06 17:54:12.375 I/System.out( 4416): params: {json={"query_timeout":5.0,"gestures":[{"query_string":"android.widget.TabWidget descendant TextView index:1","touches":[{"x":50,"y":50,"offset_x":0,"offset_y":0,"wait":0.0,"time":0.2,"release":true,"query_string":null}]}]}
12-06 17:54:12.375 I/System.out( 4416): }
12-06 17:54:12.375 W/ActivityManager( 1392): Bad activity token: android.os.BinderProxy@5447669
12-06 17:54:12.375 W/ActivityManager( 1392): java.lang.ClassCastException: android.os.BinderProxy cannot be cast to com.android.server.am.ActivityRecord$Token
12-06 17:54:12.375 W/ActivityManager( 1392): 	at com.android.server.am.ActivityRecord.forTokenLocked(ActivityRecord.java:816)
12-06 17:54:12.375 W/ActivityManager( 1392): 	at com.android.server.am.ActivityRecord.isInStackLocked(ActivityRecord.java:2154)
12-06 17:54:12.375 W/ActivityManager( 1392): 	at com.android.server.am.ActivityRecord.getStackLocked(ActivityRecord.java:2159)
12-06 17:54:12.375 W/ActivityManager( 1392): 	at com.android.server.am.ActivityManagerService.getActivityDisplayId(ActivityManagerService.java:10744)
12-06 17:54:12.375 W/ActivityManager( 1392): 	at android.app.IActivityManager$Stub.onTransact(IActivityManager.java:2734)
12-06 17:54:12.375 W/ActivityManager( 1392): 	at com.android.server.am.ActivityManagerService.onTransact(ActivityManagerService.java:2971)
12-06 17:54:12.375 W/ActivityManager( 1392): 	at android.os.Binder.execTransact(Binder.java:697)
12-06 17:54:12.377 I/calabash( 4416): newActivity1
12-06 17:54:12.381 W/StaticLayout( 2600): maxLineHeight should not be -1.  maxLines:1 lineCount:1
12-06 17:54:12.384 W/ActivityManager( 1392): Bad activity token: android.os.BinderProxy@5447669
12-06 17:54:12.384 W/ActivityManager( 1392): java.lang.ClassCastException: android.os.BinderProxy cannot be cast to com.android.server.am.ActivityRecord$Token
12-06 17:54:12.384 W/ActivityManager( 1392): 	at com.android.server.am.ActivityRecord.forTokenLocked(ActivityRecord.java:816)
12-06 17:54:12.384 W/ActivityManager( 1392): 	at com.android.server.am.ActivityRecord.isInStackLocked(ActivityRecord.java:2154)
12-06 17:54:12.384 W/ActivityManager( 1392): 	at com.android.server.am.ActivityManagerService.setTaskDescription(ActivityManagerService.java:10345)
12-06 17:54:12.384 W/ActivityManager( 1392): 	at android.app.IActivityManager$Stub.onTransact(IActivityManager.java:2820)
12-06 17:54:12.384 W/ActivityManager( 1392): 	at com.android.server.am.ActivityManagerService.onTransact(ActivityManagerService.java:2971)
12-06 17:54:12.384 W/ActivityManager( 1392): 	at android.os.Binder.execTransact(Binder.java:697)
12-06 17:54:12.386 W/ActivityManager( 1392): Bad activity token: android.os.BinderProxy@5447669
12-06 17:54:12.386 W/ActivityManager( 1392): java.lang.ClassCastException: android.os.BinderProxy cannot be cast to com.android.server.am.ActivityRecord$Token
12-06 17:54:12.386 W/ActivityManager( 1392): 	at com.android.server.am.ActivityRecord.forTokenLocked(ActivityRecord.java:816)
12-06 17:54:12.386 W/ActivityManager( 1392): 	at com.android.server.am.ActivityRecord.isInStackLocked(ActivityRecord.java:2154)
12-06 17:54:12.386 W/ActivityManager( 1392): 	at com.android.server.am.ActivityRecord.getStackLocked(ActivityRecord.java:2159)
12-06 17:54:12.386 W/ActivityManager( 1392): 	at com.android.server.am.ActivityManagerService.getActivityStackId(ActivityManagerService.java:10755)
12-06 17:54:12.386 W/ActivityManager( 1392): 	at android.app.IActivityManager$Stub.onTransact(IActivityManager.java:3513)
12-06 17:54:12.386 W/ActivityManager( 1392): 	at com.android.server.am.ActivityManagerService.onTransact(ActivityManagerService.java:2971)
12-06 17:54:12.386 W/ActivityManager( 1392): 	at android.os.Binder.execTransact(Binder.java:697)
12-06 17:54:12.416 I/chatty  ( 2600): uid=10030(com.android.systemui) identical 11 lines
12-06 17:54:12.417 W/StaticLayout( 2600): maxLineHeight should not be -1.  maxLines:1 lineCount:1
12-06 17:54:12.447 D/StatusBar( 2600): disable<e i a s b h r c s q >
12-06 17:54:12.471 W/ActivityManager( 1392): Bad activity token: android.os.BinderProxy@5447669
12-06 17:54:12.471 W/ActivityManager( 1392): java.lang.ClassCastException: android.os.BinderProxy cannot be cast to com.android.server.am.ActivityRecord$Token
12-06 17:54:12.471 W/ActivityManager( 1392): 	at com.android.server.am.ActivityRecord.forTokenLocked(ActivityRecord.java:816)
12-06 17:54:12.471 W/ActivityManager( 1392): 	at com.android.server.am.ActivityRecord.isInStackLocked(ActivityRecord.java:2154)
12-06 17:54:12.471 W/ActivityManager( 1392): 	at com.android.server.am.ActivityManagerService.getActivityOptions(ActivityManagerService.java:13590)
12-06 17:54:12.471 W/ActivityManager( 1392): 	at android.app.IActivityManager$Stub.onTransact(IActivityManager.java:2906)
12-06 17:54:12.471 W/ActivityManager( 1392): 	at com.android.server.am.ActivityManagerService.onTransact(ActivityManagerService.java:2971)
12-06 17:54:12.471 W/ActivityManager( 1392): 	at android.os.Binder.execTransact(Binder.java:697)
12-06 17:54:12.472 W/ActivityManager( 1392): Bad activity token: android.os.BinderProxy@5447669
12-06 17:54:12.472 W/ActivityManager( 1392): java.lang.ClassCastException: android.os.BinderProxy cannot be cast to com.android.server.am.ActivityRecord$Token
12-06 17:54:12.472 W/ActivityManager( 1392): 	at com.android.server.am.ActivityRecord.forTokenLocked(ActivityRecord.java:816)
12-06 17:54:12.472 W/ActivityManager( 1392): 	at com.android.server.am.ActivityRecord.isInStackLocked(ActivityRecord.java:2154)
12-06 17:54:12.472 W/ActivityManager( 1392): 	at com.android.server.am.ActivityManagerService.getActivityOptions(ActivityManagerService.java:13590)
12-06 17:54:12.472 W/ActivityManager( 1392): 	at android.app.IActivityManager$Stub.onTransact(IActivityManager.java:2906)
12-06 17:54:12.472 W/ActivityManager( 1392): 	at com.android.server.am.ActivityManagerService.onTransact(ActivityManagerService.java:2971)
12-06 17:54:12.472 W/ActivityManager( 1392): 	at android.os.Binder.execTransact(Binder.java:697)
12-06 17:54:12.477 V/StatusBar( 2600): setLightsOn(true)
12-06 17:54:12.478 I/WindowManager( 1392): Screen frozen for +331ms due to Window{ceab740 u0 StatusBar}
12-06 17:54:12.525 W/PhoneWindow( 4416): Previously focused view reported id 2131034153 during save, but can't be found during restore.
12-06 17:54:12.648 V/StatusBar( 2600): setLightsOn(true)
12-06 17:54:12.746 I/chatty  ( 2600): uid=10030(com.android.systemui) identical 3 lines
12-06 17:54:12.930 V/StatusBar( 2600): setLightsOn(true)
12-06 17:54:13.095 D/HxBatteryStatusReceiver(11834): onReceiveandroid.intent.action.BATTERY_CHANGED
12-06 17:54:13.097 D/KeyguardUpdateMonitor( 2600): received broadcast android.intent.action.BATTERY_CHANGED
12-06 17:54:13.107 D/KeyguardUpdateMonitor( 2600): handleBatteryUpdate
12-06 17:54:13.222 W/ActivityManager( 1392): Bad activity token: android.os.BinderProxy@b50aa52
12-06 17:54:13.222 W/ActivityManager( 1392): java.lang.ClassCastException: android.os.BinderProxy cannot be cast to com.android.server.am.ActivityRecord$Token
12-06 17:54:13.222 W/ActivityManager( 1392): 	at com.android.server.am.ActivityRecord.forTokenLocked(ActivityRecord.java:816)
12-06 17:54:13.222 W/ActivityManager( 1392): 	at com.android.server.am.ActivityRecord.isInStackLocked(ActivityRecord.java:2154)
12-06 17:54:13.222 W/ActivityManager( 1392): 	at com.android.server.am.ActivityRecord.getStackLocked(ActivityRecord.java:2159)
12-06 17:54:13.222 W/ActivityManager( 1392): 	at com.android.server.am.ActivityManagerService.getActivityDisplayId(ActivityManagerService.java:10744)
12-06 17:54:13.222 W/ActivityManager( 1392): 	at android.app.IActivityManager$Stub.onTransact(IActivityManager.java:2734)
12-06 17:54:13.222 W/ActivityManager( 1392): 	at com.android.server.am.ActivityManagerService.onTransact(ActivityManagerService.java:2971)
12-06 17:54:13.222 W/ActivityManager( 1392): 	at android.os.Binder.execTransact(Binder.java:697)
12-06 17:54:13.224 I/calabash( 4416): newActivity1
12-06 17:54:13.233 W/ActivityManager( 1392): Bad activity token: android.os.BinderProxy@b50aa52
12-06 17:54:13.233 W/ActivityManager( 1392): java.lang.ClassCastException: android.os.BinderProxy cannot be cast to com.android.server.am.ActivityRecord$Token
12-06 17:54:13.233 W/ActivityManager( 1392): 	at com.android.server.am.ActivityRecord.forTokenLocked(ActivityRecord.java:816)
12-06 17:54:13.233 W/ActivityManager( 1392): 	at com.android.server.am.ActivityRecord.isInStackLocked(ActivityRecord.java:2154)
12-06 17:54:13.233 W/ActivityManager( 1392): 	at com.android.server.am.ActivityManagerService.setTaskDescription(ActivityManagerService.java:10345)
12-06 17:54:13.233 W/ActivityManager( 1392): 	at android.app.IActivityManager$Stub.onTransact(IActivityManager.java:2820)
12-06 17:54:13.233 W/ActivityManager( 1392): 	at com.android.server.am.ActivityManagerService.onTransact(ActivityManagerService.java:2971)
12-06 17:54:13.233 W/ActivityManager( 1392): 	at android.os.Binder.execTransact(Binder.java:697)
12-06 17:54:13.235 W/ActivityManager( 1392): Bad activity token: android.os.BinderProxy@b50aa52
12-06 17:54:13.235 W/ActivityManager( 1392): java.lang.ClassCastException: android.os.BinderProxy cannot be cast to com.android.server.am.ActivityRecord$Token
12-06 17:54:13.235 W/ActivityManager( 1392): 	at com.android.server.am.ActivityRecord.forTokenLocked(ActivityRecord.java:816)
12-06 17:54:13.235 W/ActivityManager( 1392): 	at com.android.server.am.ActivityRecord.isInStackLocked(ActivityRecord.java:2154)
12-06 17:54:13.235 W/ActivityManager( 1392): 	at com.android.server.am.ActivityRecord.getStackLocked(ActivityRecord.java:2159)
12-06 17:54:13.235 W/ActivityManager( 1392): 	at com.android.server.am.ActivityManagerService.getActivityStackId(ActivityManagerService.java:10755)
12-06 17:54:13.235 W/ActivityManager( 1392): 	at android.app.IActivityManager$Stub.onTransact(IActivityManager.java:3513)
12-06 17:54:13.235 W/ActivityManager( 1392): 	at com.android.server.am.ActivityManagerService.onTransact(ActivityManagerService.java:2971)
12-06 17:54:13.235 W/ActivityManager( 1392): 	at android.os.Binder.execTransact(Binder.java:697)
12-06 17:54:13.301 D/CompatibilityInfo( 1392): mCompatibilityFlags - 10
12-06 17:54:13.301 D/CompatibilityInfo( 1392): applicationDensity - 480
12-06 17:54:13.301 D/CompatibilityInfo( 1392): applicationScale - 1.0
12-06 17:54:13.302 W/ActivityManager( 1392): Bad activity token: android.os.BinderProxy@b50aa52
12-06 17:54:13.302 W/ActivityManager( 1392): java.lang.ClassCastException: android.os.BinderProxy cannot be cast to com.android.server.am.ActivityRecord$Token
12-06 17:54:13.302 W/ActivityManager( 1392): 	at com.android.server.am.ActivityRecord.forTokenLocked(ActivityRecord.java:816)
12-06 17:54:13.302 W/ActivityManager( 1392): 	at com.android.server.am.ActivityRecord.isInStackLocked(ActivityRecord.java:2154)
12-06 17:54:13.302 W/ActivityManager( 1392): 	at com.android.server.am.ActivityManagerService.getActivityOptions(ActivityManagerService.java:13590)
12-06 17:54:13.302 W/ActivityManager( 1392): 	at android.app.IActivityManager$Stub.onTransact(IActivityManager.java:2906)
12-06 17:54:13.302 W/ActivityManager( 1392): 	at com.android.server.am.ActivityManagerService.onTransact(ActivityManagerService.java:2971)
12-06 17:54:13.302 W/ActivityManager( 1392): 	at android.os.Binder.execTransact(Binder.java:697)
12-06 17:54:13.303 W/ActivityManager( 1392): Bad activity token: android.os.BinderProxy@b50aa52
12-06 17:54:13.303 W/ActivityManager( 1392): java.lang.ClassCastException: android.os.BinderProxy cannot be cast to com.android.server.am.ActivityRecord$Token
12-06 17:54:13.303 W/ActivityManager( 1392): 	at com.android.server.am.ActivityRecord.forTokenLocked(ActivityRecord.java:816)
12-06 17:54:13.303 W/ActivityManager( 1392): 	at com.android.server.am.ActivityRecord.isInStackLocked(ActivityRecord.java:2154)
12-06 17:54:13.303 W/ActivityManager( 1392): 	at com.android.server.am.ActivityManagerService.getActivityOptions(ActivityManagerService.java:13590)
12-06 17:54:13.303 W/ActivityManager( 1392): 	at android.app.IActivityManager$Stub.onTransact(IActivityManager.java:2906)
12-06 17:54:13.303 W/ActivityManager( 1392): 	at com.android.server.am.ActivityManagerService.onTransact(ActivityManagerService.java:2971)
12-06 17:54:13.303 W/ActivityManager( 1392): 	at android.os.Binder.execTransact(Binder.java:697)
12-06 17:54:13.350 D/Mileage ( 4416): Not enough fillups to calculate economy
12-06 17:54:13.680 W/ADebug  ( 4534): Failed to get property persist.sys.media.traces
12-06 17:54:13.742 D/vndksupport( 4534): Loading /vendor/lib64/hw/android.hardware.graphics.mapper@2.0-impl.so from current namespace instead of sphal namespace.
12-06 17:54:13.743 D/vndksupport( 4534): Loading /vendor/lib64/hw/gralloc.msm8953.so from current namespace instead of sphal namespace.
12-06 17:54:14.096 D/KeyguardUpdateMonitor( 2600): received broadcast android.intent.action.BATTERY_CHANGED
12-06 17:54:14.098 D/HxBatteryStatusReceiver(11834): onReceiveandroid.intent.action.BATTERY_CHANGED
12-06 17:54:14.101 D/KeyguardUpdateMonitor( 2600): handleBatteryUpdate
12-06 17:54:14.388 I/System.out( 4416): URI: //gesture
12-06 17:54:14.388 I/System.out( 4416): params: {json={"query_timeout":5.0,"gestures":[{"query_string":"android.widget.TabWidget descendant TextView index:3","touches":[{"x":50,"y":50,"offset_x":0,"offset_y":0,"wait":0.0,"time":0.2,"release":true,"query_string":null}]}]}
12-06 17:54:14.388 I/System.out( 4416): }
12-06 17:54:14.693 W/ActivityManager( 1392): Bad activity token: android.os.BinderProxy@262be76
12-06 17:54:14.693 W/ActivityManager( 1392): java.lang.ClassCastException: android.os.BinderProxy cannot be cast to com.android.server.am.ActivityRecord$Token
12-06 17:54:14.693 W/ActivityManager( 1392): 	at com.android.server.am.ActivityRecord.forTokenLocked(ActivityRecord.java:816)
12-06 17:54:14.693 W/ActivityManager( 1392): 	at com.android.server.am.ActivityRecord.isInStackLocked(ActivityRecord.java:2154)
12-06 17:54:14.693 W/ActivityManager( 1392): 	at com.android.server.am.ActivityRecord.getStackLocked(ActivityRecord.java:2159)
12-06 17:54:14.693 W/ActivityManager( 1392): 	at com.android.server.am.ActivityManagerService.getActivityDisplayId(ActivityManagerService.java:10744)
12-06 17:54:14.693 W/ActivityManager( 1392): 	at android.app.IActivityManager$Stub.onTransact(IActivityManager.java:2734)
12-06 17:54:14.693 W/ActivityManager( 1392): 	at com.android.server.am.ActivityManagerService.onTransact(ActivityManagerService.java:2971)
12-06 17:54:14.693 W/ActivityManager( 1392): 	at android.os.Binder.execTransact(Binder.java:697)
12-06 17:54:14.695 I/calabash( 4416): newActivity1
12-06 17:54:14.701 W/ActivityManager( 1392): Bad activity token: android.os.BinderProxy@262be76
12-06 17:54:14.701 W/ActivityManager( 1392): java.lang.ClassCastException: android.os.BinderProxy cannot be cast to com.android.server.am.ActivityRecord$Token
12-06 17:54:14.701 W/ActivityManager( 1392): 	at com.android.server.am.ActivityRecord.forTokenLocked(ActivityRecord.java:816)
12-06 17:54:14.701 W/ActivityManager( 1392): 	at com.android.server.am.ActivityRecord.isInStackLocked(ActivityRecord.java:2154)
12-06 17:54:14.701 W/ActivityManager( 1392): 	at com.android.server.am.ActivityManagerService.setTaskDescription(ActivityManagerService.java:10345)
12-06 17:54:14.701 W/ActivityManager( 1392): 	at android.app.IActivityManager$Stub.onTransact(IActivityManager.java:2820)
12-06 17:54:14.701 W/ActivityManager( 1392): 	at com.android.server.am.ActivityManagerService.onTransact(ActivityManagerService.java:2971)
12-06 17:54:14.701 W/ActivityManager( 1392): 	at android.os.Binder.execTransact(Binder.java:697)
12-06 17:54:14.703 W/ActivityManager( 1392): Bad activity token: android.os.BinderProxy@262be76
12-06 17:54:14.703 W/ActivityManager( 1392): java.lang.ClassCastException: android.os.BinderProxy cannot be cast to com.android.server.am.ActivityRecord$Token
12-06 17:54:14.703 W/ActivityManager( 1392): 	at com.android.server.am.ActivityRecord.forTokenLocked(ActivityRecord.java:816)
12-06 17:54:14.703 W/ActivityManager( 1392): 	at com.android.server.am.ActivityRecord.isInStackLocked(ActivityRecord.java:2154)
12-06 17:54:14.703 W/ActivityManager( 1392): 	at com.android.server.am.ActivityRecord.getStackLocked(ActivityRecord.java:2159)
12-06 17:54:14.703 W/ActivityManager( 1392): 	at com.android.server.am.ActivityManagerService.getActivityStackId(ActivityManagerService.java:10755)
12-06 17:54:14.703 W/ActivityManager( 1392): 	at android.app.IActivityManager$Stub.onTransact(IActivityManager.java:3513)
12-06 17:54:14.703 W/ActivityManager( 1392): 	at com.android.server.am.ActivityManagerService.onTransact(ActivityManagerService.java:2971)
12-06 17:54:14.703 W/ActivityManager( 1392): 	at android.os.Binder.execTransact(Binder.java:697)
12-06 17:54:14.713 W/ActivityManager( 1392): Bad activity token: android.os.BinderProxy@262be76
12-06 17:54:14.713 W/ActivityManager( 1392): java.lang.ClassCastException: android.os.BinderProxy cannot be cast to com.android.server.am.ActivityRecord$Token
12-06 17:54:14.713 W/ActivityManager( 1392): 	at com.android.server.am.ActivityRecord.forTokenLocked(ActivityRecord.java:816)
12-06 17:54:14.713 W/ActivityManager( 1392): 	at com.android.server.am.ActivityRecord.isInStackLocked(ActivityRecord.java:2154)
12-06 17:54:14.713 W/ActivityManager( 1392): 	at com.android.server.am.ActivityManagerService.getActivityOptions(ActivityManagerService.java:13590)
12-06 17:54:14.713 W/ActivityManager( 1392): 	at android.app.IActivityManager$Stub.onTransact(IActivityManager.java:2906)
12-06 17:54:14.713 W/ActivityManager( 1392): 	at com.android.server.am.ActivityManagerService.onTransact(ActivityManagerService.java:2971)
12-06 17:54:14.713 W/ActivityManager( 1392): 	at android.os.Binder.execTransact(Binder.java:697)
12-06 17:54:14.714 W/ActivityManager( 1392): Bad activity token: android.os.BinderProxy@262be76
12-06 17:54:14.714 W/ActivityManager( 1392): java.lang.ClassCastException: android.os.BinderProxy cannot be cast to com.android.server.am.ActivityRecord$Token
12-06 17:54:14.714 W/ActivityManager( 1392): 	at com.android.server.am.ActivityRecord.forTokenLocked(ActivityRecord.java:816)
12-06 17:54:14.714 W/ActivityManager( 1392): 	at com.android.server.am.ActivityRecord.isInStackLocked(ActivityRecord.java:2154)
12-06 17:54:14.714 W/ActivityManager( 1392): 	at com.android.server.am.ActivityManagerService.getActivityOptions(ActivityManagerService.java:13590)
12-06 17:54:14.714 W/ActivityManager( 1392): 	at android.app.IActivityManager$Stub.onTransact(IActivityManager.java:2906)
12-06 17:54:14.714 W/ActivityManager( 1392): 	at com.android.server.am.ActivityManagerService.onTransact(ActivityManagerService.java:2971)
12-06 17:54:14.714 W/ActivityManager( 1392): 	at android.os.Binder.execTransact(Binder.java:697)
12-06 17:54:14.850 I/zygote64( 1392): Explicit concurrent copying GC freed 105124(4MB) AllocSpace objects, 2(104KB) LOS objects, 42% free, 31MB/54MB, paused 240us total 363.355ms
12-06 17:54:15.091 D/KeyguardUpdateMonitor( 2600): received broadcast android.intent.action.BATTERY_CHANGED
12-06 17:54:15.091 D/HxBatteryStatusReceiver(11834): onReceiveandroid.intent.action.BATTERY_CHANGED
12-06 17:54:15.094 D/KeyguardUpdateMonitor( 2600): handleBatteryUpdate
12-06 17:54:15.132 W/ADebug  ( 4546): Failed to get property persist.sys.media.traces
12-06 17:54:15.192 D/vndksupport( 4546): Loading /vendor/lib64/hw/android.hardware.graphics.mapper@2.0-impl.so from current namespace instead of sphal namespace.
12-06 17:54:15.194 D/vndksupport( 4546): Loading /vendor/lib64/hw/gralloc.msm8953.so from current namespace instead of sphal namespace.
12-06 17:54:15.926 I/System.out( 4416): URI: //gesture
12-06 17:54:15.926 I/System.out( 4416): params: {json={"query_timeout":5.0,"gestures":[{"query_string":"android.widget.TabWidget descendant TextView index:2","touches":[{"x":50,"y":50,"offset_x":0,"offset_y":0,"wait":0.0,"time":0.2,"release":true,"query_string":null}]}]}
12-06 17:54:15.926 I/System.out( 4416): }
12-06 17:54:15.943 I/BeaconBle( 4144): 'L' hardware scan: scan stopped, no clients
12-06 17:54:16.096 D/KeyguardUpdateMonitor( 2600): received broadcast android.intent.action.BATTERY_CHANGED
12-06 17:54:16.096 D/HxBatteryStatusReceiver(11834): onReceiveandroid.intent.action.BATTERY_CHANGED
12-06 17:54:16.098 D/KeyguardUpdateMonitor( 2600): handleBatteryUpdate
12-06 17:54:16.246 W/ActivityManager( 1392): Bad activity token: android.os.BinderProxy@c3436f
12-06 17:54:16.246 W/ActivityManager( 1392): java.lang.ClassCastException: android.os.BinderProxy cannot be cast to com.android.server.am.ActivityRecord$Token
12-06 17:54:16.246 W/ActivityManager( 1392): 	at com.android.server.am.ActivityRecord.forTokenLocked(ActivityRecord.java:816)
12-06 17:54:16.246 W/ActivityManager( 1392): 	at com.android.server.am.ActivityRecord.isInStackLocked(ActivityRecord.java:2154)
12-06 17:54:16.246 W/ActivityManager( 1392): 	at com.android.server.am.ActivityRecord.getStackLocked(ActivityRecord.java:2159)
12-06 17:54:16.246 W/ActivityManager( 1392): 	at com.android.server.am.ActivityManagerService.getActivityDisplayId(ActivityManagerService.java:10744)
12-06 17:54:16.246 W/ActivityManager( 1392): 	at android.app.IActivityManager$Stub.onTransact(IActivityManager.java:2734)
12-06 17:54:16.246 W/ActivityManager( 1392): 	at com.android.server.am.ActivityManagerService.onTransact(ActivityManagerService.java:2971)
12-06 17:54:16.246 W/ActivityManager( 1392): 	at android.os.Binder.execTransact(Binder.java:697)
12-06 17:54:16.248 I/calabash( 4416): newActivity1
12-06 17:54:16.259 W/ActivityManager( 1392): Bad activity token: android.os.BinderProxy@c3436f
12-06 17:54:16.259 W/ActivityManager( 1392): java.lang.ClassCastException: android.os.BinderProxy cannot be cast to com.android.server.am.ActivityRecord$Token
12-06 17:54:16.259 W/ActivityManager( 1392): 	at com.android.server.am.ActivityRecord.forTokenLocked(ActivityRecord.java:816)
12-06 17:54:16.259 W/ActivityManager( 1392): 	at com.android.server.am.ActivityRecord.isInStackLocked(ActivityRecord.java:2154)
