--------- beginning of main
12-06 17:54:03.491 I/chatty  ( 2600): uid=10030(com.android.systemui) expire 1 line
12-06 17:54:03.497 V/StatusBar( 2600): setLightsOn(true)
12-06 17:54:03.505 D/SurfaceFlinger(  609): duplicate layer name: changing com.android.launcher3/com.android.searchlauncher.SearchLauncher to com.android.launcher3/com.android.searchlauncher.SearchLauncher#1
12-06 17:54:03.513 D/CompatibilityInfo( 1392): mCompatibilityFlags - 0
12-06 17:54:03.513 D/CompatibilityInfo( 1392): applicationDensity - 480
12-06 17:54:03.513 D/CompatibilityInfo( 1392): applicationScale - 1.0
12-06 17:54:03.548 W/ThreadPoolDumper( 3727): Queue length for executor EventBus is now 11. Perhaps some tasks are too long, or the pool is too small.
12-06 17:54:03.548 W/SessionLifecycleManager( 3727): Handover failed. Creating new session controller.
12-06 17:54:03.557 I/WifiService( 1392): getConnectionInfo uid=10035
12-06 17:54:03.559 I/WifiService( 1392): getWifiEnabledState uid=10035
12-06 17:54:03.565 I/WifiService( 1392): getConnectionInfo uid=10035
12-06 17:54:03.567 I/WifiService( 1392): getWifiEnabledState uid=10035
12-06 17:54:03.580 I/StreamController( 3727): registerScope: nowcards-15-655fb13-4ae2
12-06 17:54:03.653 W/TemplatedStringEvaluato( 3727): Got templated string with no display string
12-06 17:54:03.663 I/MicroDetectionState( 3727): Keep running hotword in interactor process
12-06 17:54:03.680 I/zygote64( 3727): Waiting for a blocking GC ProfileSaver
12-06 17:54:03.770 I/zygote64( 3727): Background concurrent copying GC freed 113593(4MB) AllocSpace objects, 0(0B) LOS objects, 50% free, 15MB/31MB, paused 248us total 186.824ms
12-06 17:54:03.770 I/zygote64( 3727): WaitForGcToComplete blocked ProfileSaver on HeapTrim for 90.240ms
12-06 17:54:03.788 I/zygote64( 2600): NativeAlloc concurrent copying GC freed 86751(3MB) AllocSpace objects, 0(0B) LOS objects, 49% free, 17MB/35MB, paused 69us total 145.984ms
12-06 17:54:03.994 W/ADebug  ( 4402): Failed to get property persist.sys.media.traces
12-06 17:54:04.021 D/AndroidRuntime( 4402): >>>>>> START com.android.internal.os.RuntimeInit uid 2000 <<<<<<
12-06 17:54:04.051 I/OpenGLRenderer( 1392): Initialized EGL, version 1.4
12-06 17:54:04.051 D/OpenGLRenderer( 1392): Swap behavior 2
12-06 17:54:04.057 W/OpenGLRenderer(26350): Incorrectly called buildLayer on View: ShortcutAndWidgetContainer, destroying layer...
12-06 17:54:04.057 W/OpenGLRenderer(26350): Incorrectly called buildLayer on View: ShortcutAndWidgetContainer, destroying layer...
12-06 17:54:04.170 I/app_process( 4402): The ClassLoaderContext is a special shared library.
12-06 17:54:04.219 D/AndroidRuntime( 4402): Calling main entry com.android.commands.am.Am
--------- beginning of system
12-06 17:54:04.226 I/ActivityManager( 1392): Force stopping com.evancharlton.mileage appid=10258 user=0: start instr
12-06 17:54:04.226 I/ActivityManager( 1392): Killing 4233:com.evancharlton.mileage/u0a258 (adj 0): stop com.evancharlton.mileage
12-06 17:54:04.227 W/zygote64( 1392): kill(-4233, 9) failed: No such process
12-06 17:54:04.228 W/ActivityManager( 1392): Crash of app com.evancharlton.mileage running instrumentation ComponentInfo{com.evancharlton.mileage.test/sh.calaba.instrumentationbackend.CalabashInstrumentationTestRunner}
12-06 17:54:04.228 I/ActivityManager( 1392): Force stopping com.evancharlton.mileage appid=10258 user=0: finished inst
12-06 17:54:04.235 D/WindowManager( 1392): width=1080height=1920
12-06 17:54:04.251 I/ActivityManager( 1392): Start proc 4416:com.evancharlton.mileage/u0a258 for added application com.evancharlton.mileage
12-06 17:54:04.252 D/AndroidRuntime( 4402): Shutting down VM
12-06 17:54:04.258 I/zygote64( 4416): Late-enabling -Xcheck:jni
12-06 17:54:04.271 W/zygote64( 1392): kill(-4233, 9) failed: No such process
12-06 17:54:04.271 I/zygote64( 1392): Successfully killed process cgroup uid 10258 pid 4233 in 44ms
12-06 17:54:04.291 E/adbd    ( 3362): failed to connect to socket 'tcp:7102': Connection refused
12-06 17:54:04.295 E/adbd    ( 3362): failed to connect to socket 'tcp:7102': Connection refused
12-06 17:54:04.313 D/CompatibilityInfo( 1392): mCompatibilityFlags - 10
12-06 17:54:04.313 D/CompatibilityInfo( 1392): applicationDensity - 480
12-06 17:54:04.313 D/CompatibilityInfo( 1392): applicationScale - 1.0
12-06 17:54:04.343 I/zygote64( 4416): The ClassLoaderContext is a special shared library.
12-06 17:54:04.345 I/chatty  ( 4416): uid=10258(com.evancharlton.mileage) identical 1 line
12-06 17:54:04.346 I/zygote64( 4416): The ClassLoaderContext is a special shared library.
12-06 17:54:04.348 W/zygote64( 4416): ClassLoaderContext classpath element mismatch for position 0. expected=/system/framework/android.test.mock.jar, found=/system/framework/com.google.android.maps.jar (PCL[/system/framework/android.test.mock.jar*1065265343:/system/framework/android.test.runner.jar*1742119008:/system/framework/com.google.android.maps.jar*1362947682] | PCL[/system/framework/com.google.android.maps.jar*1362947682:/system/framework/android.test.runner.jar*1742119008:/system/framework/android.test.mock.jar*1065265343])
12-06 17:54:04.348 W/zygote64( 4416): Found duplicate classes, falling back to extracting from APK : /data/app/com.evancharlton.mileage.test-1ZvZzOU0oHusOPtC93SDqQ==/base.apk
12-06 17:54:04.348 W/zygote64( 4416): NOTE: This wastes RAM and hurts startup performance.
12-06 17:54:04.348 W/zygote64( 4416): Found duplicated class when checking oat files: 'Ljunit/runner/BaseTestRunner;' in /data/app/com.evancharlton.mileage.test-1ZvZzOU0oHusOPtC93SDqQ==/base.apk and /system/framework/android.test.runner.jar
12-06 17:54:04.348 W/zygote64( 4416): 
12-06 17:54:04.400 E/adbd    ( 3362): failed to connect to socket 'tcp:7102': Connection refused
12-06 17:54:04.403 E/adbd    ( 3362): failed to connect to socket 'tcp:7102': Connection refused
12-06 17:54:04.419 W/zygote64( 4416): ClassLoaderContext classpath size mismatch for position 0. expected=0, found=4 (PCL[] | PCL[/system/framework/com.google.android.maps.jar*1362947682:/system/framework/android.test.runner.jar*1742119008:/system/framework/android.test.mock.jar*1065265343:/data/app/com.evancharlton.mileage.test-1ZvZzOU0oHusOPtC93SDqQ==/base.apk*3617058041])
12-06 17:54:04.433 W/System  ( 4416): ClassLoader referenced unknown path: 
12-06 17:54:04.462 I/System.out( 4416): Main activity name automatically set to: com.evancharlton.mileage.Mileage
12-06 17:54:04.464 I/System.out( 4416): Calabash did not load Mono. This is only a problem if you are trying to test a Mono application
12-06 17:54:04.464 I/calabash( 4416): Test server port: 7102
12-06 17:54:04.467 I/InstrumentationBackend( 4416): Added:'GetPreferences', with key:'get_preferences'
12-06 17:54:04.509 E/adbd    ( 3362): failed to connect to socket 'tcp:7102': Connection refused
12-06 17:54:04.511 E/adbd    ( 3362): failed to connect to socket 'tcp:7102': Connection refused
12-06 17:54:04.552 I/InstrumentationBackend( 4416): Added:'SetPreferences', with key:'set_preferences'
12-06 17:54:04.553 I/InstrumentationBackend( 4416): Added:'ClearPreferences', with key:'clear_preferences'
12-06 17:54:04.554 I/InstrumentationBackend( 4416): Added:'PressElement', with key:'press_l10n_element'
12-06 17:54:04.554 I/InstrumentationBackend( 4416): Added:'WaitForElement', with key:'wait_for_l10n_element'
12-06 17:54:04.555 I/InstrumentationBackend( 4416): Added:'NullAction', with key:'nullAction'
12-06 17:54:04.556 I/InstrumentationBackend( 4416): Added:'PressKey', with key:'press_key'
12-06 17:54:04.557 I/InstrumentationBackend( 4416): Added:'SetActivityOrientation', with key:'set_activity_orientation'
12-06 17:54:04.557 I/InstrumentationBackend( 4416): Added:'GetActivityOrientation', with key:'get_activity_orientation'
12-06 17:54:04.558 I/InstrumentationBackend( 4416): Added:'FakeGPSLocation', with key:'set_gps_coordinates'
12-06 17:54:04.559 I/InstrumentationBackend( 4416): Added:'SetPropertyByCssSelector', with key:'set_property_by_css_selector'
12-06 17:54:04.562 I/InstrumentationBackend( 4416): Added:'GetUrl', with key:'get_url'
12-06 17:54:04.566 I/InstrumentationBackend( 4416): Added:'ScrollTo', with key:'scroll_to'
12-06 17:54:04.567 I/InstrumentationBackend( 4416): Added:'GetLoadProgress', with key:'get_load_progress'
12-06 17:54:04.568 I/InstrumentationBackend( 4416): Added:'DumpHtml', with key:'dump_html'
12-06 17:54:04.568 I/InstrumentationBackend( 4416): Added:'DumpBodyHtml', with key:'dump_body_html'
12-06 17:54:04.569 I/InstrumentationBackend( 4416): Added:'EnterTextByCssSelector', with key:'enter_text_by_selector'
12-06 17:54:04.583 I/InstrumentationBackend( 4416): Added:'AndroidSDKVersion', with key:'android_sdk_version'
12-06 17:54:04.584 I/InstrumentationBackend( 4416): Added:'Version', with key:'version'
12-06 17:54:04.585 I/InstrumentationBackend( 4416): Added:'Drag', with key:'drag'
12-06 17:54:04.585 I/zygote64( 1392): Explicit concurrent copying GC freed 52307(3MB) AllocSpace objects, 15(492KB) LOS objects, 42% free, 31MB/54MB, paused 137us total 370.644ms
12-06 17:54:04.585 I/InstrumentationBackend( 4416): Added:'TouchCoordinates', with key:'touch_coordinate'
12-06 17:54:04.585 W/ActivityManager( 1392): setHasOverlayUi called on unknown pid: 4233
12-06 17:54:04.586 I/InstrumentationBackend( 4416): Added:'LongPressCoordinate', with key:'long_press_coordinate'
12-06 17:54:04.586 I/InstrumentationBackend( 4416): Added:'DragCoordinates', with key:'drag_coordinates'
12-06 17:54:04.588 I/InstrumentationBackend( 4416): Added:'ResumeApplication', with key:'resume_application'
12-06 17:54:04.588 I/InstrumentationBackend( 4416): Added:'Swipe', with key:'swipe'
12-06 17:54:04.590 I/InstrumentationBackend( 4416): Added:'DoubleTapCoordinate', with key:'double_tap_coordinate'
12-06 17:54:04.590 I/InstrumentationBackend( 4416): Added:'ClickOnScreen', with key:'click_on_screen'
12-06 17:54:04.593 I/InstrumentationBackend( 4416): Added:'GetActivityName', with key:'get_activity_name'
12-06 17:54:04.594 I/InstrumentationBackend( 4416): Added:'ScrollToView', with key:'scroll_to_view'
12-06 17:54:04.595 I/InstrumentationBackend( 4416): Added:'ViewConfiguration', with key:'view_configuration'
12-06 17:54:04.596 I/InstrumentationBackend( 4416): Added:'IsCurrentActivityFocused', with key:'is_current_activity_focused'
12-06 17:54:04.597 I/InstrumentationBackend( 4416): Added:'SendTcp', with key:'send_tcp'
12-06 17:54:04.597 I/InstrumentationBackend( 4416): Added:'DpToDevicePixel', with key:'dp_to_device_pixel'
12-06 17:54:04.599 I/InstrumentationBackend( 4416): Added:'KeyboardEnterText', with key:'keyboard_enter_text'
12-06 17:54:04.599 I/InstrumentationBackend( 4416): Added:'DeleteSurroundingText', with key:'delete_surrounding_text'
12-06 17:54:04.599 I/InstrumentationBackend( 4416): Added:'SetComposingRegion', with key:'set_composing_region'
12-06 17:54:04.600 I/InstrumentationBackend( 4416): Added:'SetSelection', with key:'set_selection'
12-06 17:54:04.600 I/InstrumentationBackend( 4416): Added:'KeyboardKeyEvent', with key:'keyboard_key_event'
12-06 17:54:04.601 I/InstrumentationBackend( 4416): Added:'PressUserActionButton', with key:'press_user_action_button'
12-06 17:54:04.603 I/InstrumentationBackend( 4416): Added:'HideSoftKeyboard', with key:'hide_soft_keyboard'
12-06 17:54:04.605 I/InstrumentationBackend( 4416): Added:'ListActions', with key:'list_actions'
12-06 17:54:04.606 I/calabash( 4416): Instantiating http server at 7102
12-06 17:54:04.608 I/System.out( 4416): HTTP Daemon listening on: 7102
12-06 17:54:04.619 I/System.out( 4416): URI: //ping
12-06 17:54:04.620 I/System.out( 4416): params: {json={}
12-06 17:54:04.620 I/System.out( 4416): }
12-06 17:54:04.632 I/System.out( 4416): URI: //ping
12-06 17:54:04.632 I/System.out( 4416): params: {json={}
12-06 17:54:04.632 I/System.out( 4416): }
12-06 17:54:04.644 I/System.out( 4416): URI: //ready
12-06 17:54:04.644 I/System.out( 4416): params: {json={}
12-06 17:54:04.644 I/System.out( 4416): }
12-06 17:54:04.656 I/System.out( 4416): URI: //
12-06 17:54:04.656 I/System.out( 4416): params: {json={"command":"version","arguments":[]}
12-06 17:54:04.657 I/System.out( 4416): }
12-06 17:54:04.657 I/System.out( 4416): header: {content-type=application/json;charset=utf-8, date=Thu, 06 Dec 2018 22:54:05 GMT, accept=*/*, host=127.0.0.1:34777, content-length=36, user-agent=HTTPClient/1.0 (2.8.3, ruby 2.5.1 (2018-03-29))}
12-06 17:54:04.657 I/System.out( 4416): params: {json={"command":"version","arguments":[]}
12-06 17:54:04.657 I/System.out( 4416): }
12-06 17:54:04.658 I/System.out( 4416): ProP json = {"command":"version","arguments":[]}
12-06 17:54:04.658 I/System.out( 4416): files: {}
12-06 17:54:04.658 I/System.out( 4416): command: {"command":"version","arguments":[]}
12-06 17:54:04.666 D/CompatibilityInfo( 1392): mCompatibilityFlags - 0
12-06 17:54:04.666 D/CompatibilityInfo( 1392): applicationDensity - 480
12-06 17:54:04.666 D/CompatibilityInfo( 1392): applicationScale - 1.0
12-06 17:54:04.714 I/InstrumentationBackend( 4416): Got command:'Command:'Line:null,version', arguments:'[]'
12-06 17:54:04.802 I/System.out( 4416): result:{"bonusInformation":[],"message":"0.9.8","success":true}
12-06 17:54:04.814 I/System.out( 4416): URI: //start-application
12-06 17:54:04.814 I/System.out( 4416): params: {json={"intent":null}
12-06 17:54:04.814 I/System.out( 4416): }
12-06 17:54:04.930 I/ActivityManager( 1392): START u0 {act=android.intent.action.MAIN cat=[android.intent.category.LAUNCHER] flg=0x10200000 cmp=com.evancharlton.mileage/.Mileage} from uid 10258
12-06 17:54:04.934 E/ANDR-PERF-MPCTL(  588): Invalid profile no. 0, total profiles 0 only
12-06 17:54:04.935 E/ANDR-PERF-JNI( 1392): com_qualcomm_qtiperformance_native_perf_io_prefetch_start
12-06 17:54:04.938 D/ActivityTrigger( 1392): activityStartTrigger: Activity is Triggerred in full screen ApplicationInfo{4db0870 com.evancharlton.mileage}
12-06 17:54:04.938 E/ActivityTrigger( 1392): activityStartTrigger: not whiteListedcom.evancharlton.mileage/com.evancharlton.mileage.Mileage/3110
12-06 17:54:04.939 D/CompatibilityInfo( 1392): mCompatibilityFlags - 10
12-06 17:54:04.939 D/CompatibilityInfo( 1392): applicationDensity - 480
12-06 17:54:04.939 D/CompatibilityInfo( 1392): applicationScale - 1.0
12-06 17:54:04.939 D/ActivityTrigger( 1392): activityResumeTrigger: The activity in ApplicationInfo{4db0870 com.evancharlton.mileage} is now in focus and seems to be in full-screen mode
12-06 17:54:04.939 E/ActivityTrigger( 1392): activityResumeTrigger: not whiteListedcom.evancharlton.mileage/com.evancharlton.mileage.Mileage/3110
12-06 17:54:04.939 D/ActivityTrigger( 1392): ActivityTrigger activityPauseTrigger 
12-06 17:54:04.943 D/ActivityTrigger( 1392): activityResumeTrigger: The activity in ApplicationInfo{4db0870 com.evancharlton.mileage} is now in focus and seems to be in full-screen mode
12-06 17:54:04.943 E/ActivityTrigger( 1392): activityResumeTrigger: not whiteListedcom.evancharlton.mileage/com.evancharlton.mileage.Mileage/3110
12-06 17:54:04.948 D/CompatibilityInfo( 1392): mCompatibilityFlags - 10
12-06 17:54:04.948 D/CompatibilityInfo( 1392): applicationDensity - 480
12-06 17:54:04.948 D/CompatibilityInfo( 1392): applicationScale - 1.0
12-06 17:54:04.960 I/calabash( 4416): newActivity1
12-06 17:54:05.007 V/StatusBar( 2600): setLightsOn(true)
12-06 17:54:05.033 W/ActivityManager( 1392): Bad activity token: android.os.BinderProxy@3357993
12-06 17:54:05.033 W/ActivityManager( 1392): java.lang.ClassCastException: android.os.BinderProxy cannot be cast to com.android.server.am.ActivityRecord$Token
12-06 17:54:05.033 W/ActivityManager( 1392): 	at com.android.server.am.ActivityRecord.forTokenLocked(ActivityRecord.java:816)
12-06 17:54:05.033 W/ActivityManager( 1392): 	at com.android.server.am.ActivityRecord.isInStackLocked(ActivityRecord.java:2154)
12-06 17:54:05.033 W/ActivityManager( 1392): 	at com.android.server.am.ActivityRecord.getStackLocked(ActivityRecord.java:2159)
12-06 17:54:05.033 W/ActivityManager( 1392): 	at com.android.server.am.ActivityManagerService.getActivityDisplayId(ActivityManagerService.java:10744)
12-06 17:54:05.033 W/ActivityManager( 1392): 	at android.app.IActivityManager$Stub.onTransact(IActivityManager.java:2734)
12-06 17:54:05.033 W/ActivityManager( 1392): 	at com.android.server.am.ActivityManagerService.onTransact(ActivityManagerService.java:2971)
12-06 17:54:05.033 W/ActivityManager( 1392): 	at android.os.Binder.execTransact(Binder.java:697)
12-06 17:54:05.034 I/calabash( 4416): newActivity1
12-06 17:54:05.047 W/ActivityManager( 1392): Bad activity token: android.os.BinderProxy@3357993
12-06 17:54:05.047 W/ActivityManager( 1392): java.lang.ClassCastException: android.os.BinderProxy cannot be cast to com.android.server.am.ActivityRecord$Token
12-06 17:54:05.047 W/ActivityManager( 1392): 	at com.android.server.am.ActivityRecord.forTokenLocked(ActivityRecord.java:816)
12-06 17:54:05.047 W/ActivityManager( 1392): 	at com.android.server.am.ActivityRecord.isInStackLocked(ActivityRecord.java:2154)
12-06 17:54:05.047 W/ActivityManager( 1392): 	at com.android.server.am.ActivityManagerService.setTaskDescription(ActivityManagerService.java:10345)
12-06 17:54:05.047 W/ActivityManager( 1392): 	at android.app.IActivityManager$Stub.onTransact(IActivityManager.java:2820)
12-06 17:54:05.047 W/ActivityManager( 1392): 	at com.android.server.am.ActivityManagerService.onTransact(ActivityManagerService.java:2971)
12-06 17:54:05.047 W/ActivityManager( 1392): 	at android.os.Binder.execTransact(Binder.java:697)
12-06 17:54:05.048 W/ActivityManager( 1392): Bad activity token: android.os.BinderProxy@3357993
12-06 17:54:05.048 W/ActivityManager( 1392): java.lang.ClassCastException: android.os.BinderProxy cannot be cast to com.android.server.am.ActivityRecord$Token
12-06 17:54:05.048 W/ActivityManager( 1392): 	at com.android.server.am.ActivityRecord.forTokenLocked(ActivityRecord.java:816)
12-06 17:54:05.048 W/ActivityManager( 1392): 	at com.android.server.am.ActivityRecord.isInStackLocked(ActivityRecord.java:2154)
12-06 17:54:05.048 W/ActivityManager( 1392): 	at com.android.server.am.ActivityRecord.getStackLocked(ActivityRecord.java:2159)
12-06 17:54:05.048 W/ActivityManager( 1392): 	at com.android.server.am.ActivityManagerService.getActivityStackId(ActivityManagerService.java:10755)
12-06 17:54:05.048 W/ActivityManager( 1392): 	at android.app.IActivityManager$Stub.onTransact(IActivityManager.java:3513)
12-06 17:54:05.048 W/ActivityManager( 1392): 	at com.android.server.am.ActivityManagerService.onTransact(ActivityManagerService.java:2971)
12-06 17:54:05.048 W/ActivityManager( 1392): 	at android.os.Binder.execTransact(Binder.java:697)
12-06 17:54:05.088 D/HxBatteryStatusReceiver(11834): onReceiveandroid.intent.action.BATTERY_CHANGED
12-06 17:54:05.091 D/KeyguardUpdateMonitor( 2600): received broadcast android.intent.action.BATTERY_CHANGED
12-06 17:54:05.112 W/ResourceType( 2600): ResTable_typeSpec entry count inconsistent: given 6, previously 24
12-06 17:54:05.112 D/KeyguardUpdateMonitor( 2600): handleBatteryUpdate
12-06 17:54:05.112 W/ResourceType( 2600): ResTable_typeSpec entry count inconsistent: given 97, previously 217
12-06 17:54:05.112 W/ResourceType( 2600): ResTable_typeSpec entry count inconsistent: given 371, previously 1426
12-06 17:54:05.112 W/ResourceType( 2600): ResTable_typeSpec entry count inconsistent: given 1707, previously 1720
12-06 17:54:05.112 W/ResourceType( 2600): ResTable_typeSpec entry count inconsistent: given 61, previously 66
12-06 17:54:05.112 W/ResourceType( 2600): ResTable_typeSpec entry count inconsistent: given 193, previously 2453
12-06 17:54:05.146 W/ResourceType( 2600): ResTable_typeSpec entry count inconsistent: given 468, previously 1300
12-06 17:54:05.203 W/ResourceType( 2600): ResTable_typeSpec entry count inconsistent: given 1438, previously 1935
12-06 17:54:05.203 W/ResourceType( 2600): ResTable_typeSpec entry count inconsistent: given 2629, previously 2631
12-06 17:54:05.204 W/ResourceType( 2600): ResTable_typeSpec entry count inconsistent: given 843, previously 1759
12-06 17:54:05.211 W/ActivityManager( 1392): Bad activity token: android.os.BinderProxy@3357993
12-06 17:54:05.211 W/ActivityManager( 1392): java.lang.ClassCastException: android.os.BinderProxy cannot be cast to com.android.server.am.ActivityRecord$Token
12-06 17:54:05.211 W/ActivityManager( 1392): 	at com.android.server.am.ActivityRecord.forTokenLocked(ActivityRecord.java:816)
12-06 17:54:05.211 W/ActivityManager( 1392): 	at com.android.server.am.ActivityRecord.isInStackLocked(ActivityRecord.java:2154)
12-06 17:54:05.211 W/ActivityManager( 1392): 	at com.android.server.am.ActivityManagerService.getActivityOptions(ActivityManagerService.java:13590)
12-06 17:54:05.211 W/ActivityManager( 1392): 	at android.app.IActivityManager$Stub.onTransact(IActivityManager.java:2906)
12-06 17:54:05.211 W/ActivityManager( 1392): 	at com.android.server.am.ActivityManagerService.onTransact(ActivityManagerService.java:2971)
12-06 17:54:05.211 W/ActivityManager( 1392): 	at android.os.Binder.execTransact(Binder.java:697)
12-06 17:54:05.211 W/ActivityManager( 1392): Bad activity token: android.os.BinderProxy@3357993
12-06 17:54:05.211 W/ActivityManager( 1392): java.lang.ClassCastException: android.os.BinderProxy cannot be cast to com.android.server.am.ActivityRecord$Token
12-06 17:54:05.211 W/ActivityManager( 1392): 	at com.android.server.am.ActivityRecord.forTokenLocked(ActivityRecord.java:816)
12-06 17:54:05.211 W/ActivityManager( 1392): 	at com.android.server.am.ActivityRecord.isInStackLocked(ActivityRecord.java:2154)
12-06 17:54:05.211 W/ActivityManager( 1392): 	at com.android.server.am.ActivityManagerService.getActivityOptions(ActivityManagerService.java:13590)
12-06 17:54:05.211 W/ActivityManager( 1392): 	at android.app.IActivityManager$Stub.onTransact(IActivityManager.java:2906)
12-06 17:54:05.211 W/ActivityManager( 1392): 	at com.android.server.am.ActivityManagerService.onTransact(ActivityManagerService.java:2971)
12-06 17:54:05.211 W/ActivityManager( 1392): 	at android.os.Binder.execTransact(Binder.java:697)
12-06 17:54:05.313 V/StatusBar( 2600): setLightsOn(true)
12-06 17:54:05.388 I/chatty  ( 2600): uid=10030(com.android.systemui) identical 3 lines
12-06 17:54:05.410 V/StatusBar( 2600): setLightsOn(true)
12-06 17:54:05.425 I/zygote64( 4416): Do partial code cache collection, code=29KB, data=21KB
12-06 17:54:05.425 I/zygote64( 4416): After code cache collection, code=29KB, data=21KB
12-06 17:54:05.425 I/zygote64( 4416): Increasing code cache capacity to 128KB
12-06 17:54:05.446 D/vndksupport( 4416): Loading /vendor/lib64/hw/android.hardware.graphics.mapper@2.0-impl.so from current namespace instead of sphal namespace.
12-06 17:54:05.446 D/vndksupport( 4416): Loading /vendor/lib64/hw/gralloc.msm8953.so from current namespace instead of sphal namespace.
12-06 17:54:05.455 D/OpenGLRenderer( 4416): HWUI GL Pipeline
12-06 17:54:05.480 V/StatusBar( 2600): setLightsOn(true)
12-06 17:54:05.482 I/chatty  ( 2600): uid=10030(com.android.systemui) identical 1 line
12-06 17:54:05.484 V/StatusBar( 2600): setLightsOn(true)
12-06 17:54:05.486 I/ActivityManager( 1392): Displayed com.evancharlton.mileage/.Mileage: +538ms
12-06 17:54:05.486 E/ANDR-PERF-JNI( 1392): com_qualcomm_qtiperformance_native_perf_io_prefetch_start
12-06 17:54:05.493 V/StatusBar( 2600): setLightsOn(true)
12-06 17:54:05.640 I/System.out( 4416): URI: //gesture
12-06 17:54:05.640 I/System.out( 4416): params: {json={"query_timeout":5.0,"gestures":[{"query_string":"android.widget.TabWidget descendant TextView index:1","touches":[{"x":50,"y":50,"offset_x":0,"offset_y":0,"wait":0.0,"time":0.2,"release":true,"query_string":null}]}]}
12-06 17:54:05.640 I/System.out( 4416): }
12-06 17:54:05.660 V/StatusBar( 2600): setLightsOn(true)
12-06 17:54:05.711 I/chatty  ( 2600): uid=10030(com.android.systemui) identical 2 lines
12-06 17:54:05.713 V/StatusBar( 2600): setLightsOn(true)
12-06 17:54:05.715 D/ActivityTrigger( 1392): ActivityTrigger activityStopTrigger 
12-06 17:54:05.823 I/PBSessionCacheImpl( 3727): Deleted sessionId[61244495139663] from persistence.
12-06 17:54:05.826 I/WifiService( 1392): getConnectionInfo uid=10035
12-06 17:54:05.828 I/WifiService( 1392): getWifiEnabledState uid=10035
12-06 17:54:05.830 W/SearchServiceCore( 3727): Abort, client detached.
12-06 17:54:05.831 I/StreamController( 3727): cleanUpControllerScope(nowcards-15-655fb13-4ae2)
12-06 17:54:06.045 D/CompatibilityInfo( 1392): mCompatibilityFlags - 0
12-06 17:54:06.045 D/CompatibilityInfo( 1392): applicationDensity - 480
12-06 17:54:06.045 D/CompatibilityInfo( 1392): applicationScale - 1.0
12-06 17:54:06.080 W/ActivityManager( 1392): Bad activity token: android.os.BinderProxy@949dedf
12-06 17:54:06.080 W/ActivityManager( 1392): java.lang.ClassCastException: android.os.BinderProxy cannot be cast to com.android.server.am.ActivityRecord$Token
12-06 17:54:06.080 W/ActivityManager( 1392): 	at com.android.server.am.ActivityRecord.forTokenLocked(ActivityRecord.java:816)
12-06 17:54:06.080 W/ActivityManager( 1392): 	at com.android.server.am.ActivityRecord.isInStackLocked(ActivityRecord.java:2154)
12-06 17:54:06.080 W/ActivityManager( 1392): 	at com.android.server.am.ActivityRecord.getStackLocked(ActivityRecord.java:2159)
12-06 17:54:06.080 W/ActivityManager( 1392): 	at com.android.server.am.ActivityManagerService.getActivityDisplayId(ActivityManagerService.java:10744)
12-06 17:54:06.080 W/ActivityManager( 1392): 	at android.app.IActivityManager$Stub.onTransact(IActivityManager.java:2734)
12-06 17:54:06.080 W/ActivityManager( 1392): 	at com.android.server.am.ActivityManagerService.onTransact(ActivityManagerService.java:2971)
12-06 17:54:06.080 W/ActivityManager( 1392): 	at android.os.Binder.execTransact(Binder.java:697)
12-06 17:54:06.082 I/calabash( 4416): newActivity1
12-06 17:54:06.090 W/ActivityManager( 1392): Bad activity token: android.os.BinderProxy@949dedf
12-06 17:54:06.090 W/ActivityManager( 1392): java.lang.ClassCastException: android.os.BinderProxy cannot be cast to com.android.server.am.ActivityRecord$Token
12-06 17:54:06.090 W/ActivityManager( 1392): 	at com.android.server.am.ActivityRecord.forTokenLocked(ActivityRecord.java:816)
12-06 17:54:06.090 W/ActivityManager( 1392): 	at com.android.server.am.ActivityRecord.isInStackLocked(ActivityRecord.java:2154)
12-06 17:54:06.090 W/ActivityManager( 1392): 	at com.android.server.am.ActivityManagerService.setTaskDescription(ActivityManagerService.java:10345)
12-06 17:54:06.090 W/ActivityManager( 1392): 	at android.app.IActivityManager$Stub.onTransact(IActivityManager.java:2820)
12-06 17:54:06.090 W/ActivityManager( 1392): 	at com.android.server.am.ActivityManagerService.onTransact(ActivityManagerService.java:2971)
12-06 17:54:06.090 W/ActivityManager( 1392): 	at android.os.Binder.execTransact(Binder.java:697)
12-06 17:54:06.092 W/ActivityManager( 1392): Bad activity token: android.os.BinderProxy@949dedf
12-06 17:54:06.092 W/ActivityManager( 1392): java.lang.ClassCastException: android.os.BinderProxy cannot be cast to com.android.server.am.ActivityRecord$Token
12-06 17:54:06.092 W/ActivityManager( 1392): 	at com.android.server.am.ActivityRecord.forTokenLocked(ActivityRecord.java:816)
12-06 17:54:06.092 W/ActivityManager( 1392): 	at com.android.server.am.ActivityRecord.isInStackLocked(ActivityRecord.java:2154)
12-06 17:54:06.092 W/ActivityManager( 1392): 	at com.android.server.am.ActivityRecord.getStackLocked(ActivityRecord.java:2159)
12-06 17:54:06.092 W/ActivityManager( 1392): 	at com.android.server.am.ActivityManagerService.getActivityStackId(ActivityManagerService.java:10755)
12-06 17:54:06.092 W/ActivityManager( 1392): 	at android.app.IActivityManager$Stub.onTransact(IActivityManager.java:3513)
12-06 17:54:06.092 W/ActivityManager( 1392): 	at com.android.server.am.ActivityManagerService.onTransact(ActivityManagerService.java:2971)
12-06 17:54:06.092 W/ActivityManager( 1392): 	at android.os.Binder.execTransact(Binder.java:697)
12-06 17:54:06.168 I/zygote64( 4416): Do partial code cache collection, code=61KB, data=43KB
12-06 17:54:06.169 I/zygote64( 4416): After code cache collection, code=61KB, data=43KB
12-06 17:54:06.169 I/zygote64( 4416): Increasing code cache capacity to 256KB
12-06 17:54:06.197 D/CompatibilityInfo( 1392): mCompatibilityFlags - 10
12-06 17:54:06.197 D/CompatibilityInfo( 1392): applicationDensity - 480
12-06 17:54:06.197 D/CompatibilityInfo( 1392): applicationScale - 1.0
12-06 17:54:06.198 W/ActivityManager( 1392): Bad activity token: android.os.BinderProxy@949dedf
12-06 17:54:06.198 W/ActivityManager( 1392): java.lang.ClassCastException: android.os.BinderProxy cannot be cast to com.android.server.am.ActivityRecord$Token
12-06 17:54:06.198 W/ActivityManager( 1392): 	at com.android.server.am.ActivityRecord.forTokenLocked(ActivityRecord.java:816)
12-06 17:54:06.198 W/ActivityManager( 1392): 	at com.android.server.am.ActivityRecord.isInStackLocked(ActivityRecord.java:2154)
12-06 17:54:06.198 W/ActivityManager( 1392): 	at com.android.server.am.ActivityManagerService.getActivityOptions(ActivityManagerService.java:13590)
12-06 17:54:06.198 W/ActivityManager( 1392): 	at android.app.IActivityManager$Stub.onTransact(IActivityManager.java:2906)
12-06 17:54:06.198 W/ActivityManager( 1392): 	at com.android.server.am.ActivityManagerService.onTransact(ActivityManagerService.java:2971)
12-06 17:54:06.198 W/ActivityManager( 1392): 	at android.os.Binder.execTransact(Binder.java:697)
12-06 17:54:06.199 W/ActivityManager( 1392): Bad activity token: android.os.BinderProxy@949dedf
12-06 17:54:06.199 W/ActivityManager( 1392): java.lang.ClassCastException: android.os.BinderProxy cannot be cast to com.android.server.am.ActivityRecord$Token
12-06 17:54:06.199 W/ActivityManager( 1392): 	at com.android.server.am.ActivityRecord.forTokenLocked(ActivityRecord.java:816)
12-06 17:54:06.199 W/ActivityManager( 1392): 	at com.android.server.am.ActivityRecord.isInStackLocked(ActivityRecord.java:2154)
12-06 17:54:06.199 W/ActivityManager( 1392): 	at com.android.server.am.ActivityManagerService.getActivityOptions(ActivityManagerService.java:13590)
12-06 17:54:06.199 W/ActivityManager( 1392): 	at android.app.IActivityManager$Stub.onTransact(IActivityManager.java:2906)
12-06 17:54:06.199 W/ActivityManager( 1392): 	at com.android.server.am.ActivityManagerService.onTransact(ActivityManagerService.java:2971)
12-06 17:54:06.199 W/ActivityManager( 1392): 	at android.os.Binder.execTransact(Binder.java:697)
12-06 17:54:06.253 D/Mileage ( 4416): Not enough fillups to calculate economy
12-06 17:54:06.322 I/WifiService( 1392): getConnectionInfo uid=10180
12-06 17:54:06.353 D/ClClient(11834): Not sending keepalive.  Current connection state=STOPPED
12-06 17:54:06.555 W/ADebug  ( 4460): Failed to get property persist.sys.media.traces
12-06 17:54:06.618 D/vndksupport( 4460): Loading /vendor/lib64/hw/android.hardware.graphics.mapper@2.0-impl.so from current namespace instead of sphal namespace.
12-06 17:54:06.619 D/vndksupport( 4460): Loading /vendor/lib64/hw/gralloc.msm8953.so from current namespace instead of sphal namespace.
12-06 17:54:07.145 D/KeyguardUpdateMonitor( 2600): received broadcast android.intent.action.BATTERY_CHANGED
12-06 17:54:07.146 D/HxBatteryStatusReceiver(11834): onReceiveandroid.intent.action.BATTERY_CHANGED
12-06 17:54:07.154 D/KeyguardUpdateMonitor( 2600): handleBatteryUpdate
12-06 17:54:07.287 I/System.out( 4416): URI: //gesture
12-06 17:54:07.287 I/System.out( 4416): params: {json={"query_timeout":5.0,"gestures":[{"query_string":"android.widget.TabWidget descendant TextView index:3","touches":[{"x":50,"y":50,"offset_x":0,"offset_y":0,"wait":0.0,"time":0.2,"release":true,"query_string":null}]}]}
12-06 17:54:07.288 I/System.out( 4416): }
12-06 17:54:07.463 I/Finsky  (18728): [1587] com.google.android.finsky.bo.an.run(6): Stats for Executor: Db-frosting.db com.google.android.finsky.bo.ao@ef3edc9[Running, pool size = 0, active threads = 0, queued tasks = 0, completed tasks = 150]
12-06 17:54:07.645 W/ActivityManager( 1392): Bad activity token: android.os.BinderProxy@9073d73
12-06 17:54:07.645 W/ActivityManager( 1392): java.lang.ClassCastException: android.os.BinderProxy cannot be cast to com.android.server.am.ActivityRecord$Token
12-06 17:54:07.645 W/ActivityManager( 1392): 	at com.android.server.am.ActivityRecord.forTokenLocked(ActivityRecord.java:816)
12-06 17:54:07.645 W/ActivityManager( 1392): 	at com.android.server.am.ActivityRecord.isInStackLocked(ActivityRecord.java:2154)
12-06 17:54:07.645 W/ActivityManager( 1392): 	at com.android.server.am.ActivityRecord.getStackLocked(ActivityRecord.java:2159)
12-06 17:54:07.645 W/ActivityManager( 1392): 	at com.android.server.am.ActivityManagerService.getActivityDisplayId(ActivityManagerService.java:10744)
12-06 17:54:07.645 W/ActivityManager( 1392): 	at android.app.IActivityManager$Stub.onTransact(IActivityManager.java:2734)
12-06 17:54:07.645 W/ActivityManager( 1392): 	at com.android.server.am.ActivityManagerService.onTransact(ActivityManagerService.java:2971)
12-06 17:54:07.645 W/ActivityManager( 1392): 	at android.os.Binder.execTransact(Binder.java:697)
12-06 17:54:07.648 I/calabash( 4416): newActivity1
12-06 17:54:07.657 W/ActivityManager( 1392): Bad activity token: android.os.BinderProxy@9073d73
12-06 17:54:07.657 W/ActivityManager( 1392): java.lang.ClassCastException: android.os.BinderProxy cannot be cast to com.android.server.am.ActivityRecord$Token
12-06 17:54:07.657 W/ActivityManager( 1392): 	at com.android.server.am.ActivityRecord.forTokenLocked(ActivityRecord.java:816)
12-06 17:54:07.657 W/ActivityManager( 1392): 	at com.android.server.am.ActivityRecord.isInStackLocked(ActivityRecord.java:2154)
12-06 17:54:07.657 W/ActivityManager( 1392): 	at com.android.server.am.ActivityManagerService.setTaskDescription(ActivityManagerService.java:10345)
12-06 17:54:07.657 W/ActivityManager( 1392): 	at android.app.IActivityManager$Stub.onTransact(IActivityManager.java:2820)
12-06 17:54:07.657 W/ActivityManager( 1392): 	at com.android.server.am.ActivityManagerService.onTransact(ActivityManagerService.java:2971)
12-06 17:54:07.657 W/ActivityManager( 1392): 	at android.os.Binder.execTransact(Binder.java:697)
12-06 17:54:07.660 W/ActivityManager( 1392): Bad activity token: android.os.BinderProxy@9073d73
12-06 17:54:07.660 W/ActivityManager( 1392): java.lang.ClassCastException: android.os.BinderProxy cannot be cast to com.android.server.am.ActivityRecord$Token
12-06 17:54:07.660 W/ActivityManager( 1392): 	at com.android.server.am.ActivityRecord.forTokenLocked(ActivityRecord.java:816)
12-06 17:54:07.660 W/ActivityManager( 1392): 	at com.android.server.am.ActivityRecord.isInStackLocked(ActivityRecord.java:2154)
12-06 17:54:07.660 W/ActivityManager( 1392): 	at com.android.server.am.ActivityRecord.getStackLocked(ActivityRecord.java:2159)
12-06 17:54:07.660 W/ActivityManager( 1392): 	at com.android.server.am.ActivityManagerService.getActivityStackId(ActivityManagerService.java:10755)
12-06 17:54:07.660 W/ActivityManager( 1392): 	at android.app.IActivityManager$Stub.onTransact(IActivityManager.java:3513)
12-06 17:54:07.660 W/ActivityManager( 1392): 	at com.android.server.am.ActivityManagerService.onTransact(ActivityManagerService.java:2971)
12-06 17:54:07.660 W/ActivityManager( 1392): 	at android.os.Binder.execTransact(Binder.java:697)
12-06 17:54:07.677 W/ActivityManager( 1392): Bad activity token: android.os.BinderProxy@9073d73
12-06 17:54:07.677 W/ActivityManager( 1392): java.lang.ClassCastException: android.os.BinderProxy cannot be cast to com.android.server.am.ActivityRecord$Token
12-06 17:54:07.677 W/ActivityManager( 1392): 	at com.android.server.am.ActivityRecord.forTokenLocked(ActivityRecord.java:816)
12-06 17:54:07.677 W/ActivityManager( 1392): 	at com.android.server.am.ActivityRecord.isInStackLocked(ActivityRecord.java:2154)
12-06 17:54:07.677 W/ActivityManager( 1392): 	at com.android.server.am.ActivityManagerService.getActivityOptions(ActivityManagerService.java:13590)
12-06 17:54:07.677 W/ActivityManager( 1392): 	at android.app.IActivityManager$Stub.onTransact(IActivityManager.java:2906)
12-06 17:54:07.677 W/ActivityManager( 1392): 	at com.android.server.am.ActivityManagerService.onTransact(ActivityManagerService.java:2971)
12-06 17:54:07.677 W/ActivityManager( 1392): 	at android.os.Binder.execTransact(Binder.java:697)
12-06 17:54:07.678 W/ActivityManager( 1392): Bad activity token: android.os.BinderProxy@9073d73
12-06 17:54:07.678 W/ActivityManager( 1392): java.lang.ClassCastException: android.os.BinderProxy cannot be cast to com.android.server.am.ActivityRecord$Token
12-06 17:54:07.678 W/ActivityManager( 1392): 	at com.android.server.am.ActivityRecord.forTokenLocked(ActivityRecord.java:816)
12-06 17:54:07.678 W/ActivityManager( 1392): 	at com.android.server.am.ActivityRecord.isInStackLocked(ActivityRecord.java:2154)
12-06 17:54:07.678 W/ActivityManager( 1392): 	at com.android.server.am.ActivityManagerService.getActivityOptions(ActivityManagerService.java:13590)
12-06 17:54:07.678 W/ActivityManager( 1392): 	at android.app.IActivityManager$Stub.onTransact(IActivityManager.java:2906)
12-06 17:54:07.678 W/ActivityManager( 1392): 	at com.android.server.am.ActivityManagerService.onTransact(ActivityManagerService.java:2971)
12-06 17:54:07.678 W/ActivityManager( 1392): 	at android.os.Binder.execTransact(Binder.java:697)
12-06 17:54:07.721 D/CompatibilityInfo( 1392): mCompatibilityFlags - 0
12-06 17:54:07.721 D/CompatibilityInfo( 1392): applicationDensity - 480
12-06 17:54:07.721 D/CompatibilityInfo( 1392): applicationScale - 1.0
12-06 17:54:08.090 D/KeyguardUpdateMonitor( 2600): received broadcast android.intent.action.BATTERY_CHANGED
12-06 17:54:08.090 D/HxBatteryStatusReceiver(11834): onReceiveandroid.intent.action.BATTERY_CHANGED
12-06 17:54:08.093 D/KeyguardUpdateMonitor( 2600): handleBatteryUpdate
12-06 17:54:08.123 W/ADebug  ( 4466): Failed to get property persist.sys.media.traces
12-06 17:54:08.184 D/vndksupport( 4466): Loading /vendor/lib64/hw/android.hardware.graphics.mapper@2.0-impl.so from current namespace instead of sphal namespace.
12-06 17:54:08.185 D/vndksupport( 4466): Loading /vendor/lib64/hw/gralloc.msm8953.so from current namespace instead of sphal namespace.
12-06 17:54:08.932 I/System.out( 4416): URI: //gesture
12-06 17:54:08.933 I/System.out( 4416): params: {json={"query_timeout":5.0,"gestures":[{"query_string":"android.widget.TabWidget descendant TextView index:2","touches":[{"x":50,"y":50,"offset_x":0,"offset_y":0,"wait":0.0,"time":0.2,"release":true,"query_string":null}]}]}
12-06 17:54:08.933 I/System.out( 4416): }
12-06 17:54:09.091 D/KeyguardUpdateMonitor( 2600): received broadcast android.intent.action.BATTERY_CHANGED
12-06 17:54:09.094 D/HxBatteryStatusReceiver(11834): onReceiveandroid.intent.action.BATTERY_CHANGED
12-06 17:54:09.095 D/KeyguardUpdateMonitor( 2600): handleBatteryUpdate
12-06 17:54:09.275 W/ActivityManager( 1392): Bad activity token: android.os.BinderProxy@3de93e1
12-06 17:54:09.275 W/ActivityManager( 1392): java.lang.ClassCastException: android.os.BinderProxy cannot be cast to com.android.server.am.ActivityRecord$Token
12-06 17:54:09.275 W/ActivityManager( 1392): 	at com.android.server.am.ActivityRecord.forTokenLocked(ActivityRecord.java:816)
12-06 17:54:09.275 W/ActivityManager( 1392): 	at com.android.server.am.ActivityRecord.isInStackLocked(ActivityRecord.java:2154)
12-06 17:54:09.275 W/ActivityManager( 1392): 	at com.android.server.am.ActivityRecord.getStackLocked(ActivityRecord.java:2159)
12-06 17:54:09.275 W/ActivityManager( 1392): 	at com.android.server.am.ActivityManagerService.getActivityDisplayId(ActivityManagerService.java:10744)
12-06 17:54:09.275 W/ActivityManager( 1392): 	at android.app.IActivityManager$Stub.onTransact(IActivityManager.java:2734)
12-06 17:54:09.275 W/ActivityManager( 1392): 	at com.android.server.am.ActivityManagerService.onTransact(ActivityManagerService.java:2971)
12-06 17:54:09.275 W/ActivityManager( 1392): 	at android.os.Binder.execTransact(Binder.java:697)
12-06 17:54:09.279 I/calabash( 4416): newActivity1
12-06 17:54:09.284 I/zygote64( 4416): Do full code cache collection, code=124KB, data=90KB
12-06 17:54:09.288 I/zygote64( 4416): After code cache collection, code=119KB, data=70KB
12-06 17:54:09.333 I/zygote64( 4416): Do partial code cache collection, code=120KB, data=76KB
12-06 17:54:09.334 I/zygote64( 4416): After code cache collection, code=120KB, data=76KB
12-06 17:54:09.334 I/zygote64( 4416): Increasing code cache capacity to 512KB
12-06 17:54:09.440 W/ActivityManager( 1392): Bad activity token: android.os.BinderProxy@3de93e1
12-06 17:54:09.440 W/ActivityManager( 1392): java.lang.ClassCastException: android.os.BinderProxy cannot be cast to com.android.server.am.ActivityRecord$Token
12-06 17:54:09.440 W/ActivityManager( 1392): 	at com.android.server.am.ActivityRecord.forTokenLocked(ActivityRecord.java:816)
12-06 17:54:09.440 W/ActivityManager( 1392): 	at com.android.server.am.ActivityRecord.isInStackLocked(ActivityRecord.java:2154)
12-06 17:54:09.440 W/ActivityManager( 1392): 	at com.android.server.am.ActivityManagerService.setTaskDescription(ActivityManagerService.java:10345)
12-06 17:54:09.440 W/ActivityManager( 1392): 	at android.app.IActivityManager$Stub.onTransact(IActivityManager.java:2820)
12-06 17:54:09.440 W/ActivityManager( 1392): 	at com.android.server.am.ActivityManagerService.onTransact(ActivityManagerService.java:2971)
12-06 17:54:09.440 W/ActivityManager( 1392): 	at android.os.Binder.execTransact(Binder.java:697)
12-06 17:54:09.441 W/ActivityManager( 1392): Bad activity token: android.os.BinderProxy@3de93e1
12-06 17:54:09.441 W/ActivityManager( 1392): java.lang.ClassCastException: android.os.BinderProxy cannot be cast to com.android.server.am.ActivityRecord$Token
12-06 17:54:09.441 W/ActivityManager( 1392): 	at com.android.server.am.ActivityRecord.forTokenLocked(ActivityRecord.java:816)
12-06 17:54:09.441 W/ActivityManager( 1392): 	at com.android.server.am.ActivityRecord.isInStackLocked(ActivityRecord.java:2154)
12-06 17:54:09.441 W/ActivityManager( 1392): 	at com.android.server.am.ActivityRecord.getStackLocked(ActivityRecord.java:2159)
12-06 17:54:09.441 W/ActivityManager( 1392): 	at com.android.server.am.ActivityManagerService.getActivityStackId(ActivityManagerService.java:10755)
12-06 17:54:09.441 W/ActivityManager( 1392): 	at android.app.IActivityManager$Stub.onTransact(IActivityManager.java:3513)
12-06 17:54:09.441 W/ActivityManager( 1392): 	at com.android.server.am.ActivityManagerService.onTransact(ActivityManagerService.java:2971)
12-06 17:54:09.441 W/ActivityManager( 1392): 	at android.os.Binder.execTransact(Binder.java:697)
12-06 17:54:09.476 D/VehicleStatisticsActivity( 4416): Checking recalculation ...
12-06 17:54:09.480 D/VehicleStatisticsActivity( 4416): Recalculating statistics
12-06 17:54:09.481 D/VehicleStatisticsTask( 4416): Calculation starting...
12-06 17:54:09.482 D/VehicleStatisticsActivity( 4416): Recalculation started!
12-06 17:54:09.487 D/CompatibilityInfo( 1392): mCompatibilityFlags - 10
12-06 17:54:09.487 D/CompatibilityInfo( 1392): applicationDensity - 480
12-06 17:54:09.487 D/CompatibilityInfo( 1392): applicationScale - 1.0
12-06 17:54:09.488 W/ActivityManager( 1392): Bad activity token: android.os.BinderProxy@3de93e1
12-06 17:54:09.488 W/ActivityManager( 1392): java.lang.ClassCastException: android.os.BinderProxy cannot be cast to com.android.server.am.ActivityRecord$Token
12-06 17:54:09.488 W/ActivityManager( 1392): 	at com.android.server.am.ActivityRecord.forTokenLocked(ActivityRecord.java:816)
12-06 17:54:09.488 W/ActivityManager( 1392): 	at com.android.server.am.ActivityRecord.isInStackLocked(ActivityRecord.java:2154)
12-06 17:54:09.488 W/ActivityManager( 1392): 	at com.android.server.am.ActivityManagerService.getActivityOptions(ActivityManagerService.java:13590)
12-06 17:54:09.488 W/ActivityManager( 1392): 	at android.app.IActivityManager$Stub.onTransact(IActivityManager.java:2906)
12-06 17:54:09.488 W/ActivityManager( 1392): 	at com.android.server.am.ActivityManagerService.onTransact(ActivityManagerService.java:2971)
12-06 17:54:09.488 W/ActivityManager( 1392): 	at android.os.Binder.execTransact(Binder.java:697)
12-06 17:54:09.489 W/ActivityManager( 1392): Bad activity token: android.os.BinderProxy@3de93e1
12-06 17:54:09.489 W/ActivityManager( 1392): java.lang.ClassCastException: android.os.BinderProxy cannot be cast to com.android.server.am.ActivityRecord$Token
12-06 17:54:09.489 W/ActivityManager( 1392): 	at com.android.server.am.ActivityRecord.forTokenLocked(ActivityRecord.java:816)
12-06 17:54:09.489 W/ActivityManager( 1392): 	at com.android.server.am.ActivityRecord.isInStackLocked(ActivityRecord.java:2154)
12-06 17:54:09.489 W/ActivityManager( 1392): 	at com.android.server.am.ActivityManagerService.getActivityOptions(ActivityManagerService.java:13590)
12-06 17:54:09.489 W/ActivityManager( 1392): 	at android.app.IActivityManager$Stub.onTransact(IActivityManager.java:2906)
12-06 17:54:09.489 W/ActivityManager( 1392): 	at com.android.server.am.ActivityManagerService.onTransact(ActivityManagerService.java:2971)
12-06 17:54:09.489 W/ActivityManager( 1392): 	at android.os.Binder.execTransact(Binder.java:697)
12-06 17:54:09.492 D/VehicleStatisticsTask( 4416): Not enough fillups to calculate statistics
12-06 17:54:09.496 D/VehicleStatisticsActivity( 4416): Checking recalculation ...
12-06 17:54:09.500 D/VehicleStatisticsActivity( 4416): Recalculating statistics
12-06 17:54:09.501 D/VehicleStatisticsTask( 4416): Calculation starting...
12-06 17:54:09.501 D/VehicleStatisticsActivity( 4416): Recalculation started!
12-06 17:54:09.511 D/VehicleStatisticsTask( 4416): Not enough fillups to calculate statistics
12-06 17:54:09.697 D/VehicleStatisticsTask( 4416): Done recalculating!
12-06 17:54:09.699 D/VehicleStatisticsTask( 4416): Done recalculating!
12-06 17:54:09.701 D/VehicleStatisticsAdapter( 4416): Erasing the cache ...
12-06 17:54:09.701 D/VehicleStatisticsAdapter( 4416): Erasing the cache ...
12-06 17:54:09.708 D/VehicleStatisticsAdapter( 4416): Building new values ...
12-06 17:54:09.708 D/VehicleStatisticsAdapter( 4416): Building new values ...
12-06 17:54:09.709 D/Mileage.ABS( 4416): Finished backup
12-06 17:54:09.709 D/VehicleStatisticsAdapter( 4416): Writing 29 records to the database ...
12-06 17:54:09.709 D/VehicleStatisticsAdapter( 4416): Writing 29 records to the database ...
12-06 17:54:09.710 D/Mileage.ABS( 4416): Not backing up; 15
12-06 17:54:09.733 I/zygote64( 4416): Compiler allocated 7MB to compile void android.widget.TextView.<init>(android.content.Context, android.util.AttributeSet, int, int)
12-06 17:54:09.753 W/ADebug  ( 4473): Failed to get property persist.sys.media.traces
12-06 17:54:09.788 D/Mileage.ABS( 4416): Not backing up; 93
12-06 17:54:09.789 D/Mileage.ABS( 4416): Not backing up; 94
12-06 17:54:09.808 I/zygote64( 4416): Compiler allocated 4MB to compile void android.view.View.<init>(android.content.Context, android.util.AttributeSet, int, int)
12-06 17:54:09.818 D/Mileage.ABS( 4416): Not backing up; 123
12-06 17:54:09.818 D/Mileage.ABS( 4416): Not backing up; 123
12-06 17:54:09.819 D/Mileage.ABS( 4416): Not backing up; 124
12-06 17:54:09.820 D/Mileage.ABS( 4416): Not backing up; 125
12-06 17:54:09.821 D/Mileage.ABS( 4416): Not backing up; 126
12-06 17:54:09.822 D/Mileage.ABS( 4416): Not backing up; 127
12-06 17:54:09.822 D/Mileage.ABS( 4416): Not backing up; 127
12-06 17:54:09.823 D/Mileage.ABS( 4416): Not backing up; 128
12-06 17:54:09.824 D/Mileage.ABS( 4416): Not backing up; 129
12-06 17:54:09.825 D/Mileage.ABS( 4416): Not backing up; 129
12-06 17:54:09.825 D/Mileage.ABS( 4416): Not backing up; 130
12-06 17:54:09.828 D/CompatibilityInfo( 1392): mCompatibilityFlags - 10
12-06 17:54:09.828 D/CompatibilityInfo( 1392): applicationDensity - 480
12-06 17:54:09.828 D/CompatibilityInfo( 1392): applicationScale - 1.0
12-06 17:54:09.833 D/Mileage.ABS( 4416): Not backing up; 138
12-06 17:54:09.837 D/CompatibilityInfo( 1392): mCompatibilityFlags - 10
12-06 17:54:09.837 D/vndksupport( 4473): Loading /vendor/lib64/hw/android.hardware.graphics.mapper@2.0-impl.so from current namespace instead of sphal namespace.
12-06 17:54:09.837 D/CompatibilityInfo( 1392): applicationDensity - 480
12-06 17:54:09.837 D/CompatibilityInfo( 1392): applicationScale - 1.0
12-06 17:54:09.840 D/vndksupport( 4473): Loading /vendor/lib64/hw/gralloc.msm8953.so from current namespace instead of sphal namespace.
12-06 17:54:09.841 D/Mileage.ABS( 4416): Not backing up; 146
12-06 17:54:09.849 D/CompatibilityInfo( 1392): mCompatibilityFlags - 10
12-06 17:54:09.849 D/CompatibilityInfo( 1392): applicationDensity - 480
12-06 17:54:09.849 D/CompatibilityInfo( 1392): applicationScale - 1.0
12-06 17:54:09.854 I/zygote64( 4416): Do full code cache collection, code=250KB, data=159KB
12-06 17:54:09.855 I/zygote64( 4416): After code cache collection, code=223KB, data=126KB
12-06 17:54:09.856 D/Mileage.ABS( 4416): Not backing up; 161
12-06 17:54:09.859 D/Mileage.ABS( 4416): Not backing up; 164
12-06 17:54:09.860 D/CompatibilityInfo( 1392): mCompatibilityFlags - 10
12-06 17:54:09.861 D/CompatibilityInfo( 1392): applicationDensity - 480
12-06 17:54:09.861 D/CompatibilityInfo( 1392): applicationScale - 1.0
12-06 17:54:09.867 D/Mileage.ABS( 4416): Not backing up; 172
12-06 17:54:09.868 D/Mileage.ABS( 4416): Not backing up; 173
12-06 17:54:09.872 D/Mileage.ABS( 4416): Not backing up; 177
12-06 17:54:09.873 D/CompatibilityInfo( 1392): mCompatibilityFlags - 10
12-06 17:54:09.873 D/CompatibilityInfo( 1392): applicationDensity - 480
12-06 17:54:09.873 D/CompatibilityInfo( 1392): applicationScale - 1.0
12-06 17:54:09.876 D/Mileage.ABS( 4416): Not backing up; 181
12-06 17:54:09.880 D/CompatibilityInfo( 1392): mCompatibilityFlags - 10
12-06 17:54:09.880 D/CompatibilityInfo( 1392): applicationDensity - 480
