12-06 17:54:16.259 W/ActivityManager( 1392): 	at com.android.server.am.ActivityManagerService.setTaskDescription(ActivityManagerService.java:10345)
12-06 17:54:16.259 W/ActivityManager( 1392): 	at android.app.IActivityManager$Stub.onTransact(IActivityManager.java:2820)
12-06 17:54:16.259 W/ActivityManager( 1392): 	at com.android.server.am.ActivityManagerService.onTransact(ActivityManagerService.java:2971)
12-06 17:54:16.259 W/ActivityManager( 1392): 	at android.os.Binder.execTransact(Binder.java:697)
12-06 17:54:16.261 W/ActivityManager( 1392): Bad activity token: android.os.BinderProxy@c3436f
12-06 17:54:16.261 W/ActivityManager( 1392): java.lang.ClassCastException: android.os.BinderProxy cannot be cast to com.android.server.am.ActivityRecord$Token
12-06 17:54:16.261 W/ActivityManager( 1392): 	at com.android.server.am.ActivityRecord.forTokenLocked(ActivityRecord.java:816)
12-06 17:54:16.261 W/ActivityManager( 1392): 	at com.android.server.am.ActivityRecord.isInStackLocked(ActivityRecord.java:2154)
12-06 17:54:16.261 W/ActivityManager( 1392): 	at com.android.server.am.ActivityRecord.getStackLocked(ActivityRecord.java:2159)
12-06 17:54:16.261 W/ActivityManager( 1392): 	at com.android.server.am.ActivityManagerService.getActivityStackId(ActivityManagerService.java:10755)
12-06 17:54:16.261 W/ActivityManager( 1392): 	at android.app.IActivityManager$Stub.onTransact(IActivityManager.java:3513)
12-06 17:54:16.261 W/ActivityManager( 1392): 	at com.android.server.am.ActivityManagerService.onTransact(ActivityManagerService.java:2971)
12-06 17:54:16.261 W/ActivityManager( 1392): 	at android.os.Binder.execTransact(Binder.java:697)
12-06 17:54:16.298 D/VehicleStatisticsActivity( 4416): Checking recalculation ...
12-06 17:54:16.304 D/VehicleStatisticsActivity( 4416): Recalculation not necessary.
12-06 17:54:16.315 W/ActivityManager( 1392): Bad activity token: android.os.BinderProxy@c3436f
12-06 17:54:16.315 W/ActivityManager( 1392): java.lang.ClassCastException: android.os.BinderProxy cannot be cast to com.android.server.am.ActivityRecord$Token
12-06 17:54:16.315 W/ActivityManager( 1392): 	at com.android.server.am.ActivityRecord.forTokenLocked(ActivityRecord.java:816)
12-06 17:54:16.315 W/ActivityManager( 1392): 	at com.android.server.am.ActivityRecord.isInStackLocked(ActivityRecord.java:2154)
12-06 17:54:16.315 W/ActivityManager( 1392): 	at com.android.server.am.ActivityManagerService.getActivityOptions(ActivityManagerService.java:13590)
12-06 17:54:16.315 W/ActivityManager( 1392): 	at android.app.IActivityManager$Stub.onTransact(IActivityManager.java:2906)
12-06 17:54:16.315 W/ActivityManager( 1392): 	at com.android.server.am.ActivityManagerService.onTransact(ActivityManagerService.java:2971)
12-06 17:54:16.315 W/ActivityManager( 1392): 	at android.os.Binder.execTransact(Binder.java:697)
12-06 17:54:16.315 W/ActivityManager( 1392): Bad activity token: android.os.BinderProxy@c3436f
12-06 17:54:16.315 W/ActivityManager( 1392): java.lang.ClassCastException: android.os.BinderProxy cannot be cast to com.android.server.am.ActivityRecord$Token
12-06 17:54:16.315 W/ActivityManager( 1392): 	at com.android.server.am.ActivityRecord.forTokenLocked(ActivityRecord.java:816)
12-06 17:54:16.315 W/ActivityManager( 1392): 	at com.android.server.am.ActivityRecord.isInStackLocked(ActivityRecord.java:2154)
12-06 17:54:16.315 W/ActivityManager( 1392): 	at com.android.server.am.ActivityManagerService.getActivityOptions(ActivityManagerService.java:13590)
12-06 17:54:16.315 W/ActivityManager( 1392): 	at android.app.IActivityManager$Stub.onTransact(IActivityManager.java:2906)
12-06 17:54:16.315 W/ActivityManager( 1392): 	at com.android.server.am.ActivityManagerService.onTransact(ActivityManagerService.java:2971)
12-06 17:54:16.315 W/ActivityManager( 1392): 	at android.os.Binder.execTransact(Binder.java:697)
12-06 17:54:16.323 D/VehicleStatisticsActivity( 4416): Checking recalculation ...
12-06 17:54:16.328 D/VehicleStatisticsActivity( 4416): Recalculation not necessary.
12-06 17:54:16.353 D/ClClient(11834): Not sending keepalive.  Current connection state=STOPPED
12-06 17:54:16.697 W/ADebug  ( 4558): Failed to get property persist.sys.media.traces
12-06 17:54:16.757 D/vndksupport( 4558): Loading /vendor/lib64/hw/android.hardware.graphics.mapper@2.0-impl.so from current namespace instead of sphal namespace.
12-06 17:54:16.758 D/vndksupport( 4558): Loading /vendor/lib64/hw/gralloc.msm8953.so from current namespace instead of sphal namespace.
12-06 17:54:17.100 D/KeyguardUpdateMonitor( 2600): received broadcast android.intent.action.BATTERY_CHANGED
12-06 17:54:17.101 D/HxBatteryStatusReceiver(11834): onReceiveandroid.intent.action.BATTERY_CHANGED
12-06 17:54:17.106 D/KeyguardUpdateMonitor( 2600): handleBatteryUpdate
12-06 17:54:17.465 I/System.out( 4416): URI: //gesture
12-06 17:54:17.466 I/System.out( 4416): params: {json={"query_timeout":5.0,"gestures":[{"query_string":"android.widget.TabWidget descendant TextView index:0","touches":[{"x":50,"y":50,"offset_x":0,"offset_y":0,"wait":0.0,"time":0.2,"release":true,"query_string":null}]}]}
12-06 17:54:17.466 I/System.out( 4416): }
12-06 17:54:18.092 D/HxBatteryStatusReceiver(11834): onReceiveandroid.intent.action.BATTERY_CHANGED
12-06 17:54:18.092 D/KeyguardUpdateMonitor( 2600): received broadcast android.intent.action.BATTERY_CHANGED
12-06 17:54:18.095 D/KeyguardUpdateMonitor( 2600): handleBatteryUpdate
12-06 17:54:18.222 W/ADebug  ( 4569): Failed to get property persist.sys.media.traces
12-06 17:54:18.283 D/vndksupport( 4569): Loading /vendor/lib64/hw/android.hardware.graphics.mapper@2.0-impl.so from current namespace instead of sphal namespace.
12-06 17:54:18.284 D/vndksupport( 4569): Loading /vendor/lib64/hw/gralloc.msm8953.so from current namespace instead of sphal namespace.
12-06 17:54:18.990 I/System.out( 4416): URI: //
12-06 17:54:18.991 I/System.out( 4416): params: {json={"command":"set_activity_orientation","arguments":["portrait"]}
12-06 17:54:18.991 I/System.out( 4416): }
12-06 17:54:18.992 I/System.out( 4416): header: {content-type=application/json;charset=utf-8, date=Thu, 06 Dec 2018 22:54:20 GMT, accept=*/*, host=127.0.0.1:34777, content-length=63, user-agent=HTTPClient/1.0 (2.8.3, ruby 2.5.1 (2018-03-29))}
12-06 17:54:18.992 I/System.out( 4416): params: {json={"command":"set_activity_orientation","arguments":["portrait"]}
12-06 17:54:18.992 I/System.out( 4416): }
12-06 17:54:18.992 I/System.out( 4416): ProP json = {"command":"set_activity_orientation","arguments":["portrait"]}
12-06 17:54:18.993 I/System.out( 4416): files: {}
12-06 17:54:18.993 I/System.out( 4416): command: {"command":"set_activity_orientation","arguments":["portrait"]}
12-06 17:54:19.004 I/InstrumentationBackend( 4416): Got command:'Command:'Line:null,set_activity_orientation', arguments:'[portrait]'
12-06 17:54:19.029 I/InputReader( 1392): Reconfiguring input devices.  changes=0x00000004
12-06 17:54:19.029 I/InputReader( 1392): Device reconfigured: id=5, name='ft5435_ts', size 1080x1920, orientation 0, mode 1, display id 0
12-06 17:54:19.030 I/InputReader( 1392): Device reconfigured: id=9, name='fts_ts', size 1080x1920, orientation 0, mode 1, display id 0
12-06 17:54:19.034 I/ActivityManager( 1392): Config changes=480 {1.0 732mcc123mnc [en_US] ldltr sw360dp w360dp h616dp 480dpi nrml long port finger -keyb/v/h -nav/h appBounds=Rect(0, 0 - 1080, 1920) s.94}
12-06 17:54:19.071 I/ActivityManager( 1392): Override config changes=480 {1.0 732mcc123mnc [en_US] ldltr sw360dp w360dp h616dp 480dpi nrml long port finger -keyb/v/h -nav/h appBounds=Rect(0, 0 - 1080, 1920) s.94} for displayId=0
12-06 17:54:19.119 D/HxBatteryStatusReceiver(11834): onReceiveandroid.intent.action.BATTERY_CHANGED
12-06 17:54:19.176 I/calabash( 4416): newActivity1
12-06 17:54:19.214 I/System.out( 4416): result:{"bonusInformation":[],"message":"","success":true}
12-06 17:54:19.215 D/KeyguardUpdateMonitor( 2600): received broadcast android.intent.action.BATTERY_CHANGED
12-06 17:54:19.226 W/ActivityManager( 1392): Bad activity token: android.os.BinderProxy@e31e65f
12-06 17:54:19.226 W/ActivityManager( 1392): java.lang.ClassCastException: android.os.BinderProxy cannot be cast to com.android.server.am.ActivityRecord$Token
12-06 17:54:19.226 W/ActivityManager( 1392): 	at com.android.server.am.ActivityRecord.forTokenLocked(ActivityRecord.java:816)
12-06 17:54:19.226 W/ActivityManager( 1392): 	at com.android.server.am.ActivityRecord.isInStackLocked(ActivityRecord.java:2154)
12-06 17:54:19.226 W/ActivityManager( 1392): 	at com.android.server.am.ActivityRecord.getStackLocked(ActivityRecord.java:2159)
12-06 17:54:19.226 W/ActivityManager( 1392): 	at com.android.server.am.ActivityManagerService.getActivityDisplayId(ActivityManagerService.java:10744)
12-06 17:54:19.226 W/ActivityManager( 1392): 	at android.app.IActivityManager$Stub.onTransact(IActivityManager.java:2734)
12-06 17:54:19.226 W/ActivityManager( 1392): 	at com.android.server.am.ActivityManagerService.onTransact(ActivityManagerService.java:2971)
12-06 17:54:19.226 W/ActivityManager( 1392): 	at android.os.Binder.execTransact(Binder.java:697)
12-06 17:54:19.228 I/calabash( 4416): newActivity1
12-06 17:54:19.236 W/ActivityManager( 1392): Bad activity token: android.os.BinderProxy@e31e65f
12-06 17:54:19.236 W/ActivityManager( 1392): java.lang.ClassCastException: android.os.BinderProxy cannot be cast to com.android.server.am.ActivityRecord$Token
12-06 17:54:19.236 W/ActivityManager( 1392): 	at com.android.server.am.ActivityRecord.forTokenLocked(ActivityRecord.java:816)
12-06 17:54:19.236 W/ActivityManager( 1392): 	at com.android.server.am.ActivityRecord.isInStackLocked(ActivityRecord.java:2154)
12-06 17:54:19.236 W/ActivityManager( 1392): 	at com.android.server.am.ActivityManagerService.setTaskDescription(ActivityManagerService.java:10345)
12-06 17:54:19.236 W/ActivityManager( 1392): 	at android.app.IActivityManager$Stub.onTransact(IActivityManager.java:2820)
12-06 17:54:19.236 W/ActivityManager( 1392): 	at com.android.server.am.ActivityManagerService.onTransact(ActivityManagerService.java:2971)
12-06 17:54:19.236 W/ActivityManager( 1392): 	at android.os.Binder.execTransact(Binder.java:697)
12-06 17:54:19.237 W/ActivityManager( 1392): Bad activity token: android.os.BinderProxy@e31e65f
12-06 17:54:19.237 W/ActivityManager( 1392): java.lang.ClassCastException: android.os.BinderProxy cannot be cast to com.android.server.am.ActivityRecord$Token
12-06 17:54:19.237 W/ActivityManager( 1392): 	at com.android.server.am.ActivityRecord.forTokenLocked(ActivityRecord.java:816)
12-06 17:54:19.237 W/ActivityManager( 1392): 	at com.android.server.am.ActivityRecord.isInStackLocked(ActivityRecord.java:2154)
12-06 17:54:19.237 W/ActivityManager( 1392): 	at com.android.server.am.ActivityRecord.getStackLocked(ActivityRecord.java:2159)
12-06 17:54:19.237 W/ActivityManager( 1392): 	at com.android.server.am.ActivityManagerService.getActivityStackId(ActivityManagerService.java:10755)
12-06 17:54:19.237 W/ActivityManager( 1392): 	at android.app.IActivityManager$Stub.onTransact(IActivityManager.java:3513)
12-06 17:54:19.237 W/ActivityManager( 1392): 	at com.android.server.am.ActivityManagerService.onTransact(ActivityManagerService.java:2971)
12-06 17:54:19.237 W/ActivityManager( 1392): 	at android.os.Binder.execTransact(Binder.java:697)
12-06 17:54:19.246 W/StaticLayout( 2600): maxLineHeight should not be -1.  maxLines:1 lineCount:1
12-06 17:54:19.308 I/chatty  ( 2600): uid=10030(com.android.systemui) identical 14 lines
12-06 17:54:19.308 W/StaticLayout( 2600): maxLineHeight should not be -1.  maxLines:1 lineCount:1
12-06 17:54:19.309 W/StaticLayout( 2600): maxLineHeight should not be -1.  maxLines:7 lineCount:7
