12-06 17:53:34.051 I/System.out( 3691): header: {content-type=application/json;charset=utf-8, date=Thu, 06 Dec 2018 22:53:35 GMT, accept=*/*, host=127.0.0.1:34777, content-length=47, user-agent=HTTPClient/1.0 (2.8.3, ruby 2.5.1 (2018-03-29))}
12-06 17:53:34.051 I/System.out( 3691): params: {json={"command":"set_selection","arguments":[-1,-1]}
12-06 17:53:34.051 I/System.out( 3691): }
12-06 17:53:34.052 I/System.out( 3691): ProP json = {"command":"set_selection","arguments":[-1,-1]}
12-06 17:53:34.052 I/System.out( 3691): files: {}
12-06 17:53:34.052 I/System.out( 3691): command: {"command":"set_selection","arguments":[-1,-1]}
12-06 17:53:34.068 I/InstrumentationBackend( 3691): Got command:'Command:'Line:null,set_selection', arguments:'[-1, -1]'
12-06 17:53:34.086 D/KeyguardUpdateMonitor( 2600): received broadcast android.intent.action.BATTERY_CHANGED
12-06 17:53:34.087 D/KeyguardUpdateMonitor( 2600): handleBatteryUpdate
12-06 17:53:34.089 D/HxBatteryStatusReceiver(11834): onReceiveandroid.intent.action.BATTERY_CHANGED
12-06 17:53:34.097 I/System.out( 3691): result:{"bonusInformation":[],"message":"","success":true}
12-06 17:53:34.299 I/OD-RecognizerModule( 4317): com.google.android.apps.inputmethod.libs.voiceime.ondevice.OnDeviceRecognizerModule: dump()
12-06 17:53:34.332 I/System.out( 3691): URI: //
12-06 17:53:34.332 I/System.out( 3691): params: {json={"command":"keyboard_enter_text","arguments":["12"]}
12-06 17:53:34.332 I/System.out( 3691): }
12-06 17:53:34.332 I/System.out( 3691): header: {content-type=application/json;charset=utf-8, date=Thu, 06 Dec 2018 22:53:35 GMT, accept=*/*, host=127.0.0.1:34777, content-length=52, user-agent=HTTPClient/1.0 (2.8.3, ruby 2.5.1 (2018-03-29))}
12-06 17:53:34.332 I/System.out( 3691): params: {json={"command":"keyboard_enter_text","arguments":["12"]}
12-06 17:53:34.332 I/System.out( 3691): }
12-06 17:53:34.333 I/System.out( 3691): ProP json = {"command":"keyboard_enter_text","arguments":["12"]}
12-06 17:53:34.333 I/System.out( 3691): files: {}
12-06 17:53:34.333 I/System.out( 3691): command: {"command":"keyboard_enter_text","arguments":["12"]}
12-06 17:53:34.340 I/InstrumentationBackend( 3691): Got command:'Command:'Line:null,keyboard_enter_text', arguments:'[12]'
12-06 17:53:34.342 E/SpannableStringBuilder( 3691): SPAN_EXCLUSIVE_EXCLUSIVE spans cannot have a zero length
12-06 17:53:34.351 I/chatty  ( 3691): uid=10258(com.evancharlton.mileage) identical 2 lines
12-06 17:53:34.352 E/SpannableStringBuilder( 3691): SPAN_EXCLUSIVE_EXCLUSIVE spans cannot have a zero length
12-06 17:53:34.379 I/System.out( 3691): result:{"bonusInformation":[],"message":"","success":true}
12-06 17:53:34.838 W/ADebug  ( 3844): Failed to get property persist.sys.media.traces
12-06 17:53:34.899 D/vndksupport( 3844): Loading /vendor/lib64/hw/android.hardware.graphics.mapper@2.0-impl.so from current namespace instead of sphal namespace.
12-06 17:53:34.900 D/vndksupport( 3844): Loading /vendor/lib64/hw/gralloc.msm8953.so from current namespace instead of sphal namespace.
12-06 17:53:35.084 D/KeyguardUpdateMonitor( 2600): received broadcast android.intent.action.BATTERY_CHANGED
12-06 17:53:35.084 D/HxBatteryStatusReceiver(11834): onReceiveandroid.intent.action.BATTERY_CHANGED
12-06 17:53:35.089 D/KeyguardUpdateMonitor( 2600): handleBatteryUpdate
12-06 17:53:35.595 I/System.out( 3691): URI: //map
12-06 17:53:35.595 I/System.out( 3691): params: {json={"query":"android.widget.Button index:2","operation":{"method_name":"query","arguments":[]}}
12-06 17:53:35.595 I/System.out( 3691): }
12-06 17:53:35.735 I/System.out( 3691): URI: //gesture
12-06 17:53:35.735 I/System.out( 3691): params: {json={"query_timeout":5.0,"gestures":[{"query_string":"android.widget.Button index:2","touches":[{"x":50,"y":50,"offset_x":0,"offset_y":0,"wait":0.0,"time":0.2,"release":true,"query_string":null}]}]}
12-06 17:53:35.736 I/System.out( 3691): }
12-06 17:53:36.095 D/CompatibilityInfo( 1392): mCompatibilityFlags - 10
12-06 17:53:36.095 D/CompatibilityInfo( 1392): applicationDensity - 480
12-06 17:53:36.095 D/CompatibilityInfo( 1392): applicationScale - 1.0
12-06 17:53:36.196 W/ActivityManager( 1392): Bad activity token: android.os.BinderProxy@555ebf4
12-06 17:53:36.196 W/ActivityManager( 1392): java.lang.ClassCastException: android.os.BinderProxy cannot be cast to com.android.server.am.ActivityRecord$Token
12-06 17:53:36.196 W/ActivityManager( 1392): 	at com.android.server.am.ActivityRecord.forTokenLocked(ActivityRecord.java:816)
12-06 17:53:36.196 W/ActivityManager( 1392): 	at com.android.server.am.ActivityRecord.isInStackLocked(ActivityRecord.java:2154)
12-06 17:53:36.196 W/ActivityManager( 1392): 	at com.android.server.am.ActivityRecord.getStackLocked(ActivityRecord.java:2159)
12-06 17:53:36.196 W/ActivityManager( 1392): 	at com.android.server.am.ActivityManagerService.getActivityDisplayId(ActivityManagerService.java:10744)
12-06 17:53:36.196 W/ActivityManager( 1392): 	at android.app.IActivityManager$Stub.onTransact(IActivityManager.java:2734)
12-06 17:53:36.196 W/ActivityManager( 1392): 	at com.android.server.am.ActivityManagerService.onTransact(ActivityManagerService.java:2971)
12-06 17:53:36.196 W/ActivityManager( 1392): 	at android.os.Binder.execTransact(Binder.java:697)
12-06 17:53:36.200 I/calabash( 3691): newActivity1
12-06 17:53:36.209 W/ActivityManager( 1392): Bad activity token: android.os.BinderProxy@555ebf4
12-06 17:53:36.209 W/ActivityManager( 1392): java.lang.ClassCastException: android.os.BinderProxy cannot be cast to com.android.server.am.ActivityRecord$Token
12-06 17:53:36.209 W/ActivityManager( 1392): 	at com.android.server.am.ActivityRecord.forTokenLocked(ActivityRecord.java:816)
12-06 17:53:36.209 W/ActivityManager( 1392): 	at com.android.server.am.ActivityRecord.isInStackLocked(ActivityRecord.java:2154)
12-06 17:53:36.209 W/ActivityManager( 1392): 	at com.android.server.am.ActivityManagerService.setTaskDescription(ActivityManagerService.java:10345)
12-06 17:53:36.209 W/ActivityManager( 1392): 	at android.app.IActivityManager$Stub.onTransact(IActivityManager.java:2820)
12-06 17:53:36.209 W/ActivityManager( 1392): 	at com.android.server.am.ActivityManagerService.onTransact(ActivityManagerService.java:2971)
12-06 17:53:36.209 W/ActivityManager( 1392): 	at android.os.Binder.execTransact(Binder.java:697)
12-06 17:53:36.211 W/ActivityManager( 1392): Bad activity token: android.os.BinderProxy@555ebf4
12-06 17:53:36.211 W/ActivityManager( 1392): java.lang.ClassCastException: android.os.BinderProxy cannot be cast to com.android.server.am.ActivityRecord$Token
12-06 17:53:36.211 W/ActivityManager( 1392): 	at com.android.server.am.ActivityRecord.forTokenLocked(ActivityRecord.java:816)
12-06 17:53:36.211 W/ActivityManager( 1392): 	at com.android.server.am.ActivityRecord.isInStackLocked(ActivityRecord.java:2154)
12-06 17:53:36.211 W/ActivityManager( 1392): 	at com.android.server.am.ActivityRecord.getStackLocked(ActivityRecord.java:2159)
12-06 17:53:36.211 W/ActivityManager( 1392): 	at com.android.server.am.ActivityManagerService.getActivityStackId(ActivityManagerService.java:10755)
12-06 17:53:36.211 W/ActivityManager( 1392): 	at android.app.IActivityManager$Stub.onTransact(IActivityManager.java:3513)
12-06 17:53:36.211 W/ActivityManager( 1392): 	at com.android.server.am.ActivityManagerService.onTransact(ActivityManagerService.java:2971)
12-06 17:53:36.211 W/ActivityManager( 1392): 	at android.os.Binder.execTransact(Binder.java:697)
12-06 17:53:36.318 I/WifiService( 1392): getConnectionInfo uid=10180
12-06 17:53:36.322 D/CompatibilityInfo( 1392): mCompatibilityFlags - 10
12-06 17:53:36.322 D/CompatibilityInfo( 1392): applicationDensity - 480
12-06 17:53:36.322 D/CompatibilityInfo( 1392): applicationScale - 1.0
12-06 17:53:36.324 W/ActivityManager( 1392): Bad activity token: android.os.BinderProxy@555ebf4
12-06 17:53:36.324 W/ActivityManager( 1392): java.lang.ClassCastException: android.os.BinderProxy cannot be cast to com.android.server.am.ActivityRecord$Token
12-06 17:53:36.324 W/ActivityManager( 1392): 	at com.android.server.am.ActivityRecord.forTokenLocked(ActivityRecord.java:816)
12-06 17:53:36.324 W/ActivityManager( 1392): 	at com.android.server.am.ActivityRecord.isInStackLocked(ActivityRecord.java:2154)
12-06 17:53:36.324 W/ActivityManager( 1392): 	at com.android.server.am.ActivityManagerService.getActivityOptions(ActivityManagerService.java:13590)
12-06 17:53:36.324 W/ActivityManager( 1392): 	at android.app.IActivityManager$Stub.onTransact(IActivityManager.java:2906)
12-06 17:53:36.324 W/ActivityManager( 1392): 	at com.android.server.am.ActivityManagerService.onTransact(ActivityManagerService.java:2971)
12-06 17:53:36.324 W/ActivityManager( 1392): 	at android.os.Binder.execTransact(Binder.java:697)
12-06 17:53:36.324 W/ActivityManager( 1392): Bad activity token: android.os.BinderProxy@555ebf4
12-06 17:53:36.324 W/ActivityManager( 1392): java.lang.ClassCastException: android.os.BinderProxy cannot be cast to com.android.server.am.ActivityRecord$Token
12-06 17:53:36.324 W/ActivityManager( 1392): 	at com.android.server.am.ActivityRecord.forTokenLocked(ActivityRecord.java:816)
12-06 17:53:36.324 W/ActivityManager( 1392): 	at com.android.server.am.ActivityRecord.isInStackLocked(ActivityRecord.java:2154)
12-06 17:53:36.324 W/ActivityManager( 1392): 	at com.android.server.am.ActivityManagerService.getActivityOptions(ActivityManagerService.java:13590)
12-06 17:53:36.324 W/ActivityManager( 1392): 	at android.app.IActivityManager$Stub.onTransact(IActivityManager.java:2906)
12-06 17:53:36.324 W/ActivityManager( 1392): 	at com.android.server.am.ActivityManagerService.onTransact(ActivityManagerService.java:2971)
12-06 17:53:36.324 W/ActivityManager( 1392): 	at android.os.Binder.execTransact(Binder.java:697)
12-06 17:53:36.336 I/PhenotypeExpConfig( 4317): com.google.android.apps.inputmethod.libs.experiments.PhenotypeExperimentConfiguration: refreshConfiguration() : Force = false : UpdateAvailable = false : Age = 80 minutes : MaxAge = 720 minutes
12-06 17:53:36.353 D/ClClient(11834): Not sending keepalive.  Current connection state=STOPPED
12-06 17:53:36.497 W/ADebug  ( 3851): Failed to get property persist.sys.media.traces
12-06 17:53:36.527 W/GInputConnectionWrapper( 4317): cts: IPC IC_GET_TEXT_BEFORE_CURSOR_AND_FIX_SELECTION_INDICES took 188 ms
12-06 17:53:36.531 D/Mileage.ABS( 3691): Finished backup
12-06 17:53:36.534 D/Mileage.ABS( 3691): Not backing up; 14
12-06 17:53:36.534 D/Mileage.ABS( 3691): Not backing up; 14
12-06 17:53:36.542 D/Mileage ( 3691): Not enough fillups to calculate economy
12-06 17:53:36.556 I/Conv2QueryExtension( 4317): com.google.android.apps.inputmethod.libs.search.sense.ConversationToQueryExtension: Current locale: en_US, config allows these locales: de,en,fr,it,es,pt
12-06 17:53:36.556 I/Conv2QueryExtension( 4317): com.google.android.apps.inputmethod.libs.search.sense.ConversationToQueryExtension: Conv2Query not enabled due to current app [com.evancharlton.mileage] not in whitelist
12-06 17:53:36.557 I/Conv2QueryExtension( 4317): com.google.android.apps.inputmethod.libs.search.sense.ConversationToQueryExtension: onActivate() : Disabled by unsupported host app
12-06 17:53:36.559 I/PhenotypeExpConfig( 4317): com.google.android.apps.inputmethod.libs.experiments.PhenotypeExperimentConfiguration: refreshConfiguration() : Force = false : UpdateAvailable = false : Age = 80 minutes : MaxAge = 720 minutes
12-06 17:53:36.566 D/vndksupport( 3851): Loading /vendor/lib64/hw/android.hardware.graphics.mapper@2.0-impl.so from current namespace instead of sphal namespace.
12-06 17:53:36.568 D/vndksupport( 3851): Loading /vendor/lib64/hw/gralloc.msm8953.so from current namespace instead of sphal namespace.
12-06 17:53:36.576 V/StatusBar( 2600): setLightsOn(true)
12-06 17:53:36.614 I/chatty  ( 2600): uid=10030(com.android.systemui) identical 1 line
12-06 17:53:36.759 V/StatusBar( 2600): setLightsOn(true)
12-06 17:53:36.919 D/DhcpClient( 1392): Unicasting DHCPREQUEST ciaddr=157.253.212.162 request=0.0.0.0 serverid=null to /1.1.1.1:67
12-06 17:53:36.923 D/DhcpClient( 1392): Received packet: 18:f0:e4:3b:c8:ba ACK: your new IP /157.253.212.162, netmask /255.255.255.0, gateways [/157.253.212.1] DNS servers: /157.253.79.100 /157.253.52.21 , lease time 600
12-06 17:53:36.923 D/DhcpClient( 1392): Renewed lease: IP address 157.253.212.162/24 Gateway 157.253.212.1  DNS servers: [ 157.253.79.100 157.253.52.21 ] Domains uniandes.edu.co DHCP server /1.1.1.1 Vendor info null lease 600 seconds
12-06 17:53:36.930 D/DhcpClient( 1392): Scheduling renewal in 299s
12-06 17:53:36.931 D/DhcpClient( 1392): Scheduling rebind in 524s
12-06 17:53:36.931 D/DhcpClient( 1392): Scheduling expiry in 599s
12-06 17:53:36.979 I/CarrierServices(15187): [656] bxd.a: FiST: Wifi connectivity status true
12-06 17:53:36.981 I/CarrierServices(15187): [656] bxi.d: Connected state: [1], networkType: [WIFI]
12-06 17:53:36.982 I/CarrierServices(15187): [688] bei.handleMessage: RCS is disabled, skipping config update request
12-06 17:53:36.984 I/CarrierServices(15187): [677] dax.a: CarrierServices.apk is not sim call manager. Not enabling MMTel.
12-06 17:53:36.984 I/CarrierServices(15187): [677] bda.run: (MMTel): : Ignoring Network Change based on IMS preferences
12-06 17:53:36.996 W/BroadcastQueue( 1392): Background execution not allowed: receiving Intent { act=android.net.wifi.STATE_CHANGE flg=0x4000010 (has extras) } to com.bestbuy.android/com.swirl.Swirl$DeviceChanged
12-06 17:53:36.997 W/BroadcastQueue( 1392): Background execution not allowed: receiving Intent { act=android.net.wifi.STATE_CHANGE flg=0x4000010 (has extras) } to com.delta.mobile.android/com.foresee.sdk.cxReplay.receivers.ConnectivityChangeEventReceiver
12-06 17:53:36.997 W/BroadcastQueue( 1392): Background execution not allowed: receiving Intent { act=android.net.wifi.STATE_CHANGE flg=0x4000010 (has extras) } to com.duapps.recorder/com.duapps.ad.video.NetworkStateReceiver
12-06 17:53:36.997 I/WifiService( 1392): getWifiApEnabledState uid=1000
12-06 17:53:36.998 E/Parcel  (  947): Reading a NULL string not supported here.
12-06 17:53:36.998 E/Parcel  (  947): Reading a NULL string not supported here.
12-06 17:53:37.000 I/QCNEJ/CndHalConnector( 2727): -> SND notifyRatConnectionStatusChanged(rat = 1, CONNECTED)
12-06 17:53:37.001 I/WifiService( 1392): getConnectionInfo uid=10015
12-06 17:53:37.003 I/WifiService( 1392): getConnectionInfo uid=10015
12-06 17:53:37.003 I/CarrierServices(15187): [656] bxd.a: FiST: Wifi connectivity status true
12-06 17:53:37.004 I/CarrierServices(15187): [688] bei.handleMessage: RCS is disabled, skipping config update request
12-06 17:53:37.005 I/CarrierServices(15187): [677] dax.a: CarrierServices.apk is not sim call manager. Not enabling MMTel.
12-06 17:53:37.005 I/CarrierServices(15187): [677] bda.run: (MMTel): : Ignoring Network Change based on IMS preferences
12-06 17:53:37.009 I/CarrierServices(15187): [656] bxi.d: Connected state: [1], networkType: [WIFI]
12-06 17:53:37.088 D/HxBatteryStatusReceiver(11834): onReceiveandroid.intent.action.BATTERY_CHANGED
12-06 17:53:37.088 D/KeyguardUpdateMonitor( 2600): received broadcast android.intent.action.BATTERY_CHANGED
12-06 17:53:37.093 D/KeyguardUpdateMonitor( 2600): handleBatteryUpdate
12-06 17:53:37.262 I/System.out( 3691): URI: //gesture
12-06 17:53:37.263 I/System.out( 3691): params: {json={"query_timeout":5.0,"gestures":[{"query_string":"android.widget.TabWidget descendant TextView index:1","touches":[{"x":50,"y":50,"offset_x":0,"offset_y":0,"wait":0.0,"time":0.2,"release":true,"query_string":null}]}]}
12-06 17:53:37.263 I/System.out( 3691): }
12-06 17:53:37.716 D/CompatibilityInfo( 1392): mCompatibilityFlags - 0
12-06 17:53:37.716 D/CompatibilityInfo( 1392): applicationDensity - 480
12-06 17:53:37.716 D/CompatibilityInfo( 1392): applicationScale - 1.0
12-06 17:53:37.929 I/BeaconBle( 4144): 'L' hardware scan: scan stopped, no clients
12-06 17:53:38.034 W/ADebug  ( 3863): Failed to get property persist.sys.media.traces
12-06 17:53:38.088 D/KeyguardUpdateMonitor( 2600): received broadcast android.intent.action.BATTERY_CHANGED
12-06 17:53:38.088 D/HxBatteryStatusReceiver(11834): onReceiveandroid.intent.action.BATTERY_CHANGED
12-06 17:53:38.091 D/KeyguardUpdateMonitor( 2600): handleBatteryUpdate
12-06 17:53:38.098 D/vndksupport( 3863): Loading /vendor/lib64/hw/android.hardware.graphics.mapper@2.0-impl.so from current namespace instead of sphal namespace.
12-06 17:53:38.099 D/vndksupport( 3863): Loading /vendor/lib64/hw/gralloc.msm8953.so from current namespace instead of sphal namespace.
12-06 17:53:38.132 I/CarrierServices(15187): [656] bxd.a: FiST: Wifi connectivity status true
12-06 17:53:38.133 I/CarrierServices(15187): [688] bei.handleMessage: RCS is disabled, skipping config update request
12-06 17:53:38.134 I/CarrierServices(15187): [656] bxi.d: Connected state: [1], networkType: [WIFI]
12-06 17:53:38.138 I/CarrierServices(15187): [677] dax.a: CarrierServices.apk is not sim call manager. Not enabling MMTel.
12-06 17:53:38.138 I/CarrierServices(15187): [677] bda.run: (MMTel): : Ignoring Network Change based on IMS preferences
