12-06 17:53:26.565 I/InstrumentationBackend( 3691): Added:'GetLoadProgress', with key:'get_load_progress'
12-06 17:53:26.566 D/BluetoothAdapterProperties( 3632): Adding bonded device:74:95:EC:06:B2:4E
12-06 17:53:26.566 I/InstrumentationBackend( 3691): Added:'DumpHtml', with key:'dump_html'
12-06 17:53:26.566 D/BluetoothAdapterProperties( 3632): Adding bonded device:04:5D:4B:5F:67:1E
12-06 17:53:26.567 I/InstrumentationBackend( 3691): Added:'DumpBodyHtml', with key:'dump_body_html'
12-06 17:53:26.567 D/BluetoothAdapterProperties( 3632): Adding bonded device:2C:41:A1:00:2E:B3
12-06 17:53:26.567 D/BluetoothAdapterProperties( 3632): Adding bonded device:7A:C9:A8:29:E8:25
12-06 17:53:26.567 I/InstrumentationBackend( 3691): Added:'EnterTextByCssSelector', with key:'enter_text_by_selector'
12-06 17:53:26.567 D/BluetoothAdapterProperties( 3632): Adding bonded device:04:52:C7:82:07:96
12-06 17:53:26.568 D/BluetoothAdapterProperties( 3632): Adding bonded device:2C:41:A1:C6:E6:E1
12-06 17:53:26.575 D/A2dpService( 3632): getA2dpService(): service is NULL
12-06 17:53:26.583 I/InstrumentationBackend( 3691): Added:'AndroidSDKVersion', with key:'android_sdk_version'
12-06 17:53:26.584 I/InstrumentationBackend( 3691): Added:'Version', with key:'version'
12-06 17:53:26.585 I/InstrumentationBackend( 3691): Added:'Drag', with key:'drag'
12-06 17:53:26.585 I/bt_btif_core( 3632): btif_enable_bluetooth_evt entered: status 0
12-06 17:53:26.585 I/InstrumentationBackend( 3691): Added:'TouchCoordinates', with key:'touch_coordinate'
12-06 17:53:26.586 I/bt_osi_thread( 3632): run_thread: thread id 3764, thread name btif_sock started
12-06 17:53:26.586 I/InstrumentationBackend( 3691): Added:'LongPressCoordinate', with key:'long_press_coordinate'
12-06 17:53:26.586 D/bt_bte_conf( 3632): Device ID record 1 : primary
12-06 17:53:26.587 D/bt_bte_conf( 3632):   vendorId            = 001d
12-06 17:53:26.587 I/InstrumentationBackend( 3691): Added:'DragCoordinates', with key:'drag_coordinates'
12-06 17:53:26.587 D/bt_bte_conf( 3632):   vendorIdSource      = 0001
12-06 17:53:26.587 D/bt_bte_conf( 3632):   product             = 1200
12-06 17:53:26.587 D/bt_bte_conf( 3632):   version             = 1436
12-06 17:53:26.587 D/bt_bte_conf( 3632):   clientExecutableURL = 
12-06 17:53:26.587 D/bt_bte_conf( 3632):   serviceDescription  = 
12-06 17:53:26.587 D/bt_bte_conf( 3632):   documentationURL    = 
12-06 17:53:26.587 D/bt_bte_conf( 3632): bte_load_did_conf no section named DID2.
12-06 17:53:26.587 I/bt_stack_manager( 3632): event_start_up_stack finished
12-06 17:53:26.587 I/bt_btif_core( 3632): btif_enable_bluetooth_evt finished
12-06 17:53:26.587 V/BluetoothAdapterState( 3632): PendingCommand - transient state(s): isBleTurningOn
12-06 17:53:26.587 D/BluetoothAdapterState( 3632): Current state: PENDING_COMMAND, message: 3
12-06 17:53:26.587 D/BluetoothAdapterProperties( 3632): Setting state to 15
12-06 17:53:26.587 I/BluetoothAdapterState( 3632): Bluetooth adapter state changed: 14-> 15
12-06 17:53:26.588 D/BluetoothAdapterService( 3632): updateAdapterState() - Broadcasting state to 1 receivers.
12-06 17:53:26.588 D/BluetoothManagerService( 1392): MESSAGE_BLUETOOTH_STATE_CHANGE: BLE_TURNING_ON > BLE_ON
12-06 17:53:26.588 D/BluetoothManagerService( 1392): Bluetooth is in LE only mode
12-06 17:53:26.588 I/InstrumentationBackend( 3691): Added:'ResumeApplication', with key:'resume_application'
12-06 17:53:26.588 D/BluetoothManagerService( 1392): Binding Bluetooth GATT service
12-06 17:53:26.589 I/BluetoothAdapterState( 3632): Entering BleOnState
12-06 17:53:26.589 I/InstrumentationBackend( 3691): Added:'Swipe', with key:'swipe'
12-06 17:53:26.589 D/BluetoothManagerService( 1392): Sending BLE State Change: BLE_TURNING_ON > BLE_ON
12-06 17:53:26.590 I/InstrumentationBackend( 3691): Added:'DoubleTapCoordinate', with key:'double_tap_coordinate'
12-06 17:53:26.590 I/InstrumentationBackend( 3691): Added:'ClickOnScreen', with key:'click_on_screen'
12-06 17:53:26.592 D/BluetoothManagerService( 1392): BluetoothServiceConnection: com.android.bluetooth.gatt.GattService
12-06 17:53:26.592 D/A2dpService( 3632): getA2dpService(): service is NULL
12-06 17:53:26.592 D/BluetoothManagerService( 1392): MESSAGE_BLUETOOTH_SERVICE_CONNECTED: 2
12-06 17:53:26.592 D/BluetoothManagerService( 1392): BluetoothGatt Service is Up
12-06 17:53:26.593 D/BluetoothManagerService( 1392): isBleAppPresent() count: 1
12-06 17:53:26.594 I/InstrumentationBackend( 3691): Added:'GetActivityName', with key:'get_activity_name'
12-06 17:53:26.594 I/BeaconBle( 4144): Resetting - new scanner available: true
12-06 17:53:26.595 I/InstrumentationBackend( 3691): Added:'ScrollToView', with key:'scroll_to_view'
12-06 17:53:26.597 I/InstrumentationBackend( 3691): Added:'ViewConfiguration', with key:'view_configuration'
12-06 17:53:26.597 I/InstrumentationBackend( 3691): Added:'IsCurrentActivityFocused', with key:'is_current_activity_focused'
12-06 17:53:26.599 I/InstrumentationBackend( 3691): Added:'SendTcp', with key:'send_tcp'
12-06 17:53:26.599 I/InstrumentationBackend( 3691): Added:'DpToDevicePixel', with key:'dp_to_device_pixel'
12-06 17:53:26.601 I/InstrumentationBackend( 3691): Added:'KeyboardEnterText', with key:'keyboard_enter_text'
12-06 17:53:26.602 I/InstrumentationBackend( 3691): Added:'DeleteSurroundingText', with key:'delete_surrounding_text'
12-06 17:53:26.602 I/InstrumentationBackend( 3691): Added:'SetComposingRegion', with key:'set_composing_region'
12-06 17:53:26.603 I/InstrumentationBackend( 3691): Added:'SetSelection', with key:'set_selection'
12-06 17:53:26.604 I/InstrumentationBackend( 3691): Added:'KeyboardKeyEvent', with key:'keyboard_key_event'
12-06 17:53:26.604 D/CompatibilityInfo( 1392): mCompatibilityFlags - 0
12-06 17:53:26.605 D/CompatibilityInfo( 1392): applicationDensity - 480
12-06 17:53:26.605 D/CompatibilityInfo( 1392): applicationScale - 1.0
12-06 17:53:26.605 I/BeaconBle( 4144): 'L' hardware scan: 1 filters, scanMode=-1, reportdelay=0, callback type=1, #clients=1, workSource=WorkSource{}
12-06 17:53:26.605 I/InstrumentationBackend( 3691): Added:'PressUserActionButton', with key:'press_user_action_button'
12-06 17:53:26.606 I/BeaconBle( 4144): Starting scan on OS scanner. BT state: 15
12-06 17:53:26.607 D/BluetoothAdapter( 4144): isLeEnabled(): BLE_ON
12-06 17:53:26.608 D/A2dpService( 3632): getA2dpService(): service is NULL
12-06 17:53:26.608 I/InstrumentationBackend( 3691): Added:'HideSoftKeyboard', with key:'hide_soft_keyboard'
12-06 17:53:26.611 I/InstrumentationBackend( 3691): Added:'ListActions', with key:'list_actions'
12-06 17:53:26.612 I/calabash( 3691): Instantiating http server at 7102
12-06 17:53:26.615 I/System.out( 3691): HTTP Daemon listening on: 7102
12-06 17:53:26.631 I/bt_stack( 3632): [INFO:gatt_api.cc(1006)] GATT_Register
12-06 17:53:26.631 I/bt_stack( 3632): [INFO:gatt_api.cc(1029)] allocated gatt_if=4
12-06 17:53:26.632 D/BluetoothLeScanner( 4144): onScannerRegistered() - status=0 scannerId=4 mScannerId=0
12-06 17:53:26.633 I/System.out( 3691): URI: //ping
12-06 17:53:26.634 I/System.out( 3691): params: {json={}
12-06 17:53:26.634 I/System.out( 3691): }
12-06 17:53:26.635 D/A2dpService( 3632): getA2dpService(): service is NULL
12-06 17:53:26.641 D/A2dpService( 3632): getA2dpService(): service is NULL
12-06 17:53:26.648 D/BluetoothAdapterService( 3632): getAdapterService() - returning com.android.bluetooth.btservice.AdapterService@ea65cb
12-06 17:53:26.652 I/System.out( 3691): URI: //ping
12-06 17:53:26.652 I/System.out( 3691): params: {json={}
12-06 17:53:26.652 I/System.out( 3691): }
12-06 17:53:26.659 D/A2dpService( 3632): getA2dpService(): service is NULL
12-06 17:53:26.666 I/System.out( 3691): URI: //ready
12-06 17:53:26.667 I/System.out( 3691): params: {json={}
12-06 17:53:26.667 I/System.out( 3691): }
12-06 17:53:26.677 I/System.out( 3691): URI: //
12-06 17:53:26.677 I/System.out( 3691): params: {json={"command":"version","arguments":[]}
12-06 17:53:26.677 I/System.out( 3691): }
12-06 17:53:26.677 I/System.out( 3691): header: {content-type=application/json;charset=utf-8, date=Thu, 06 Dec 2018 22:53:27 GMT, accept=*/*, host=127.0.0.1:34777, content-length=36, user-agent=HTTPClient/1.0 (2.8.3, ruby 2.5.1 (2018-03-29))}
12-06 17:53:26.677 I/System.out( 3691): params: {json={"command":"version","arguments":[]}
12-06 17:53:26.677 I/System.out( 3691): }
12-06 17:53:26.678 I/System.out( 3691): ProP json = {"command":"version","arguments":[]}
12-06 17:53:26.678 I/System.out( 3691): files: {}
12-06 17:53:26.678 I/System.out( 3691): command: {"command":"version","arguments":[]}
12-06 17:53:26.725 I/InstrumentationBackend( 3691): Got command:'Command:'Line:null,version', arguments:'[]'
12-06 17:53:26.783 W/ActivityManager( 1392): setHasOverlayUi called on unknown pid: 3486
12-06 17:53:26.815 I/System.out( 3691): result:{"bonusInformation":[],"message":"0.9.8","success":true}
12-06 17:53:26.826 I/System.out( 3691): URI: //start-application
12-06 17:53:26.826 I/System.out( 3691): params: {json={"intent":null}
12-06 17:53:26.826 I/System.out( 3691): }
12-06 17:53:26.942 I/ActivityManager( 1392): START u0 {act=android.intent.action.MAIN cat=[android.intent.category.LAUNCHER] flg=0x10200000 cmp=com.evancharlton.mileage/.Mileage} from uid 10258
12-06 17:53:26.943 E/ANDR-PERF-MPCTL(  588): Invalid profile no. 0, total profiles 0 only
12-06 17:53:26.945 E/ANDR-PERF-JNI( 1392): com_qualcomm_qtiperformance_native_perf_io_prefetch_start
12-06 17:53:26.948 D/ActivityTrigger( 1392): activityStartTrigger: Activity is Triggerred in full screen ApplicationInfo{4db0870 com.evancharlton.mileage}
12-06 17:53:26.948 E/ActivityTrigger( 1392): activityStartTrigger: not whiteListedcom.evancharlton.mileage/com.evancharlton.mileage.Mileage/3110
12-06 17:53:26.948 D/CompatibilityInfo( 1392): mCompatibilityFlags - 10
12-06 17:53:26.949 D/CompatibilityInfo( 1392): applicationDensity - 480
12-06 17:53:26.949 D/CompatibilityInfo( 1392): applicationScale - 1.0
12-06 17:53:26.949 D/ActivityTrigger( 1392): activityResumeTrigger: The activity in ApplicationInfo{4db0870 com.evancharlton.mileage} is now in focus and seems to be in full-screen mode
12-06 17:53:26.949 E/ActivityTrigger( 1392): activityResumeTrigger: not whiteListedcom.evancharlton.mileage/com.evancharlton.mileage.Mileage/3110
12-06 17:53:26.949 D/ActivityTrigger( 1392): ActivityTrigger activityPauseTrigger 
12-06 17:53:26.953 D/ActivityTrigger( 1392): activityResumeTrigger: The activity in ApplicationInfo{4db0870 com.evancharlton.mileage} is now in focus and seems to be in full-screen mode
12-06 17:53:26.954 E/ActivityTrigger( 1392): activityResumeTrigger: not whiteListedcom.evancharlton.mileage/com.evancharlton.mileage.Mileage/3110
12-06 17:53:26.958 D/CompatibilityInfo( 1392): mCompatibilityFlags - 10
12-06 17:53:26.958 D/CompatibilityInfo( 1392): applicationDensity - 480
12-06 17:53:26.958 D/CompatibilityInfo( 1392): applicationScale - 1.0
12-06 17:53:26.976 I/calabash( 3691): newActivity1
12-06 17:53:27.000 V/StatusBar( 2600): setLightsOn(true)
12-06 17:53:27.013 V/StatusBar( 2600): setLightsOn(true)
12-06 17:53:27.056 W/ActivityManager( 1392): Bad activity token: android.os.BinderProxy@a548385
12-06 17:53:27.056 W/ActivityManager( 1392): java.lang.ClassCastException: android.os.BinderProxy cannot be cast to com.android.server.am.ActivityRecord$Token
12-06 17:53:27.056 W/ActivityManager( 1392): 	at com.android.server.am.ActivityRecord.forTokenLocked(ActivityRecord.java:816)
12-06 17:53:27.056 W/ActivityManager( 1392): 	at com.android.server.am.ActivityRecord.isInStackLocked(ActivityRecord.java:2154)
12-06 17:53:27.056 W/ActivityManager( 1392): 	at com.android.server.am.ActivityRecord.getStackLocked(ActivityRecord.java:2159)
12-06 17:53:27.056 W/ActivityManager( 1392): 	at com.android.server.am.ActivityManagerService.getActivityDisplayId(ActivityManagerService.java:10744)
12-06 17:53:27.056 W/ActivityManager( 1392): 	at android.app.IActivityManager$Stub.onTransact(IActivityManager.java:2734)
12-06 17:53:27.056 W/ActivityManager( 1392): 	at com.android.server.am.ActivityManagerService.onTransact(ActivityManagerService.java:2971)
12-06 17:53:27.056 W/ActivityManager( 1392): 	at android.os.Binder.execTransact(Binder.java:697)
12-06 17:53:27.058 I/calabash( 3691): newActivity1
12-06 17:53:27.070 W/ActivityManager( 1392): Bad activity token: android.os.BinderProxy@a548385
12-06 17:53:27.070 W/ActivityManager( 1392): java.lang.ClassCastException: android.os.BinderProxy cannot be cast to com.android.server.am.ActivityRecord$Token
12-06 17:53:27.070 W/ActivityManager( 1392): 	at com.android.server.am.ActivityRecord.forTokenLocked(ActivityRecord.java:816)
12-06 17:53:27.070 W/ActivityManager( 1392): 	at com.android.server.am.ActivityRecord.isInStackLocked(ActivityRecord.java:2154)
12-06 17:53:27.070 W/ActivityManager( 1392): 	at com.android.server.am.ActivityManagerService.setTaskDescription(ActivityManagerService.java:10345)
12-06 17:53:27.070 W/ActivityManager( 1392): 	at android.app.IActivityManager$Stub.onTransact(IActivityManager.java:2820)
12-06 17:53:27.070 W/ActivityManager( 1392): 	at com.android.server.am.ActivityManagerService.onTransact(ActivityManagerService.java:2971)
12-06 17:53:27.070 W/ActivityManager( 1392): 	at android.os.Binder.execTransact(Binder.java:697)
12-06 17:53:27.072 W/ActivityManager( 1392): Bad activity token: android.os.BinderProxy@a548385
12-06 17:53:27.072 W/ActivityManager( 1392): java.lang.ClassCastException: android.os.BinderProxy cannot be cast to com.android.server.am.ActivityRecord$Token
12-06 17:53:27.072 W/ActivityManager( 1392): 	at com.android.server.am.ActivityRecord.forTokenLocked(ActivityRecord.java:816)
12-06 17:53:27.072 W/ActivityManager( 1392): 	at com.android.server.am.ActivityRecord.isInStackLocked(ActivityRecord.java:2154)
12-06 17:53:27.072 W/ActivityManager( 1392): 	at com.android.server.am.ActivityRecord.getStackLocked(ActivityRecord.java:2159)
12-06 17:53:27.072 W/ActivityManager( 1392): 	at com.android.server.am.ActivityManagerService.getActivityStackId(ActivityManagerService.java:10755)
12-06 17:53:27.072 W/ActivityManager( 1392): 	at android.app.IActivityManager$Stub.onTransact(IActivityManager.java:3513)
12-06 17:53:27.072 W/ActivityManager( 1392): 	at com.android.server.am.ActivityManagerService.onTransact(ActivityManagerService.java:2971)
12-06 17:53:27.072 W/ActivityManager( 1392): 	at android.os.Binder.execTransact(Binder.java:697)
12-06 17:53:27.219 W/ActivityManager( 1392): Bad activity token: android.os.BinderProxy@a548385
12-06 17:53:27.219 W/ActivityManager( 1392): java.lang.ClassCastException: android.os.BinderProxy cannot be cast to com.android.server.am.ActivityRecord$Token
12-06 17:53:27.219 W/ActivityManager( 1392): 	at com.android.server.am.ActivityRecord.forTokenLocked(ActivityRecord.java:816)
12-06 17:53:27.219 W/ActivityManager( 1392): 	at com.android.server.am.ActivityRecord.isInStackLocked(ActivityRecord.java:2154)
12-06 17:53:27.219 W/ActivityManager( 1392): 	at com.android.server.am.ActivityManagerService.getActivityOptions(ActivityManagerService.java:13590)
12-06 17:53:27.219 W/ActivityManager( 1392): 	at android.app.IActivityManager$Stub.onTransact(IActivityManager.java:2906)
12-06 17:53:27.219 W/ActivityManager( 1392): 	at com.android.server.am.ActivityManagerService.onTransact(ActivityManagerService.java:2971)
12-06 17:53:27.219 W/ActivityManager( 1392): 	at android.os.Binder.execTransact(Binder.java:697)
12-06 17:53:27.220 W/ActivityManager( 1392): Bad activity token: android.os.BinderProxy@a548385
12-06 17:53:27.220 W/ActivityManager( 1392): java.lang.ClassCastException: android.os.BinderProxy cannot be cast to com.android.server.am.ActivityRecord$Token
12-06 17:53:27.220 W/ActivityManager( 1392): 	at com.android.server.am.ActivityRecord.forTokenLocked(ActivityRecord.java:816)
12-06 17:53:27.220 W/ActivityManager( 1392): 	at com.android.server.am.ActivityRecord.isInStackLocked(ActivityRecord.java:2154)
12-06 17:53:27.220 W/ActivityManager( 1392): 	at com.android.server.am.ActivityManagerService.getActivityOptions(ActivityManagerService.java:13590)
12-06 17:53:27.220 W/ActivityManager( 1392): 	at android.app.IActivityManager$Stub.onTransact(IActivityManager.java:2906)
12-06 17:53:27.220 W/ActivityManager( 1392): 	at com.android.server.am.ActivityManagerService.onTransact(ActivityManagerService.java:2971)
12-06 17:53:27.220 W/ActivityManager( 1392): 	at android.os.Binder.execTransact(Binder.java:697)
12-06 17:53:27.315 V/StatusBar( 2600): setLightsOn(true)
12-06 17:53:27.395 I/chatty  ( 2600): uid=10030(com.android.systemui) identical 3 lines
12-06 17:53:27.416 V/StatusBar( 2600): setLightsOn(true)
12-06 17:53:27.447 I/zygote64( 3691): Do partial code cache collection, code=30KB, data=21KB
12-06 17:53:27.447 I/zygote64( 3691): After code cache collection, code=30KB, data=21KB
12-06 17:53:27.447 I/zygote64( 3691): Increasing code cache capacity to 128KB
12-06 17:53:27.452 D/vndksupport( 3691): Loading /vendor/lib64/hw/android.hardware.graphics.mapper@2.0-impl.so from current namespace instead of sphal namespace.
12-06 17:53:27.453 D/vndksupport( 3691): Loading /vendor/lib64/hw/gralloc.msm8953.so from current namespace instead of sphal namespace.
12-06 17:53:27.461 D/OpenGLRenderer( 3691): HWUI GL Pipeline
12-06 17:53:27.480 W/NotificationService( 1392): Object died trying to hide notification android.app.ITransientNotification$Stub$Proxy@f25d500 in package com.evancharlton.mileage
12-06 17:53:27.481 W/WindowManager( 1392): removeWindowToken: Attempted to remove non-existing token: android.os.Binder@f1566f
12-06 17:53:27.487 V/StatusBar( 2600): setLightsOn(true)
12-06 17:53:27.489 I/chatty  ( 2600): uid=10030(com.android.systemui) identical 1 line
12-06 17:53:27.491 V/StatusBar( 2600): setLightsOn(true)
12-06 17:53:27.493 I/ActivityManager( 1392): Displayed com.evancharlton.mileage/.Mileage: +534ms
12-06 17:53:27.493 E/ANDR-PERF-JNI( 1392): com_qualcomm_qtiperformance_native_perf_io_prefetch_start
12-06 17:53:27.499 V/StatusBar( 2600): setLightsOn(true)
12-06 17:53:27.647 I/System.out( 3691): URI: //map
12-06 17:53:27.647 I/System.out( 3691): params: {json={"query":"android.widget.EditText id:'price'","operation":{"method_name":"query","arguments":[]}}
12-06 17:53:27.647 I/System.out( 3691): }
12-06 17:53:27.666 V/StatusBar( 2600): setLightsOn(true)
12-06 17:53:27.716 I/chatty  ( 2600): uid=10030(com.android.systemui) identical 2 lines
12-06 17:53:27.718 V/StatusBar( 2600): setLightsOn(true)
12-06 17:53:27.720 D/ActivityTrigger( 1392): ActivityTrigger activityStopTrigger 
12-06 17:53:27.777 W/ResourceType( 3691): No package identifier when getting name for resource number 0x00000001
12-06 17:53:27.828 I/PBSessionCacheImpl( 3727): Deleted sessionId[61244495139646] from persistence.
12-06 17:53:27.831 I/WifiService( 1392): getConnectionInfo uid=10035
12-06 17:53:27.832 I/WifiService( 1392): getWifiEnabledState uid=10035
12-06 17:53:27.834 W/SearchServiceCore( 3727): Abort, client detached.
12-06 17:53:27.835 I/StreamController( 3727): cleanUpControllerScope(nowcards-15-655fb13-4ae2)
12-06 17:53:27.921 I/System.out( 3691): URI: //gesture
12-06 17:53:27.921 I/System.out( 3691): params: {json={"query_timeout":5.0,"gestures":[{"query_string":"android.widget.EditText id:'price'","touches":[{"x":50,"y":50,"offset_x":0,"offset_y":0,"wait":0.0,"time":0.2,"release":true,"query_string":null}]}]}
12-06 17:53:27.921 I/System.out( 3691): }
12-06 17:53:27.967 W/ResourceType( 3691): No package identifier when getting name for resource number 0x00000001
12-06 17:53:28.054 D/CompatibilityInfo( 1392): mCompatibilityFlags - 0
12-06 17:53:28.054 D/CompatibilityInfo( 1392): applicationDensity - 480
12-06 17:53:28.054 D/CompatibilityInfo( 1392): applicationScale - 1.0
12-06 17:53:28.134 I/zygote64( 3691): Do partial code cache collection, code=61KB, data=43KB
12-06 17:53:28.134 I/zygote64( 3691): After code cache collection, code=61KB, data=43KB
12-06 17:53:28.134 I/zygote64( 3691): Increasing code cache capacity to 256KB
12-06 17:53:28.277 I/Conv2QueryExtension( 4317): com.google.android.apps.inputmethod.libs.search.sense.ConversationToQueryExtension: Current locale: en_US, config allows these locales: de,en,fr,it,es,pt
12-06 17:53:28.278 I/Conv2QueryExtension( 4317): com.google.android.apps.inputmethod.libs.search.sense.ConversationToQueryExtension: Conv2Query not enabled due to current app [com.evancharlton.mileage] not in whitelist
12-06 17:53:28.278 I/Conv2QueryExtension( 4317): com.google.android.apps.inputmethod.libs.search.sense.ConversationToQueryExtension: onActivate() : Disabled by unsupported host app
12-06 17:53:28.278 I/CurrentMicStatusHolder( 4317): ghf: Current Mic status = {MicIconHidden-PasswordOrNumberOrDateInputType,}
12-06 17:53:28.284 V/StatusBar( 2600): setLightsOn(true)
12-06 17:53:28.358 I/chatty  ( 2600): uid=10030(com.android.systemui) identical 5 lines
12-06 17:53:28.552 V/StatusBar( 2600): setLightsOn(true)
12-06 17:53:28.844 I/System.out( 3691): URI: //
12-06 17:53:28.844 I/System.out( 3691): params: {json={"command":"set_selection","arguments":[-1,-1]}
12-06 17:53:28.845 I/System.out( 3691): }
12-06 17:53:28.845 I/System.out( 3691): header: {content-type=application/json;charset=utf-8, date=Thu, 06 Dec 2018 22:53:30 GMT, accept=*/*, host=127.0.0.1:34777, content-length=47, user-agent=HTTPClient/1.0 (2.8.3, ruby 2.5.1 (2018-03-29))}
12-06 17:53:28.845 I/System.out( 3691): params: {json={"command":"set_selection","arguments":[-1,-1]}
12-06 17:53:28.845 I/System.out( 3691): }
12-06 17:53:28.845 I/System.out( 3691): ProP json = {"command":"set_selection","arguments":[-1,-1]}
12-06 17:53:28.845 I/System.out( 3691): files: {}
12-06 17:53:28.845 I/System.out( 3691): command: {"command":"set_selection","arguments":[-1,-1]}
12-06 17:53:28.856 I/InstrumentationBackend( 3691): Got command:'Command:'Line:null,set_selection', arguments:'[-1, -1]'
12-06 17:53:28.887 I/System.out( 3691): result:{"bonusInformation":[],"message":"","success":true}
12-06 17:53:28.948 V/StatusBar( 2600): setLightsOn(true)
12-06 17:53:29.082 D/KeyguardUpdateMonitor( 2600): received broadcast android.intent.action.BATTERY_CHANGED
12-06 17:53:29.082 D/HxBatteryStatusReceiver(11834): onReceiveandroid.intent.action.BATTERY_CHANGED
12-06 17:53:29.085 D/KeyguardUpdateMonitor( 2600): handleBatteryUpdate
12-06 17:53:29.089 I/OD-RecognizerModule( 4317): com.google.android.apps.inputmethod.libs.voiceime.ondevice.OnDeviceRecognizerModule: dump()
12-06 17:53:29.124 I/System.out( 3691): URI: //
12-06 17:53:29.124 I/System.out( 3691): params: {json={"command":"keyboard_enter_text","arguments":["23"]}
12-06 17:53:29.124 I/System.out( 3691): }
12-06 17:53:29.125 I/System.out( 3691): header: {content-type=application/json;charset=utf-8, date=Thu, 06 Dec 2018 22:53:30 GMT, accept=*/*, host=127.0.0.1:34777, content-length=52, user-agent=HTTPClient/1.0 (2.8.3, ruby 2.5.1 (2018-03-29))}
12-06 17:53:29.125 I/System.out( 3691): params: {json={"command":"keyboard_enter_text","arguments":["23"]}
12-06 17:53:29.125 I/System.out( 3691): }
12-06 17:53:29.125 I/System.out( 3691): ProP json = {"command":"keyboard_enter_text","arguments":["23"]}
12-06 17:53:29.125 I/System.out( 3691): files: {}
12-06 17:53:29.125 I/System.out( 3691): command: {"command":"keyboard_enter_text","arguments":["23"]}
12-06 17:53:29.134 I/InstrumentationBackend( 3691): Got command:'Command:'Line:null,keyboard_enter_text', arguments:'[23]'
12-06 17:53:29.136 E/SpannableStringBuilder( 3691): SPAN_EXCLUSIVE_EXCLUSIVE spans cannot have a zero length
12-06 17:53:29.136 E/SpannableStringBuilder( 3691): SPAN_EXCLUSIVE_EXCLUSIVE spans cannot have a zero length
12-06 17:53:29.142 I/zygote64( 3691): Do full code cache collection, code=124KB, data=88KB
12-06 17:53:29.142 I/zygote64( 3691): After code cache collection, code=110KB, data=65KB
12-06 17:53:29.148 E/SpannableStringBuilder( 3691): SPAN_EXCLUSIVE_EXCLUSIVE spans cannot have a zero length
12-06 17:53:29.148 E/SpannableStringBuilder( 3691): SPAN_EXCLUSIVE_EXCLUSIVE spans cannot have a zero length
12-06 17:53:29.179 I/System.out( 3691): result:{"bonusInformation":[],"message":"","success":true}
12-06 17:53:29.597 W/ADebug  ( 3806): Failed to get property persist.sys.media.traces
12-06 17:53:29.658 D/vndksupport( 3806): Loading /vendor/lib64/hw/android.hardware.graphics.mapper@2.0-impl.so from current namespace instead of sphal namespace.
12-06 17:53:29.660 D/vndksupport( 3806): Loading /vendor/lib64/hw/gralloc.msm8953.so from current namespace instead of sphal namespace.
12-06 17:53:30.425 I/System.out( 3691): URI: //map
12-06 17:53:30.425 I/System.out( 3691): params: {json={"query":"android.widget.EditText id:'volume'","operation":{"method_name":"query","arguments":[]}}
12-06 17:53:30.426 I/System.out( 3691): }
12-06 17:53:30.469 W/ResourceType( 3691): No package identifier when getting name for resource number 0x00000001
12-06 17:53:30.566 I/System.out( 3691): URI: //gesture
12-06 17:53:30.566 I/System.out( 3691): params: {json={"query_timeout":5.0,"gestures":[{"query_string":"android.widget.EditText id:'volume'","touches":[{"x":50,"y":50,"offset_x":0,"offset_y":0,"wait":0.0,"time":0.2,"release":true,"query_string":null}]}]}
12-06 17:53:30.566 I/System.out( 3691): }
12-06 17:53:30.599 W/ResourceType( 3691): No package identifier when getting name for resource number 0x00000001
12-06 17:53:30.811 I/Finsky  (18728): [1587] com.google.android.finsky.bo.an.run(6): Stats for Executor: VerifyAppsDataStore com.google.android.finsky.bo.ao@961bcb6[Running, pool size = 0, active threads = 0, queued tasks = 0, completed tasks = 446]
12-06 17:53:30.812 I/Finsky  (18728): [1587] com.google.android.finsky.bo.an.run(6): Stats for Executor: Db-verify_apps.db com.google.android.finsky.bo.ao@e0fdb7[Running, pool size = 0, active threads = 0, queued tasks = 0, completed tasks = 570]
12-06 17:53:30.813 I/Finsky  (18728): [1587] com.google.android.finsky.bo.an.run(6): Stats for Executor: Db-scheduler com.google.android.finsky.bo.ao@fa3f924[Running, pool size = 0, active threads = 0, queued tasks = 0, completed tasks = 382]
12-06 17:53:30.813 I/Finsky  (18728): [1587] com.google.android.finsky.bo.an.run(6): Stats for Executor: Db-scheduler_logging_store.db com.google.android.finsky.bo.ao@4923c8d[Running, pool size = 0, active threads = 0, queued tasks = 0, completed tasks = 70]
12-06 17:53:30.814 I/Finsky  (18728): [1587] com.google.android.finsky.bo.an.run(6): Stats for Executor: InstallQueueDatabaseManager com.google.android.finsky.bo.ao@2c4ee42[Running, pool size = 0, active threads = 0, queued tasks = 0, completed tasks = 395]
12-06 17:53:30.886 I/PhenotypeExpConfig( 4317): com.google.android.apps.inputmethod.libs.experiments.PhenotypeExperimentConfiguration: refreshConfiguration() : Force = false : UpdateAvailable = false : Age = 80 minutes : MaxAge = 720 minutes
12-06 17:53:30.910 I/Conv2QueryExtension( 4317): com.google.android.apps.inputmethod.libs.search.sense.ConversationToQueryExtension: Current locale: en_US, config allows these locales: de,en,fr,it,es,pt
12-06 17:53:30.910 I/Conv2QueryExtension( 4317): com.google.android.apps.inputmethod.libs.search.sense.ConversationToQueryExtension: Conv2Query not enabled due to current app [com.evancharlton.mileage] not in whitelist
12-06 17:53:30.911 I/Conv2QueryExtension( 4317): com.google.android.apps.inputmethod.libs.search.sense.ConversationToQueryExtension: onActivate() : Disabled by unsupported host app
12-06 17:53:30.911 I/CurrentMicStatusHolder( 4317): ghf: Current Mic status = {MicIconHidden-PasswordOrNumberOrDateInputType,}
12-06 17:53:31.088 D/HxBatteryStatusReceiver(11834): onReceiveandroid.intent.action.BATTERY_CHANGED
12-06 17:53:31.088 D/KeyguardUpdateMonitor( 2600): received broadcast android.intent.action.BATTERY_CHANGED
12-06 17:53:31.094 D/KeyguardUpdateMonitor( 2600): handleBatteryUpdate
12-06 17:53:31.481 I/System.out( 3691): URI: //
12-06 17:53:31.481 I/System.out( 3691): params: {json={"command":"set_selection","arguments":[-1,-1]}
12-06 17:53:31.481 I/System.out( 3691): }
12-06 17:53:31.482 I/System.out( 3691): header: {content-type=application/json;charset=utf-8, date=Thu, 06 Dec 2018 22:53:32 GMT, accept=*/*, host=127.0.0.1:34777, content-length=47, user-agent=HTTPClient/1.0 (2.8.3, ruby 2.5.1 (2018-03-29))}
12-06 17:53:31.482 I/System.out( 3691): params: {json={"command":"set_selection","arguments":[-1,-1]}
12-06 17:53:31.482 I/System.out( 3691): }
12-06 17:53:31.483 I/System.out( 3691): ProP json = {"command":"set_selection","arguments":[-1,-1]}
12-06 17:53:31.483 I/System.out( 3691): files: {}
12-06 17:53:31.483 I/System.out( 3691): command: {"command":"set_selection","arguments":[-1,-1]}
12-06 17:53:31.503 I/InstrumentationBackend( 3691): Got command:'Command:'Line:null,set_selection', arguments:'[-1, -1]'
12-06 17:53:31.526 I/System.out( 3691): result:{"bonusInformation":[],"message":"","success":true}
12-06 17:53:31.741 I/OD-RecognizerModule( 4317): com.google.android.apps.inputmethod.libs.voiceime.ondevice.OnDeviceRecognizerModule: dump()
12-06 17:53:31.773 I/System.out( 3691): URI: //
12-06 17:53:31.773 I/System.out( 3691): params: {json={"command":"keyboard_enter_text","arguments":["49"]}
12-06 17:53:31.773 I/System.out( 3691): }
12-06 17:53:31.773 I/System.out( 3691): header: {content-type=application/json;charset=utf-8, date=Thu, 06 Dec 2018 22:53:33 GMT, accept=*/*, host=127.0.0.1:34777, content-length=52, user-agent=HTTPClient/1.0 (2.8.3, ruby 2.5.1 (2018-03-29))}
12-06 17:53:31.774 I/System.out( 3691): params: {json={"command":"keyboard_enter_text","arguments":["49"]}
12-06 17:53:31.774 I/System.out( 3691): }
12-06 17:53:31.774 I/System.out( 3691): ProP json = {"command":"keyboard_enter_text","arguments":["49"]}
12-06 17:53:31.774 I/System.out( 3691): files: {}
12-06 17:53:31.774 I/System.out( 3691): command: {"command":"keyboard_enter_text","arguments":["49"]}
12-06 17:53:31.782 I/InstrumentationBackend( 3691): Got command:'Command:'Line:null,keyboard_enter_text', arguments:'[49]'
12-06 17:53:31.784 E/SpannableStringBuilder( 3691): SPAN_EXCLUSIVE_EXCLUSIVE spans cannot have a zero length
12-06 17:53:31.795 I/chatty  ( 3691): uid=10258(com.evancharlton.mileage) identical 2 lines
12-06 17:53:31.795 E/SpannableStringBuilder( 3691): SPAN_EXCLUSIVE_EXCLUSIVE spans cannot have a zero length
12-06 17:53:31.795 I/zygote64( 3691): Do partial code cache collection, code=124KB, data=82KB
12-06 17:53:31.798 I/zygote64( 3691): After code cache collection, code=124KB, data=82KB
12-06 17:53:31.798 I/zygote64( 3691): Increasing code cache capacity to 512KB
12-06 17:53:31.820 I/System.out( 3691): result:{"bonusInformation":[],"message":"","success":true}
12-06 17:53:32.089 D/KeyguardUpdateMonitor( 2600): received broadcast android.intent.action.BATTERY_CHANGED
12-06 17:53:32.090 D/HxBatteryStatusReceiver(11834): onReceiveandroid.intent.action.BATTERY_CHANGED
12-06 17:53:32.096 D/KeyguardUpdateMonitor( 2600): handleBatteryUpdate
12-06 17:53:32.256 W/ADebug  ( 3822): Failed to get property persist.sys.media.traces
12-06 17:53:32.319 D/vndksupport( 3822): Loading /vendor/lib64/hw/android.hardware.graphics.mapper@2.0-impl.so from current namespace instead of sphal namespace.
12-06 17:53:32.320 D/vndksupport( 3822): Loading /vendor/lib64/hw/gralloc.msm8953.so from current namespace instead of sphal namespace.
12-06 17:53:32.883 D/CompatibilityInfo( 1392): mCompatibilityFlags - 0
12-06 17:53:32.883 D/CompatibilityInfo( 1392): applicationDensity - 480
12-06 17:53:32.883 D/CompatibilityInfo( 1392): applicationScale - 1.0
12-06 17:53:32.906 I/Places  ( 4144): ?: PlacesBleScanner stop()
12-06 17:53:32.908 D/BluetoothAdapter( 4144): disableBLE(): de-registering com.google.android.gms
12-06 17:53:32.908 D/BluetoothManagerService( 1392): Unregistered for death of com.google.android.gms
12-06 17:53:32.908 D/BluetoothManagerService( 1392): 0 registered Ble Apps
12-06 17:53:32.909 D/BluetoothManagerService( 1392): Reseting the mEnable flag for clean disable
12-06 17:53:32.909 D/BluetoothManagerService( 1392): Move to BT state OFF
12-06 17:53:32.909 D/BluetoothManagerService( 1392): Calling sendBrEdrDownCallback callbacks
12-06 17:53:32.909 D/BluetoothManagerService( 1392): isBleAppPresent() count: 0
12-06 17:53:32.909 I/PlaceInferenceEngine( 4144): [anon] Changed inference mode: 0
12-06 17:53:32.910 D/BluetoothAdapterState( 3632): Current state: BLE ON, message: 20
12-06 17:53:32.910 D/BluetoothAdapterProperties( 3632): Setting state to 16
12-06 17:53:32.910 I/BluetoothAdapterState( 3632): Bluetooth adapter state changed: 15-> 16
12-06 17:53:32.910 D/BluetoothAdapterService( 3632): updateAdapterState() - Broadcasting state to 1 receivers.
12-06 17:53:32.910 D/BluetoothAdapterProperties( 3632): onBleDisable
12-06 17:53:32.910 D/BluetoothManagerService( 1392): MESSAGE_BLUETOOTH_STATE_CHANGE: BLE_ON > BLE_TURNING_OFF
12-06 17:53:32.910 D/BluetoothManagerService( 1392): Sending BLE State Change: BLE_ON > BLE_TURNING_OFF
12-06 17:53:32.910 I/BluetoothAdapterState( 3632): Entering PendingCommandState
12-06 17:53:32.911 I/bt_stack_manager( 3632): event_shut_down_stack is bringing down the stack
12-06 17:53:32.911 I/bt_btif_core( 3632): btif_disable_bluetooth entered
12-06 17:53:32.911 E/bt_btif ( 3632): bta_jv_disable
12-06 17:53:32.912 W/bt_osi_thread( 3632): run_thread: thread id 3764, thread name btif_sock exited
12-06 17:53:32.912 I/bt_btif_core( 3632): btif_disable_bluetooth finished
12-06 17:53:32.912 W/bt_btif ( 3632): bta_dm_disable BTA_DISABLE_DELAY set to 200 ms
12-06 17:53:32.912 I/bt_core_module( 3632): module_shut_down Shutting down module "btif_config_module"
12-06 17:53:32.914 D/BluetoothAdapterProperties( 3632): Scan Mode:20
12-06 17:53:32.919 I/BeaconBle( 4144): Stopping scan on delegate scanner. BT state: 16
12-06 17:53:32.920 D/BluetoothAdapter( 4144): isLeEnabled(): BLE_TURNING_OFF
12-06 17:53:32.920 I/BeaconBle( 4144): Exception caught calling mLeScanner.stopScan() java.lang.IllegalStateException: BT Adapter is not turned ON
12-06 17:53:32.920 I/BeaconBle( 4144): Delegate scanner is not available. stopScan ignored
12-06 17:53:32.922 I/BeaconBle( 4144): Resetting - new scanner available: false
12-06 17:53:32.922 I/BeaconBle( 4144): 'L' hardware scan: scan stopped, no clients
12-06 17:53:32.922 I/BeaconBle( 4144): Places requested to stop scan
12-06 17:53:32.922 I/BeaconBle( 4144): Scan canceled successfully.
12-06 17:53:32.934 I/GeofencerStateMachine( 4144): removeGeofences: removeRequest=RemoveGeofencingRequest[REMOVE_BY_PENDING_INTENT pendingIntent=PendingIntent[creatorPackage=com.google.android.gms], packageName=null]
12-06 17:53:32.942 I/bt_core_module( 3632): module_shut_down Shutdown of module "btif_config_module" completed
12-06 17:53:33.067 I/System.out( 3691): URI: //map
12-06 17:53:33.067 I/System.out( 3691): params: {json={"query":"android.widget.EditText id:'odometer'","operation":{"method_name":"query","arguments":[]}}
12-06 17:53:33.068 I/System.out( 3691): }
12-06 17:53:33.105 W/ResourceType( 3691): No package identifier when getting name for resource number 0x00000001
12-06 17:53:33.112 I/bt_btif_core( 3632): btif_disable_bluetooth_evt entered
12-06 17:53:33.112 I/bt_core_module( 3632): module_shut_down Shutting down module "hci_module"
12-06 17:53:33.112 I/bt_hci  ( 3632): hci_module_shut_down
12-06 17:53:33.112 I/bt_hci  ( 3632): hci_close
12-06 17:53:33.112 W/vendor.qti.bluetooth@1.0-bluetooth_hci(  564): BluetoothHci::close()
12-06 17:53:33.113 I/vendor.qti.bluetooth@1.0-data_handler(  564): Sending HCI Reset 
12-06 17:53:33.175 I/System.out( 3691): URI: //gesture
12-06 17:53:33.176 I/System.out( 3691): params: {json={"query_timeout":5.0,"gestures":[{"query_string":"android.widget.EditText id:'odometer'","touches":[{"x":50,"y":50,"offset_x":0,"offset_y":0,"wait":0.0,"time":0.2,"release":true,"query_string":null}]}]}
12-06 17:53:33.176 I/System.out( 3691): }
12-06 17:53:33.189 W/vendor.qti.bluetooth@1.0-data_handler(  564): OnPacketReady: Received event for command sent internally: 03 0c 
12-06 17:53:33.189 W/vendor.qti.bluetooth@1.0-data_handler(  564): DataHandler::CleanUp()
12-06 17:53:33.189 D/vendor.qti.bluetooth@1.0-data_handler(  564): Close: Wait for collecting crash dump to finish
12-06 17:53:33.189 I/vendor.qti.bluetooth@1.0-data_handler(  564): DataHandler:: init_status 3
12-06 17:53:33.189 W/vendor.qti.bluetooth@1.0-async_fd_watcher(  564): StopThread: stopped the work thread
12-06 17:53:33.189 I/vendor.qti.bluetooth@1.0-mct_transport(  564): CleanUp:> soc_type: 0
12-06 17:53:33.205 W/ResourceType( 3691): No package identifier when getting name for resource number 0x00000001
12-06 17:53:33.388 W/vendor.qti.bluetooth@1.0-data_handler(  564): controller Cleanup done
12-06 17:53:33.389 I/vendor.qti.bluetooth@1.0-data_handler(  564): DataHandler:: joined Init thread 
12-06 17:53:33.389 D/vendor.qti.bluetooth@1.0-wake_lock(  564): CleanUp wakelock is destroyed 
12-06 17:53:33.389 W/vendor.qti.bluetooth@1.0-bluetooth_hci(  564): BluetoothHci::close, finish cleanup
12-06 17:53:33.390 W/bt_osi_thread( 3632): run_thread: thread id 3746, thread name hci_thread exited
12-06 17:53:33.391 I/bt_core_module( 3632): module_shut_down Shutdown of module "hci_module" completed
12-06 17:53:33.391 I/bt_core_module( 3632): module_shut_down Shutting down module "btsnoop_module"
12-06 17:53:33.392 I/bt_core_module( 3632): module_shut_down Shutdown of module "btsnoop_module" completed
12-06 17:53:33.392 I/bt_core_module( 3632): module_clean_up Cleaning up module "bte_logmsg_module"
12-06 17:53:33.392 I/bt_core_module( 3632): module_clean_up Cleanup of module "bte_logmsg_module" completed
12-06 17:53:33.392 W/bt_osi_thread( 3632): run_thread: thread id 3757, thread name bt_workqueue exited
12-06 17:53:33.393 I/bt_btif_core( 3632): btif_disable_bluetooth_evt finished
12-06 17:53:33.393 I/bt_core_module( 3632): module_shut_down Shutting down module "controller_module"
12-06 17:53:33.394 I/bt_core_module( 3632): module_shut_down Shutdown of module "controller_module" completed
12-06 17:53:33.394 I/bt_stack_manager( 3632): event_shut_down_stack finished
12-06 17:53:33.394 V/BluetoothAdapterState( 3632): PendingCommand - transient state(s): isBleTurningOff
12-06 17:53:33.394 D/BluetoothAdapterState( 3632): Current state: PENDING_COMMAND, message: 24
12-06 17:53:33.395 D/BluetoothAdapterService( 3632): stopGattProfileService()
12-06 17:53:33.395 D/BluetoothAdapterService( 3632): setProfileServiceState() - Stopping service com.android.bluetooth.gatt.GattService
12-06 17:53:33.397 D/BluetoothAdapterState( 3632): Stopping Gatt profile services that were post enabled
12-06 17:53:33.398 D/BtGatt.DebugUtils( 3632): handleDebugAction() action=null
12-06 17:53:33.398 D/BluetoothAdapterService( 3632): getAdapterService() - returning com.android.bluetooth.btservice.AdapterService@ea65cb
12-06 17:53:33.400 D/BtGatt.GattService( 3632): : Received stop request...Stopping profile...
12-06 17:53:33.404 D/BtGatt.GattService( 3632):  profile stopped successfully
12-06 17:53:33.405 D/BluetoothAdapterService( 3632): getAdapterService() - returning com.android.bluetooth.btservice.AdapterService@ea65cb
12-06 17:53:33.405 D/BluetoothAdapterService( 3632): handleMessage() - Message: 1
12-06 17:53:33.405 D/BluetoothAdapterService( 3632): handleMessage() - MESSAGE_PROFILE_SERVICE_STATE_CHANGED
12-06 17:53:33.405 W/BluetoothAdapterService( 3632): onProfileServiceStateChange() serviceName=com.android.bluetooth.gatt.GattService, state=10, doUpdate=true
12-06 17:53:33.406 D/BluetoothAdapterService( 3632): processProfileServiceStateChanged() - serviceName=com.android.bluetooth.gatt.GattService isTurningOn=false isTurningOff=false isBleTurningOn=false isBleTurningOff=true
12-06 17:53:33.406 D/BluetoothAdapterService( 3632): GattService stopped
12-06 17:53:33.406 V/BluetoothAdapterState( 3632): PendingCommand - transient state(s): isBleTurningOff
12-06 17:53:33.406 D/BluetoothAdapterState( 3632): Current state: PENDING_COMMAND, message: 25
12-06 17:53:33.406 D/BluetoothAdapterProperties( 3632): Setting state to 10
12-06 17:53:33.406 I/BluetoothAdapterState( 3632): Bluetooth adapter state changed: 16-> 10
12-06 17:53:33.406 D/BluetoothAdapterService( 3632): updateAdapterState() - Broadcasting state to 1 receivers.
12-06 17:53:33.407 I/BluetoothAdapterState( 3632): Entering OffState
12-06 17:53:33.407 D/BluetoothManagerService( 1392): MESSAGE_BLUETOOTH_STATE_CHANGE: BLE_TURNING_OFF > OFF
12-06 17:53:33.408 D/BluetoothManagerService( 1392): Bluetooth is complete send Service Down
12-06 17:53:33.408 D/BluetoothManagerService( 1392): Broadcasting onBluetoothServiceDown() to 12 receivers.
12-06 17:53:33.408 D/BluetoothAdapter( 3727): onBluetoothServiceDown: android.bluetooth.IBluetooth$Stub$Proxy@ab7484
12-06 17:53:33.408 D/BluetoothAdapter( 3727): onBluetoothServiceDown: Sending callbacks to 1 clients
12-06 17:53:33.408 D/BluetoothAdapter( 3727): onBluetoothServiceDown: Finished sending callbacks to registered clients
12-06 17:53:33.408 D/BluetoothAdapter( 1392): onBluetoothServiceDown: android.bluetooth.IBluetooth$Stub$Proxy@8342e07
12-06 17:53:33.408 D/BluetoothAdapter( 2767): onBluetoothServiceDown: android.bluetooth.IBluetooth$Stub$Proxy@32e26bd
12-06 17:53:33.408 D/BluetoothAdapter( 1392): onBluetoothServiceDown: Sending callbacks to 1 clients
12-06 17:53:33.409 D/BluetoothAdapter(26794): onBluetoothServiceDown: android.bluetooth.IBluetooth$Stub$Proxy@ff34265
12-06 17:53:33.409 D/BluetoothAdapter( 1392): onBluetoothServiceDown: Finished sending callbacks to registered clients
12-06 17:53:33.409 D/BluetoothAdapter(26794): onBluetoothServiceDown: Sending callbacks to 0 clients
12-06 17:53:33.409 D/BluetoothAdapter(26794): onBluetoothServiceDown: Finished sending callbacks to registered clients
12-06 17:53:33.409 D/BluetoothAdapter( 2767): onBluetoothServiceDown: Sending callbacks to 0 clients
12-06 17:53:33.409 D/BluetoothAdapter( 2767): onBluetoothServiceDown: Finished sending callbacks to registered clients
12-06 17:53:33.409 D/BluetoothAdapter( 4144): onBluetoothServiceDown: android.bluetooth.IBluetooth$Stub$Proxy@39a8bee
12-06 17:53:33.409 D/BluetoothAdapter( 4921): onBluetoothServiceDown: android.bluetooth.IBluetooth$Stub$Proxy@65e92f2
12-06 17:53:33.409 D/BluetoothAdapter( 5940): onBluetoothServiceDown: android.bluetooth.IBluetooth$Stub$Proxy@7d0e3b2
12-06 17:53:33.409 D/BluetoothAdapter( 4921): onBluetoothServiceDown: Sending callbacks to 1 clients
12-06 17:53:33.409 D/BluetoothAdapter( 4144): onBluetoothServiceDown: Sending callbacks to 0 clients
12-06 17:53:33.409 D/BluetoothManagerService( 1392): unbindAndFinish(): android.bluetooth.IBluetooth$Stub$Proxy@8342e07 mBinding = false mUnbinding = false
12-06 17:53:33.409 D/BluetoothAdapter( 4921): onBluetoothServiceDown: Finished sending callbacks to registered clients
12-06 17:53:33.409 D/BluetoothAdapter( 4144): onBluetoothServiceDown: Finished sending callbacks to registered clients
12-06 17:53:33.409 D/BluetoothAdapter( 5940): onBluetoothServiceDown: Sending callbacks to 0 clients
12-06 17:53:33.409 D/BluetoothAdapter( 5940): onBluetoothServiceDown: Finished sending callbacks to registered clients
12-06 17:53:33.409 D/BluetoothAdapter(30442): onBluetoothServiceDown: android.bluetooth.IBluetooth$Stub$Proxy@97a711a
12-06 17:53:33.409 D/BluetoothAdapter( 3632): onBluetoothServiceDown: com.android.bluetooth.btservice.AdapterService$AdapterServiceBinder@c009031
12-06 17:53:33.410 D/BluetoothAdapter(30442): onBluetoothServiceDown: Sending callbacks to 0 clients
12-06 17:53:33.410 D/BluetoothAdapter( 3632): onBluetoothServiceDown: Sending callbacks to 1 clients
12-06 17:53:33.410 D/BluetoothAdapter( 4282): onBluetoothServiceDown: android.bluetooth.IBluetooth$Stub$Proxy@7585718
12-06 17:53:33.410 D/BluetoothAdapter( 2600): onBluetoothServiceDown: android.bluetooth.IBluetooth$Stub$Proxy@7c7630
12-06 17:53:33.410 D/BluetoothAdapter(30442): onBluetoothServiceDown: Finished sending callbacks to registered clients
12-06 17:53:33.410 D/BluetoothAdapter( 3632): onBluetoothServiceDown: Finished sending callbacks to registered clients
12-06 17:53:33.410 D/BluetoothAdapter( 4282): onBluetoothServiceDown: Sending callbacks to 1 clients
12-06 17:53:33.410 D/BluetoothAdapter( 2600): onBluetoothServiceDown: Sending callbacks to 1 clients
12-06 17:53:33.410 D/BluetoothAdapter( 4282): onBluetoothServiceDown: Finished sending callbacks to registered clients
12-06 17:53:33.410 D/BluetoothAdapter( 2600): onBluetoothServiceDown: Finished sending callbacks to registered clients
12-06 17:53:33.410 D/BluetoothAdapter( 3704): onBluetoothServiceDown: android.bluetooth.IBluetooth$Stub$Proxy@ada5e9f
12-06 17:53:33.410 D/BluetoothAdapter( 3704): onBluetoothServiceDown: Sending callbacks to 0 clients
12-06 17:53:33.410 D/BluetoothAdapter( 3704): onBluetoothServiceDown: Finished sending callbacks to registered clients
12-06 17:53:33.412 W/BluetoothAdapterService( 3632): onUnbind, calling cleanup
12-06 17:53:33.412 D/BluetoothAdapterService( 3632): cleanup()
12-06 17:53:33.416 D/BluetoothManagerService( 1392): Sending BLE State Change: BLE_TURNING_OFF > OFF
12-06 17:53:33.419 W/BluetoothSdpJni( 3632): Cleaning up Bluetooth SDP Interface...
12-06 17:53:33.420 W/BluetoothSdpJni( 3632): Cleaning up Bluetooth SDP object
12-06 17:53:33.420 D/BluetoothAdapterService( 3632): cleanup() - Cleaning up adapter native
12-06 17:53:33.420 I/bt_stack_manager( 3632): event_clean_up_stack is cleaning up the stack
12-06 17:53:33.420 I/bt_btif_core( 3632): btif_cleanup_bluetooth entered
12-06 17:53:33.420 E/BluetoothServiceJni( 3632): Callback: 'callback_thread_event' is not called on the correct thread
12-06 17:53:33.421 I/bt_btif_queue( 3632): btif_queue_release
12-06 17:53:33.421 I/bt_btif_core( 3632): run_message_loop finished
12-06 17:53:33.421 W/bt_osi_thread( 3632): run_thread: thread id 3706, thread name bt_jni_workqueue exited
12-06 17:53:33.422 I/bt_core_module( 3632): module_clean_up Cleaning up module "stack_config_module"
12-06 17:53:33.422 I/bt_core_module( 3632): module_clean_up Cleanup of module "stack_config_module" completed
12-06 17:53:33.422 I/bt_core_module( 3632): module_clean_up Cleaning up module "interop_module"
12-06 17:53:33.437 I/bt_core_module( 3632): module_clean_up Cleanup of module "interop_module" completed
12-06 17:53:33.438 I/bt_core_module( 3632): module_clean_up Cleaning up module "profile_config_module"
12-06 17:53:33.438 I/bt_core_module( 3632): module_clean_up Cleanup of module "profile_config_module" completed
12-06 17:53:33.438 I/bt_btif_core( 3632): btif_cleanup_bluetooth finished
12-06 17:53:33.438 I/bt_core_module( 3632): module_clean_up Cleaning up module "btif_config_module"
12-06 17:53:33.443 I/bt_core_module( 3632): module_clean_up Cleanup of module "btif_config_module" completed
12-06 17:53:33.444 I/bt_core_module( 3632): module_clean_up Cleaning up module "bt_utils_module"
12-06 17:53:33.444 I/bt_core_module( 3632): module_clean_up Cleanup of module "bt_utils_module" completed
12-06 17:53:33.444 I/bt_core_module( 3632): module_clean_up Cleaning up module "osi_module"
12-06 17:53:33.444 D/bt_osi_alarm( 3632): callback_dispatch Callback thread exited
12-06 17:53:33.444 W/bt_osi_thread( 3632): run_thread: thread id 3690, thread name alarm_dispatcher exited
12-06 17:53:33.445 W/bt_osi_thread( 3632): run_thread: thread id 3689, thread name alarm_default_ca exited
12-06 17:53:33.445 I/bt_core_module( 3632): module_clean_up Cleanup of module "osi_module" completed
12-06 17:53:33.445 I/bt_stack_manager( 3632): event_clean_up_stack finished
12-06 17:53:33.445 I/BluetoothServiceJni( 3632): cleanupNative: return from cleanup
12-06 17:53:33.446 W/BluetoothVendorJni( 3632): Cleaning up Bluetooth Vendor Interface...
12-06 17:53:33.446 I/bt_btif_vendor( 3632): cleanup
12-06 17:53:33.446 W/BluetoothVendorJni( 3632): Cleaning up Bluetooth Vendor callback object
12-06 17:53:33.447 D/BluetoothAdapterService( 3632): onDestroy()
12-06 17:53:33.449 I/BluetoothAdapterService( 3632): Force exit to cleanup internal state in Bluetooth stack
12-06 17:53:33.453 I/zygote64( 3632): System.exit called, status: 0
12-06 17:53:33.454 I/AndroidRuntime( 3632): VM exiting with result code 0, cleanup skipped.
12-06 17:53:33.465 I/PhenotypeExpConfig( 4317): com.google.android.apps.inputmethod.libs.experiments.PhenotypeExperimentConfiguration: refreshConfiguration() : Force = false : UpdateAvailable = false : Age = 80 minutes : MaxAge = 720 minutes
12-06 17:53:33.475 I/ActivityManager( 1392): Process com.android.bluetooth (pid 3632) has died: fore SVC 
12-06 17:53:33.476 W/zygote64( 1392): kill(-3632, 9) failed: No such process
12-06 17:53:33.476 I/zygote64( 1392): Successfully killed process cgroup uid 1002 pid 3632 in 0ms
12-06 17:53:33.481 V/StatusBar( 2600): setLightsOn(true)
12-06 17:53:33.491 I/Conv2QueryExtension( 4317): com.google.android.apps.inputmethod.libs.search.sense.ConversationToQueryExtension: Current locale: en_US, config allows these locales: de,en,fr,it,es,pt
12-06 17:53:33.491 I/Conv2QueryExtension( 4317): com.google.android.apps.inputmethod.libs.search.sense.ConversationToQueryExtension: Conv2Query not enabled due to current app [com.evancharlton.mileage] not in whitelist
12-06 17:53:33.492 I/Conv2QueryExtension( 4317): com.google.android.apps.inputmethod.libs.search.sense.ConversationToQueryExtension: onActivate() : Disabled by unsupported host app
12-06 17:53:33.493 I/CurrentMicStatusHolder( 4317): ghf: Current Mic status = {MicIconHidden-PasswordOrNumberOrDateInputType,}
12-06 17:53:34.050 I/System.out( 3691): URI: //
12-06 17:53:34.050 I/System.out( 3691): params: {json={"command":"set_selection","arguments":[-1,-1]}
12-06 17:53:34.050 I/System.out( 3691): }
