12-06 17:53:46.838 W/BluetoothVendorJni( 3888): Cleaning up Bluetooth Vendor callback object
12-06 17:53:46.839 D/BluetoothAdapterService( 3888): onDestroy()
12-06 17:53:46.840 I/BluetoothAdapterService( 3888): Force exit to cleanup internal state in Bluetooth stack
12-06 17:53:46.841 I/zygote64( 3888): System.exit called, status: 0
12-06 17:53:46.841 I/AndroidRuntime( 3888): VM exiting with result code 0, cleanup skipped.
12-06 17:53:46.858 I/ActivityManager( 1392): Process com.android.bluetooth (pid 3888) has died: fore SVC 
12-06 17:53:46.858 W/zygote64( 1392): kill(-3888, 9) failed: No such process
12-06 17:53:46.858 I/zygote64( 1392): Successfully killed process cgroup uid 1002 pid 3888 in 0ms
12-06 17:53:46.859 W/ResourceType( 3914): No package identifier when getting name for resource number 0x00000001
12-06 17:53:46.862 V/StatusBar( 2600): setLightsOn(true)
12-06 17:53:47.093 D/HxBatteryStatusReceiver(11834): onReceiveandroid.intent.action.BATTERY_CHANGED
12-06 17:53:47.096 D/KeyguardUpdateMonitor( 2600): received broadcast android.intent.action.BATTERY_CHANGED
12-06 17:53:47.101 D/KeyguardUpdateMonitor( 2600): handleBatteryUpdate
12-06 17:53:47.116 I/PhenotypeExpConfig( 4317): com.google.android.apps.inputmethod.libs.experiments.PhenotypeExperimentConfiguration: refreshConfiguration() : Force = false : UpdateAvailable = false : Age = 81 minutes : MaxAge = 720 minutes
12-06 17:53:47.127 I/zygote64( 3914): Do full code cache collection, code=250KB, data=162KB
12-06 17:53:47.130 I/zygote64( 3914): After code cache collection, code=248KB, data=144KB
12-06 17:53:47.143 I/Conv2QueryExtension( 4317): com.google.android.apps.inputmethod.libs.search.sense.ConversationToQueryExtension: Current locale: en_US, config allows these locales: de,en,fr,it,es,pt
12-06 17:53:47.143 I/Conv2QueryExtension( 4317): com.google.android.apps.inputmethod.libs.search.sense.ConversationToQueryExtension: Conv2Query not enabled due to current app [com.evancharlton.mileage] not in whitelist
12-06 17:53:47.144 I/Conv2QueryExtension( 4317): com.google.android.apps.inputmethod.libs.search.sense.ConversationToQueryExtension: onActivate() : Disabled by unsupported host app
12-06 17:53:47.145 I/CurrentMicStatusHolder( 4317): ghf: Current Mic status = {MicIconHidden-PasswordOrNumberOrDateInputType,}
12-06 17:53:47.691 I/System.out( 3914): URI: //
12-06 17:53:47.692 I/System.out( 3914): params: {json={"command":"set_selection","arguments":[-1,-1]}
12-06 17:53:47.692 I/System.out( 3914): }
12-06 17:53:47.693 I/System.out( 3914): header: {content-type=application/json;charset=utf-8, date=Thu, 06 Dec 2018 22:53:48 GMT, accept=*/*, host=127.0.0.1:34777, content-length=47, user-agent=HTTPClient/1.0 (2.8.3, ruby 2.5.1 (2018-03-29))}
12-06 17:53:47.693 I/System.out( 3914): params: {json={"command":"set_selection","arguments":[-1,-1]}
12-06 17:53:47.693 I/System.out( 3914): }
12-06 17:53:47.694 I/System.out( 3914): ProP json = {"command":"set_selection","arguments":[-1,-1]}
12-06 17:53:47.694 I/System.out( 3914): files: {}
12-06 17:53:47.694 I/System.out( 3914): command: {"command":"set_selection","arguments":[-1,-1]}
12-06 17:53:47.718 I/InstrumentationBackend( 3914): Got command:'Command:'Line:null,set_selection', arguments:'[-1, -1]'
12-06 17:53:47.740 I/System.out( 3914): result:{"bonusInformation":[],"message":"","success":true}
12-06 17:53:47.960 I/OD-RecognizerModule( 4317): com.google.android.apps.inputmethod.libs.voiceime.ondevice.OnDeviceRecognizerModule: dump()
12-06 17:53:47.997 I/System.out( 3914): URI: //
12-06 17:53:47.997 I/System.out( 3914): params: {json={"command":"keyboard_enter_text","arguments":["98765432112345678900987654321123456789009876543211"]}
12-06 17:53:47.998 I/System.out( 3914): }
12-06 17:53:47.998 I/System.out( 3914): header: {content-type=application/json;charset=utf-8, date=Thu, 06 Dec 2018 22:53:49 GMT, accept=*/*, host=127.0.0.1:34777, content-length=100, user-agent=HTTPClient/1.0 (2.8.3, ruby 2.5.1 (2018-03-29))}
12-06 17:53:47.998 I/System.out( 3914): params: {json={"command":"keyboard_enter_text","arguments":["98765432112345678900987654321123456789009876543211"]}
12-06 17:53:47.998 I/System.out( 3914): }
12-06 17:53:47.998 I/System.out( 3914): ProP json = {"command":"keyboard_enter_text","arguments":["98765432112345678900987654321123456789009876543211"]}
12-06 17:53:47.998 I/System.out( 3914): files: {}
12-06 17:53:47.998 I/System.out( 3914): command: {"command":"keyboard_enter_text","arguments":["98765432112345678900987654321123456789009876543211"]}
12-06 17:53:48.006 I/InstrumentationBackend( 3914): Got command:'Command:'Line:null,keyboard_enter_text', arguments:'[98765432112345678900987654321123456789009876543211]'
12-06 17:53:48.008 E/SpannableStringBuilder( 3914): SPAN_EXCLUSIVE_EXCLUSIVE spans cannot have a zero length
12-06 17:53:48.083 I/chatty  ( 3914): uid=10258(com.evancharlton.mileage) identical 2 lines
12-06 17:53:48.083 E/SpannableStringBuilder( 3914): SPAN_EXCLUSIVE_EXCLUSIVE spans cannot have a zero length
12-06 17:53:48.106 I/System.out( 3914): result:{"bonusInformation":[],"message":"","success":true}
12-06 17:53:48.128 W/GInputConnectionWrapper( 4317): cts: IPC IC_GET_TEXT_BEFORE_CURSOR took 115 ms
12-06 17:53:48.575 W/ADebug  ( 4019): Failed to get property persist.sys.media.traces
12-06 17:53:48.637 D/vndksupport( 4019): Loading /vendor/lib64/hw/android.hardware.graphics.mapper@2.0-impl.so from current namespace instead of sphal namespace.
12-06 17:53:48.638 D/vndksupport( 4019): Loading /vendor/lib64/hw/gralloc.msm8953.so from current namespace instead of sphal namespace.
12-06 17:53:49.450 I/System.out( 3914): URI: //map
12-06 17:53:49.451 I/System.out( 3914): params: {json={"query":"android.widget.Button index:2","operation":{"method_name":"query","arguments":[]}}
12-06 17:53:49.451 I/System.out( 3914): }
12-06 17:53:49.579 I/System.out( 3914): URI: //gesture
12-06 17:53:49.579 I/System.out( 3914): params: {json={"query_timeout":5.0,"gestures":[{"query_string":"android.widget.Button index:2","touches":[{"x":50,"y":50,"offset_x":0,"offset_y":0,"wait":0.0,"time":0.2,"release":true,"query_string":null}]}]}
12-06 17:53:49.579 I/System.out( 3914): }
12-06 17:53:49.586 I/zygote64( 3914): Do partial code cache collection, code=251KB, data=158KB
12-06 17:53:49.587 I/zygote64( 3914): After code cache collection, code=251KB, data=158KB
12-06 17:53:49.587 I/zygote64( 3914): Increasing code cache capacity to 1024KB
12-06 17:53:49.732 D/WificondControl( 1392): Scan result ready event
12-06 17:53:49.734 I/WifiService( 1392): isScanAlwaysAvailable uid=1000
12-06 17:53:49.734 I/LOWI-8.5.0.3.b(  943): [LOWI-Scan] lowi_close_record:Scan completed in 108497511ms and Recieved 24 APs scan results
12-06 17:53:49.735 I/wificond(  847): Enters wifigbk_ageOutHistory
12-06 17:53:49.737 I/wificond(  847): Enters wifigbk_ageOutHistory
12-06 17:53:49.743 I/WifiService( 1392): isScanAlwaysAvailable uid=1000
12-06 17:53:49.789 I/Finsky  (18728): [1587] com.google.android.finsky.bo.an.run(6): Stats for Executor: Db-user_languages_store com.google.android.finsky.bo.ao@fdd6d34[Running, pool size = 0, active threads = 0, queued tasks = 0, completed tasks = 1]
12-06 17:53:49.955 D/CompatibilityInfo( 1392): mCompatibilityFlags - 10
12-06 17:53:49.955 D/CompatibilityInfo( 1392): applicationDensity - 480
12-06 17:53:49.955 D/CompatibilityInfo( 1392): applicationScale - 1.0
12-06 17:53:49.995 W/ActivityManager( 1392): Bad activity token: android.os.BinderProxy@f54c188
12-06 17:53:49.995 W/ActivityManager( 1392): java.lang.ClassCastException: android.os.BinderProxy cannot be cast to com.android.server.am.ActivityRecord$Token
12-06 17:53:49.995 W/ActivityManager( 1392): 	at com.android.server.am.ActivityRecord.forTokenLocked(ActivityRecord.java:816)
12-06 17:53:49.995 W/ActivityManager( 1392): 	at com.android.server.am.ActivityRecord.isInStackLocked(ActivityRecord.java:2154)
12-06 17:53:49.995 W/ActivityManager( 1392): 	at com.android.server.am.ActivityRecord.getStackLocked(ActivityRecord.java:2159)
12-06 17:53:49.995 W/ActivityManager( 1392): 	at com.android.server.am.ActivityManagerService.getActivityDisplayId(ActivityManagerService.java:10744)
12-06 17:53:49.995 W/ActivityManager( 1392): 	at android.app.IActivityManager$Stub.onTransact(IActivityManager.java:2734)
12-06 17:53:49.995 W/ActivityManager( 1392): 	at com.android.server.am.ActivityManagerService.onTransact(ActivityManagerService.java:2971)
12-06 17:53:49.995 W/ActivityManager( 1392): 	at android.os.Binder.execTransact(Binder.java:697)
12-06 17:53:49.997 I/calabash( 3914): newActivity1
12-06 17:53:50.004 W/ActivityManager( 1392): Bad activity token: android.os.BinderProxy@f54c188
12-06 17:53:50.004 W/ActivityManager( 1392): java.lang.ClassCastException: android.os.BinderProxy cannot be cast to com.android.server.am.ActivityRecord$Token
12-06 17:53:50.004 W/ActivityManager( 1392): 	at com.android.server.am.ActivityRecord.forTokenLocked(ActivityRecord.java:816)
12-06 17:53:50.004 W/ActivityManager( 1392): 	at com.android.server.am.ActivityRecord.isInStackLocked(ActivityRecord.java:2154)
12-06 17:53:50.004 W/ActivityManager( 1392): 	at com.android.server.am.ActivityManagerService.setTaskDescription(ActivityManagerService.java:10345)
12-06 17:53:50.004 W/ActivityManager( 1392): 	at android.app.IActivityManager$Stub.onTransact(IActivityManager.java:2820)
12-06 17:53:50.004 W/ActivityManager( 1392): 	at com.android.server.am.ActivityManagerService.onTransact(ActivityManagerService.java:2971)
12-06 17:53:50.004 W/ActivityManager( 1392): 	at android.os.Binder.execTransact(Binder.java:697)
12-06 17:53:50.006 W/ActivityManager( 1392): Bad activity token: android.os.BinderProxy@f54c188
12-06 17:53:50.006 W/ActivityManager( 1392): java.lang.ClassCastException: android.os.BinderProxy cannot be cast to com.android.server.am.ActivityRecord$Token
12-06 17:53:50.006 W/ActivityManager( 1392): 	at com.android.server.am.ActivityRecord.forTokenLocked(ActivityRecord.java:816)
12-06 17:53:50.006 W/ActivityManager( 1392): 	at com.android.server.am.ActivityRecord.isInStackLocked(ActivityRecord.java:2154)
12-06 17:53:50.006 W/ActivityManager( 1392): 	at com.android.server.am.ActivityRecord.getStackLocked(ActivityRecord.java:2159)
12-06 17:53:50.006 W/ActivityManager( 1392): 	at com.android.server.am.ActivityManagerService.getActivityStackId(ActivityManagerService.java:10755)
12-06 17:53:50.006 W/ActivityManager( 1392): 	at android.app.IActivityManager$Stub.onTransact(IActivityManager.java:3513)
12-06 17:53:50.006 W/ActivityManager( 1392): 	at com.android.server.am.ActivityManagerService.onTransact(ActivityManagerService.java:2971)
12-06 17:53:50.006 W/ActivityManager( 1392): 	at android.os.Binder.execTransact(Binder.java:697)
12-06 17:53:50.086 D/KeyguardUpdateMonitor( 2600): received broadcast android.intent.action.BATTERY_CHANGED
12-06 17:53:50.087 D/HxBatteryStatusReceiver(11834): onReceiveandroid.intent.action.BATTERY_CHANGED
12-06 17:53:50.090 D/KeyguardUpdateMonitor( 2600): handleBatteryUpdate
12-06 17:53:50.107 D/CompatibilityInfo( 1392): mCompatibilityFlags - 10
12-06 17:53:50.108 D/CompatibilityInfo( 1392): applicationDensity - 480
12-06 17:53:50.108 D/CompatibilityInfo( 1392): applicationScale - 1.0
12-06 17:53:50.109 W/ActivityManager( 1392): Bad activity token: android.os.BinderProxy@f54c188
12-06 17:53:50.109 W/ActivityManager( 1392): java.lang.ClassCastException: android.os.BinderProxy cannot be cast to com.android.server.am.ActivityRecord$Token
12-06 17:53:50.109 W/ActivityManager( 1392): 	at com.android.server.am.ActivityRecord.forTokenLocked(ActivityRecord.java:816)
12-06 17:53:50.109 W/ActivityManager( 1392): 	at com.android.server.am.ActivityRecord.isInStackLocked(ActivityRecord.java:2154)
12-06 17:53:50.109 W/ActivityManager( 1392): 	at com.android.server.am.ActivityManagerService.getActivityOptions(ActivityManagerService.java:13590)
12-06 17:53:50.109 W/ActivityManager( 1392): 	at android.app.IActivityManager$Stub.onTransact(IActivityManager.java:2906)
12-06 17:53:50.109 W/ActivityManager( 1392): 	at com.android.server.am.ActivityManagerService.onTransact(ActivityManagerService.java:2971)
12-06 17:53:50.109 W/ActivityManager( 1392): 	at android.os.Binder.execTransact(Binder.java:697)
12-06 17:53:50.122 I/PhenotypeExpConfig( 4317): com.google.android.apps.inputmethod.libs.experiments.PhenotypeExperimentConfiguration: refreshConfiguration() : Force = false : UpdateAvailable = false : Age = 81 minutes : MaxAge = 720 minutes
12-06 17:53:50.339 W/GInputConnectionWrapper( 4317): cts: IPC IC_GET_TEXT_BEFORE_CURSOR_AND_FIX_SELECTION_INDICES took 212 ms
12-06 17:53:50.343 D/Mileage.ABS( 3914): Finished backup
12-06 17:53:50.345 D/Mileage.ABS( 3914): Not backing up; 14
12-06 17:53:50.346 D/Mileage.ABS( 3914): Not backing up; 15
12-06 17:53:50.356 W/ADebug  ( 4025): Failed to get property persist.sys.media.traces
12-06 17:53:50.359 D/Mileage ( 3914): Recalculating
12-06 17:53:50.398 D/CompatibilityInfo( 1392): mCompatibilityFlags - 10
12-06 17:53:50.398 D/CompatibilityInfo( 1392): applicationDensity - 480
12-06 17:53:50.398 D/CompatibilityInfo( 1392): applicationScale - 1.0
12-06 17:53:50.410 I/zygote64( 3914): Compiler allocated 7MB to compile void android.widget.TextView.<init>(android.content.Context, android.util.AttributeSet, int, int)
12-06 17:53:50.419 D/Mileage.ABS( 3914): Not backing up; 88
12-06 17:53:50.425 D/vndksupport( 4025): Loading /vendor/lib64/hw/android.hardware.graphics.mapper@2.0-impl.so from current namespace instead of sphal namespace.
12-06 17:53:50.426 D/vndksupport( 4025): Loading /vendor/lib64/hw/gralloc.msm8953.so from current namespace instead of sphal namespace.
12-06 17:53:50.451 I/Conv2QueryExtension( 4317): com.google.android.apps.inputmethod.libs.search.sense.ConversationToQueryExtension: Current locale: en_US, config allows these locales: de,en,fr,it,es,pt
12-06 17:53:50.451 I/Conv2QueryExtension( 4317): com.google.android.apps.inputmethod.libs.search.sense.ConversationToQueryExtension: Conv2Query not enabled due to current app [com.evancharlton.mileage] not in whitelist
12-06 17:53:50.451 I/Conv2QueryExtension( 4317): com.google.android.apps.inputmethod.libs.search.sense.ConversationToQueryExtension: onActivate() : Disabled by unsupported host app
12-06 17:53:50.455 I/PhenotypeExpConfig( 4317): com.google.android.apps.inputmethod.libs.experiments.PhenotypeExperimentConfiguration: refreshConfiguration() : Force = false : UpdateAvailable = false : Age = 81 minutes : MaxAge = 720 minutes
12-06 17:53:50.469 D/FillupAdapter( 3914): Average economy: 1.0
12-06 17:53:50.470 V/StatusBar( 2600): setLightsOn(true)
12-06 17:53:50.535 I/chatty  ( 2600): uid=10030(com.android.systemui) identical 2 lines
12-06 17:53:50.658 V/StatusBar( 2600): setLightsOn(true)
12-06 17:53:51.095 D/KeyguardUpdateMonitor( 2600): received broadcast android.intent.action.BATTERY_CHANGED
12-06 17:53:51.097 D/HxBatteryStatusReceiver(11834): onReceiveandroid.intent.action.BATTERY_CHANGED
12-06 17:53:51.102 D/KeyguardUpdateMonitor( 2600): handleBatteryUpdate
12-06 17:53:51.108 I/System.out( 3914): URI: //gesture
12-06 17:53:51.109 I/System.out( 3914): params: {json={"query_timeout":5.0,"gestures":[{"query_string":"android.widget.TabWidget descendant TextView index:1","touches":[{"x":50,"y":50,"offset_x":0,"offset_y":0,"wait":0.0,"time":0.2,"release":true,"query_string":null}]}]}
12-06 17:53:51.109 I/System.out( 3914): }
12-06 17:53:51.320 I/WifiService( 1392): getConnectionInfo uid=10180
12-06 17:53:51.404 I/BeaconBle( 4144): 'L' hardware scan: scan stopped, no clients
12-06 17:53:51.915 W/ADebug  ( 4038): Failed to get property persist.sys.media.traces
12-06 17:53:51.978 D/vndksupport( 4038): Loading /vendor/lib64/hw/android.hardware.graphics.mapper@2.0-impl.so from current namespace instead of sphal namespace.
12-06 17:53:51.979 D/vndksupport( 4038): Loading /vendor/lib64/hw/gralloc.msm8953.so from current namespace instead of sphal namespace.
