12-06 17:53:40.067 I/InstrumentationBackend( 3914): Added:'DpToDevicePixel', with key:'dp_to_device_pixel'
12-06 17:53:40.069 I/InstrumentationBackend( 3914): Added:'KeyboardEnterText', with key:'keyboard_enter_text'
12-06 17:53:40.069 I/InstrumentationBackend( 3914): Added:'DeleteSurroundingText', with key:'delete_surrounding_text'
12-06 17:53:40.070 I/InstrumentationBackend( 3914): Added:'SetComposingRegion', with key:'set_composing_region'
12-06 17:53:40.070 I/InstrumentationBackend( 3914): Added:'SetSelection', with key:'set_selection'
12-06 17:53:40.071 I/InstrumentationBackend( 3914): Added:'KeyboardKeyEvent', with key:'keyboard_key_event'
12-06 17:53:40.072 I/InstrumentationBackend( 3914): Added:'PressUserActionButton', with key:'press_user_action_button'
12-06 17:53:40.074 I/InstrumentationBackend( 3914): Added:'HideSoftKeyboard', with key:'hide_soft_keyboard'
12-06 17:53:40.077 I/InstrumentationBackend( 3914): Added:'ListActions', with key:'list_actions'
12-06 17:53:40.078 I/calabash( 3914): Instantiating http server at 7102
12-06 17:53:40.080 I/System.out( 3914): HTTP Daemon listening on: 7102
12-06 17:53:40.088 D/KeyguardUpdateMonitor( 2600): received broadcast android.intent.action.BATTERY_CHANGED
12-06 17:53:40.089 D/HxBatteryStatusReceiver(11834): onReceiveandroid.intent.action.BATTERY_CHANGED
12-06 17:53:40.093 D/KeyguardUpdateMonitor( 2600): handleBatteryUpdate
12-06 17:53:40.094 I/System.out( 3914): URI: //ping
12-06 17:53:40.094 I/System.out( 3914): params: {json={}
12-06 17:53:40.094 I/System.out( 3914): }
12-06 17:53:40.110 I/System.out( 3914): URI: //ping
12-06 17:53:40.111 I/System.out( 3914): params: {json={}
12-06 17:53:40.111 I/System.out( 3914): }
12-06 17:53:40.117 D/CompatibilityInfo( 1392): mCompatibilityFlags - 0
12-06 17:53:40.117 D/CompatibilityInfo( 1392): applicationDensity - 480
12-06 17:53:40.117 D/CompatibilityInfo( 1392): applicationScale - 1.0
12-06 17:53:40.123 I/System.out( 3914): URI: //ready
12-06 17:53:40.124 I/System.out( 3914): params: {json={}
12-06 17:53:40.124 I/System.out( 3914): }
12-06 17:53:40.130 I/bt_core_module( 3888): module_start_up Started module "controller_module"
12-06 17:53:40.130 W/bt_osi_thread( 3888): run_thread: thread id 3955, thread name module_wrapper exited
12-06 17:53:40.131 W/bt_btm  ( 3888): btm_decode_ext_features_page: feature page 1 ignored
12-06 17:53:40.131 W/bt_btm  ( 3888): btm_decode_ext_features_page: feature page 2 ignored
12-06 17:53:40.131 I/bt_btm_sec( 3888): BTM_SecRegister p_cb_info->p_le_callback == 0x0x78caaca1d0
12-06 17:53:40.131 I/bt_btm_sec( 3888): BTM_SecRegister btm_cb.api.p_le_callback = 0x0x78caaca1d0 
12-06 17:53:40.131 I/bt_stack( 3888): [INFO:gatt_api.cc(1006)] GATT_Register
12-06 17:53:40.131 I/bt_stack( 3888): [INFO:gatt_api.cc(1029)] allocated gatt_if=3
12-06 17:53:40.142 I/System.out( 3914): URI: //
12-06 17:53:40.143 I/System.out( 3914): params: {json={"command":"version","arguments":[]}
12-06 17:53:40.143 I/System.out( 3914): }
12-06 17:53:40.143 I/System.out( 3914): header: {content-type=application/json;charset=utf-8, date=Thu, 06 Dec 2018 22:53:41 GMT, accept=*/*, host=127.0.0.1:34777, content-length=36, user-agent=HTTPClient/1.0 (2.8.3, ruby 2.5.1 (2018-03-29))}
12-06 17:53:40.143 I/System.out( 3914): params: {json={"command":"version","arguments":[]}
12-06 17:53:40.143 I/System.out( 3914): }
12-06 17:53:40.144 I/System.out( 3914): ProP json = {"command":"version","arguments":[]}
12-06 17:53:40.144 I/System.out( 3914): files: {}
12-06 17:53:40.144 I/System.out( 3914): command: {"command":"version","arguments":[]}
12-06 17:53:40.151 I/bt_stack( 3888): [INFO:ble_advertiser_hci_interface.cc(713)] VSC advertising will be in use
12-06 17:53:40.151 I/bt_stack( 3888): [INFO:ble_advertiser_hci_interface.cc(264)] QuirkAdvertiserZeroHandle in use
12-06 17:53:40.152 D/BluetoothAdapterProperties( 3888): BT_PROPERTY_LOCAL_LE_FEATURES: update from BT controller mNumOfAdvertisementInstancesSupported = 10 mRpaOffloadSupported = true mNumOfOffloadedIrkSupported = 8 mNumOfOffloadedScanFilterSupported = 16 mOffloadedScanResultStorageBytes= 10240 mIsActivityAndEnergyReporting = true mVersSupported = 96 mTotNumOfTrackableAdv = 32 mIsExtendedScanSupported = true mIsDebugLogSupported = true mIsLe2MPhySupported = false mIsLeCodedPhySupported = false mIsLeExtendedAdvertisingSupported = false mIsLePeriodicAdvertisingSupported = false mLeMaximumAdvertisingDataLength = 31
12-06 17:53:40.155 E/bt_btif_storage( 3888): btif_storage_get_adapter_property: Controller ready!
12-06 17:53:40.155 I/bt_btif_storage( 3888): btif_storage_get_adapter_property service_mask:0x20000000
12-06 17:53:40.157 D/BluetoothAdapterProperties( 3888): Address is:18:F0:E4:3B:C8:B9
12-06 17:53:40.159 D/BluetoothManagerService( 1392): Bluetooth Adapter address changed to 18:F0:E4:3B:C8:B9
12-06 17:53:40.159 D/BluetoothManagerService( 1392): Stored Bluetoothaddress: 18:F0:E4:3B:C8:B9
12-06 17:53:40.159 D/BluetoothAdapterProperties( 3888): Name is: Mi A1
12-06 17:53:40.159 D/BluetoothManagerService( 1392): Bluetooth Adapter name changed to Mi A1
12-06 17:53:40.160 D/BluetoothManagerService( 1392): Stored Bluetooth name: Mi A1
12-06 17:53:40.160 D/BluetoothAdapterProperties( 3888): Scan Mode:20
12-06 17:53:40.160 D/BluetoothAdapterProperties( 3888): Discoverable Timeout:120
12-06 17:53:40.163 D/BluetoothAdapterProperties( 3888): Adding bonded device:74:95:EC:06:B2:4E
12-06 17:53:40.163 D/BluetoothAdapterProperties( 3888): Adding bonded device:04:5D:4B:5F:67:1E
12-06 17:53:40.164 D/BluetoothAdapterProperties( 3888): Adding bonded device:2C:41:A1:00:2E:B3
12-06 17:53:40.164 D/BluetoothAdapterProperties( 3888): Adding bonded device:7A:C9:A8:29:E8:25
12-06 17:53:40.164 D/BluetoothAdapterProperties( 3888): Adding bonded device:04:52:C7:82:07:96
12-06 17:53:40.165 D/BluetoothAdapterProperties( 3888): Adding bonded device:2C:41:A1:C6:E6:E1
12-06 17:53:40.177 D/A2dpService( 3888): getA2dpService(): service is NULL
12-06 17:53:40.183 I/bt_btif_core( 3888): btif_enable_bluetooth_evt entered: status 0
12-06 17:53:40.184 I/bt_osi_thread( 3888): run_thread: thread id 3963, thread name btif_sock started
12-06 17:53:40.184 D/bt_bte_conf( 3888): Device ID record 1 : primary
12-06 17:53:40.184 D/bt_bte_conf( 3888):   vendorId            = 001d
12-06 17:53:40.184 D/bt_bte_conf( 3888):   vendorIdSource      = 0001
12-06 17:53:40.184 D/bt_bte_conf( 3888):   product             = 1200
12-06 17:53:40.184 D/bt_bte_conf( 3888):   version             = 1436
12-06 17:53:40.184 D/bt_bte_conf( 3888):   clientExecutableURL = 
12-06 17:53:40.184 D/bt_bte_conf( 3888):   serviceDescription  = 
12-06 17:53:40.184 D/bt_bte_conf( 3888):   documentationURL    = 
12-06 17:53:40.184 D/bt_bte_conf( 3888): bte_load_did_conf no section named DID2.
12-06 17:53:40.185 I/bt_btif_core( 3888): btif_enable_bluetooth_evt finished
12-06 17:53:40.185 I/bt_stack_manager( 3888): event_start_up_stack finished
12-06 17:53:40.185 V/BluetoothAdapterState( 3888): PendingCommand - transient state(s): isBleTurningOn
12-06 17:53:40.185 D/BluetoothAdapterState( 3888): Current state: PENDING_COMMAND, message: 3
12-06 17:53:40.185 D/BluetoothAdapterProperties( 3888): Setting state to 15
12-06 17:53:40.185 I/BluetoothAdapterState( 3888): Bluetooth adapter state changed: 14-> 15
12-06 17:53:40.185 D/BluetoothAdapterService( 3888): updateAdapterState() - Broadcasting state to 1 receivers.
12-06 17:53:40.185 D/BluetoothManagerService( 1392): MESSAGE_BLUETOOTH_STATE_CHANGE: BLE_TURNING_ON > BLE_ON
12-06 17:53:40.185 D/BluetoothManagerService( 1392): Bluetooth is in LE only mode
12-06 17:53:40.185 D/BluetoothManagerService( 1392): Binding Bluetooth GATT service
12-06 17:53:40.186 D/BluetoothManagerService( 1392): Sending BLE State Change: BLE_TURNING_ON > BLE_ON
12-06 17:53:40.186 I/BluetoothAdapterState( 3888): Entering BleOnState
12-06 17:53:40.187 D/BluetoothManagerService( 1392): BluetoothServiceConnection: com.android.bluetooth.gatt.GattService
12-06 17:53:40.187 D/BluetoothManagerService( 1392): MESSAGE_BLUETOOTH_SERVICE_CONNECTED: 2
12-06 17:53:40.187 D/BluetoothManagerService( 1392): BluetoothGatt Service is Up
12-06 17:53:40.188 D/BluetoothManagerService( 1392): isBleAppPresent() count: 1
12-06 17:53:40.188 D/A2dpService( 3888): getA2dpService(): service is NULL
12-06 17:53:40.189 I/BeaconBle( 4144): Resetting - new scanner available: true
12-06 17:53:40.193 I/BeaconBle( 4144): 'L' hardware scan: 1 filters, scanMode=-1, reportdelay=0, callback type=1, #clients=1, workSource=WorkSource{}
12-06 17:53:40.195 I/BeaconBle( 4144): Starting scan on OS scanner. BT state: 15
12-06 17:53:40.195 D/BluetoothAdapter( 4144): isLeEnabled(): BLE_ON
12-06 17:53:40.198 D/A2dpService( 3888): getA2dpService(): service is NULL
12-06 17:53:40.199 I/InstrumentationBackend( 3914): Got command:'Command:'Line:null,version', arguments:'[]'
12-06 17:53:40.202 I/bt_stack( 3888): [INFO:gatt_api.cc(1006)] GATT_Register
12-06 17:53:40.203 I/bt_stack( 3888): [INFO:gatt_api.cc(1029)] allocated gatt_if=4
12-06 17:53:40.203 D/BluetoothLeScanner( 4144): onScannerRegistered() - status=0 scannerId=4 mScannerId=0
12-06 17:53:40.209 D/BluetoothAdapterService( 3888): getAdapterService() - returning com.android.bluetooth.btservice.AdapterService@ea65cb
12-06 17:53:40.214 D/A2dpService( 3888): getA2dpService(): service is NULL
12-06 17:53:40.222 D/A2dpService( 3888): getA2dpService(): service is NULL
12-06 17:53:40.226 D/A2dpService( 3888): getA2dpService(): service is NULL
12-06 17:53:40.290 I/System.out( 3914): result:{"bonusInformation":[],"message":"0.9.8","success":true}
12-06 17:53:40.301 I/System.out( 3914): URI: //start-application
12-06 17:53:40.301 I/System.out( 3914): params: {json={"intent":null}
12-06 17:53:40.301 I/System.out( 3914): }
12-06 17:53:40.418 I/ActivityManager( 1392): START u0 {act=android.intent.action.MAIN cat=[android.intent.category.LAUNCHER] flg=0x10200000 cmp=com.evancharlton.mileage/.Mileage} from uid 10258
12-06 17:53:40.419 E/ANDR-PERF-MPCTL(  588): Invalid profile no. 0, total profiles 0 only
12-06 17:53:40.419 E/ANDR-PERF-JNI( 1392): com_qualcomm_qtiperformance_native_perf_io_prefetch_start
12-06 17:53:40.423 D/ActivityTrigger( 1392): activityStartTrigger: Activity is Triggerred in full screen ApplicationInfo{4db0870 com.evancharlton.mileage}
12-06 17:53:40.423 E/ActivityTrigger( 1392): activityStartTrigger: not whiteListedcom.evancharlton.mileage/com.evancharlton.mileage.Mileage/3110
12-06 17:53:40.423 D/CompatibilityInfo( 1392): mCompatibilityFlags - 10
12-06 17:53:40.423 D/CompatibilityInfo( 1392): applicationDensity - 480
12-06 17:53:40.423 D/CompatibilityInfo( 1392): applicationScale - 1.0
12-06 17:53:40.424 D/ActivityTrigger( 1392): activityResumeTrigger: The activity in ApplicationInfo{4db0870 com.evancharlton.mileage} is now in focus and seems to be in full-screen mode
12-06 17:53:40.424 E/ActivityTrigger( 1392): activityResumeTrigger: not whiteListedcom.evancharlton.mileage/com.evancharlton.mileage.Mileage/3110
12-06 17:53:40.424 D/ActivityTrigger( 1392): ActivityTrigger activityPauseTrigger 
12-06 17:53:40.429 D/ActivityTrigger( 1392): activityResumeTrigger: The activity in ApplicationInfo{4db0870 com.evancharlton.mileage} is now in focus and seems to be in full-screen mode
12-06 17:53:40.429 E/ActivityTrigger( 1392): activityResumeTrigger: not whiteListedcom.evancharlton.mileage/com.evancharlton.mileage.Mileage/3110
12-06 17:53:40.438 D/CompatibilityInfo( 1392): mCompatibilityFlags - 10
12-06 17:53:40.438 D/CompatibilityInfo( 1392): applicationDensity - 480
12-06 17:53:40.438 D/CompatibilityInfo( 1392): applicationScale - 1.0
12-06 17:53:40.451 I/calabash( 3914): newActivity1
12-06 17:53:40.479 V/StatusBar( 2600): setLightsOn(true)
12-06 17:53:40.523 W/ActivityManager( 1392): Bad activity token: android.os.BinderProxy@c27d4c2
12-06 17:53:40.523 W/ActivityManager( 1392): java.lang.ClassCastException: android.os.BinderProxy cannot be cast to com.android.server.am.ActivityRecord$Token
12-06 17:53:40.523 W/ActivityManager( 1392): 	at com.android.server.am.ActivityRecord.forTokenLocked(ActivityRecord.java:816)
12-06 17:53:40.523 W/ActivityManager( 1392): 	at com.android.server.am.ActivityRecord.isInStackLocked(ActivityRecord.java:2154)
12-06 17:53:40.523 W/ActivityManager( 1392): 	at com.android.server.am.ActivityRecord.getStackLocked(ActivityRecord.java:2159)
12-06 17:53:40.523 W/ActivityManager( 1392): 	at com.android.server.am.ActivityManagerService.getActivityDisplayId(ActivityManagerService.java:10744)
12-06 17:53:40.523 W/ActivityManager( 1392): 	at android.app.IActivityManager$Stub.onTransact(IActivityManager.java:2734)
12-06 17:53:40.523 W/ActivityManager( 1392): 	at com.android.server.am.ActivityManagerService.onTransact(ActivityManagerService.java:2971)
12-06 17:53:40.523 W/ActivityManager( 1392): 	at android.os.Binder.execTransact(Binder.java:697)
12-06 17:53:40.525 I/calabash( 3914): newActivity1
12-06 17:53:40.538 W/ActivityManager( 1392): Bad activity token: android.os.BinderProxy@c27d4c2
12-06 17:53:40.538 W/ActivityManager( 1392): java.lang.ClassCastException: android.os.BinderProxy cannot be cast to com.android.server.am.ActivityRecord$Token
12-06 17:53:40.538 W/ActivityManager( 1392): 	at com.android.server.am.ActivityRecord.forTokenLocked(ActivityRecord.java:816)
12-06 17:53:40.538 W/ActivityManager( 1392): 	at com.android.server.am.ActivityRecord.isInStackLocked(ActivityRecord.java:2154)
12-06 17:53:40.538 W/ActivityManager( 1392): 	at com.android.server.am.ActivityManagerService.setTaskDescription(ActivityManagerService.java:10345)
12-06 17:53:40.538 W/ActivityManager( 1392): 	at android.app.IActivityManager$Stub.onTransact(IActivityManager.java:2820)
12-06 17:53:40.538 W/ActivityManager( 1392): 	at com.android.server.am.ActivityManagerService.onTransact(ActivityManagerService.java:2971)
12-06 17:53:40.538 W/ActivityManager( 1392): 	at android.os.Binder.execTransact(Binder.java:697)
12-06 17:53:40.539 W/ActivityManager( 1392): Bad activity token: android.os.BinderProxy@c27d4c2
12-06 17:53:40.539 W/ActivityManager( 1392): java.lang.ClassCastException: android.os.BinderProxy cannot be cast to com.android.server.am.ActivityRecord$Token
12-06 17:53:40.539 W/ActivityManager( 1392): 	at com.android.server.am.ActivityRecord.forTokenLocked(ActivityRecord.java:816)
12-06 17:53:40.539 W/ActivityManager( 1392): 	at com.android.server.am.ActivityRecord.isInStackLocked(ActivityRecord.java:2154)
12-06 17:53:40.539 W/ActivityManager( 1392): 	at com.android.server.am.ActivityRecord.getStackLocked(ActivityRecord.java:2159)
12-06 17:53:40.539 W/ActivityManager( 1392): 	at com.android.server.am.ActivityManagerService.getActivityStackId(ActivityManagerService.java:10755)
12-06 17:53:40.539 W/ActivityManager( 1392): 	at android.app.IActivityManager$Stub.onTransact(IActivityManager.java:3513)
12-06 17:53:40.539 W/ActivityManager( 1392): 	at com.android.server.am.ActivityManagerService.onTransact(ActivityManagerService.java:2971)
12-06 17:53:40.539 W/ActivityManager( 1392): 	at android.os.Binder.execTransact(Binder.java:697)
12-06 17:53:40.601 W/ResourceType( 2600): ResTable_typeSpec entry count inconsistent: given 6, previously 24
12-06 17:53:40.601 W/ResourceType( 2600): ResTable_typeSpec entry count inconsistent: given 97, previously 217
12-06 17:53:40.601 W/ResourceType( 2600): ResTable_typeSpec entry count inconsistent: given 371, previously 1426
12-06 17:53:40.601 W/ResourceType( 2600): ResTable_typeSpec entry count inconsistent: given 1707, previously 1720
12-06 17:53:40.601 W/ResourceType( 2600): ResTable_typeSpec entry count inconsistent: given 61, previously 66
12-06 17:53:40.602 W/ResourceType( 2600): ResTable_typeSpec entry count inconsistent: given 193, previously 2453
12-06 17:53:40.634 W/ResourceType( 2600): ResTable_typeSpec entry count inconsistent: given 468, previously 1300
12-06 17:53:40.690 W/ResourceType( 2600): ResTable_typeSpec entry count inconsistent: given 1438, previously 1935
12-06 17:53:40.691 W/ResourceType( 2600): ResTable_typeSpec entry count inconsistent: given 2629, previously 2631
12-06 17:53:40.691 W/ResourceType( 2600): ResTable_typeSpec entry count inconsistent: given 843, previously 1759
12-06 17:53:40.695 W/ActivityManager( 1392): Bad activity token: android.os.BinderProxy@c27d4c2
12-06 17:53:40.695 W/ActivityManager( 1392): java.lang.ClassCastException: android.os.BinderProxy cannot be cast to com.android.server.am.ActivityRecord$Token
12-06 17:53:40.695 W/ActivityManager( 1392): 	at com.android.server.am.ActivityRecord.forTokenLocked(ActivityRecord.java:816)
12-06 17:53:40.695 W/ActivityManager( 1392): 	at com.android.server.am.ActivityRecord.isInStackLocked(ActivityRecord.java:2154)
12-06 17:53:40.695 W/ActivityManager( 1392): 	at com.android.server.am.ActivityManagerService.getActivityOptions(ActivityManagerService.java:13590)
12-06 17:53:40.695 W/ActivityManager( 1392): 	at android.app.IActivityManager$Stub.onTransact(IActivityManager.java:2906)
12-06 17:53:40.695 W/ActivityManager( 1392): 	at com.android.server.am.ActivityManagerService.onTransact(ActivityManagerService.java:2971)
12-06 17:53:40.695 W/ActivityManager( 1392): 	at android.os.Binder.execTransact(Binder.java:697)
12-06 17:53:40.696 W/ActivityManager( 1392): Bad activity token: android.os.BinderProxy@c27d4c2
12-06 17:53:40.696 W/ActivityManager( 1392): java.lang.ClassCastException: android.os.BinderProxy cannot be cast to com.android.server.am.ActivityRecord$Token
12-06 17:53:40.696 W/ActivityManager( 1392): 	at com.android.server.am.ActivityRecord.forTokenLocked(ActivityRecord.java:816)
12-06 17:53:40.696 W/ActivityManager( 1392): 	at com.android.server.am.ActivityRecord.isInStackLocked(ActivityRecord.java:2154)
12-06 17:53:40.696 W/ActivityManager( 1392): 	at com.android.server.am.ActivityManagerService.getActivityOptions(ActivityManagerService.java:13590)
12-06 17:53:40.696 W/ActivityManager( 1392): 	at android.app.IActivityManager$Stub.onTransact(IActivityManager.java:2906)
12-06 17:53:40.696 W/ActivityManager( 1392): 	at com.android.server.am.ActivityManagerService.onTransact(ActivityManagerService.java:2971)
12-06 17:53:40.696 W/ActivityManager( 1392): 	at android.os.Binder.execTransact(Binder.java:697)
12-06 17:53:40.781 V/StatusBar( 2600): setLightsOn(true)
12-06 17:53:40.864 I/chatty  ( 2600): uid=10030(com.android.systemui) identical 3 lines
12-06 17:53:40.899 V/StatusBar( 2600): setLightsOn(true)
12-06 17:53:40.900 I/zygote64( 3914): Do partial code cache collection, code=28KB, data=21KB
12-06 17:53:40.900 I/zygote64( 3914): After code cache collection, code=28KB, data=21KB
12-06 17:53:40.900 I/zygote64( 3914): Increasing code cache capacity to 128KB
12-06 17:53:40.923 D/vndksupport( 3914): Loading /vendor/lib64/hw/android.hardware.graphics.mapper@2.0-impl.so from current namespace instead of sphal namespace.
12-06 17:53:40.924 D/vndksupport( 3914): Loading /vendor/lib64/hw/gralloc.msm8953.so from current namespace instead of sphal namespace.
12-06 17:53:40.932 D/OpenGLRenderer( 3914): HWUI GL Pipeline
12-06 17:53:40.959 V/StatusBar( 2600): setLightsOn(true)
12-06 17:53:40.961 I/chatty  ( 2600): uid=10030(com.android.systemui) identical 1 line
12-06 17:53:40.964 V/StatusBar( 2600): setLightsOn(true)
12-06 17:53:40.965 I/ActivityManager( 1392): Displayed com.evancharlton.mileage/.Mileage: +525ms
12-06 17:53:40.966 E/ANDR-PERF-JNI( 1392): com_qualcomm_qtiperformance_native_perf_io_prefetch_start
12-06 17:53:40.968 V/StatusBar( 2600): setLightsOn(true)
12-06 17:53:41.084 D/KeyguardUpdateMonitor( 2600): received broadcast android.intent.action.BATTERY_CHANGED
12-06 17:53:41.084 D/HxBatteryStatusReceiver(11834): onReceiveandroid.intent.action.BATTERY_CHANGED
12-06 17:53:41.086 D/KeyguardUpdateMonitor( 2600): handleBatteryUpdate
12-06 17:53:41.121 I/System.out( 3914): URI: //map
12-06 17:53:41.121 I/System.out( 3914): params: {json={"query":"android.widget.EditText id:'price'","operation":{"method_name":"query","arguments":[]}}
12-06 17:53:41.121 I/System.out( 3914): }
12-06 17:53:41.133 V/StatusBar( 2600): setLightsOn(true)
12-06 17:53:41.183 I/chatty  ( 2600): uid=10030(com.android.systemui) identical 2 lines
12-06 17:53:41.186 V/StatusBar( 2600): setLightsOn(true)
12-06 17:53:41.189 D/ActivityTrigger( 1392): ActivityTrigger activityStopTrigger 
12-06 17:53:41.250 W/ResourceType( 3914): No package identifier when getting name for resource number 0x00000001
12-06 17:53:41.297 I/PBSessionCacheImpl( 3727): Deleted sessionId[61244495139651] from persistence.
12-06 17:53:41.300 I/WifiService( 1392): getConnectionInfo uid=10035
12-06 17:53:41.301 I/WifiService( 1392): getWifiEnabledState uid=10035
12-06 17:53:41.302 W/SearchServiceCore( 3727): Abort, client detached.
12-06 17:53:41.303 I/StreamController( 3727): cleanUpControllerScope(nowcards-15-655fb13-4ae2)
12-06 17:53:41.395 I/System.out( 3914): URI: //gesture
12-06 17:53:41.395 I/System.out( 3914): params: {json={"query_timeout":5.0,"gestures":[{"query_string":"android.widget.EditText id:'price'","touches":[{"x":50,"y":50,"offset_x":0,"offset_y":0,"wait":0.0,"time":0.2,"release":true,"query_string":null}]}]}
12-06 17:53:41.395 I/System.out( 3914): }
12-06 17:53:41.443 W/ResourceType( 3914): No package identifier when getting name for resource number 0x00000001
12-06 17:53:41.529 D/CompatibilityInfo( 1392): mCompatibilityFlags - 0
12-06 17:53:41.530 D/CompatibilityInfo( 1392): applicationDensity - 480
12-06 17:53:41.530 D/CompatibilityInfo( 1392): applicationScale - 1.0
12-06 17:53:41.601 I/zygote64( 3914): Do partial code cache collection, code=61KB, data=43KB
12-06 17:53:41.601 I/zygote64( 3914): After code cache collection, code=61KB, data=43KB
12-06 17:53:41.601 I/zygote64( 3914): Increasing code cache capacity to 256KB
12-06 17:53:41.744 I/Conv2QueryExtension( 4317): com.google.android.apps.inputmethod.libs.search.sense.ConversationToQueryExtension: Current locale: en_US, config allows these locales: de,en,fr,it,es,pt
12-06 17:53:41.745 I/Conv2QueryExtension( 4317): com.google.android.apps.inputmethod.libs.search.sense.ConversationToQueryExtension: Conv2Query not enabled due to current app [com.evancharlton.mileage] not in whitelist
12-06 17:53:41.745 I/Conv2QueryExtension( 4317): com.google.android.apps.inputmethod.libs.search.sense.ConversationToQueryExtension: onActivate() : Disabled by unsupported host app
12-06 17:53:41.745 I/CurrentMicStatusHolder( 4317): ghf: Current Mic status = {MicIconHidden-PasswordOrNumberOrDateInputType,}
12-06 17:53:41.752 V/StatusBar( 2600): setLightsOn(true)
12-06 17:53:41.825 I/chatty  ( 2600): uid=10030(com.android.systemui) identical 5 lines
12-06 17:53:42.022 V/StatusBar( 2600): setLightsOn(true)
12-06 17:53:42.128 D/KeyguardUpdateMonitor( 2600): received broadcast android.intent.action.BATTERY_CHANGED
12-06 17:53:42.128 D/HxBatteryStatusReceiver(11834): onReceiveandroid.intent.action.BATTERY_CHANGED
12-06 17:53:42.131 D/KeyguardUpdateMonitor( 2600): handleBatteryUpdate
12-06 17:53:42.320 I/System.out( 3914): URI: //
12-06 17:53:42.320 I/System.out( 3914): params: {json={"command":"set_selection","arguments":[-1,-1]}
12-06 17:53:42.320 I/System.out( 3914): }
12-06 17:53:42.320 I/System.out( 3914): header: {content-type=application/json;charset=utf-8, date=Thu, 06 Dec 2018 22:53:43 GMT, accept=*/*, host=127.0.0.1:34777, content-length=47, user-agent=HTTPClient/1.0 (2.8.3, ruby 2.5.1 (2018-03-29))}
12-06 17:53:42.321 I/System.out( 3914): params: {json={"command":"set_selection","arguments":[-1,-1]}
12-06 17:53:42.321 I/System.out( 3914): }
12-06 17:53:42.321 I/System.out( 3914): ProP json = {"command":"set_selection","arguments":[-1,-1]}
12-06 17:53:42.321 I/System.out( 3914): files: {}
12-06 17:53:42.321 I/System.out( 3914): command: {"command":"set_selection","arguments":[-1,-1]}
12-06 17:53:42.332 I/InstrumentationBackend( 3914): Got command:'Command:'Line:null,set_selection', arguments:'[-1, -1]'
12-06 17:53:42.363 I/System.out( 3914): result:{"bonusInformation":[],"message":"","success":true}
12-06 17:53:42.575 I/OD-RecognizerModule( 4317): com.google.android.apps.inputmethod.libs.voiceime.ondevice.OnDeviceRecognizerModule: dump()
12-06 17:53:42.614 I/System.out( 3914): URI: //
12-06 17:53:42.614 I/System.out( 3914): params: {json={"command":"keyboard_enter_text","arguments":["98765432112345678900987654321123456789009876543211"]}
12-06 17:53:42.614 I/System.out( 3914): }
12-06 17:53:42.614 I/System.out( 3914): header: {content-type=application/json;charset=utf-8, date=Thu, 06 Dec 2018 22:53:43 GMT, accept=*/*, host=127.0.0.1:34777, content-length=100, user-agent=HTTPClient/1.0 (2.8.3, ruby 2.5.1 (2018-03-29))}
12-06 17:53:42.614 I/System.out( 3914): params: {json={"command":"keyboard_enter_text","arguments":["98765432112345678900987654321123456789009876543211"]}
12-06 17:53:42.614 I/System.out( 3914): }
12-06 17:53:42.614 I/System.out( 3914): ProP json = {"command":"keyboard_enter_text","arguments":["98765432112345678900987654321123456789009876543211"]}
12-06 17:53:42.614 I/System.out( 3914): files: {}
12-06 17:53:42.615 I/System.out( 3914): command: {"command":"keyboard_enter_text","arguments":["98765432112345678900987654321123456789009876543211"]}
12-06 17:53:42.626 I/InstrumentationBackend( 3914): Got command:'Command:'Line:null,keyboard_enter_text', arguments:'[98765432112345678900987654321123456789009876543211]'
12-06 17:53:42.628 E/SpannableStringBuilder( 3914): SPAN_EXCLUSIVE_EXCLUSIVE spans cannot have a zero length
12-06 17:53:42.628 E/SpannableStringBuilder( 3914): SPAN_EXCLUSIVE_EXCLUSIVE spans cannot have a zero length
12-06 17:53:42.635 I/zygote64( 3914): Do full code cache collection, code=124KB, data=88KB
12-06 17:53:42.636 I/zygote64( 3914): After code cache collection, code=110KB, data=65KB
12-06 17:53:42.786 I/zygote64( 3914): Do partial code cache collection, code=121KB, data=77KB
12-06 17:53:42.787 I/zygote64( 3914): After code cache collection, code=121KB, data=77KB
12-06 17:53:42.787 I/zygote64( 3914): Increasing code cache capacity to 512KB
12-06 17:53:42.817 E/SpannableStringBuilder( 3914): SPAN_EXCLUSIVE_EXCLUSIVE spans cannot have a zero length
12-06 17:53:42.817 E/SpannableStringBuilder( 3914): SPAN_EXCLUSIVE_EXCLUSIVE spans cannot have a zero length
12-06 17:53:42.847 I/System.out( 3914): result:{"bonusInformation":[],"message":"","success":true}
12-06 17:53:42.866 W/GInputConnectionWrapper( 4317): cts: IPC IC_GET_TEXT_BEFORE_CURSOR took 223 ms
12-06 17:53:43.317 W/ADebug  ( 3989): Failed to get property persist.sys.media.traces
12-06 17:53:43.379 D/vndksupport( 3989): Loading /vendor/lib64/hw/android.hardware.graphics.mapper@2.0-impl.so from current namespace instead of sphal namespace.
12-06 17:53:43.380 D/vndksupport( 3989): Loading /vendor/lib64/hw/gralloc.msm8953.so from current namespace instead of sphal namespace.
12-06 17:53:44.090 D/HxBatteryStatusReceiver(11834): onReceiveandroid.intent.action.BATTERY_CHANGED
12-06 17:53:44.091 D/KeyguardUpdateMonitor( 2600): received broadcast android.intent.action.BATTERY_CHANGED
12-06 17:53:44.098 D/KeyguardUpdateMonitor( 2600): handleBatteryUpdate
12-06 17:53:44.109 I/System.out( 3914): URI: //map
12-06 17:53:44.109 I/System.out( 3914): params: {json={"query":"android.widget.EditText id:'volume'","operation":{"method_name":"query","arguments":[]}}
12-06 17:53:44.109 I/System.out( 3914): }
12-06 17:53:44.156 W/ResourceType( 3914): No package identifier when getting name for resource number 0x00000001
12-06 17:53:44.255 I/System.out( 3914): URI: //gesture
12-06 17:53:44.256 I/System.out( 3914): params: {json={"query_timeout":5.0,"gestures":[{"query_string":"android.widget.EditText id:'volume'","touches":[{"x":50,"y":50,"offset_x":0,"offset_y":0,"wait":0.0,"time":0.2,"release":true,"query_string":null}]}]}
12-06 17:53:44.256 I/System.out( 3914): }
12-06 17:53:44.290 W/ResourceType( 3914): No package identifier when getting name for resource number 0x00000001
12-06 17:53:44.566 I/PhenotypeExpConfig( 4317): com.google.android.apps.inputmethod.libs.experiments.PhenotypeExperimentConfiguration: refreshConfiguration() : Force = false : UpdateAvailable = false : Age = 81 minutes : MaxAge = 720 minutes
12-06 17:53:44.591 I/Conv2QueryExtension( 4317): com.google.android.apps.inputmethod.libs.search.sense.ConversationToQueryExtension: Current locale: en_US, config allows these locales: de,en,fr,it,es,pt
12-06 17:53:44.592 I/Conv2QueryExtension( 4317): com.google.android.apps.inputmethod.libs.search.sense.ConversationToQueryExtension: Conv2Query not enabled due to current app [com.evancharlton.mileage] not in whitelist
12-06 17:53:44.592 I/Conv2QueryExtension( 4317): com.google.android.apps.inputmethod.libs.search.sense.ConversationToQueryExtension: onActivate() : Disabled by unsupported host app
12-06 17:53:44.593 I/CurrentMicStatusHolder( 4317): ghf: Current Mic status = {MicIconHidden-PasswordOrNumberOrDateInputType,}
12-06 17:53:45.089 D/KeyguardUpdateMonitor( 2600): received broadcast android.intent.action.BATTERY_CHANGED
12-06 17:53:45.090 D/HxBatteryStatusReceiver(11834): onReceiveandroid.intent.action.BATTERY_CHANGED
12-06 17:53:45.096 D/KeyguardUpdateMonitor( 2600): handleBatteryUpdate
12-06 17:53:45.161 I/System.out( 3914): URI: //
12-06 17:53:45.162 I/System.out( 3914): params: {json={"command":"set_selection","arguments":[-1,-1]}
12-06 17:53:45.162 I/System.out( 3914): }
12-06 17:53:45.163 I/System.out( 3914): header: {content-type=application/json;charset=utf-8, date=Thu, 06 Dec 2018 22:53:46 GMT, accept=*/*, host=127.0.0.1:34777, content-length=47, user-agent=HTTPClient/1.0 (2.8.3, ruby 2.5.1 (2018-03-29))}
12-06 17:53:45.163 I/System.out( 3914): params: {json={"command":"set_selection","arguments":[-1,-1]}
12-06 17:53:45.163 I/System.out( 3914): }
12-06 17:53:45.163 I/System.out( 3914): ProP json = {"command":"set_selection","arguments":[-1,-1]}
12-06 17:53:45.163 I/System.out( 3914): files: {}
12-06 17:53:45.164 I/System.out( 3914): command: {"command":"set_selection","arguments":[-1,-1]}
12-06 17:53:45.182 I/InstrumentationBackend( 3914): Got command:'Command:'Line:null,set_selection', arguments:'[-1, -1]'
12-06 17:53:45.205 I/System.out( 3914): result:{"bonusInformation":[],"message":"","success":true}
12-06 17:53:45.399 I/OD-RecognizerModule( 4317): com.google.android.apps.inputmethod.libs.voiceime.ondevice.OnDeviceRecognizerModule: dump()
12-06 17:53:45.432 I/System.out( 3914): URI: //
12-06 17:53:45.432 I/System.out( 3914): params: {json={"command":"keyboard_enter_text","arguments":["98765432112345678900987654321123456789009876543211"]}
12-06 17:53:45.433 I/System.out( 3914): }
12-06 17:53:45.433 I/System.out( 3914): header: {content-type=application/json;charset=utf-8, date=Thu, 06 Dec 2018 22:53:46 GMT, accept=*/*, host=127.0.0.1:34777, content-length=100, user-agent=HTTPClient/1.0 (2.8.3, ruby 2.5.1 (2018-03-29))}
12-06 17:53:45.433 I/System.out( 3914): params: {json={"command":"keyboard_enter_text","arguments":["98765432112345678900987654321123456789009876543211"]}
12-06 17:53:45.433 I/System.out( 3914): }
12-06 17:53:45.433 I/System.out( 3914): ProP json = {"command":"keyboard_enter_text","arguments":["98765432112345678900987654321123456789009876543211"]}
12-06 17:53:45.433 I/System.out( 3914): files: {}
12-06 17:53:45.433 I/System.out( 3914): command: {"command":"keyboard_enter_text","arguments":["98765432112345678900987654321123456789009876543211"]}
12-06 17:53:45.442 I/InstrumentationBackend( 3914): Got command:'Command:'Line:null,keyboard_enter_text', arguments:'[98765432112345678900987654321123456789009876543211]'
12-06 17:53:45.443 E/SpannableStringBuilder( 3914): SPAN_EXCLUSIVE_EXCLUSIVE spans cannot have a zero length
12-06 17:53:45.443 E/SpannableStringBuilder( 3914): SPAN_EXCLUSIVE_EXCLUSIVE spans cannot have a zero length
12-06 17:53:45.514 D/CompatibilityInfo( 1392): mCompatibilityFlags - 0
12-06 17:53:45.514 D/CompatibilityInfo( 1392): applicationDensity - 480
12-06 17:53:45.514 D/CompatibilityInfo( 1392): applicationScale - 1.0
12-06 17:53:45.516 I/WifiService( 1392): isScanAlwaysAvailable uid=1000
12-06 17:53:45.519 D/CompatibilityInfo( 1392): mCompatibilityFlags - 0
12-06 17:53:45.519 D/CompatibilityInfo( 1392): applicationDensity - 480
12-06 17:53:45.519 D/CompatibilityInfo( 1392): applicationScale - 1.0
12-06 17:53:45.526 I/zygote64( 4144): Waiting for a blocking GC ProfileSaver
12-06 17:53:45.574 E/SpannableStringBuilder( 3914): SPAN_EXCLUSIVE_EXCLUSIVE spans cannot have a zero length
12-06 17:53:45.574 E/SpannableStringBuilder( 3914): SPAN_EXCLUSIVE_EXCLUSIVE spans cannot have a zero length
12-06 17:53:45.598 I/System.out( 3914): result:{"bonusInformation":[],"message":"","success":true}
12-06 17:53:45.617 W/GInputConnectionWrapper( 4317): cts: IPC IC_GET_TEXT_BEFORE_CURSOR took 169 ms
12-06 17:53:45.640 I/zygote64( 4144): Background concurrent copying GC freed 190958(9MB) AllocSpace objects, 63(4MB) LOS objects, 49% free, 13MB/27MB, paused 234us total 116.528ms
12-06 17:53:45.641 I/zygote64( 4144): WaitForGcToComplete blocked ProfileSaver on HeapTrim for 114.353ms
12-06 17:53:46.000 W/ADebug  ( 4003): Failed to get property persist.sys.media.traces
12-06 17:53:46.062 D/vndksupport( 4003): Loading /vendor/lib64/hw/android.hardware.graphics.mapper@2.0-impl.so from current namespace instead of sphal namespace.
12-06 17:53:46.063 D/vndksupport( 4003): Loading /vendor/lib64/hw/gralloc.msm8953.so from current namespace instead of sphal namespace.
12-06 17:53:46.350 D/CompatibilityInfo( 1392): mCompatibilityFlags - 0
12-06 17:53:46.350 D/CompatibilityInfo( 1392): applicationDensity - 480
12-06 17:53:46.350 D/CompatibilityInfo( 1392): applicationScale - 1.0
12-06 17:53:46.353 D/ClClient(11834): Not sending keepalive.  Current connection state=STOPPED
12-06 17:53:46.374 I/Places  ( 4144): ?: PlacesBleScanner stop()
12-06 17:53:46.376 D/BluetoothAdapter( 4144): disableBLE(): de-registering com.google.android.gms
12-06 17:53:46.376 D/BluetoothManagerService( 1392): Unregistered for death of com.google.android.gms
12-06 17:53:46.376 D/BluetoothManagerService( 1392): 0 registered Ble Apps
12-06 17:53:46.377 D/BluetoothManagerService( 1392): Reseting the mEnable flag for clean disable
12-06 17:53:46.377 I/PlaceInferenceEngine( 4144): [anon] Changed inference mode: 0
12-06 17:53:46.378 D/BluetoothManagerService( 1392): Move to BT state OFF
12-06 17:53:46.378 D/BluetoothManagerService( 1392): Calling sendBrEdrDownCallback callbacks
12-06 17:53:46.378 D/BluetoothManagerService( 1392): isBleAppPresent() count: 0
12-06 17:53:46.378 D/BluetoothAdapterState( 3888): Current state: BLE ON, message: 20
12-06 17:53:46.379 D/BluetoothAdapterProperties( 3888): Setting state to 16
12-06 17:53:46.379 I/BluetoothAdapterState( 3888): Bluetooth adapter state changed: 15-> 16
12-06 17:53:46.379 D/BluetoothAdapterService( 3888): updateAdapterState() - Broadcasting state to 1 receivers.
12-06 17:53:46.379 D/BluetoothManagerService( 1392): MESSAGE_BLUETOOTH_STATE_CHANGE: BLE_ON > BLE_TURNING_OFF
12-06 17:53:46.379 D/BluetoothManagerService( 1392): Sending BLE State Change: BLE_ON > BLE_TURNING_OFF
12-06 17:53:46.379 D/BluetoothAdapterProperties( 3888): onBleDisable
12-06 17:53:46.379 I/bt_stack_manager( 3888): event_shut_down_stack is bringing down the stack
12-06 17:53:46.379 I/BluetoothAdapterState( 3888): Entering PendingCommandState
12-06 17:53:46.380 I/bt_btif_core( 3888): btif_disable_bluetooth entered
12-06 17:53:46.380 E/bt_btif ( 3888): bta_jv_disable
12-06 17:53:46.380 W/bt_osi_thread( 3888): run_thread: thread id 3963, thread name btif_sock exited
12-06 17:53:46.380 I/bt_btif_core( 3888): btif_disable_bluetooth finished
12-06 17:53:46.380 D/BluetoothAdapterProperties( 3888): Scan Mode:20
12-06 17:53:46.380 W/bt_btif ( 3888): bta_dm_disable BTA_DISABLE_DELAY set to 200 ms
12-06 17:53:46.381 I/bt_core_module( 3888): module_shut_down Shutting down module "btif_config_module"
12-06 17:53:46.387 I/BeaconBle( 4144): Stopping scan on delegate scanner. BT state: 16
12-06 17:53:46.387 D/BluetoothAdapter( 4144): isLeEnabled(): BLE_TURNING_OFF
12-06 17:53:46.388 I/bt_core_module( 3888): module_shut_down Shutdown of module "btif_config_module" completed
12-06 17:53:46.388 I/BeaconBle( 4144): Exception caught calling mLeScanner.stopScan() java.lang.IllegalStateException: BT Adapter is not turned ON
12-06 17:53:46.388 I/BeaconBle( 4144): Delegate scanner is not available. stopScan ignored
12-06 17:53:46.389 I/BeaconBle( 4144): Resetting - new scanner available: false
12-06 17:53:46.389 I/BeaconBle( 4144): 'L' hardware scan: scan stopped, no clients
12-06 17:53:46.389 I/BeaconBle( 4144): Places requested to stop scan
12-06 17:53:46.390 I/BeaconBle( 4144): Scan canceled successfully.
12-06 17:53:46.415 I/GeofencerStateMachine( 4144): removeGeofences: removeRequest=RemoveGeofencingRequest[REMOVE_BY_PENDING_INTENT pendingIntent=PendingIntent[creatorPackage=com.google.android.gms], packageName=null]
12-06 17:53:46.581 I/bt_btif_core( 3888): btif_disable_bluetooth_evt entered
12-06 17:53:46.582 I/bt_core_module( 3888): module_shut_down Shutting down module "hci_module"
12-06 17:53:46.582 I/bt_hci  ( 3888): hci_module_shut_down
12-06 17:53:46.582 I/bt_hci  ( 3888): hci_close
12-06 17:53:46.582 W/vendor.qti.bluetooth@1.0-bluetooth_hci(  564): BluetoothHci::close()
12-06 17:53:46.582 I/vendor.qti.bluetooth@1.0-data_handler(  564): Sending HCI Reset 
12-06 17:53:46.657 W/vendor.qti.bluetooth@1.0-data_handler(  564): OnPacketReady: Received event for command sent internally: 03 0c 
12-06 17:53:46.657 W/vendor.qti.bluetooth@1.0-data_handler(  564): DataHandler::CleanUp()
12-06 17:53:46.657 D/vendor.qti.bluetooth@1.0-data_handler(  564): Close: Wait for collecting crash dump to finish
12-06 17:53:46.657 I/vendor.qti.bluetooth@1.0-data_handler(  564): DataHandler:: init_status 3
12-06 17:53:46.658 W/vendor.qti.bluetooth@1.0-async_fd_watcher(  564): StopThread: stopped the work thread
12-06 17:53:46.658 I/vendor.qti.bluetooth@1.0-mct_transport(  564): CleanUp:> soc_type: 0
12-06 17:53:46.721 I/System.out( 3914): URI: //map
12-06 17:53:46.721 I/System.out( 3914): params: {json={"query":"android.widget.EditText id:'odometer'","operation":{"method_name":"query","arguments":[]}}
12-06 17:53:46.721 I/System.out( 3914): }
12-06 17:53:46.761 W/ResourceType( 3914): No package identifier when getting name for resource number 0x00000001
12-06 17:53:46.808 W/vendor.qti.bluetooth@1.0-data_handler(  564): controller Cleanup done
12-06 17:53:46.808 I/vendor.qti.bluetooth@1.0-data_handler(  564): DataHandler:: joined Init thread 
12-06 17:53:46.808 D/vendor.qti.bluetooth@1.0-wake_lock(  564): CleanUp wakelock is destroyed 
12-06 17:53:46.808 W/vendor.qti.bluetooth@1.0-bluetooth_hci(  564): BluetoothHci::close, finish cleanup
12-06 17:53:46.809 W/bt_osi_thread( 3888): run_thread: thread id 3948, thread name hci_thread exited
12-06 17:53:46.809 I/bt_core_module( 3888): module_shut_down Shutdown of module "hci_module" completed
12-06 17:53:46.809 I/bt_core_module( 3888): module_shut_down Shutting down module "btsnoop_module"
12-06 17:53:46.809 I/bt_core_module( 3888): module_shut_down Shutdown of module "btsnoop_module" completed
12-06 17:53:46.810 I/bt_core_module( 3888): module_clean_up Cleaning up module "bte_logmsg_module"
12-06 17:53:46.810 I/bt_core_module( 3888): module_clean_up Cleanup of module "bte_logmsg_module" completed
12-06 17:53:46.810 W/bt_osi_thread( 3888): run_thread: thread id 3953, thread name bt_workqueue exited
12-06 17:53:46.810 I/bt_btif_core( 3888): btif_disable_bluetooth_evt finished
12-06 17:53:46.810 I/bt_core_module( 3888): module_shut_down Shutting down module "controller_module"
12-06 17:53:46.810 I/bt_core_module( 3888): module_shut_down Shutdown of module "controller_module" completed
12-06 17:53:46.811 I/bt_stack_manager( 3888): event_shut_down_stack finished
12-06 17:53:46.811 V/BluetoothAdapterState( 3888): PendingCommand - transient state(s): isBleTurningOff
12-06 17:53:46.811 D/BluetoothAdapterState( 3888): Current state: PENDING_COMMAND, message: 24
12-06 17:53:46.811 D/BluetoothAdapterService( 3888): stopGattProfileService()
12-06 17:53:46.811 D/BluetoothAdapterService( 3888): setProfileServiceState() - Stopping service com.android.bluetooth.gatt.GattService
12-06 17:53:46.812 D/BluetoothAdapterState( 3888): Stopping Gatt profile services that were post enabled
12-06 17:53:46.813 D/BtGatt.DebugUtils( 3888): handleDebugAction() action=null
12-06 17:53:46.813 D/BluetoothAdapterService( 3888): getAdapterService() - returning com.android.bluetooth.btservice.AdapterService@ea65cb
12-06 17:53:46.813 D/BtGatt.GattService( 3888): : Received stop request...Stopping profile...
12-06 17:53:46.815 D/BtGatt.GattService( 3888):  profile stopped successfully
12-06 17:53:46.815 D/BluetoothAdapterService( 3888): getAdapterService() - returning com.android.bluetooth.btservice.AdapterService@ea65cb
12-06 17:53:46.815 D/BluetoothAdapterService( 3888): handleMessage() - Message: 1
12-06 17:53:46.815 D/BluetoothAdapterService( 3888): handleMessage() - MESSAGE_PROFILE_SERVICE_STATE_CHANGED
12-06 17:53:46.815 W/BluetoothAdapterService( 3888): onProfileServiceStateChange() serviceName=com.android.bluetooth.gatt.GattService, state=10, doUpdate=true
12-06 17:53:46.815 D/BluetoothAdapterService( 3888): processProfileServiceStateChanged() - serviceName=com.android.bluetooth.gatt.GattService isTurningOn=false isTurningOff=false isBleTurningOn=false isBleTurningOff=true
12-06 17:53:46.815 D/BluetoothAdapterService( 3888): GattService stopped
12-06 17:53:46.815 V/BluetoothAdapterState( 3888): PendingCommand - transient state(s): isBleTurningOff
12-06 17:53:46.816 D/BluetoothAdapterState( 3888): Current state: PENDING_COMMAND, message: 25
12-06 17:53:46.816 D/BluetoothAdapterProperties( 3888): Setting state to 10
12-06 17:53:46.816 I/BluetoothAdapterState( 3888): Bluetooth adapter state changed: 16-> 10
12-06 17:53:46.816 D/BluetoothAdapterService( 3888): updateAdapterState() - Broadcasting state to 1 receivers.
12-06 17:53:46.816 D/BluetoothManagerService( 1392): MESSAGE_BLUETOOTH_STATE_CHANGE: BLE_TURNING_OFF > OFF
12-06 17:53:46.816 D/BluetoothManagerService( 1392): Bluetooth is complete send Service Down
12-06 17:53:46.816 I/BluetoothAdapterState( 3888): Entering OffState
12-06 17:53:46.816 D/BluetoothManagerService( 1392): Broadcasting onBluetoothServiceDown() to 12 receivers.
12-06 17:53:46.816 D/BluetoothAdapter( 1392): onBluetoothServiceDown: android.bluetooth.IBluetooth$Stub$Proxy@b85496b
12-06 17:53:46.816 D/BluetoothAdapter( 3727): onBluetoothServiceDown: android.bluetooth.IBluetooth$Stub$Proxy@70800b6
12-06 17:53:46.816 D/BluetoothAdapter( 1392): onBluetoothServiceDown: Sending callbacks to 1 clients
12-06 17:53:46.816 D/BluetoothAdapter( 3727): onBluetoothServiceDown: Sending callbacks to 1 clients
12-06 17:53:46.816 D/BluetoothAdapter( 1392): onBluetoothServiceDown: Finished sending callbacks to registered clients
12-06 17:53:46.816 D/BluetoothAdapter( 2767): onBluetoothServiceDown: android.bluetooth.IBluetooth$Stub$Proxy@da244b2
12-06 17:53:46.816 D/BluetoothAdapter( 3727): onBluetoothServiceDown: Finished sending callbacks to registered clients
12-06 17:53:46.816 D/BluetoothAdapter( 2767): onBluetoothServiceDown: Sending callbacks to 0 clients
12-06 17:53:46.816 D/BluetoothAdapter( 2767): onBluetoothServiceDown: Finished sending callbacks to registered clients
12-06 17:53:46.816 D/BluetoothAdapter(26794): onBluetoothServiceDown: android.bluetooth.IBluetooth$Stub$Proxy@7ec3b3a
12-06 17:53:46.817 D/BluetoothAdapter( 5940): onBluetoothServiceDown: android.bluetooth.IBluetooth$Stub$Proxy@e6588fe
12-06 17:53:46.817 D/BluetoothAdapter(26794): onBluetoothServiceDown: Sending callbacks to 0 clients
12-06 17:53:46.817 D/BluetoothManagerService( 1392): unbindAndFinish(): android.bluetooth.IBluetooth$Stub$Proxy@b85496b mBinding = false mUnbinding = false
12-06 17:53:46.817 D/BluetoothAdapter(26794): onBluetoothServiceDown: Finished sending callbacks to registered clients
12-06 17:53:46.817 D/BluetoothAdapter( 5940): onBluetoothServiceDown: Sending callbacks to 0 clients
12-06 17:53:46.817 D/BluetoothAdapter( 5940): onBluetoothServiceDown: Finished sending callbacks to registered clients
12-06 17:53:46.817 D/BluetoothAdapter( 4282): onBluetoothServiceDown: android.bluetooth.IBluetooth$Stub$Proxy@542a8eb
12-06 17:53:46.817 D/BluetoothAdapter( 2600): onBluetoothServiceDown: android.bluetooth.IBluetooth$Stub$Proxy@8becc90
12-06 17:53:46.817 D/BluetoothAdapter( 4921): onBluetoothServiceDown: android.bluetooth.IBluetooth$Stub$Proxy@367d43
12-06 17:53:46.817 D/BluetoothAdapter( 4282): onBluetoothServiceDown: Sending callbacks to 1 clients
12-06 17:53:46.817 D/BluetoothAdapter( 4144): onBluetoothServiceDown: android.bluetooth.IBluetooth$Stub$Proxy@7101a4e
12-06 17:53:46.817 D/BluetoothAdapter(30442): onBluetoothServiceDown: android.bluetooth.IBluetooth$Stub$Proxy@bb4444b
12-06 17:53:46.817 D/BluetoothAdapter( 2600): onBluetoothServiceDown: Sending callbacks to 1 clients
12-06 17:53:46.817 D/BluetoothAdapter( 4282): onBluetoothServiceDown: Finished sending callbacks to registered clients
12-06 17:53:46.817 D/BluetoothAdapter( 4921): onBluetoothServiceDown: Sending callbacks to 1 clients
12-06 17:53:46.817 D/BluetoothAdapter(30442): onBluetoothServiceDown: Sending callbacks to 0 clients
12-06 17:53:46.817 D/BluetoothAdapter( 4144): onBluetoothServiceDown: Sending callbacks to 0 clients
12-06 17:53:46.817 D/BluetoothAdapter( 2600): onBluetoothServiceDown: Finished sending callbacks to registered clients
12-06 17:53:46.817 D/BluetoothAdapter( 4921): onBluetoothServiceDown: Finished sending callbacks to registered clients
12-06 17:53:46.817 D/BluetoothAdapter(30442): onBluetoothServiceDown: Finished sending callbacks to registered clients
12-06 17:53:46.817 D/BluetoothAdapter( 4144): onBluetoothServiceDown: Finished sending callbacks to registered clients
12-06 17:53:46.817 D/BluetoothAdapter( 3888): onBluetoothServiceDown: com.android.bluetooth.btservice.AdapterService$AdapterServiceBinder@c009031
12-06 17:53:46.817 D/BluetoothAdapter( 3888): onBluetoothServiceDown: Sending callbacks to 1 clients
12-06 17:53:46.817 D/BluetoothAdapter( 3888): onBluetoothServiceDown: Finished sending callbacks to registered clients
12-06 17:53:46.817 D/BluetoothAdapter( 3704): onBluetoothServiceDown: android.bluetooth.IBluetooth$Stub$Proxy@5c8ebec
12-06 17:53:46.817 D/BluetoothAdapter( 3704): onBluetoothServiceDown: Sending callbacks to 0 clients
12-06 17:53:46.817 D/BluetoothAdapter( 3704): onBluetoothServiceDown: Finished sending callbacks to registered clients
12-06 17:53:46.819 W/BluetoothAdapterService( 3888): onUnbind, calling cleanup
12-06 17:53:46.819 D/BluetoothAdapterService( 3888): cleanup()
12-06 17:53:46.820 D/BluetoothManagerService( 1392): Sending BLE State Change: BLE_TURNING_OFF > OFF
12-06 17:53:46.820 W/BluetoothSdpJni( 3888): Cleaning up Bluetooth SDP Interface...
12-06 17:53:46.820 W/BluetoothSdpJni( 3888): Cleaning up Bluetooth SDP object
12-06 17:53:46.820 D/BluetoothAdapterService( 3888): cleanup() - Cleaning up adapter native
12-06 17:53:46.821 I/bt_stack_manager( 3888): event_clean_up_stack is cleaning up the stack
12-06 17:53:46.821 I/bt_btif_core( 3888): btif_cleanup_bluetooth entered
12-06 17:53:46.821 E/BluetoothServiceJni( 3888): Callback: 'callback_thread_event' is not called on the correct thread
12-06 17:53:46.821 I/bt_btif_queue( 3888): btif_queue_release
12-06 17:53:46.821 I/bt_btif_core( 3888): run_message_loop finished
12-06 17:53:46.821 W/bt_osi_thread( 3888): run_thread: thread id 3938, thread name bt_jni_workqueue exited
12-06 17:53:46.821 I/bt_core_module( 3888): module_clean_up Cleaning up module "stack_config_module"
12-06 17:53:46.822 I/bt_core_module( 3888): module_clean_up Cleanup of module "stack_config_module" completed
12-06 17:53:46.822 I/bt_core_module( 3888): module_clean_up Cleaning up module "interop_module"
12-06 17:53:46.830 I/System.out( 3914): URI: //gesture
12-06 17:53:46.830 I/System.out( 3914): params: {json={"query_timeout":5.0,"gestures":[{"query_string":"android.widget.EditText id:'odometer'","touches":[{"x":50,"y":50,"offset_x":0,"offset_y":0,"wait":0.0,"time":0.2,"release":true,"query_string":null}]}]}
12-06 17:53:46.830 I/System.out( 3914): }
12-06 17:53:46.831 I/bt_core_module( 3888): module_clean_up Cleanup of module "interop_module" completed
12-06 17:53:46.831 I/bt_core_module( 3888): module_clean_up Cleaning up module "profile_config_module"
12-06 17:53:46.831 I/bt_core_module( 3888): module_clean_up Cleanup of module "profile_config_module" completed
12-06 17:53:46.831 I/bt_btif_core( 3888): btif_cleanup_bluetooth finished
12-06 17:53:46.831 I/bt_core_module( 3888): module_clean_up Cleaning up module "btif_config_module"
12-06 17:53:46.836 I/bt_core_module( 3888): module_clean_up Cleanup of module "btif_config_module" completed
12-06 17:53:46.836 I/bt_core_module( 3888): module_clean_up Cleaning up module "bt_utils_module"
12-06 17:53:46.836 I/bt_core_module( 3888): module_clean_up Cleanup of module "bt_utils_module" completed
12-06 17:53:46.836 I/bt_core_module( 3888): module_clean_up Cleaning up module "osi_module"
12-06 17:53:46.836 D/bt_osi_alarm( 3888): callback_dispatch Callback thread exited
12-06 17:53:46.836 W/bt_osi_thread( 3888): run_thread: thread id 3937, thread name alarm_dispatcher exited
12-06 17:53:46.837 W/bt_osi_thread( 3888): run_thread: thread id 3936, thread name alarm_default_ca exited
12-06 17:53:46.837 I/bt_core_module( 3888): module_clean_up Cleanup of module "osi_module" completed
12-06 17:53:46.837 I/bt_stack_manager( 3888): event_clean_up_stack finished
12-06 17:53:46.837 I/BluetoothServiceJni( 3888): cleanupNative: return from cleanup
12-06 17:53:46.838 W/BluetoothVendorJni( 3888): Cleaning up Bluetooth Vendor Interface...
12-06 17:53:46.838 I/bt_btif_vendor( 3888): cleanup
