--------- beginning of main
12-06 17:53:38.967 E/ANDR-PERF-MPCTL(  588): Invalid profile no. 0, total profiles 0 only
12-06 17:53:38.970 V/StatusBar( 2600): setLightsOn(true)
--------- beginning of system
12-06 17:53:38.988 W/ActivityManager( 1392): Finishing task with all activities already finished
12-06 17:53:38.988 W/ActivityManager( 1392): Duplicate finish request for ActivityRecord{f71ab15 u0 com.evancharlton.mileage/.Mileage t14855 f}
12-06 17:53:38.989 W/ActivityManager( 1392): Finishing task with all activities already finished
12-06 17:53:38.989 W/ActivityManager( 1392): Duplicate finish request for ActivityRecord{f71ab15 u0 com.evancharlton.mileage/.Mileage t14855 f}
12-06 17:53:38.990 W/ActivityManager( 1392): Finishing task with all activities already finished
12-06 17:53:38.990 W/ActivityManager( 1392): Duplicate finish request for ActivityRecord{f71ab15 u0 com.evancharlton.mileage/.Mileage t14855 f}
12-06 17:53:38.993 V/StatusBar( 2600): setLightsOn(true)
12-06 17:53:38.997 D/SurfaceFlinger(  609): duplicate layer name: changing com.android.launcher3/com.android.searchlauncher.SearchLauncher to com.android.launcher3/com.android.searchlauncher.SearchLauncher#1
12-06 17:53:39.020 D/CompatibilityInfo( 1392): mCompatibilityFlags - 0
12-06 17:53:39.020 D/CompatibilityInfo( 1392): applicationDensity - 480
12-06 17:53:39.020 D/CompatibilityInfo( 1392): applicationScale - 1.0
12-06 17:53:39.025 W/SessionLifecycleManager( 3727): Handover failed. Creating new session controller.
12-06 17:53:39.030 I/WifiService( 1392): getConnectionInfo uid=10035
12-06 17:53:39.031 I/WifiService( 1392): getWifiEnabledState uid=10035
12-06 17:53:39.031 W/ThreadPoolDumper( 3727): Queue length for executor EventBus is now 11. Perhaps some tasks are too long, or the pool is too small.
12-06 17:53:39.036 I/WifiService( 1392): getConnectionInfo uid=10035
12-06 17:53:39.037 W/LocationOracle( 3727): No location history returned by ContextManager
12-06 17:53:39.037 I/WifiService( 1392): getWifiEnabledState uid=10035
12-06 17:53:39.049 D/CompatibilityInfo( 1392): mCompatibilityFlags - 0
12-06 17:53:39.049 D/CompatibilityInfo( 1392): applicationDensity - 480
12-06 17:53:39.049 D/CompatibilityInfo( 1392): applicationScale - 1.0
12-06 17:53:39.051 I/StreamController( 3727): registerScope: nowcards-15-655fb13-4ae2
12-06 17:53:39.106 W/TemplatedStringEvaluato( 3727): Got templated string with no display string
12-06 17:53:39.109 I/GeofencerStateMachine( 4144): removeGeofences: removeRequest=RemoveGeofencingRequest[REMOVE_BY_PENDING_INTENT pendingIntent=PendingIntent[creatorPackage=com.google.android.gms], packageName=null]
12-06 17:53:39.111 I/GeofencerStateMachine( 4144): removeGeofences: removeRequest=RemoveGeofencingRequest[REMOVE_BY_PENDING_INTENT pendingIntent=PendingIntent[creatorPackage=com.google.android.gms], packageName=null]
12-06 17:53:39.114 I/MicroDetectionState( 3727): Keep running hotword in interactor process
12-06 17:53:39.120 I/GeofencerStateMachine( 4144): removeGeofences: removeRequest=RemoveGeofencingRequest[REMOVE_BY_PENDING_INTENT pendingIntent=PendingIntent[creatorPackage=com.google.android.gms], packageName=null]
12-06 17:53:39.194 D/CompatibilityInfo( 1392): mCompatibilityFlags - 0
12-06 17:53:39.194 D/CompatibilityInfo( 1392): applicationDensity - 480
12-06 17:53:39.194 D/CompatibilityInfo( 1392): applicationScale - 1.0
12-06 17:53:39.207 E/ctxmgr  ( 4144): [ProducerStatusImpl]updateStateForNewContextData: inactive, contextName=7
12-06 17:53:39.222 D/CompatibilityInfo( 1392): mCompatibilityFlags - 0
12-06 17:53:39.222 D/CompatibilityInfo( 1392): applicationDensity - 480
12-06 17:53:39.222 D/CompatibilityInfo( 1392): applicationScale - 1.0
12-06 17:53:39.236 I/GeofencerStateMachine( 4144): removeGeofences: removeRequest=RemoveGeofencingRequest[REMOVE_BY_PENDING_INTENT pendingIntent=PendingIntent[creatorPackage=com.google.android.gms], packageName=null]
12-06 17:53:39.237 I/GeofencerStateMachine( 4144): removeGeofences: removeRequest=RemoveGeofencingRequest[REMOVE_BY_PENDING_INTENT pendingIntent=PendingIntent[creatorPackage=com.google.android.gms], packageName=null]
12-06 17:53:39.238 I/PlaceInferenceEngine( 4144): [anon] Changed inference mode: 0
12-06 17:53:39.261 D/CompatibilityInfo( 1392): mCompatibilityFlags - 0
12-06 17:53:39.261 D/CompatibilityInfo( 1392): applicationDensity - 480
12-06 17:53:39.261 D/CompatibilityInfo( 1392): applicationScale - 1.0
12-06 17:53:39.275 I/Places  ( 4144): ?: PlacesBleScanner start() with priority 2
12-06 17:53:39.275 I/PlaceInferenceEngine( 4144): [anon] Changed inference mode: 1
12-06 17:53:39.280 D/CompatibilityInfo( 1392): mCompatibilityFlags - 0
12-06 17:53:39.280 D/CompatibilityInfo( 1392): applicationDensity - 480
12-06 17:53:39.280 D/CompatibilityInfo( 1392): applicationScale - 1.0
12-06 17:53:39.285 I/BeaconBle( 4144): Using BLE 'L' hardware layer
12-06 17:53:39.286 I/Places  ( 4144): Converted 0 out of 30 WiFi scans
12-06 17:53:39.286 I/WifiService( 1392): getConnectionInfo uid=10015
12-06 17:53:39.290 I/PlaceInferenceEngine( 4144): [anon] Changed inference mode: 1
12-06 17:53:39.294 I/zygote64( 2600): NativeAlloc concurrent copying GC freed 44986(1595KB) AllocSpace objects, 0(0B) LOS objects, 49% free, 17MB/34MB, paused 69us total 149.428ms
12-06 17:53:39.299 D/CompatibilityInfo( 1392): mCompatibilityFlags - 0
12-06 17:53:39.299 D/CompatibilityInfo( 1392): applicationDensity - 480
12-06 17:53:39.300 D/CompatibilityInfo( 1392): applicationScale - 1.0
12-06 17:53:39.316 I/BeaconBle( 4144): Client requested scan, settings=BleSettings [scanMode=ZERO_POWER, callbackType=ALL_MATCHES, reportDelayMillis=0, 1 filters, 0 clients, callingClientName=Places]
12-06 17:53:39.321 D/BluetoothManagerService( 1392): Registered for death of com.google.android.gms
12-06 17:53:39.321 D/BluetoothManagerService( 1392): 1 registered Ble Apps
12-06 17:53:39.322 D/BluetoothAdapter( 4144): isLeEnabled(): OFF
12-06 17:53:39.322 D/BluetoothAdapter( 4144): enableBLE(): Calling enable
12-06 17:53:39.322 D/BluetoothManagerService( 1392): enable(com.google.android.gms):  mBluetooth =null mBinding = false mState = OFF
12-06 17:53:39.322 D/BluetoothManagerService( 1392): enable returning
12-06 17:53:39.322 D/BluetoothManagerService( 1392): MESSAGE_ENABLE(0): mBluetooth = null
12-06 17:53:39.324 I/BeaconBle( 4144): 'L' hardware scan: 1 filters, scanMode=-1, reportdelay=0, callback type=1, #clients=1, workSource=WorkSource{}
12-06 17:53:39.324 I/BeaconBle( 4144): Resetting - new scanner available: false
12-06 17:53:39.324 I/BeaconBle( 4144): Delegate scanner is not available - startScan ignored
12-06 17:53:39.324 I/BeaconBle( 4144): OS scanner could not start
12-06 17:53:39.336 I/ActivityManager( 1392): Start proc 3888:com.android.bluetooth/1002 for service com.android.bluetooth/.btservice.AdapterService
12-06 17:53:39.360 I/PlaceInferenceEngine( 4144): No beacon scan available - ignoring candidates.
12-06 17:53:39.360 D/CompatibilityInfo( 1392): mCompatibilityFlags - 0
12-06 17:53:39.360 D/CompatibilityInfo( 1392): applicationDensity - 480
12-06 17:53:39.360 D/CompatibilityInfo( 1392): applicationScale - 1.0
12-06 17:53:39.364 D/CompatibilityInfo( 1392): mCompatibilityFlags - 0
12-06 17:53:39.364 D/CompatibilityInfo( 1392): applicationDensity - 480
12-06 17:53:39.364 D/CompatibilityInfo( 1392): applicationScale - 1.0
12-06 17:53:39.379 I/zygote64( 3888): The ClassLoaderContext is a special shared library.
12-06 17:53:39.464 W/ADebug  ( 3883): Failed to get property persist.sys.media.traces
12-06 17:53:39.493 D/AndroidRuntime( 3883): >>>>>> START com.android.internal.os.RuntimeInit uid 2000 <<<<<<
12-06 17:53:39.510 D/CompatibilityInfo( 1392): mCompatibilityFlags - 0
12-06 17:53:39.510 D/CompatibilityInfo( 1392): applicationDensity - 480
12-06 17:53:39.512 I/OpenGLRenderer( 1392): Initialized EGL, version 1.4
12-06 17:53:39.512 D/CompatibilityInfo( 1392): applicationScale - 1.0
12-06 17:53:39.512 D/OpenGLRenderer( 1392): Swap behavior 2
12-06 17:53:39.538 W/OpenGLRenderer(26350): Incorrectly called buildLayer on View: ShortcutAndWidgetContainer, destroying layer...
12-06 17:53:39.539 W/OpenGLRenderer(26350): Incorrectly called buildLayer on View: ShortcutAndWidgetContainer, destroying layer...
12-06 17:53:39.650 I/app_process( 3883): The ClassLoaderContext is a special shared library.
12-06 17:53:39.699 D/AndroidRuntime( 3883): Calling main entry com.android.commands.am.Am
12-06 17:53:39.703 I/ActivityManager( 1392): Force stopping com.evancharlton.mileage appid=10258 user=0: start instr
12-06 17:53:39.703 I/ActivityManager( 1392): Killing 3691:com.evancharlton.mileage/u0a258 (adj 0): stop com.evancharlton.mileage
12-06 17:53:39.704 W/zygote64( 1392): kill(-3691, 9) failed: No such process
12-06 17:53:39.705 W/ActivityManager( 1392): Crash of app com.evancharlton.mileage running instrumentation ComponentInfo{com.evancharlton.mileage.test/sh.calaba.instrumentationbackend.CalabashInstrumentationTestRunner}
12-06 17:53:39.705 I/ActivityManager( 1392): Force stopping com.evancharlton.mileage appid=10258 user=0: finished inst
12-06 17:53:39.711 D/WindowManager( 1392): width=1080height=1920
12-06 17:53:39.722 I/ActivityManager( 1392): Start proc 3914:com.evancharlton.mileage/u0a258 for added application com.evancharlton.mileage
12-06 17:53:39.723 D/AndroidRuntime( 3883): Shutting down VM
12-06 17:53:39.727 I/zygote64( 3914): Late-enabling -Xcheck:jni
12-06 17:53:39.729 W/ActivityManager( 1392): setHasOverlayUi called on unknown pid: 3691
12-06 17:53:39.748 W/zygote64( 1392): kill(-3691, 9) failed: No such process
12-06 17:53:39.748 I/zygote64( 1392): Successfully killed process cgroup uid 10258 pid 3691 in 43ms
12-06 17:53:39.761 E/adbd    ( 3362): failed to connect to socket 'tcp:7102': Connection refused
12-06 17:53:39.763 E/adbd    ( 3362): failed to connect to socket 'tcp:7102': Connection refused
12-06 17:53:39.772 E/BluetoothVendorJni( 3888): register_com_android_bluetooth_btservice_vendor:
12-06 17:53:39.777 D/BluetoothOppFileProvider( 3888): Initialized
12-06 17:53:39.788 D/CompatibilityInfo( 1392): mCompatibilityFlags - 10
12-06 17:53:39.789 D/CompatibilityInfo( 1392): applicationDensity - 480
12-06 17:53:39.789 D/CompatibilityInfo( 1392): applicationScale - 1.0
12-06 17:53:39.797 D/AdapterServiceConfig( 3888): addA2dpProfile: isA2dpSinkEnabled = falseisHfpClientEnabled falseisAvrcpControllerEnabledfalse serviceNameHeadsetService
12-06 17:53:39.797 D/AdapterServiceConfig( 3888): Adding HeadsetService
12-06 17:53:39.797 D/AdapterServiceConfig( 3888): addA2dpProfile: isA2dpSinkEnabled = falseisHfpClientEnabled falseisAvrcpControllerEnabledfalse serviceNameA2dpService
12-06 17:53:39.797 D/AdapterServiceConfig( 3888): Adding A2dpService
12-06 17:53:39.797 D/AdapterServiceConfig( 3888): addA2dpProfile: isA2dpSinkEnabled = falseisHfpClientEnabled falseisAvrcpControllerEnabledfalse serviceNameA2dpSinkService
12-06 17:53:39.798 D/AdapterServiceConfig( 3888): addA2dpProfile: isA2dpSinkEnabled = falseisHfpClientEnabled falseisAvrcpControllerEnabledfalse serviceNameHidService
12-06 17:53:39.798 D/AdapterServiceConfig( 3888): Adding HidService
12-06 17:53:39.798 D/AdapterServiceConfig( 3888): addA2dpProfile: isA2dpSinkEnabled = falseisHfpClientEnabled falseisAvrcpControllerEnabledfalse serviceNameHealthService
12-06 17:53:39.798 D/AdapterServiceConfig( 3888): Adding HealthService
12-06 17:53:39.798 D/AdapterServiceConfig( 3888): addA2dpProfile: isA2dpSinkEnabled = falseisHfpClientEnabled falseisAvrcpControllerEnabledfalse serviceNamePanService
12-06 17:53:39.798 D/AdapterServiceConfig( 3888): Adding PanService
12-06 17:53:39.798 D/AdapterServiceConfig( 3888): addA2dpProfile: isA2dpSinkEnabled = falseisHfpClientEnabled falseisAvrcpControllerEnabledfalse serviceNameGattService
12-06 17:53:39.798 D/AdapterServiceConfig( 3888): Adding GattService
12-06 17:53:39.798 D/AdapterServiceConfig( 3888): addA2dpProfile: isA2dpSinkEnabled = falseisHfpClientEnabled falseisAvrcpControllerEnabledfalse serviceNameBluetoothMapService
12-06 17:53:39.798 D/AdapterServiceConfig( 3888): Adding BluetoothMapService
12-06 17:53:39.798 D/AdapterServiceConfig( 3888): addA2dpProfile: isA2dpSinkEnabled = falseisHfpClientEnabled falseisAvrcpControllerEnabledfalse serviceNameAvrcpControllerService
12-06 17:53:39.798 D/AdapterServiceConfig( 3888): addA2dpProfile: isA2dpSinkEnabled = falseisHfpClientEnabled falseisAvrcpControllerEnabledfalse serviceNameSapService
12-06 17:53:39.798 D/AdapterServiceConfig( 3888): Adding SapService
12-06 17:53:39.798 W/AdapterServiceConfig( 3888): Could not find profile bit mask
12-06 17:53:39.798 D/AdapterServiceConfig( 3888): addA2dpProfile: isA2dpSinkEnabled = falseisHfpClientEnabled falseisAvrcpControllerEnabledfalse serviceNameBluetoothOppService
12-06 17:53:39.798 D/AdapterServiceConfig( 3888): Adding BluetoothOppService
12-06 17:53:39.798 W/AdapterServiceConfig( 3888): Could not find profile bit mask
12-06 17:53:39.799 D/AdapterServiceConfig( 3888): addA2dpProfile: isA2dpSinkEnabled = falseisHfpClientEnabled falseisAvrcpControllerEnabledfalse serviceNameBluetoothPbapService
12-06 17:53:39.799 D/AdapterServiceConfig( 3888): Adding BluetoothPbapService
12-06 17:53:39.815 I/zygote64( 3914): The ClassLoaderContext is a special shared library.
12-06 17:53:39.817 I/chatty  ( 3914): uid=10258(com.evancharlton.mileage) identical 1 line
12-06 17:53:39.818 I/zygote64( 3914): The ClassLoaderContext is a special shared library.
12-06 17:53:39.820 W/zygote64( 3914): ClassLoaderContext classpath element mismatch for position 0. expected=/system/framework/android.test.mock.jar, found=/system/framework/com.google.android.maps.jar (PCL[/system/framework/android.test.mock.jar*1065265343:/system/framework/android.test.runner.jar*1742119008:/system/framework/com.google.android.maps.jar*1362947682] | PCL[/system/framework/com.google.android.maps.jar*1362947682:/system/framework/android.test.runner.jar*1742119008:/system/framework/android.test.mock.jar*1065265343])
12-06 17:53:39.821 W/zygote64( 3914): Found duplicate classes, falling back to extracting from APK : /data/app/com.evancharlton.mileage.test-1ZvZzOU0oHusOPtC93SDqQ==/base.apk
12-06 17:53:39.821 W/zygote64( 3914): NOTE: This wastes RAM and hurts startup performance.
12-06 17:53:39.821 W/zygote64( 3914): Found duplicated class when checking oat files: 'Ljunit/runner/BaseTestRunner;' in /data/app/com.evancharlton.mileage.test-1ZvZzOU0oHusOPtC93SDqQ==/base.apk and /system/framework/android.test.runner.jar
12-06 17:53:39.821 W/zygote64( 3914): 
12-06 17:53:39.825 D/BluetoothAdapterService( 3888): onCreate()
12-06 17:53:39.832 I/BluetoothVendorJni( 3888): classInitNative: succeeds
12-06 17:53:39.833 D/BluetoothAdapterState( 3888): make() - Creating AdapterState
12-06 17:53:39.836 I/bt_btif ( 3888): init
12-06 17:53:39.836 I/BluetoothAdapterState( 3888): Entering OffState
12-06 17:53:39.836 I/bt_osi_thread( 3888): run_thread: thread id 3933, thread name stack_manager started
12-06 17:53:39.836 I/bt_stack_manager( 3888): event_init_stack is initializing the stack
12-06 17:53:39.837 I/bt_utils( 3888): init_soc_type
12-06 17:53:39.838 I/bt_osi_thread( 3888): run_thread: thread id 3936, thread name alarm_default_ca started
12-06 17:53:39.838 I/bt_osi_thread( 3888): run_thread: thread id 3937, thread name alarm_dispatcher started
12-06 17:53:39.840 I/bt_btif_core( 3888): btif_init_bluetooth entered
12-06 17:53:39.842 D/bt_osi_config( 3888): config_parse no key/value separator found on line 344.
12-06 17:53:39.842 W/bt_device_interop( 3888):  feature:: 0, key :: 08:62:66, value :: Address_Based
12-06 17:53:39.842 W/bt_device_interop( 3888):  feature:: 0, key :: 38:2C:4A:C9, value :: Address_Based
12-06 17:53:39.842 W/bt_device_interop( 3888):  feature:: 0, key :: 38:2C:4A:E6, value :: Address_Based
12-06 17:53:39.842 W/bt_device_interop( 3888):  feature:: 0, key :: 54:A0:50:D9, value :: Address_Based
12-06 17:53:39.842 W/bt_device_interop( 3888):  feature:: 0, key :: AC:9E:17, value :: Address_Based
12-06 17:53:39.842 W/bt_device_interop( 3888):  feature:: 0, key :: F0:79:59, value :: Address_Based
12-06 17:53:39.842 W/bt_device_interop( 3888):  feature:: 0, key :: 80:E4:DA:70, value :: Address_Based
12-06 17:53:39.842 W/bt_device_interop( 3888):  feature:: 0, key :: 1C:96:5A, value :: Address_Based
12-06 17:53:39.842 W/bt_device_interop( 3888):  feature:: 0, key :: 80:EA:CA, value :: Address_Based
12-06 17:53:39.842 W/bt_device_interop( 3888):  feature:: 0, key :: 51:01:00, value :: Address_Based
12-06 17:53:39.842 W/bt_device_interop( 3888):  feature:: 0, key :: 61:01:00, value :: Address_Based
12-06 17:53:39.842 W/bt_device_interop( 3888):  feature:: 1, key :: 9C:DF:03, value :: Address_Based
12-06 17:53:39.842 W/bt_device_interop( 3888):  feature:: 2, key :: A0:E9:DB, value :: Address_Based
12-06 17:53:39.842 W/bt_device_interop( 3888):  feature:: 2, key :: 00:14:02, value :: Address_Based
12-06 17:53:39.842 W/bt_device_interop( 3888):  feature:: 2, key :: 1C:48:F9, value :: Address_Based
12-06 17:53:39.843 W/bt_device_interop( 3888):  feature:: 2, key :: 44:5E:F3, value :: Address_Based
12-06 17:53:39.843 W/bt_device_interop( 3888):  feature:: 2, key :: D4:9C:28, value :: Address_Based
12-06 17:53:39.843 W/bt_device_interop( 3888):  feature:: 2, key :: 00:18:6B, value :: Address_Based
12-06 17:53:39.843 W/bt_device_interop( 3888):  feature:: 2, key :: B8:AD:3E, value :: Address_Based
12-06 17:53:39.843 W/bt_device_interop( 3888):  feature:: 2, key :: 00:11:B1, value :: Address_Based
12-06 17:53:39.843 W/bt_device_interop( 3888):  feature:: 2, key :: A4:15:66, value :: Address_Based
12-06 17:53:39.843 W/bt_device_interop( 3888):  feature:: 2, key :: 00:14:F1, value :: Address_Based
12-06 17:53:39.843 W/bt_device_interop( 3888):  feature:: 2, key :: 00:26:7E, value :: Address_Based
12-06 17:53:39.843 W/bt_device_interop( 3888):  feature:: 2, key :: 90:03:B7, value :: Address_Based
12-06 17:53:39.843 W/bt_device_interop( 3888):  feature:: 2, key :: 04:F8:C2, value :: Address_Based
12-06 17:53:39.843 W/bt_device_interop( 3888):  feature:: 2, key :: 00:18:91, value :: Address_Based
12-06 17:53:39.843 W/bt_device_interop( 3888):  feature:: 2, key :: 00:24:1C, value :: Address_Based
12-06 17:53:39.843 W/bt_device_interop( 3888):  feature:: 3, key :: 34:C7:31, value :: Address_Based
12-06 17:53:39.843 W/bt_device_interop( 3888):  feature:: 3, key :: 00:07:04, value :: Address_Based
12-06 17:53:39.843 W/bt_device_interop( 3888):  feature:: 3, key :: E0:75:0A, value :: Address_Based
12-06 17:53:39.843 W/bt_device_interop( 3888):  feature:: 3, key :: Audi, value :: Name_Based
12-06 17:53:39.843 W/bt_device_interop( 3888):  feature:: 3, key :: BMW, value :: Name_Based
12-06 17:53:39.843 W/bt_device_interop( 3888):  feature:: 3, key :: Parrot, value :: Name_Based
12-06 17:53:39.843 W/bt_device_interop( 3888):  feature:: 3, key :: Car, value :: Name_Based
12-06 17:53:39.843 W/bt_device_interop( 3888):  feature:: 3, key :: NISSAN, value :: Name_Based
12-06 17:53:39.843 W/bt_device_interop( 3888):  feature:: 4, key :: 00:0F:F6, value :: Address_Based
12-06 17:53:39.843 W/bt_device_interop( 3888):  feature:: 5, key :: 00:18:91, value :: Address_Based
12-06 17:53:39.843 W/bt_device_interop( 3888):  feature:: 5, key :: 00:21:4F, value :: Address_Based
12-06 17:53:39.843 W/bt_device_interop( 3888):  feature:: 5, key :: 20:15:06, value :: Address_Based
12-06 17:53:39.843 W/bt_device_interop( 3888):  feature:: 5, key :: 9C:DF:03, value :: Address_Based
12-06 17:53:39.843 W/bt_device_interop( 3888):  feature:: 5, key :: 04:52:C7, value :: Address_Based
12-06 17:53:39.843 W/bt_device_interop( 3888):  feature:: 5, key :: 30:14:4A, value :: Address_Based
12-06 17:53:39.843 W/bt_device_interop( 3888):  feature:: 5, key :: 00:54:AF, value :: Address_Based
12-06 17:53:39.843 W/bt_device_interop( 3888):  feature:: 5, key :: 1C:52:16, value :: Address_Based
12-06 17:53:39.843 W/bt_device_interop( 3888):  feature:: 5, key :: E9:08:EF, value :: Address_Based
12-06 17:53:39.843 W/bt_device_interop( 3888):  feature:: 5, key :: 00:02:5B, value :: Address_Based
12-06 17:53:39.843 W/bt_device_interop( 3888):  feature:: 5, key :: 1C:48:F9, value :: Address_Based
12-06 17:53:39.843 W/bt_device_interop( 3888):  feature:: 5, key :: JABRA WAVE+, value :: Name_Based
12-06 17:53:39.843 W/bt_device_interop( 3888):  feature:: 6, key :: 04:0C:CE, value :: Address_Based
12-06 17:53:39.844 W/bt_device_interop( 3888):  feature:: 6, key :: 00:07:61, value :: Address_Based
12-06 17:53:39.844 W/bt_device_interop( 3888):  feature:: 6, key :: 00:1D:D8, value :: Address_Based
12-06 17:53:39.844 W/bt_device_interop( 3888):  feature:: 6, key :: 00:1F:20, value :: Address_Based
12-06 17:53:39.844 W/bt_device_interop( 3888):  feature:: 6, key :: 6C:5D:63, value :: Address_Based
12-06 17:53:39.844 W/bt_device_interop( 3888):  feature:: 6, key :: 28:18:78, value :: Address_Based
12-06 17:53:39.844 W/bt_device_interop( 3888):  feature:: 6, key :: 60:45:BD, value :: Address_Based
12-06 17:53:39.844 W/bt_device_interop( 3888):  feature:: 6, key :: 58:71:33, value :: Address_Based
12-06 17:53:39.844 W/bt_device_interop( 3888):  feature:: 6, key :: 00:90:E1, value :: Address_Based
12-06 17:53:39.844 W/bt_device_interop( 3888):  feature:: 6, key :: 00:1B:DC, value :: Address_Based
12-06 17:53:39.844 W/bt_device_interop( 3888):  feature:: 6, key :: C4:7D:CC, value :: Address_Based
12-06 17:53:39.844 W/bt_device_interop( 3888):  feature:: 6, key :: Apple Magic Mouse, value :: Name_Based
12-06 17:53:39.844 W/bt_device_interop( 3888):  feature:: 6, key :: Bluetooth Laser Travel Mouse, value :: Name_Based
12-06 17:53:39.844 W/bt_device_interop( 3888):  feature:: 6, key :: Microsoft Bluetooth Notebook Mouse 5000, value :: Name_Based
12-06 17:53:39.844 W/bt_device_interop( 3888):  feature:: 6, key :: Logitech MX Revolution Mouse, value :: Name_Based
12-06 17:53:39.844 W/bt_device_interop( 3888):  feature:: 6, key :: Microsoft Sculpt Touch Mouse, value :: Name_Based
12-06 17:53:39.844 W/bt_device_interop( 3888):  feature:: 6, key :: Tero's Game Controller, value :: Name_Based
12-06 17:53:39.844 W/bt_device_interop( 3888):  feature:: 6, key :: 0x004C, value :: Manufacturer_Based
12-06 17:53:39.844 W/bt_device_interop( 3888):  feature:: 21, key :: 00:12:A1, value :: Address_Based
12-06 17:53:39.844 W/bt_device_interop( 3888):  feature:: 21, key :: Targus BT Laser Notebook Mouse, value :: Name_Based
12-06 17:53:39.844 W/bt_device_interop( 3888):  feature:: 7, key :: Motorola Keyboard KZ500, value :: Name_Based
12-06 17:53:39.844 W/bt_device_interop( 3888):  feature:: 7, key :: Motorola Keyboard KZ500 v122, value :: Name_Based
12-06 17:53:39.844 W/bt_device_interop( 3888):  feature:: 7, key :: 0x22b8-0x093D, value :: Vndr_Prdt_Based
12-06 17:53:39.844 W/bt_device_interop( 3888):  feature:: 8, key :: 20:4C:10, value :: Address_Based
12-06 17:53:39.844 W/bt_device_interop( 3888):  feature:: 8, key :: 0x004C, value :: Manufacturer_Based
12-06 17:53:39.844 W/bt_device_interop( 3888):  feature:: 11, key :: 00:14:09, value :: Address_Based
12-06 17:53:39.844 W/bt_device_interop( 3888):  feature:: 12, key :: BSMBB09DS, value :: Name_Based
12-06 17:53:39.844 W/bt_device_interop( 3888):  feature:: 12, key :: ELECOM, value :: Name_Based
12-06 17:53:39.844 W/bt_device_interop( 3888):  feature:: 13, key :: A0:56:B2, value :: Address_Based
12-06 17:53:39.844 W/bt_device_interop( 3888):  feature:: 18, key :: 00:02:5B:4A, value :: Address_Based
12-06 17:53:39.844 W/bt_device_interop( 3888):  feature:: 25, key :: FC:C2:DE, value :: Address_Based
12-06 17:53:39.844 W/bt_device_interop( 3888):  feature:: 25, key :: 00:26:B4, value :: Address_Based
12-06 17:53:39.844 W/bt_device_interop( 3888):  feature:: 25, key :: 00:04:3E, value :: Address_Based
12-06 17:53:39.844 W/bt_device_interop( 3888):  feature:: 25, key :: 00:23:01, value :: Address_Based
12-06 17:53:39.844 W/bt_device_interop( 3888):  feature:: 25, key :: 1C:48:F9, value :: Address_Based
12-06 17:53:39.845 W/bt_device_interop( 3888):  feature:: 25, key :: 00:54:AF, value :: Address_Based
12-06 17:53:39.845 W/bt_device_interop( 3888):  feature:: 25, key :: 00:26:E8, value :: Address_Based
12-06 17:53:39.845 W/bt_device_interop( 3888):  feature:: 25, key :: 00:37:6D, value :: Address_Based
12-06 17:53:39.845 W/bt_device_interop( 3888):  feature:: 25, key :: 9C:3A:AF, value :: Address_Based
12-06 17:53:39.845 W/bt_device_interop( 3888):  feature:: 25, key :: 00:18:91, value :: Address_Based
12-06 17:53:39.845 W/bt_device_interop( 3888):  feature:: 25, key :: 0C:E0:E4, value :: Address_Based
12-06 17:53:39.845 W/bt_device_interop( 3888):  feature:: 25, key :: 00:07:04, value :: Address_Based
12-06 17:53:39.845 W/bt_device_interop( 3888):  feature:: 25, key :: A4:15:66, value :: Address_Based
12-06 17:53:39.845 W/bt_device_interop( 3888):  feature:: 25, key :: D0:13:1E, value :: Address_Based
12-06 17:53:39.845 W/bt_device_interop( 3888):  feature:: 25, key :: 8F:20:B4, value :: Address_Based
12-06 17:53:39.845 W/bt_device_interop( 3888):  feature:: 25, key :: A8:B9:B3, value :: Address_Based
12-06 17:53:39.845 W/bt_device_interop( 3888):  feature:: 25, key :: 00:0D:F0, value :: Address_Based
12-06 17:53:39.845 W/bt_device_interop( 3888):  feature:: 25, key :: 00:08:E0, value :: Address_Based
12-06 17:53:39.845 W/bt_device_interop( 3888):  feature:: 25, key :: 00:25:52, value :: Address_Based
12-06 17:53:39.845 W/bt_device_interop( 3888):  feature:: 25, key :: 1C:52:16, value :: Address_Based
12-06 17:53:39.845 W/bt_device_interop( 3888):  feature:: 25, key :: 00:06:66, value :: Address_Based
12-06 17:53:39.845 W/bt_device_interop( 3888):  feature:: 25, key :: 00:24:E4, value :: address_Based
12-06 17:53:39.845 W/bt_device_interop( 3888):  feature:: 25, key :: AC:FD:CE, value :: Address_Based
12-06 17:53:39.845 W/bt_device_interop( 3888):  feature:: 25, key :: 00:1C:D8, value :: Address_Based
12-06 17:53:39.845 W/bt_device_interop( 3888):  feature:: 16, key :: 00:0D:FD, value :: Address_Based
12-06 17:53:39.845 W/bt_device_interop( 3888):  feature:: 16, key :: 00:1B:DC, value :: Address_Based
12-06 17:53:39.845 W/bt_device_interop( 3888):  feature:: 16, key :: 00:07:04, value :: Address_Based
12-06 17:53:39.845 W/bt_device_interop( 3888):  feature:: 16, key :: A4:15:66, value :: Address_Based
12-06 17:53:39.845 W/bt_device_interop( 3888):  feature:: 16, key :: 00:54:AF, value :: Address_Based
12-06 17:53:39.845 W/bt_device_interop( 3888):  feature:: 14, key :: AC:7A:4D, value :: Address_Based
12-06 17:53:39.845 W/bt_device_interop( 3888):  feature:: 14, key :: 28:A1:83, value :: Address_Based
12-06 17:53:39.845 W/bt_device_interop( 3888):  feature:: 14, key :: A0:14:3D, value :: Address_Based
12-06 17:53:39.845 W/bt_device_interop( 3888):  feature:: 14, key :: 90:03:B7, value :: Address_Based
12-06 17:53:39.845 W/bt_device_interop( 3888):  feature:: 14, key :: 00:21:3c, value :: Address_Based
12-06 17:53:39.845 W/bt_device_interop( 3888):  feature:: 14, key :: 9C:DF:03, value :: Address_Based
12-06 17:53:39.846 W/bt_device_interop( 3888):  feature:: 14, key :: E0:75:0A, value :: Address_Based
12-06 17:53:39.846 W/bt_device_interop( 3888):  feature:: 14, key :: 48:F0:7B, value :: Address_Based
12-06 17:53:39.846 W/bt_device_interop( 3888):  feature:: 14, key :: 04:52:C7, value :: Address_Based
12-06 17:53:39.846 W/bt_device_interop( 3888):  feature:: 14, key :: 30:C3:D9, value :: Address_Based
12-06 17:53:39.846 W/bt_device_interop( 3888):  feature:: 15, key :: e0:d1:e6, value :: Address_Based
12-06 17:53:39.846 W/bt_device_interop( 3888):  feature:: 15, key :: b8:ad:3e, value :: Address_Based
12-06 17:53:39.846 W/bt_device_interop( 3888):  feature:: 15, key :: 00:18:6b, value :: Address_Based
12-06 17:53:39.846 W/bt_device_interop( 3888):  feature:: 15, key :: 00:18:09, value :: Address_Based
12-06 17:53:39.846 W/bt_device_interop( 3888):  feature:: 15, key :: ac:9b:0a, value :: Address_Based
12-06 17:53:39.846 W/bt_device_interop( 3888):  feature:: 15, key :: 20:3c:ae, value :: Address_Based
12-06 17:53:39.846 W/bt_device_interop( 3888):  feature:: 15, key :: 04:88:e2, value :: Address_Based
12-06 17:53:39.846 W/bt_device_interop( 3888):  feature:: 15, key :: 4c:32:75, value :: Address_Based
12-06 17:53:39.846 W/bt_device_interop( 3888):  feature:: 15, key :: 00:14:07, value :: Address_Based
12-06 17:53:39.846 W/bt_device_interop( 3888):  feature:: 15, key :: 94:20:53, value :: Address_Based
12-06 17:53:39.846 W/bt_device_interop( 3888):  feature:: 15, key :: 88:E6:03, value :: Address_Based
12-06 17:53:39.846 W/bt_device_interop( 3888):  feature:: 15, key :: 0C:E0:E4, value :: Address_Based
12-06 17:53:39.846 W/bt_device_interop( 3888):  feature:: 19, key :: 00:00:7f, value :: Address_Based
12-06 17:53:39.846 W/bt_device_interop( 3888):  feature:: 19, key :: 00:00:31, value :: Address_Based
12-06 17:53:39.846 W/bt_device_interop( 3888):  feature:: 19, key :: 00:00:41, value :: Address_Based
12-06 17:53:39.846 W/bt_device_interop( 3888):  feature:: 19, key :: 00:00:6a, value :: Address_Based
12-06 17:53:39.846 W/bt_device_interop( 3888):  feature:: 19, key :: 00:01:0a, value :: Address_Based
12-06 17:53:39.846 W/bt_device_interop( 3888):  feature:: 19, key :: 00:00:3d, value :: Address_Based
12-06 17:53:39.846 W/bt_device_interop( 3888):  feature:: 19, key :: 00:17:53, value :: Address_Based
12-06 17:53:39.846 W/bt_device_interop( 3888):  feature:: 19, key :: Discovery Sport, value :: Name_Based
12-06 17:53:39.846 W/bt_device_interop( 3888):  feature:: 19, key :: Jaguar XE, value :: Name_Based
12-06 17:53:39.846 W/bt_device_interop( 3888):  feature:: 19, key :: Elantra, value :: Name_Based
12-06 17:53:39.846 W/bt_device_interop( 3888):  feature:: 20, key :: 00:1B:DC-0x0012, value :: SSR_Max_Lat_Based
12-06 17:53:39.846 W/bt_device_interop( 3888):  feature:: 20, key :: DC:2C:26-0x0000, value :: SSR_Max_Lat_Based
12-06 17:53:39.846 W/bt_device_interop( 3888):  feature:: 20, key :: 54:46:6B-0x0001, value :: SSR_Max_Lat_Based
12-06 17:53:39.847 W/bt_device_interop( 3888):  feature:: 24, key :: 98:7b:f3, value :: Address_Based
12-06 17:53:39.847 W/bt_device_interop( 3888):  feature:: 26, key :: 00:0d:18, value :: Address_Based
12-06 17:53:39.847 W/bt_device_interop( 3888):  feature:: 27, key :: 04:52:c7, value :: Address_Based
12-06 17:53:39.847 W/bt_device_interop( 3888):  feature:: 28, key :: 00:08:8a, value :: Address_Based
12-06 17:53:39.847 W/bt_device_interop( 3888):  feature:: 28, key :: JABRA EASYGO, value :: Name_Based
12-06 17:53:39.847 W/bt_device_interop( 3888):  feature:: 29, key :: 00:09:93, value :: Address_Based
12-06 17:53:39.847 W/bt_device_interop( 3888):  feature:: 9, key :: 08:62:66, value :: Address_Based
12-06 17:53:39.847 W/bt_device_interop( 3888):  feature:: 9, key :: 38:2C:4A:C9, value :: Address_Based
12-06 17:53:39.847 W/bt_device_interop( 3888):  feature:: 9, key :: 38:2C:4A:E6, value :: Address_Based
12-06 17:53:39.847 W/bt_device_interop( 3888):  feature:: 9, key :: 54:A0:50:D9, value :: Address_Based
12-06 17:53:39.847 W/bt_device_interop( 3888):  feature:: 9, key :: AC:9E:17, value :: Address_Based
12-06 17:53:39.847 W/bt_device_interop( 3888):  feature:: 9, key :: F0:79:59, value :: Address_Based
12-06 17:53:39.847 W/bt_device_interop( 3888):  feature:: 22, key :: 00:1D:86, value :: Address_Based
12-06 17:53:39.847 W/bt_device_interop( 3888):  feature:: 22, key :: KMM-BT51*HD, value :: Name_Based
12-06 17:53:39.847 W/bt_device_interop( 3888):  feature:: 10, key :: Pixel C Keyboard, value :: Name_Based
12-06 17:53:39.847 W/bt_device_interop( 3888):  feature:: 31, key :: LG Lighting, value :: Name_Based
12-06 17:53:39.847 W/bt_device_interop( 3888):  feature:: 31, key :: KS_5w4Zu, value :: Name_Based
12-06 17:53:39.847 W/bt_device_interop( 3888):  feature:: 31, key :: ZUK, value :: Name_Based
12-06 17:53:39.847 W/bt_device_interop( 3888):  feature:: 31, key :: ITAG, value :: Name_Based
12-06 17:53:39.847 W/bt_device_interop( 3888):  feature:: 31, key :: Pokemon GO Plus, value :: Name_Based
12-06 17:53:39.847 W/bt_device_interop( 3888):  feature:: 32, key :: 2c:dc:ad:08, value :: Address_Based
12-06 17:53:39.847 W/bt_device_interop( 3888):  feature:: 17, key :: 2c:41:a1, value :: Address_Based
12-06 17:53:39.848 W/bt_device_profile( 3888): profile_config_init load config file succesful : /data/misc/bluedroid/bt_profile.conf
12-06 17:53:39.848 W/bt_device_profile( 3888):  AVRCP_ID: key :: avrcp_0103_support, value :: false
12-06 17:53:39.848 W/bt_device_profile( 3888):  AVRCP_ID: entry->profile_feature_type.avrcp_feature_entry.avrcp_0103_support false
12-06 17:53:39.848 W/bt_device_profile( 3888):  AVRCP_ID: key :: avrcp_coverart_support, value :: true
12-06 17:53:39.848 W/bt_device_profile( 3888):  AVRCP_ID: &entry->profile_feature_type.avrcp_feature_entry.avrcp_coverart_support true
12-06 17:53:39.848 D/bt_device_profile( 3888): Entry is already present in the list
12-06 17:53:39.848 W/bt_device_profile( 3888):  PBAP_ID: key :: pbap_0102_support, value :: true
12-06 17:53:39.848 W/bt_device_profile( 3888):  PBAP_ID: key :: use_sim_support, value :: true
12-06 17:53:39.848 D/bt_device_profile( 3888): Entry is already present in the list
12-06 17:53:39.848 W/bt_device_profile( 3888):  MAP_ID: key :: map_email_support, value :: true
12-06 17:53:39.848 I/bt_stack_config( 3888): init attempt to load stack conf from /etc/bluetooth/bt_stack.conf
12-06 17:53:39.848 I/bt_osi_thread( 3888): run_thread: thread id 3938, thread name bt_jni_workqueue started
12-06 17:53:39.849 I/bt_btif_core( 3888): btif_init_bluetooth finished
12-06 17:53:39.849 I/bt_btif_core( 3888): run_message_loop entered
12-06 17:53:39.849 I/bt_stack_manager( 3888): event_init_stack finished
12-06 17:53:39.849 I/bt_btif ( 3888): get_profile_interface: id = socket
12-06 17:53:39.849 E/bt_btif_storage( 3888): btif_storage_get_adapter_property: Controller not ready! Unable to return Bluetooth Address
12-06 17:53:39.850 E/BluetoothServiceJni( 3888): adapter_properties_callback: Status 1 is incorrect
12-06 17:53:39.851 D/BluetoothAdapterProperties( 3888): Name is: Mi A1
12-06 17:53:39.851 D/BluetoothManagerService( 1392): Bluetooth Adapter name changed to Mi A1
12-06 17:53:39.852 D/BluetoothManagerService( 1392): Stored Bluetooth name: Mi A1
12-06 17:53:39.853 I/bt_btif ( 3888): get_profile_interface: id = sdp
12-06 17:53:39.858 I/BluetoothAdapterService( 3888): Phone policy enabled
12-06 17:53:39.863 D/BluetoothBondStateMachine( 3888): make
12-06 17:53:39.865 D/BluetoothAdapterService( 3888): setAdapterService() - set to: null
12-06 17:53:39.865 I/BluetoothBondStateMachine( 3888): StableState(): Entering Off State
12-06 17:53:39.866 I/bt_btif ( 3888): get_profile_interface: id = vendor
12-06 17:53:39.867 E/adbd    ( 3362): failed to connect to socket 'tcp:7102': Connection refused
12-06 17:53:39.868 D/BluetoothAdapterService( 3888): onBind()
12-06 17:53:39.868 D/BluetoothManagerService( 1392): BluetoothServiceConnection: com.android.bluetooth.btservice.AdapterService
12-06 17:53:39.869 D/BluetoothManagerService( 1392): MESSAGE_BLUETOOTH_SERVICE_CONNECTED: 1
12-06 17:53:39.869 D/BluetoothManagerService( 1392): Broadcasting onBluetoothServiceUp() to 12 receivers.
12-06 17:53:39.870 D/BluetoothAdapter( 3727): onBluetoothServiceUp: android.bluetooth.IBluetooth$Stub$Proxy@70800b6
12-06 17:53:39.870 D/BluetoothAdapter(26794): onBluetoothServiceUp: android.bluetooth.IBluetooth$Stub$Proxy@7ec3b3a
12-06 17:53:39.870 D/BluetoothAdapter( 4282): onBluetoothServiceUp: android.bluetooth.IBluetooth$Stub$Proxy@542a8eb
12-06 17:53:39.870 D/BluetoothAdapter( 1392): onBluetoothServiceUp: android.bluetooth.IBluetooth$Stub$Proxy@b85496b
12-06 17:53:39.870 D/BluetoothAdapter( 5940): onBluetoothServiceUp: android.bluetooth.IBluetooth$Stub$Proxy@e6588fe
12-06 17:53:39.870 D/BluetoothAdapter( 2767): onBluetoothServiceUp: android.bluetooth.IBluetooth$Stub$Proxy@da244b2
12-06 17:53:39.870 D/BluetoothAdapter( 4921): onBluetoothServiceUp: android.bluetooth.IBluetooth$Stub$Proxy@367d43
12-06 17:53:39.870 D/BluetoothAdapter( 4144): onBluetoothServiceUp: android.bluetooth.IBluetooth$Stub$Proxy@7101a4e
12-06 17:53:39.870 D/BluetoothAdapter( 3888): onBluetoothServiceUp: com.android.bluetooth.btservice.AdapterService$AdapterServiceBinder@c009031
12-06 17:53:39.871 D/BluetoothAdapter( 2600): onBluetoothServiceUp: android.bluetooth.IBluetooth$Stub$Proxy@8becc90
12-06 17:53:39.871 D/BluetoothAdapter( 3704): onBluetoothServiceUp: android.bluetooth.IBluetooth$Stub$Proxy@5c8ebec
12-06 17:53:39.871 D/BluetoothAdapter(30442): onBluetoothServiceUp: android.bluetooth.IBluetooth$Stub$Proxy@bb4444b
12-06 17:53:39.872 D/BluetoothAdapterService( 3888): enable() - Enable called with quiet mode status =  false
12-06 17:53:39.872 E/adbd    ( 3362): failed to connect to socket 'tcp:7102': Connection refused
12-06 17:53:39.872 D/BluetoothAdapterState( 3888): Current state: OFF, message: 0
12-06 17:53:39.872 D/BluetoothAdapterProperties( 3888): Setting state to 14
12-06 17:53:39.872 I/BluetoothAdapterState( 3888): Bluetooth adapter state changed: 10-> 14
12-06 17:53:39.872 D/BluetoothAdapterService( 3888): updateAdapterState() - Broadcasting state to 1 receivers.
12-06 17:53:39.873 D/BluetoothAdapterService( 3888): BleOnProcessStart()
12-06 17:53:39.873 D/BluetoothManagerService( 1392): MESSAGE_BLUETOOTH_STATE_CHANGE: OFF > BLE_TURNING_ON
12-06 17:53:39.873 D/BluetoothManagerService( 1392): Sending BLE State Change: OFF > BLE_TURNING_ON
12-06 17:53:39.873 D/BluetoothAdapterService( 3888): BleOnProcessStart() - Make Bond State Machine
12-06 17:53:39.873 D/BluetoothAdapterService( 3888): setProfileServiceState() - Starting service com.android.bluetooth.gatt.GattService
12-06 17:53:39.875 D/CompatibilityInfo( 1392): mCompatibilityFlags - 0
12-06 17:53:39.875 D/CompatibilityInfo( 1392): applicationDensity - 480
12-06 17:53:39.875 D/CompatibilityInfo( 1392): applicationScale - 1.0
12-06 17:53:39.876 I/BluetoothAdapterState( 3888): Entering PendingCommandState
12-06 17:53:39.887 I/BtGatt.JNI( 3888): classInitNative(L871): classInitNative: Success!
12-06 17:53:39.891 D/BtGatt.DebugUtils( 3888): handleDebugAction() action=null
12-06 17:53:39.891 D/BluetoothAdapterService( 3888): getAdapterService() - returning com.android.bluetooth.btservice.AdapterService@ea65cb
12-06 17:53:39.892 D/BtGatt.GattService( 3888): Received start request. Starting profile...
12-06 17:53:39.892 I/bt_btif ( 3888): get_profile_interface: id = gatt
12-06 17:53:39.894 D/BluetoothAdapterService( 3888): getAdapterService() - returning com.android.bluetooth.btservice.AdapterService@ea65cb
12-06 17:53:39.896 W/zygote64( 3914): ClassLoaderContext classpath size mismatch for position 0. expected=0, found=4 (PCL[] | PCL[/system/framework/com.google.android.maps.jar*1362947682:/system/framework/android.test.runner.jar*1742119008:/system/framework/android.test.mock.jar*1065265343:/data/app/com.evancharlton.mileage.test-1ZvZzOU0oHusOPtC93SDqQ==/base.apk*3617058041])
12-06 17:53:39.904 D/BluetoothAdapterService( 3888): getAdapterService() - returning com.android.bluetooth.btservice.AdapterService@ea65cb
12-06 17:53:39.904 D/BtGatt.GattService( 3888):  profile started successfully
12-06 17:53:39.904 D/BluetoothAdapterService( 3888): getAdapterService() - returning com.android.bluetooth.btservice.AdapterService@ea65cb
12-06 17:53:39.905 D/BluetoothAdapterService( 3888): handleMessage() - Message: 1
12-06 17:53:39.905 D/BluetoothAdapterService( 3888): handleMessage() - MESSAGE_PROFILE_SERVICE_STATE_CHANGED
12-06 17:53:39.905 W/BluetoothAdapterService( 3888): onProfileServiceStateChange() serviceName=com.android.bluetooth.gatt.GattService, state=12, doUpdate=true
12-06 17:53:39.906 D/BluetoothAdapterService( 3888): processProfileServiceStateChanged() - serviceName=com.android.bluetooth.gatt.GattService isTurningOn=false isTurningOff=false isBleTurningOn=true isBleTurningOff=false
12-06 17:53:39.906 D/BluetoothAdapterService( 3888): GattService is started
12-06 17:53:39.906 V/BluetoothAdapterState( 3888): PendingCommand - transient state(s): isBleTurningOn
12-06 17:53:39.906 D/BluetoothAdapterState( 3888): Current state: PENDING_COMMAND, message: 4
12-06 17:53:39.907 I/bt_btif ( 3888): enable: start restricted = 0
12-06 17:53:39.907 E/bt_vnd_log( 3888): init_vnd_Logger, Logger Not enabled from config file
12-06 17:53:39.907 I/bt_stack_manager( 3888): event_start_up_stack is bringing up the stack
12-06 17:53:39.907 I/bt_core_module( 3888): module_start_up Starting module "btif_config_module"
12-06 17:53:39.907 I/bt_core_module( 3888): module_start_up Started module "btif_config_module"
12-06 17:53:39.908 I/bt_core_module( 3888): module_start_up Starting module "btsnoop_module"
12-06 17:53:39.908 D/bt_snoop( 3888): start_up: vendor_logging_level values is 65535 
12-06 17:53:39.908 I/bt_core_module( 3888): module_start_up Started module "btsnoop_module"
12-06 17:53:39.908 I/bt_core_module( 3888): module_start_up Starting module "hci_module"
12-06 17:53:39.908 I/bt_hci  ( 3888): hci_module_start_up
12-06 17:53:39.908 I/bt_osi_thread( 3888): run_thread: thread id 3948, thread name hci_thread started
12-06 17:53:39.909 D/bt_osi_wakelock( 3888): wakelock_initialize_native opening wake locks
12-06 17:53:39.909 D/bt_hci  ( 3888): hci_module_start_up starting async portion
12-06 17:53:39.909 I/bt_hci  ( 3888): hci_initialize
12-06 17:53:39.910 W/System  ( 3914): ClassLoader referenced unknown path: 
12-06 17:53:39.911 I/bt_hci  ( 3888): hci_initialize: IBluetoothHci::getService() returned 0x78da0297a0 (remote)
12-06 17:53:39.912 W/vendor.qti.bluetooth@1.0-bluetooth_hci(  564): BluetoothHci::initialize()
12-06 17:53:39.912 W/vendor.qti.bluetooth@1.0-data_handler(  564): DataHandler:: Init()
12-06 17:53:39.912 E/vendor.qti.bluetooth@1.0-data_handler(  564): GetSocTypeInt: Failed to get soc type, so using pronto
12-06 17:53:39.912 I/vendor.qti.bluetooth@1.0-data_handler(  564): Open init_status 0 
12-06 17:53:39.912 D/vendor.qti.bluetooth@1.0-wake_lock(  564): Init wakelock is initiated 
12-06 17:53:39.912 D/vendor.qti.bluetooth@1.0-mct_transport(  564): Init:> soc_type: -236784256
12-06 17:53:39.921 I/vendor.qti.bluetooth@1.0-mct_transport(  564): Done intiailizing Bluetooth SMD transport 
12-06 17:53:39.921 D/vendor.qti.bluetooth@1.0-wake_lock(  564): Acquire wakelock is acquired 
12-06 17:53:39.921 E/vendor.qti.bluetooth@1.0-bluetooth_address(  564): CMD result: 0
12-06 17:53:39.921 E/vendor.qti.bluetooth@1.0-bluetooth_address(  564): BD address read for NV_BD_ADDR_I: b9:c8:3b:e4:f0:18
12-06 17:53:39.921 D/vendor.qti.bluetooth@1.0-nvm_tags_manager(  564): DownloadNvmTags: Downloading NVM TAG 2
12-06 17:53:39.921 I/vendor.qti.bluetooth@1.0-nvm_tags_manager(  564): BD Address: b9:c8:3b:e4:f0:18
12-06 17:53:39.923 D/vendor.qti.bluetooth@1.0-nvm_tags_manager(  564): DownloadNvmTags: Downloaded NVM TAG 2
12-06 17:53:39.923 D/vendor.qti.bluetooth@1.0-nvm_tags_manager(  564): DownloadNvmTags: Downloading NVM TAG 95
12-06 17:53:39.923 D/vendor.qti.bluetooth@1.0-nvm_tags_manager(  564): DownloadNvmTags: Downloaded NVM TAG 95
12-06 17:53:39.923 D/vendor.qti.bluetooth@1.0-nvm_tags_manager(  564): DownloadNvmTags: Downloading NVM TAG 83
12-06 17:53:39.924 D/vendor.qti.bluetooth@1.0-nvm_tags_manager(  564): DownloadNvmTags: Downloaded NVM TAG 83
12-06 17:53:39.924 D/vendor.qti.bluetooth@1.0-nvm_tags_manager(  564): DownloadNvmTags: Downloading NVM TAG 36
12-06 17:53:39.924 D/vendor.qti.bluetooth@1.0-nvm_tags_manager(  564): DownloadNvmTags: Downloaded NVM TAG 36
12-06 17:53:39.924 I/vendor.qti.bluetooth@1.0-nvm_tags_manager(  564): HciReset: HCI RESET 
12-06 17:53:39.940 I/System.out( 3914): Main activity name automatically set to: com.evancharlton.mileage.Mileage
12-06 17:53:39.941 I/System.out( 3914): Calabash did not load Mono. This is only a problem if you are trying to test a Mono application
12-06 17:53:39.942 I/calabash( 3914): Test server port: 7102
12-06 17:53:39.945 I/InstrumentationBackend( 3914): Added:'GetPreferences', with key:'get_preferences'
12-06 17:53:39.976 E/adbd    ( 3362): failed to connect to socket 'tcp:7102': Connection refused
12-06 17:53:39.978 E/adbd    ( 3362): failed to connect to socket 'tcp:7102': Connection refused
12-06 17:53:39.995 I/vendor.qti.bluetooth@1.0-nvm_tags_manager(  564): HciReset: HCI RESET Done
12-06 17:53:39.995 E/vendor.qti.bluetooth@1.0-wake_lock(  564): Release wakelock is released 
12-06 17:53:39.995 D/Diag_Lib(  564): Init succeded
12-06 17:53:39.995 I/vendor.qti.bluetooth@1.0-data_handler(  564): Firmware download succeded
12-06 17:53:39.995 E/vendor.qti.bluetooth@1.0-async_fd_watcher(  564): ThreadRoutine unable to set SCHED_FIFO for pid 564, tid 3952, error Operation not permitted
12-06 17:53:39.996 I/bt_hci  ( 3888): event_finish_startup
12-06 17:53:39.996 I/bt_core_module( 3888): module_start_up Started module "hci_module"
12-06 17:53:39.996 I/bt_osi_thread( 3888): run_thread: thread id 3953, thread name bt_workqueue started
12-06 17:53:39.997 I/        ( 3888): [1206/175339:INFO:btu_task.cc(107)] Bluetooth chip preload is complete
12-06 17:53:39.997 W/bt_l2cap( 3888): L2CAP - L2CA_Register() called for PSM: 0x0001
12-06 17:53:39.997 W/bt_l2cap( 3888): L2CAP - L2CA_Register() called for PSM: 0x001f
12-06 17:53:39.997 I/        ( 3888): [1206/175339:INFO:gatt_api.cc(1006)] GATT_Register
12-06 17:53:39.997 I/        ( 3888): [1206/175339:INFO:gatt_api.cc(1029)] allocated gatt_if=1
12-06 17:53:39.997 I/        ( 3888): [1206/175339:INFO:gatt_api.cc(209)] GATTS_AddService
12-06 17:53:39.997 I/        ( 3888): [1206/175339:INFO:gatt_api.cc(319)] GATTS_AddService: service parsed correctly, now starting
12-06 17:53:39.997 E/        ( 3888): [1206/175339:ERROR:gatt_attr.cc(301)] gatt_profile_db_init:  gatt_if=1
12-06 17:53:39.997 W/bt_l2cap( 3888): L2CAP - L2CA_Register() called for PSM: 0x0003
12-06 17:53:39.997 I/        ( 3888): [1206/175339:INFO:gatt_api.cc(1006)] GATT_Register
12-06 17:53:39.997 I/        ( 3888): [1206/175339:INFO:gatt_api.cc(1029)] allocated gatt_if=2
12-06 17:53:39.998 I/        ( 3888): [1206/175339:INFO:gatt_api.cc(209)] GATTS_AddService
12-06 17:53:39.998 I/        ( 3888): [1206/175339:INFO:gatt_api.cc(319)] GATTS_AddService: service parsed correctly, now starting
12-06 17:53:39.998 I/bt_osi_thread( 3888): run_thread: thread id 3954, thread name btu message loop started
12-06 17:53:39.999 I/bt_osi_thread( 3888): run_thread: thread id 3955, thread name module_wrapper started
12-06 17:53:40.000 I/bt_core_module( 3888): module_start_up Starting module "controller_module"
12-06 17:53:40.026 I/InstrumentationBackend( 3914): Added:'SetPreferences', with key:'set_preferences'
12-06 17:53:40.027 I/InstrumentationBackend( 3914): Added:'ClearPreferences', with key:'clear_preferences'
12-06 17:53:40.028 I/InstrumentationBackend( 3914): Added:'PressElement', with key:'press_l10n_element'
12-06 17:53:40.028 I/InstrumentationBackend( 3914): Added:'WaitForElement', with key:'wait_for_l10n_element'
12-06 17:53:40.030 I/InstrumentationBackend( 3914): Added:'NullAction', with key:'nullAction'
12-06 17:53:40.030 I/InstrumentationBackend( 3914): Added:'PressKey', with key:'press_key'
12-06 17:53:40.031 I/InstrumentationBackend( 3914): Added:'SetActivityOrientation', with key:'set_activity_orientation'
12-06 17:53:40.031 I/InstrumentationBackend( 3914): Added:'GetActivityOrientation', with key:'get_activity_orientation'
12-06 17:53:40.032 I/InstrumentationBackend( 3914): Added:'FakeGPSLocation', with key:'set_gps_coordinates'
12-06 17:53:40.033 I/InstrumentationBackend( 3914): Added:'SetPropertyByCssSelector', with key:'set_property_by_css_selector'
12-06 17:53:40.036 I/InstrumentationBackend( 3914): Added:'GetUrl', with key:'get_url'
12-06 17:53:40.040 I/InstrumentationBackend( 3914): Added:'ScrollTo', with key:'scroll_to'
12-06 17:53:40.040 I/InstrumentationBackend( 3914): Added:'GetLoadProgress', with key:'get_load_progress'
12-06 17:53:40.041 I/InstrumentationBackend( 3914): Added:'DumpHtml', with key:'dump_html'
12-06 17:53:40.042 I/InstrumentationBackend( 3914): Added:'DumpBodyHtml', with key:'dump_body_html'
12-06 17:53:40.042 I/InstrumentationBackend( 3914): Added:'EnterTextByCssSelector', with key:'enter_text_by_selector'
12-06 17:53:40.056 I/InstrumentationBackend( 3914): Added:'AndroidSDKVersion', with key:'android_sdk_version'
12-06 17:53:40.056 I/InstrumentationBackend( 3914): Added:'Version', with key:'version'
12-06 17:53:40.057 I/InstrumentationBackend( 3914): Added:'Drag', with key:'drag'
12-06 17:53:40.057 I/InstrumentationBackend( 3914): Added:'TouchCoordinates', with key:'touch_coordinate'
12-06 17:53:40.058 I/InstrumentationBackend( 3914): Added:'LongPressCoordinate', with key:'long_press_coordinate'
12-06 17:53:40.058 I/InstrumentationBackend( 3914): Added:'DragCoordinates', with key:'drag_coordinates'
12-06 17:53:40.059 I/InstrumentationBackend( 3914): Added:'ResumeApplication', with key:'resume_application'
12-06 17:53:40.060 I/InstrumentationBackend( 3914): Added:'Swipe', with key:'swipe'
12-06 17:53:40.060 I/InstrumentationBackend( 3914): Added:'DoubleTapCoordinate', with key:'double_tap_coordinate'
12-06 17:53:40.061 I/InstrumentationBackend( 3914): Added:'ClickOnScreen', with key:'click_on_screen'
12-06 17:53:40.063 I/InstrumentationBackend( 3914): Added:'GetActivityName', with key:'get_activity_name'
12-06 17:53:40.064 I/InstrumentationBackend( 3914): Added:'ScrollToView', with key:'scroll_to_view'
12-06 17:53:40.065 I/InstrumentationBackend( 3914): Added:'ViewConfiguration', with key:'view_configuration'
12-06 17:53:40.066 I/InstrumentationBackend( 3914): Added:'IsCurrentActivityFocused', with key:'is_current_activity_focused'
12-06 17:53:40.067 I/InstrumentationBackend( 3914): Added:'SendTcp', with key:'send_tcp'
